Scanning ./data/raw/images/gestion...
Scanning ./data/raw/images/trome...
Scanning ./data/raw/images/correo...
Scanning ./data/raw/images/elcomercio...
Scanning ./data/raw/images/peru21...
Scanning ./data/raw/images/publimetro...
Scanning ./data/raw/images/ojo...
Warning: could not parse ODOL090116_14.jpg, skipping.
Warning: could not parse ODOL090116_17.jpg, skipping.
Warning: could not parse ODOL090116_22.jpg, skipping.
Found 30070 images. Writing parquet...
Traceback (most recent call last):
  File "<stdin>", line 1, in <module>
ModuleNotFoundError: No module named 'pandas'
Done.
Warning: could not parse ODOL010119_13.jpg, skipping.
Warning: could not parse ODOL030119_01.jpg, skipping.
Scanning ./data/raw/images/gestion...
Scanning ./data/raw/images/trome...
Scanning ./data/raw/images/elcomercio...
Scanning ./data/raw/images/correo...
Scanning ./data/raw/images/peru21...
Scanning ./data/raw/images/publimetro...
Scanning ./data/raw/images/ojo...
Warning: could not parse ODOL090116_14.jpg, skipping.
Warning: could not parse ODOL090116_17.jpg, skipping.
Warning: could not parse ODOL090116_22.jpg, skipping.
