2026-09-12 10:15:24,258 [INFO] src.corpus_construction.enhance_images.pipeline: Saved 54 configurations to data/corpus_construction/enhance_images/results/elcomercio/configurations.txt
2026-09-12 10:15:24,269 [INFO] src.corpus_construction.enhance_images.pipeline: Found 10 image(s) under data/corpus_construction/enhance_images/elcomercio
2026-09-12 10:15:24,313 [INFO] src.corpus_construction.enhance_images.pipeline: [elcomercio_2023-11-30_1.jpg] Config 1/54 | contrast=none | denoising=none | sharpening=none
2026-09-12 10:15:24,325 [INFO] src.corpus_construction.enhance_images.pipeline: [elcomercio_2023-11-30_1.jpg] Config 0 finished in 0.012s
2026-09-12 10:15:24,325 [INFO] src.corpus_construction.enhance_images.pipeline: [elcomercio_2023-11-30_1.jpg] Config 2/54 | contrast=none | denoising=none | sharpening=unsharp_masking
2026-09-12 10:15:24,349 [INFO] src.corpus_construction.enhance_images.pipeline: [elcomercio_2023-11-30_1.jpg] Config 1 finished in 0.023s
2026-09-12 10:15:24,349 [INFO] src.corpus_construction.enhance_images.pipeline: [elcomercio_2023-11-30_1.jpg] Config 3/54 | contrast=none | denoising=none | sharpening=stroke_width_enhancement
2026-09-12 10:15:24,374 [INFO] src.corpus_construction.enhance_images.pipeline: [elcomercio_2023-11-30_1.jpg] Config 2 finished in 0.026s
2026-09-12 10:15:24,374 [INFO] src.corpus_construction.enhance_images.pipeline: [elcomercio_2023-11-30_1.jpg] Config 4/54 | contrast=none | denoising=mean_filter | sharpening=none
2026-09-12 10:15:24,385 [INFO] src.corpus_construction.enhance_images.pipeline: [elcomercio_2023-11-30_1.jpg] Config 3 finished in 0.010s
2026-09-12 10:15:24,385 [INFO] src.corpus_construction.enhance_images.pipeline: [elcomercio_2023-11-30_1.jpg] Config 5/54 | contrast=none | denoising=mean_filter | sharpening=unsharp_masking
2026-09-12 10:15:24,406 [INFO] src.corpus_construction.enhance_images.pipeline: [elcomercio_2023-11-30_1.jpg] Config 4 finished in 0.021s
2026-09-12 10:15:24,406 [INFO] src.corpus_construction.enhance_images.pipeline: [elcomercio_2023-11-30_1.jpg] Config 6/54 | contrast=none | denoising=mean_filter | sharpening=stroke_width_enhancement
2026-09-12 10:15:24,430 [INFO] src.corpus_construction.enhance_images.pipeline: [elcomercio_2023-11-30_1.jpg] Config 5 finished in 0.024s
2026-09-12 10:15:24,430 [INFO] src.corpus_construction.enhance_images.pipeline: [elcomercio_2023-11-30_1.jpg] Config 7/54 | contrast=none | denoising=gaussian_filter | sharpening=none
2026-09-12 10:15:24,443 [INFO] src.corpus_construction.enhance_images.pipeline: [elcomercio_2023-11-30_1.jpg] Config 6 finished in 0.013s
2026-09-12 10:15:24,443 [INFO] src.corpus_construction.enhance_images.pipeline: [elcomercio_2023-11-30_1.jpg] Config 8/54 | contrast=none | denoising=gaussian_filter | sharpening=unsharp_masking
2026-09-12 10:15:24,470 [INFO] src.corpus_construction.enhance_images.pipeline: [elcomercio_2023-11-30_1.jpg] Config 7 finished in 0.027s
2026-09-12 10:15:24,470 [INFO] src.corpus_construction.enhance_images.pipeline: [elcomercio_2023-11-30_1.jpg] Config 9/54 | contrast=none | denoising=gaussian_filter | sharpening=stroke_width_enhancement
2026-09-12 10:15:24,498 [INFO] src.corpus_construction.enhance_images.pipeline: [elcomercio_2023-11-30_1.jpg] Config 8 finished in 0.028s
2026-09-12 10:15:24,499 [INFO] src.corpus_construction.enhance_images.pipeline: [elcomercio_2023-11-30_1.jpg] Config 10/54 | contrast=none | denoising=median_filter | sharpening=none
2026-09-12 10:15:24,507 [INFO] src.corpus_construction.enhance_images.pipeline: [elcomercio_2023-11-30_1.jpg] Config 9 finished in 0.008s
2026-09-12 10:15:24,507 [INFO] src.corpus_construction.enhance_images.pipeline: [elcomercio_2023-11-30_1.jpg] Config 11/54 | contrast=none | denoising=median_filter | sharpening=unsharp_masking
2026-09-12 10:15:24,529 [INFO] src.corpus_construction.enhance_images.pipeline: [elcomercio_2023-11-30_1.jpg] Config 10 finished in 0.022s
2026-09-12 10:15:24,529 [INFO] src.corpus_construction.enhance_images.pipeline: [elcomercio_2023-11-30_1.jpg] Config 12/54 | contrast=none | denoising=median_filter | sharpening=stroke_width_enhancement
2026-09-12 10:15:24,551 [INFO] src.corpus_construction.enhance_images.pipeline: [elcomercio_2023-11-30_1.jpg] Config 11 finished in 0.022s
2026-09-12 10:15:24,551 [INFO] src.corpus_construction.enhance_images.pipeline: [elcomercio_2023-11-30_1.jpg] Config 13/54 | contrast=none | denoising=conservative_filter | sharpening=none
2026-09-12 10:16:26,633 [INFO] src.corpus_construction.enhance_images.pipeline: [elcomercio_2023-11-30_1.jpg] Config 12 finished in 62.082s
2026-09-12 10:16:26,634 [INFO] src.corpus_construction.enhance_images.pipeline: [elcomercio_2023-11-30_1.jpg] Config 14/54 | contrast=none | denoising=conservative_filter | sharpening=unsharp_masking
2026-09-12 10:17:29,732 [INFO] src.corpus_construction.enhance_images.pipeline: [elcomercio_2023-11-30_1.jpg] Config 13 finished in 63.098s
2026-09-12 10:17:29,733 [INFO] src.corpus_construction.enhance_images.pipeline: [elcomercio_2023-11-30_1.jpg] Config 15/54 | contrast=none | denoising=conservative_filter | sharpening=stroke_width_enhancement
2026-09-12 10:18:32,813 [INFO] src.corpus_construction.enhance_images.pipeline: [elcomercio_2023-11-30_1.jpg] Config 14 finished in 63.080s
2026-09-12 10:18:32,813 [INFO] src.corpus_construction.enhance_images.pipeline: [elcomercio_2023-11-30_1.jpg] Config 16/54 | contrast=none | denoising=laplacian_filter | sharpening=none
2026-09-12 10:18:32,830 [INFO] src.corpus_construction.enhance_images.pipeline: [elcomercio_2023-11-30_1.jpg] Config 15 finished in 0.017s
2026-09-12 10:18:32,831 [INFO] src.corpus_construction.enhance_images.pipeline: [elcomercio_2023-11-30_1.jpg] Config 17/54 | contrast=none | denoising=laplacian_filter | sharpening=unsharp_masking
2026-09-12 10:18:32,856 [INFO] src.corpus_construction.enhance_images.pipeline: [elcomercio_2023-11-30_1.jpg] Config 16 finished in 0.026s
2026-09-12 10:18:32,856 [INFO] src.corpus_construction.enhance_images.pipeline: [elcomercio_2023-11-30_1.jpg] Config 18/54 | contrast=none | denoising=laplacian_filter | sharpening=stroke_width_enhancement
2026-09-12 10:18:32,888 [INFO] src.corpus_construction.enhance_images.pipeline: [elcomercio_2023-11-30_1.jpg] Config 17 finished in 0.031s
2026-09-12 10:18:32,888 [INFO] src.corpus_construction.enhance_images.pipeline: [elcomercio_2023-11-30_1.jpg] Config 19/54 | contrast=none | denoising=frequency_filter | sharpening=none
2026-09-12 10:18:34,256 [INFO] src.corpus_construction.enhance_images.pipeline: [elcomercio_2023-11-30_1.jpg] Config 18 finished in 1.368s
2026-09-12 10:18:34,256 [INFO] src.corpus_construction.enhance_images.pipeline: [elcomercio_2023-11-30_1.jpg] Config 20/54 | contrast=none | denoising=frequency_filter | sharpening=unsharp_masking
2026-09-12 10:18:35,602 [INFO] src.corpus_construction.enhance_images.pipeline: [elcomercio_2023-11-30_1.jpg] Config 19 finished in 1.346s
2026-09-12 10:18:35,602 [INFO] src.corpus_construction.enhance_images.pipeline: [elcomercio_2023-11-30_1.jpg] Config 21/54 | contrast=none | denoising=frequency_filter | sharpening=stroke_width_enhancement
2026-09-12 10:18:36,969 [INFO] src.corpus_construction.enhance_images.pipeline: [elcomercio_2023-11-30_1.jpg] Config 20 finished in 1.367s
2026-09-12 10:18:36,970 [INFO] src.corpus_construction.enhance_images.pipeline: [elcomercio_2023-11-30_1.jpg] Config 22/54 | contrast=none | denoising=crimmins_speckle_removal | sharpening=none
2026-09-12 10:21:51,337 [INFO] src.corpus_construction.enhance_images.pipeline: [elcomercio_2023-11-30_1.jpg] Config 21 finished in 194.367s
2026-09-12 10:21:51,337 [INFO] src.corpus_construction.enhance_images.pipeline: [elcomercio_2023-11-30_1.jpg] Config 23/54 | contrast=none | denoising=crimmins_speckle_removal | sharpening=unsharp_masking
2026-09-12 10:25:05,400 [INFO] src.corpus_construction.enhance_images.pipeline: [elcomercio_2023-11-30_1.jpg] Config 22 finished in 194.063s
2026-09-12 10:25:05,401 [INFO] src.corpus_construction.enhance_images.pipeline: [elcomercio_2023-11-30_1.jpg] Config 24/54 | contrast=none | denoising=crimmins_speckle_removal | sharpening=stroke_width_enhancement
2026-09-12 10:28:19,217 [INFO] src.corpus_construction.enhance_images.pipeline: [elcomercio_2023-11-30_1.jpg] Config 23 finished in 193.816s
2026-09-12 10:28:19,218 [INFO] src.corpus_construction.enhance_images.pipeline: [elcomercio_2023-11-30_1.jpg] Config 25/54 | contrast=none | denoising=unsharp_filter | sharpening=none
2026-09-12 10:28:19,338 [INFO] src.corpus_construction.enhance_images.pipeline: [elcomercio_2023-11-30_1.jpg] Config 24 finished in 0.120s
2026-09-12 10:28:19,339 [INFO] src.corpus_construction.enhance_images.pipeline: [elcomercio_2023-11-30_1.jpg] Config 26/54 | contrast=none | denoising=unsharp_filter | sharpening=unsharp_masking
2026-09-12 10:28:19,467 [INFO] src.corpus_construction.enhance_images.pipeline: [elcomercio_2023-11-30_1.jpg] Config 25 finished in 0.128s
2026-09-12 10:28:19,467 [INFO] src.corpus_construction.enhance_images.pipeline: [elcomercio_2023-11-30_1.jpg] Config 27/54 | contrast=none | denoising=unsharp_filter | sharpening=stroke_width_enhancement
2026-09-12 10:28:19,600 [INFO] src.corpus_construction.enhance_images.pipeline: [elcomercio_2023-11-30_1.jpg] Config 26 finished in 0.134s
2026-09-12 10:28:19,600 [INFO] src.corpus_construction.enhance_images.pipeline: [elcomercio_2023-11-30_1.jpg] Config 28/54 | contrast=clahe | denoising=none | sharpening=none
2026-09-12 10:28:19,825 [INFO] src.corpus_construction.enhance_images.pipeline: [elcomercio_2023-11-30_1.jpg] Config 27 finished in 0.225s
2026-09-12 10:28:19,825 [INFO] src.corpus_construction.enhance_images.pipeline: [elcomercio_2023-11-30_1.jpg] Config 29/54 | contrast=clahe | denoising=none | sharpening=unsharp_masking
2026-09-12 10:28:19,927 [INFO] src.corpus_construction.enhance_images.pipeline: [elcomercio_2023-11-30_1.jpg] Config 28 finished in 0.102s
2026-09-12 10:28:19,927 [INFO] src.corpus_construction.enhance_images.pipeline: [elcomercio_2023-11-30_1.jpg] Config 30/54 | contrast=clahe | denoising=none | sharpening=stroke_width_enhancement
2026-09-12 10:28:20,033 [INFO] src.corpus_construction.enhance_images.pipeline: [elcomercio_2023-11-30_1.jpg] Config 29 finished in 0.106s
2026-09-12 10:28:20,033 [INFO] src.corpus_construction.enhance_images.pipeline: [elcomercio_2023-11-30_1.jpg] Config 31/54 | contrast=clahe | denoising=mean_filter | sharpening=none
2026-09-12 10:28:20,125 [INFO] src.corpus_construction.enhance_images.pipeline: [elcomercio_2023-11-30_1.jpg] Config 30 finished in 0.092s
2026-09-12 10:28:20,125 [INFO] src.corpus_construction.enhance_images.pipeline: [elcomercio_2023-11-30_1.jpg] Config 32/54 | contrast=clahe | denoising=mean_filter | sharpening=unsharp_masking
2026-09-12 10:28:20,234 [INFO] src.corpus_construction.enhance_images.pipeline: [elcomercio_2023-11-30_1.jpg] Config 31 finished in 0.109s
2026-09-12 10:28:20,234 [INFO] src.corpus_construction.enhance_images.pipeline: [elcomercio_2023-11-30_1.jpg] Config 33/54 | contrast=clahe | denoising=mean_filter | sharpening=stroke_width_enhancement
2026-09-12 10:28:20,339 [INFO] src.corpus_construction.enhance_images.pipeline: [elcomercio_2023-11-30_1.jpg] Config 32 finished in 0.104s
2026-09-12 10:28:20,339 [INFO] src.corpus_construction.enhance_images.pipeline: [elcomercio_2023-11-30_1.jpg] Config 34/54 | contrast=clahe | denoising=gaussian_filter | sharpening=none
2026-09-12 10:28:20,436 [INFO] src.corpus_construction.enhance_images.pipeline: [elcomercio_2023-11-30_1.jpg] Config 33 finished in 0.097s
2026-09-12 10:28:20,436 [INFO] src.corpus_construction.enhance_images.pipeline: [elcomercio_2023-11-30_1.jpg] Config 35/54 | contrast=clahe | denoising=gaussian_filter | sharpening=unsharp_masking
2026-09-12 10:28:20,540 [INFO] src.corpus_construction.enhance_images.pipeline: [elcomercio_2023-11-30_1.jpg] Config 34 finished in 0.104s
2026-09-12 10:28:20,540 [INFO] src.corpus_construction.enhance_images.pipeline: [elcomercio_2023-11-30_1.jpg] Config 36/54 | contrast=clahe | denoising=gaussian_filter | sharpening=stroke_width_enhancement
2026-09-12 10:28:20,649 [INFO] src.corpus_construction.enhance_images.pipeline: [elcomercio_2023-11-30_1.jpg] Config 35 finished in 0.108s
2026-09-12 10:28:20,649 [INFO] src.corpus_construction.enhance_images.pipeline: [elcomercio_2023-11-30_1.jpg] Config 37/54 | contrast=clahe | denoising=median_filter | sharpening=none
2026-09-12 10:28:20,740 [INFO] src.corpus_construction.enhance_images.pipeline: [elcomercio_2023-11-30_1.jpg] Config 36 finished in 0.091s
2026-09-12 10:28:20,740 [INFO] src.corpus_construction.enhance_images.pipeline: [elcomercio_2023-11-30_1.jpg] Config 38/54 | contrast=clahe | denoising=median_filter | sharpening=unsharp_masking
2026-09-12 10:28:20,840 [INFO] src.corpus_construction.enhance_images.pipeline: [elcomercio_2023-11-30_1.jpg] Config 37 finished in 0.100s
2026-09-12 10:28:20,840 [INFO] src.corpus_construction.enhance_images.pipeline: [elcomercio_2023-11-30_1.jpg] Config 39/54 | contrast=clahe | denoising=median_filter | sharpening=stroke_width_enhancement
2026-09-12 10:28:20,945 [INFO] src.corpus_construction.enhance_images.pipeline: [elcomercio_2023-11-30_1.jpg] Config 38 finished in 0.104s
2026-09-12 10:28:20,945 [INFO] src.corpus_construction.enhance_images.pipeline: [elcomercio_2023-11-30_1.jpg] Config 40/54 | contrast=clahe | denoising=conservative_filter | sharpening=none
2026-09-12 10:29:23,972 [INFO] src.corpus_construction.enhance_images.pipeline: [elcomercio_2023-11-30_1.jpg] Config 39 finished in 63.027s
2026-09-12 10:29:23,972 [INFO] src.corpus_construction.enhance_images.pipeline: [elcomercio_2023-11-30_1.jpg] Config 41/54 | contrast=clahe | denoising=conservative_filter | sharpening=unsharp_masking
2026-09-12 10:30:27,069 [INFO] src.corpus_construction.enhance_images.pipeline: [elcomercio_2023-11-30_1.jpg] Config 40 finished in 63.096s
2026-09-12 10:30:27,069 [INFO] src.corpus_construction.enhance_images.pipeline: [elcomercio_2023-11-30_1.jpg] Config 42/54 | contrast=clahe | denoising=conservative_filter | sharpening=stroke_width_enhancement
2026-09-12 10:31:30,170 [INFO] src.corpus_construction.enhance_images.pipeline: [elcomercio_2023-11-30_1.jpg] Config 41 finished in 63.100s
2026-09-12 10:31:30,170 [INFO] src.corpus_construction.enhance_images.pipeline: [elcomercio_2023-11-30_1.jpg] Config 43/54 | contrast=clahe | denoising=laplacian_filter | sharpening=none
2026-09-12 10:31:30,270 [INFO] src.corpus_construction.enhance_images.pipeline: [elcomercio_2023-11-30_1.jpg] Config 42 finished in 0.100s
2026-09-12 10:31:30,270 [INFO] src.corpus_construction.enhance_images.pipeline: [elcomercio_2023-11-30_1.jpg] Config 44/54 | contrast=clahe | denoising=laplacian_filter | sharpening=unsharp_masking
2026-09-12 10:31:30,381 [INFO] src.corpus_construction.enhance_images.pipeline: [elcomercio_2023-11-30_1.jpg] Config 43 finished in 0.111s
2026-09-12 10:31:30,381 [INFO] src.corpus_construction.enhance_images.pipeline: [elcomercio_2023-11-30_1.jpg] Config 45/54 | contrast=clahe | denoising=laplacian_filter | sharpening=stroke_width_enhancement
2026-09-12 10:31:30,493 [INFO] src.corpus_construction.enhance_images.pipeline: [elcomercio_2023-11-30_1.jpg] Config 44 finished in 0.112s
2026-09-12 10:31:30,494 [INFO] src.corpus_construction.enhance_images.pipeline: [elcomercio_2023-11-30_1.jpg] Config 46/54 | contrast=clahe | denoising=frequency_filter | sharpening=none
2026-09-12 10:31:31,930 [INFO] src.corpus_construction.enhance_images.pipeline: [elcomercio_2023-11-30_1.jpg] Config 45 finished in 1.436s
2026-09-12 10:31:31,930 [INFO] src.corpus_construction.enhance_images.pipeline: [elcomercio_2023-11-30_1.jpg] Config 47/54 | contrast=clahe | denoising=frequency_filter | sharpening=unsharp_masking
2026-09-12 10:31:33,360 [INFO] src.corpus_construction.enhance_images.pipeline: [elcomercio_2023-11-30_1.jpg] Config 46 finished in 1.430s
2026-09-12 10:31:33,361 [INFO] src.corpus_construction.enhance_images.pipeline: [elcomercio_2023-11-30_1.jpg] Config 48/54 | contrast=clahe | denoising=frequency_filter | sharpening=stroke_width_enhancement
2026-09-12 10:31:34,788 [INFO] src.corpus_construction.enhance_images.pipeline: [elcomercio_2023-11-30_1.jpg] Config 47 finished in 1.427s
2026-09-12 10:31:34,788 [INFO] src.corpus_construction.enhance_images.pipeline: [elcomercio_2023-11-30_1.jpg] Config 49/54 | contrast=clahe | denoising=crimmins_speckle_removal | sharpening=none
2026-09-12 10:34:46,899 [INFO] src.corpus_construction.enhance_images.pipeline: [elcomercio_2023-11-30_1.jpg] Config 48 finished in 192.110s
2026-09-12 10:34:46,899 [INFO] src.corpus_construction.enhance_images.pipeline: [elcomercio_2023-11-30_1.jpg] Config 50/54 | contrast=clahe | denoising=crimmins_speckle_removal | sharpening=unsharp_masking
2026-09-12 10:37:56,158 [INFO] src.corpus_construction.enhance_images.pipeline: [elcomercio_2023-11-30_1.jpg] Config 49 finished in 189.259s
2026-09-12 10:37:56,158 [INFO] src.corpus_construction.enhance_images.pipeline: [elcomercio_2023-11-30_1.jpg] Config 51/54 | contrast=clahe | denoising=crimmins_speckle_removal | sharpening=stroke_width_enhancement
2026-09-12 10:41:05,294 [INFO] src.corpus_construction.enhance_images.pipeline: [elcomercio_2023-11-30_1.jpg] Config 50 finished in 189.135s
2026-09-12 10:41:05,294 [INFO] src.corpus_construction.enhance_images.pipeline: [elcomercio_2023-11-30_1.jpg] Config 52/54 | contrast=clahe | denoising=unsharp_filter | sharpening=none
2026-09-12 10:41:05,497 [INFO] src.corpus_construction.enhance_images.pipeline: [elcomercio_2023-11-30_1.jpg] Config 51 finished in 0.203s
2026-09-12 10:41:05,497 [INFO] src.corpus_construction.enhance_images.pipeline: [elcomercio_2023-11-30_1.jpg] Config 53/54 | contrast=clahe | denoising=unsharp_filter | sharpening=unsharp_masking
2026-09-12 10:41:05,708 [INFO] src.corpus_construction.enhance_images.pipeline: [elcomercio_2023-11-30_1.jpg] Config 52 finished in 0.210s
2026-09-12 10:41:05,708 [INFO] src.corpus_construction.enhance_images.pipeline: [elcomercio_2023-11-30_1.jpg] Config 54/54 | contrast=clahe | denoising=unsharp_filter | sharpening=stroke_width_enhancement
2026-09-12 10:41:05,922 [INFO] src.corpus_construction.enhance_images.pipeline: [elcomercio_2023-11-30_1.jpg] Config 53 finished in 0.214s
2026-09-12 10:41:05,978 [INFO] src.corpus_construction.enhance_images.pipeline: Saved 378 metadata records to data/corpus_construction/enhance_images/results/elcomercio/enhance_images.parquet
2026-09-12 10:41:10,766 [INFO] src.corpus_construction.enhance_images.pipeline: [elcomercio_2024-02-24_9.jpg] Config 1/54 | contrast=none | denoising=none | sharpening=none
2026-09-12 10:41:10,775 [INFO] src.corpus_construction.enhance_images.pipeline: [elcomercio_2024-02-24_9.jpg] Config 0 finished in 0.010s
2026-09-12 10:41:10,775 [INFO] src.corpus_construction.enhance_images.pipeline: [elcomercio_2024-02-24_9.jpg] Config 2/54 | contrast=none | denoising=none | sharpening=unsharp_masking
2026-09-12 10:41:10,799 [INFO] src.corpus_construction.enhance_images.pipeline: [elcomercio_2024-02-24_9.jpg] Config 1 finished in 0.023s
2026-09-12 10:41:10,799 [INFO] src.corpus_construction.enhance_images.pipeline: [elcomercio_2024-02-24_9.jpg] Config 3/54 | contrast=none | denoising=none | sharpening=stroke_width_enhancement
2026-09-12 10:41:10,821 [INFO] src.corpus_construction.enhance_images.pipeline: [elcomercio_2024-02-24_9.jpg] Config 2 finished in 0.021s
2026-09-12 10:41:10,821 [INFO] src.corpus_construction.enhance_images.pipeline: [elcomercio_2024-02-24_9.jpg] Config 4/54 | contrast=none | denoising=mean_filter | sharpening=none
2026-09-12 10:41:10,834 [INFO] src.corpus_construction.enhance_images.pipeline: [elcomercio_2024-02-24_9.jpg] Config 3 finished in 0.013s
2026-09-12 10:41:10,834 [INFO] src.corpus_construction.enhance_images.pipeline: [elcomercio_2024-02-24_9.jpg] Config 5/54 | contrast=none | denoising=mean_filter | sharpening=unsharp_masking
2026-09-12 10:41:10,860 [INFO] src.corpus_construction.enhance_images.pipeline: [elcomercio_2024-02-24_9.jpg] Config 4 finished in 0.026s
2026-09-12 10:41:10,861 [INFO] src.corpus_construction.enhance_images.pipeline: [elcomercio_2024-02-24_9.jpg] Config 6/54 | contrast=none | denoising=mean_filter | sharpening=stroke_width_enhancement
2026-09-12 10:41:10,885 [INFO] src.corpus_construction.enhance_images.pipeline: [elcomercio_2024-02-24_9.jpg] Config 5 finished in 0.024s
2026-09-12 10:41:10,885 [INFO] src.corpus_construction.enhance_images.pipeline: [elcomercio_2024-02-24_9.jpg] Config 7/54 | contrast=none | denoising=gaussian_filter | sharpening=none
2026-09-12 10:41:10,899 [INFO] src.corpus_construction.enhance_images.pipeline: [elcomercio_2024-02-24_9.jpg] Config 6 finished in 0.014s
2026-09-12 10:41:10,899 [INFO] src.corpus_construction.enhance_images.pipeline: [elcomercio_2024-02-24_9.jpg] Config 8/54 | contrast=none | denoising=gaussian_filter | sharpening=unsharp_masking
2026-09-12 10:41:10,928 [INFO] src.corpus_construction.enhance_images.pipeline: [elcomercio_2024-02-24_9.jpg] Config 7 finished in 0.029s
2026-09-12 10:41:10,928 [INFO] src.corpus_construction.enhance_images.pipeline: [elcomercio_2024-02-24_9.jpg] Config 9/54 | contrast=none | denoising=gaussian_filter | sharpening=stroke_width_enhancement
2026-09-12 10:41:10,955 [INFO] src.corpus_construction.enhance_images.pipeline: [elcomercio_2024-02-24_9.jpg] Config 8 finished in 0.026s
2026-09-12 10:41:10,955 [INFO] src.corpus_construction.enhance_images.pipeline: [elcomercio_2024-02-24_9.jpg] Config 10/54 | contrast=none | denoising=median_filter | sharpening=none
2026-09-12 10:41:10,966 [INFO] src.corpus_construction.enhance_images.pipeline: [elcomercio_2024-02-24_9.jpg] Config 9 finished in 0.011s
2026-09-12 10:41:10,966 [INFO] src.corpus_construction.enhance_images.pipeline: [elcomercio_2024-02-24_9.jpg] Config 11/54 | contrast=none | denoising=median_filter | sharpening=unsharp_masking
2026-09-12 10:41:10,989 [INFO] src.corpus_construction.enhance_images.pipeline: [elcomercio_2024-02-24_9.jpg] Config 10 finished in 0.023s
2026-09-12 10:41:10,989 [INFO] src.corpus_construction.enhance_images.pipeline: [elcomercio_2024-02-24_9.jpg] Config 12/54 | contrast=none | denoising=median_filter | sharpening=stroke_width_enhancement
2026-09-12 10:41:11,011 [INFO] src.corpus_construction.enhance_images.pipeline: [elcomercio_2024-02-24_9.jpg] Config 11 finished in 0.022s
2026-09-12 10:41:11,011 [INFO] src.corpus_construction.enhance_images.pipeline: [elcomercio_2024-02-24_9.jpg] Config 13/54 | contrast=none | denoising=conservative_filter | sharpening=none
[2026-09-12T10:41:14.369] error: *** JOB 26470976 ON b001 CANCELLED AT 2026-09-12T10:41:14 DUE to SIGNAL Terminated ***
