2026-09-11 23:58:37,864 [INFO] src.corpus_construction.enhance_images.pipeline: Saved 54 configurations to data/corpus_construction/enhance_images/results/elcomercio/configurations.txt
2026-09-11 23:58:37,878 [INFO] src.corpus_construction.enhance_images.pipeline: Found 10 image(s) under data/corpus_construction/enhance_images/elcomercio
2026-09-11 23:58:37,967 [INFO] src.corpus_construction.enhance_images.pipeline: [elcomercio_2015-04-23_1.jpg] Config 1/54 | contrast=none | denoising=none | sharpening=none
2026-09-11 23:58:37,978 [INFO] src.corpus_construction.enhance_images.pipeline: [elcomercio_2015-04-23_1.jpg] Config 0 finished in 0.010s
2026-09-11 23:58:37,978 [INFO] src.corpus_construction.enhance_images.pipeline: [elcomercio_2015-04-23_1.jpg] Config 2/54 | contrast=none | denoising=none | sharpening=unsharp_masking
2026-09-11 23:58:37,997 [INFO] src.corpus_construction.enhance_images.pipeline: [elcomercio_2015-04-23_1.jpg] Config 1 finished in 0.020s
2026-09-11 23:58:37,997 [INFO] src.corpus_construction.enhance_images.pipeline: [elcomercio_2015-04-23_1.jpg] Config 3/54 | contrast=none | denoising=none | sharpening=stroke_width_enhancement
2026-09-11 23:58:38,019 [INFO] src.corpus_construction.enhance_images.pipeline: [elcomercio_2015-04-23_1.jpg] Config 2 finished in 0.022s
2026-09-11 23:58:38,019 [INFO] src.corpus_construction.enhance_images.pipeline: [elcomercio_2015-04-23_1.jpg] Config 4/54 | contrast=none | denoising=mean_filter | sharpening=none
2026-09-11 23:58:38,028 [INFO] src.corpus_construction.enhance_images.pipeline: [elcomercio_2015-04-23_1.jpg] Config 3 finished in 0.009s
2026-09-11 23:58:38,028 [INFO] src.corpus_construction.enhance_images.pipeline: [elcomercio_2015-04-23_1.jpg] Config 5/54 | contrast=none | denoising=mean_filter | sharpening=unsharp_masking
2026-09-11 23:58:38,046 [INFO] src.corpus_construction.enhance_images.pipeline: [elcomercio_2015-04-23_1.jpg] Config 4 finished in 0.018s
2026-09-11 23:58:38,046 [INFO] src.corpus_construction.enhance_images.pipeline: [elcomercio_2015-04-23_1.jpg] Config 6/54 | contrast=none | denoising=mean_filter | sharpening=stroke_width_enhancement
2026-09-11 23:58:38,067 [INFO] src.corpus_construction.enhance_images.pipeline: [elcomercio_2015-04-23_1.jpg] Config 5 finished in 0.021s
2026-09-11 23:58:38,067 [INFO] src.corpus_construction.enhance_images.pipeline: [elcomercio_2015-04-23_1.jpg] Config 7/54 | contrast=none | denoising=gaussian_filter | sharpening=none
2026-09-11 23:58:38,079 [INFO] src.corpus_construction.enhance_images.pipeline: [elcomercio_2015-04-23_1.jpg] Config 6 finished in 0.012s
2026-09-11 23:58:38,079 [INFO] src.corpus_construction.enhance_images.pipeline: [elcomercio_2015-04-23_1.jpg] Config 8/54 | contrast=none | denoising=gaussian_filter | sharpening=unsharp_masking
2026-09-11 23:58:38,105 [INFO] src.corpus_construction.enhance_images.pipeline: [elcomercio_2015-04-23_1.jpg] Config 7 finished in 0.026s
2026-09-11 23:58:38,105 [INFO] src.corpus_construction.enhance_images.pipeline: [elcomercio_2015-04-23_1.jpg] Config 9/54 | contrast=none | denoising=gaussian_filter | sharpening=stroke_width_enhancement
2026-09-11 23:58:38,131 [INFO] src.corpus_construction.enhance_images.pipeline: [elcomercio_2015-04-23_1.jpg] Config 8 finished in 0.026s
2026-09-11 23:58:38,131 [INFO] src.corpus_construction.enhance_images.pipeline: [elcomercio_2015-04-23_1.jpg] Config 10/54 | contrast=none | denoising=median_filter | sharpening=none
2026-09-11 23:58:38,139 [INFO] src.corpus_construction.enhance_images.pipeline: [elcomercio_2015-04-23_1.jpg] Config 9 finished in 0.007s
2026-09-11 23:58:38,139 [INFO] src.corpus_construction.enhance_images.pipeline: [elcomercio_2015-04-23_1.jpg] Config 11/54 | contrast=none | denoising=median_filter | sharpening=unsharp_masking
2026-09-11 23:58:38,158 [INFO] src.corpus_construction.enhance_images.pipeline: [elcomercio_2015-04-23_1.jpg] Config 10 finished in 0.019s
2026-09-11 23:58:38,158 [INFO] src.corpus_construction.enhance_images.pipeline: [elcomercio_2015-04-23_1.jpg] Config 12/54 | contrast=none | denoising=median_filter | sharpening=stroke_width_enhancement
2026-09-11 23:58:38,177 [INFO] src.corpus_construction.enhance_images.pipeline: [elcomercio_2015-04-23_1.jpg] Config 11 finished in 0.019s
2026-09-11 23:58:38,177 [INFO] src.corpus_construction.enhance_images.pipeline: [elcomercio_2015-04-23_1.jpg] Config 13/54 | contrast=none | denoising=conservative_filter | sharpening=none
2026-09-11 23:59:39,892 [INFO] src.corpus_construction.enhance_images.pipeline: [elcomercio_2015-04-23_1.jpg] Config 12 finished in 61.715s
2026-09-11 23:59:39,893 [INFO] src.corpus_construction.enhance_images.pipeline: [elcomercio_2015-04-23_1.jpg] Config 14/54 | contrast=none | denoising=conservative_filter | sharpening=unsharp_masking
2026-09-12 00:00:43,094 [INFO] src.corpus_construction.enhance_images.pipeline: [elcomercio_2015-04-23_1.jpg] Config 13 finished in 63.201s
2026-09-12 00:00:43,094 [INFO] src.corpus_construction.enhance_images.pipeline: [elcomercio_2015-04-23_1.jpg] Config 15/54 | contrast=none | denoising=conservative_filter | sharpening=stroke_width_enhancement
2026-09-12 00:01:42,211 [INFO] src.corpus_construction.enhance_images.pipeline: [elcomercio_2015-04-23_1.jpg] Config 14 finished in 59.116s
2026-09-12 00:01:42,211 [INFO] src.corpus_construction.enhance_images.pipeline: [elcomercio_2015-04-23_1.jpg] Config 16/54 | contrast=none | denoising=laplacian_filter | sharpening=none
2026-09-12 00:01:42,228 [INFO] src.corpus_construction.enhance_images.pipeline: [elcomercio_2015-04-23_1.jpg] Config 15 finished in 0.016s
2026-09-12 00:01:42,228 [INFO] src.corpus_construction.enhance_images.pipeline: [elcomercio_2015-04-23_1.jpg] Config 17/54 | contrast=none | denoising=laplacian_filter | sharpening=unsharp_masking
2026-09-12 00:01:42,251 [INFO] src.corpus_construction.enhance_images.pipeline: [elcomercio_2015-04-23_1.jpg] Config 16 finished in 0.024s
2026-09-12 00:01:42,252 [INFO] src.corpus_construction.enhance_images.pipeline: [elcomercio_2015-04-23_1.jpg] Config 18/54 | contrast=none | denoising=laplacian_filter | sharpening=stroke_width_enhancement
2026-09-12 00:01:42,279 [INFO] src.corpus_construction.enhance_images.pipeline: [elcomercio_2015-04-23_1.jpg] Config 17 finished in 0.027s
2026-09-12 00:01:42,279 [INFO] src.corpus_construction.enhance_images.pipeline: [elcomercio_2015-04-23_1.jpg] Config 19/54 | contrast=none | denoising=frequency_filter | sharpening=none
2026-09-12 00:01:42,909 [INFO] src.corpus_construction.enhance_images.pipeline: [elcomercio_2015-04-23_1.jpg] Config 18 finished in 0.630s
2026-09-12 00:01:42,910 [INFO] src.corpus_construction.enhance_images.pipeline: [elcomercio_2015-04-23_1.jpg] Config 20/54 | contrast=none | denoising=frequency_filter | sharpening=unsharp_masking
2026-09-12 00:01:43,535 [INFO] src.corpus_construction.enhance_images.pipeline: [elcomercio_2015-04-23_1.jpg] Config 19 finished in 0.625s
2026-09-12 00:01:43,535 [INFO] src.corpus_construction.enhance_images.pipeline: [elcomercio_2015-04-23_1.jpg] Config 21/54 | contrast=none | denoising=frequency_filter | sharpening=stroke_width_enhancement
2026-09-12 00:01:44,166 [INFO] src.corpus_construction.enhance_images.pipeline: [elcomercio_2015-04-23_1.jpg] Config 20 finished in 0.631s
2026-09-12 00:01:44,167 [INFO] src.corpus_construction.enhance_images.pipeline: [elcomercio_2015-04-23_1.jpg] Config 22/54 | contrast=none | denoising=crimmins_speckle_removal | sharpening=none
2026-09-12 00:04:27,043 [INFO] src.corpus_construction.enhance_images.pipeline: [elcomercio_2015-04-23_1.jpg] Config 21 finished in 162.876s
2026-09-12 00:04:27,043 [INFO] src.corpus_construction.enhance_images.pipeline: [elcomercio_2015-04-23_1.jpg] Config 23/54 | contrast=none | denoising=crimmins_speckle_removal | sharpening=unsharp_masking
2026-09-12 00:07:20,866 [INFO] src.corpus_construction.enhance_images.pipeline: [elcomercio_2015-04-23_1.jpg] Config 22 finished in 173.823s
2026-09-12 00:07:20,867 [INFO] src.corpus_construction.enhance_images.pipeline: [elcomercio_2015-04-23_1.jpg] Config 24/54 | contrast=none | denoising=crimmins_speckle_removal | sharpening=stroke_width_enhancement
2026-09-12 00:10:33,522 [INFO] src.corpus_construction.enhance_images.pipeline: [elcomercio_2015-04-23_1.jpg] Config 23 finished in 192.656s
2026-09-12 00:10:33,523 [INFO] src.corpus_construction.enhance_images.pipeline: [elcomercio_2015-04-23_1.jpg] Config 25/54 | contrast=none | denoising=unsharp_filter | sharpening=none
2026-09-12 00:10:33,647 [INFO] src.corpus_construction.enhance_images.pipeline: [elcomercio_2015-04-23_1.jpg] Config 24 finished in 0.124s
2026-09-12 00:10:33,647 [INFO] src.corpus_construction.enhance_images.pipeline: [elcomercio_2015-04-23_1.jpg] Config 26/54 | contrast=none | denoising=unsharp_filter | sharpening=unsharp_masking
2026-09-12 00:10:33,780 [INFO] src.corpus_construction.enhance_images.pipeline: [elcomercio_2015-04-23_1.jpg] Config 25 finished in 0.133s
2026-09-12 00:10:33,780 [INFO] src.corpus_construction.enhance_images.pipeline: [elcomercio_2015-04-23_1.jpg] Config 27/54 | contrast=none | denoising=unsharp_filter | sharpening=stroke_width_enhancement
2026-09-12 00:10:33,916 [INFO] src.corpus_construction.enhance_images.pipeline: [elcomercio_2015-04-23_1.jpg] Config 26 finished in 0.136s
2026-09-12 00:10:33,917 [INFO] src.corpus_construction.enhance_images.pipeline: [elcomercio_2015-04-23_1.jpg] Config 28/54 | contrast=clahe | denoising=none | sharpening=none
2026-09-12 00:10:34,153 [INFO] src.corpus_construction.enhance_images.pipeline: [elcomercio_2015-04-23_1.jpg] Config 27 finished in 0.237s
2026-09-12 00:10:34,154 [INFO] src.corpus_construction.enhance_images.pipeline: [elcomercio_2015-04-23_1.jpg] Config 29/54 | contrast=clahe | denoising=none | sharpening=unsharp_masking
2026-09-12 00:10:34,263 [INFO] src.corpus_construction.enhance_images.pipeline: [elcomercio_2015-04-23_1.jpg] Config 28 finished in 0.110s
2026-09-12 00:10:34,263 [INFO] src.corpus_construction.enhance_images.pipeline: [elcomercio_2015-04-23_1.jpg] Config 30/54 | contrast=clahe | denoising=none | sharpening=stroke_width_enhancement
2026-09-12 00:10:34,375 [INFO] src.corpus_construction.enhance_images.pipeline: [elcomercio_2015-04-23_1.jpg] Config 29 finished in 0.111s
2026-09-12 00:10:34,375 [INFO] src.corpus_construction.enhance_images.pipeline: [elcomercio_2015-04-23_1.jpg] Config 31/54 | contrast=clahe | denoising=mean_filter | sharpening=none
2026-09-12 00:10:34,476 [INFO] src.corpus_construction.enhance_images.pipeline: [elcomercio_2015-04-23_1.jpg] Config 30 finished in 0.100s
2026-09-12 00:10:34,476 [INFO] src.corpus_construction.enhance_images.pipeline: [elcomercio_2015-04-23_1.jpg] Config 32/54 | contrast=clahe | denoising=mean_filter | sharpening=unsharp_masking
2026-09-12 00:10:34,587 [INFO] src.corpus_construction.enhance_images.pipeline: [elcomercio_2015-04-23_1.jpg] Config 31 finished in 0.111s
2026-09-12 00:10:34,587 [INFO] src.corpus_construction.enhance_images.pipeline: [elcomercio_2015-04-23_1.jpg] Config 33/54 | contrast=clahe | denoising=mean_filter | sharpening=stroke_width_enhancement
2026-09-12 00:10:34,702 [INFO] src.corpus_construction.enhance_images.pipeline: [elcomercio_2015-04-23_1.jpg] Config 32 finished in 0.114s
2026-09-12 00:10:34,702 [INFO] src.corpus_construction.enhance_images.pipeline: [elcomercio_2015-04-23_1.jpg] Config 34/54 | contrast=clahe | denoising=gaussian_filter | sharpening=none
2026-09-12 00:10:34,804 [INFO] src.corpus_construction.enhance_images.pipeline: [elcomercio_2015-04-23_1.jpg] Config 33 finished in 0.102s
2026-09-12 00:10:34,804 [INFO] src.corpus_construction.enhance_images.pipeline: [elcomercio_2015-04-23_1.jpg] Config 35/54 | contrast=clahe | denoising=gaussian_filter | sharpening=unsharp_masking
2026-09-12 00:10:34,915 [INFO] src.corpus_construction.enhance_images.pipeline: [elcomercio_2015-04-23_1.jpg] Config 34 finished in 0.111s
2026-09-12 00:10:34,915 [INFO] src.corpus_construction.enhance_images.pipeline: [elcomercio_2015-04-23_1.jpg] Config 36/54 | contrast=clahe | denoising=gaussian_filter | sharpening=stroke_width_enhancement
2026-09-12 00:10:35,030 [INFO] src.corpus_construction.enhance_images.pipeline: [elcomercio_2015-04-23_1.jpg] Config 35 finished in 0.115s
2026-09-12 00:10:35,030 [INFO] src.corpus_construction.enhance_images.pipeline: [elcomercio_2015-04-23_1.jpg] Config 37/54 | contrast=clahe | denoising=median_filter | sharpening=none
2026-09-12 00:10:35,135 [INFO] src.corpus_construction.enhance_images.pipeline: [elcomercio_2015-04-23_1.jpg] Config 36 finished in 0.104s
2026-09-12 00:10:35,135 [INFO] src.corpus_construction.enhance_images.pipeline: [elcomercio_2015-04-23_1.jpg] Config 38/54 | contrast=clahe | denoising=median_filter | sharpening=unsharp_masking
2026-09-12 00:10:35,245 [INFO] src.corpus_construction.enhance_images.pipeline: [elcomercio_2015-04-23_1.jpg] Config 37 finished in 0.110s
2026-09-12 00:10:35,245 [INFO] src.corpus_construction.enhance_images.pipeline: [elcomercio_2015-04-23_1.jpg] Config 39/54 | contrast=clahe | denoising=median_filter | sharpening=stroke_width_enhancement
2026-09-12 00:10:35,358 [INFO] src.corpus_construction.enhance_images.pipeline: [elcomercio_2015-04-23_1.jpg] Config 38 finished in 0.113s
2026-09-12 00:10:35,358 [INFO] src.corpus_construction.enhance_images.pipeline: [elcomercio_2015-04-23_1.jpg] Config 40/54 | contrast=clahe | denoising=conservative_filter | sharpening=none
2026-09-12 00:11:36,884 [INFO] src.corpus_construction.enhance_images.pipeline: [elcomercio_2015-04-23_1.jpg] Config 39 finished in 61.525s
2026-09-12 00:11:36,884 [INFO] src.corpus_construction.enhance_images.pipeline: [elcomercio_2015-04-23_1.jpg] Config 41/54 | contrast=clahe | denoising=conservative_filter | sharpening=unsharp_masking
2026-09-12 00:12:37,352 [INFO] src.corpus_construction.enhance_images.pipeline: [elcomercio_2015-04-23_1.jpg] Config 40 finished in 60.468s
2026-09-12 00:12:37,352 [INFO] src.corpus_construction.enhance_images.pipeline: [elcomercio_2015-04-23_1.jpg] Config 42/54 | contrast=clahe | denoising=conservative_filter | sharpening=stroke_width_enhancement
2026-09-12 00:13:38,478 [INFO] src.corpus_construction.enhance_images.pipeline: [elcomercio_2015-04-23_1.jpg] Config 41 finished in 61.126s
2026-09-12 00:13:38,479 [INFO] src.corpus_construction.enhance_images.pipeline: [elcomercio_2015-04-23_1.jpg] Config 43/54 | contrast=clahe | denoising=laplacian_filter | sharpening=none
2026-09-12 00:13:38,574 [INFO] src.corpus_construction.enhance_images.pipeline: [elcomercio_2015-04-23_1.jpg] Config 42 finished in 0.095s
2026-09-12 00:13:38,574 [INFO] src.corpus_construction.enhance_images.pipeline: [elcomercio_2015-04-23_1.jpg] Config 44/54 | contrast=clahe | denoising=laplacian_filter | sharpening=unsharp_masking
2026-09-12 00:13:38,685 [INFO] src.corpus_construction.enhance_images.pipeline: [elcomercio_2015-04-23_1.jpg] Config 43 finished in 0.111s
2026-09-12 00:13:38,685 [INFO] src.corpus_construction.enhance_images.pipeline: [elcomercio_2015-04-23_1.jpg] Config 45/54 | contrast=clahe | denoising=laplacian_filter | sharpening=stroke_width_enhancement
2026-09-12 00:13:38,800 [INFO] src.corpus_construction.enhance_images.pipeline: [elcomercio_2015-04-23_1.jpg] Config 44 finished in 0.115s
2026-09-12 00:13:38,800 [INFO] src.corpus_construction.enhance_images.pipeline: [elcomercio_2015-04-23_1.jpg] Config 46/54 | contrast=clahe | denoising=frequency_filter | sharpening=none
2026-09-12 00:13:39,613 [INFO] src.corpus_construction.enhance_images.pipeline: [elcomercio_2015-04-23_1.jpg] Config 45 finished in 0.813s
2026-09-12 00:13:39,613 [INFO] src.corpus_construction.enhance_images.pipeline: [elcomercio_2015-04-23_1.jpg] Config 47/54 | contrast=clahe | denoising=frequency_filter | sharpening=unsharp_masking
2026-09-12 00:13:40,427 [INFO] src.corpus_construction.enhance_images.pipeline: [elcomercio_2015-04-23_1.jpg] Config 46 finished in 0.813s
2026-09-12 00:13:40,427 [INFO] src.corpus_construction.enhance_images.pipeline: [elcomercio_2015-04-23_1.jpg] Config 48/54 | contrast=clahe | denoising=frequency_filter | sharpening=stroke_width_enhancement
2026-09-12 00:13:41,175 [INFO] src.corpus_construction.enhance_images.pipeline: [elcomercio_2015-04-23_1.jpg] Config 47 finished in 0.748s
2026-09-12 00:13:41,175 [INFO] src.corpus_construction.enhance_images.pipeline: [elcomercio_2015-04-23_1.jpg] Config 49/54 | contrast=clahe | denoising=crimmins_speckle_removal | sharpening=none
2026-09-12 00:16:35,801 [INFO] src.corpus_construction.enhance_images.pipeline: [elcomercio_2015-04-23_1.jpg] Config 48 finished in 174.626s
2026-09-12 00:16:35,802 [INFO] src.corpus_construction.enhance_images.pipeline: [elcomercio_2015-04-23_1.jpg] Config 50/54 | contrast=clahe | denoising=crimmins_speckle_removal | sharpening=unsharp_masking
2026-09-12 00:19:42,903 [INFO] src.corpus_construction.enhance_images.pipeline: [elcomercio_2015-04-23_1.jpg] Config 49 finished in 187.101s
2026-09-12 00:19:42,904 [INFO] src.corpus_construction.enhance_images.pipeline: [elcomercio_2015-04-23_1.jpg] Config 51/54 | contrast=clahe | denoising=crimmins_speckle_removal | sharpening=stroke_width_enhancement
2026-09-12 00:22:57,498 [INFO] src.corpus_construction.enhance_images.pipeline: [elcomercio_2015-04-23_1.jpg] Config 50 finished in 194.594s
2026-09-12 00:22:57,512 [INFO] src.corpus_construction.enhance_images.pipeline: [elcomercio_2015-04-23_1.jpg] Config 52/54 | contrast=clahe | denoising=unsharp_filter | sharpening=none
2026-09-12 00:22:57,725 [INFO] src.corpus_construction.enhance_images.pipeline: [elcomercio_2015-04-23_1.jpg] Config 51 finished in 0.213s
2026-09-12 00:22:57,725 [INFO] src.corpus_construction.enhance_images.pipeline: [elcomercio_2015-04-23_1.jpg] Config 53/54 | contrast=clahe | denoising=unsharp_filter | sharpening=unsharp_masking
2026-09-12 00:22:57,942 [INFO] src.corpus_construction.enhance_images.pipeline: [elcomercio_2015-04-23_1.jpg] Config 52 finished in 0.217s
2026-09-12 00:22:57,942 [INFO] src.corpus_construction.enhance_images.pipeline: [elcomercio_2015-04-23_1.jpg] Config 54/54 | contrast=clahe | denoising=unsharp_filter | sharpening=stroke_width_enhancement
2026-09-12 00:22:58,155 [INFO] src.corpus_construction.enhance_images.pipeline: [elcomercio_2015-04-23_1.jpg] Config 53 finished in 0.213s
2026-09-12 00:22:58,232 [INFO] src.corpus_construction.enhance_images.pipeline: Saved 54 metadata records to data/corpus_construction/enhance_images/results/elcomercio/enhance_images.parquet
2026-09-12 00:23:03,229 [INFO] src.corpus_construction.enhance_images.pipeline: [elcomercio_2015-05-19_38.jpg] Config 1/54 | contrast=none | denoising=none | sharpening=none
2026-09-12 00:23:03,236 [INFO] src.corpus_construction.enhance_images.pipeline: [elcomercio_2015-05-19_38.jpg] Config 0 finished in 0.007s
2026-09-12 00:23:03,236 [INFO] src.corpus_construction.enhance_images.pipeline: [elcomercio_2015-05-19_38.jpg] Config 2/54 | contrast=none | denoising=none | sharpening=unsharp_masking
2026-09-12 00:23:03,257 [INFO] src.corpus_construction.enhance_images.pipeline: [elcomercio_2015-05-19_38.jpg] Config 1 finished in 0.021s
2026-09-12 00:23:03,258 [INFO] src.corpus_construction.enhance_images.pipeline: [elcomercio_2015-05-19_38.jpg] Config 3/54 | contrast=none | denoising=none | sharpening=stroke_width_enhancement
2026-09-12 00:23:03,278 [INFO] src.corpus_construction.enhance_images.pipeline: [elcomercio_2015-05-19_38.jpg] Config 2 finished in 0.020s
2026-09-12 00:23:03,278 [INFO] src.corpus_construction.enhance_images.pipeline: [elcomercio_2015-05-19_38.jpg] Config 4/54 | contrast=none | denoising=mean_filter | sharpening=none
2026-09-12 00:23:03,288 [INFO] src.corpus_construction.enhance_images.pipeline: [elcomercio_2015-05-19_38.jpg] Config 3 finished in 0.009s
2026-09-12 00:23:03,288 [INFO] src.corpus_construction.enhance_images.pipeline: [elcomercio_2015-05-19_38.jpg] Config 5/54 | contrast=none | denoising=mean_filter | sharpening=unsharp_masking
2026-09-12 00:23:03,313 [INFO] src.corpus_construction.enhance_images.pipeline: [elcomercio_2015-05-19_38.jpg] Config 4 finished in 0.025s
2026-09-12 00:23:03,313 [INFO] src.corpus_construction.enhance_images.pipeline: [elcomercio_2015-05-19_38.jpg] Config 6/54 | contrast=none | denoising=mean_filter | sharpening=stroke_width_enhancement
2026-09-12 00:23:03,337 [INFO] src.corpus_construction.enhance_images.pipeline: [elcomercio_2015-05-19_38.jpg] Config 5 finished in 0.023s
2026-09-12 00:23:03,337 [INFO] src.corpus_construction.enhance_images.pipeline: [elcomercio_2015-05-19_38.jpg] Config 7/54 | contrast=none | denoising=gaussian_filter | sharpening=none
2026-09-12 00:23:03,352 [INFO] src.corpus_construction.enhance_images.pipeline: [elcomercio_2015-05-19_38.jpg] Config 6 finished in 0.015s
2026-09-12 00:23:03,352 [INFO] src.corpus_construction.enhance_images.pipeline: [elcomercio_2015-05-19_38.jpg] Config 8/54 | contrast=none | denoising=gaussian_filter | sharpening=unsharp_masking
2026-09-12 00:23:03,378 [INFO] src.corpus_construction.enhance_images.pipeline: [elcomercio_2015-05-19_38.jpg] Config 7 finished in 0.025s
2026-09-12 00:23:03,378 [INFO] src.corpus_construction.enhance_images.pipeline: [elcomercio_2015-05-19_38.jpg] Config 9/54 | contrast=none | denoising=gaussian_filter | sharpening=stroke_width_enhancement
2026-09-12 00:23:03,403 [INFO] src.corpus_construction.enhance_images.pipeline: [elcomercio_2015-05-19_38.jpg] Config 8 finished in 0.025s
2026-09-12 00:23:03,403 [INFO] src.corpus_construction.enhance_images.pipeline: [elcomercio_2015-05-19_38.jpg] Config 10/54 | contrast=none | denoising=median_filter | sharpening=none
2026-09-12 00:23:03,411 [INFO] src.corpus_construction.enhance_images.pipeline: [elcomercio_2015-05-19_38.jpg] Config 9 finished in 0.008s
2026-09-12 00:23:03,411 [INFO] src.corpus_construction.enhance_images.pipeline: [elcomercio_2015-05-19_38.jpg] Config 11/54 | contrast=none | denoising=median_filter | sharpening=unsharp_masking
2026-09-12 00:23:03,433 [INFO] src.corpus_construction.enhance_images.pipeline: [elcomercio_2015-05-19_38.jpg] Config 10 finished in 0.022s
2026-09-12 00:23:03,433 [INFO] src.corpus_construction.enhance_images.pipeline: [elcomercio_2015-05-19_38.jpg] Config 12/54 | contrast=none | denoising=median_filter | sharpening=stroke_width_enhancement
2026-09-12 00:23:03,453 [INFO] src.corpus_construction.enhance_images.pipeline: [elcomercio_2015-05-19_38.jpg] Config 11 finished in 0.020s
2026-09-12 00:23:03,453 [INFO] src.corpus_construction.enhance_images.pipeline: [elcomercio_2015-05-19_38.jpg] Config 13/54 | contrast=none | denoising=conservative_filter | sharpening=none
2026-09-12 00:24:07,382 [INFO] src.corpus_construction.enhance_images.pipeline: [elcomercio_2015-05-19_38.jpg] Config 12 finished in 63.929s
2026-09-12 00:24:07,382 [INFO] src.corpus_construction.enhance_images.pipeline: [elcomercio_2015-05-19_38.jpg] Config 14/54 | contrast=none | denoising=conservative_filter | sharpening=unsharp_masking
2026-09-12 00:25:13,417 [INFO] src.corpus_construction.enhance_images.pipeline: [elcomercio_2015-05-19_38.jpg] Config 13 finished in 66.034s
2026-09-12 00:25:13,417 [INFO] src.corpus_construction.enhance_images.pipeline: [elcomercio_2015-05-19_38.jpg] Config 15/54 | contrast=none | denoising=conservative_filter | sharpening=stroke_width_enhancement
2026-09-12 00:26:18,119 [INFO] src.corpus_construction.enhance_images.pipeline: [elcomercio_2015-05-19_38.jpg] Config 14 finished in 64.702s
2026-09-12 00:26:18,120 [INFO] src.corpus_construction.enhance_images.pipeline: [elcomercio_2015-05-19_38.jpg] Config 16/54 | contrast=none | denoising=laplacian_filter | sharpening=none
2026-09-12 00:26:18,135 [INFO] src.corpus_construction.enhance_images.pipeline: [elcomercio_2015-05-19_38.jpg] Config 15 finished in 0.015s
2026-09-12 00:26:18,135 [INFO] src.corpus_construction.enhance_images.pipeline: [elcomercio_2015-05-19_38.jpg] Config 17/54 | contrast=none | denoising=laplacian_filter | sharpening=unsharp_masking
2026-09-12 00:26:18,161 [INFO] src.corpus_construction.enhance_images.pipeline: [elcomercio_2015-05-19_38.jpg] Config 16 finished in 0.025s
2026-09-12 00:26:18,161 [INFO] src.corpus_construction.enhance_images.pipeline: [elcomercio_2015-05-19_38.jpg] Config 18/54 | contrast=none | denoising=laplacian_filter | sharpening=stroke_width_enhancement
2026-09-12 00:26:18,190 [INFO] src.corpus_construction.enhance_images.pipeline: [elcomercio_2015-05-19_38.jpg] Config 17 finished in 0.029s
2026-09-12 00:26:18,190 [INFO] src.corpus_construction.enhance_images.pipeline: [elcomercio_2015-05-19_38.jpg] Config 19/54 | contrast=none | denoising=frequency_filter | sharpening=none
2026-09-12 00:26:18,923 [INFO] src.corpus_construction.enhance_images.pipeline: [elcomercio_2015-05-19_38.jpg] Config 18 finished in 0.733s
2026-09-12 00:26:18,923 [INFO] src.corpus_construction.enhance_images.pipeline: [elcomercio_2015-05-19_38.jpg] Config 20/54 | contrast=none | denoising=frequency_filter | sharpening=unsharp_masking
2026-09-12 00:26:19,575 [INFO] src.corpus_construction.enhance_images.pipeline: [elcomercio_2015-05-19_38.jpg] Config 19 finished in 0.652s
2026-09-12 00:26:19,575 [INFO] src.corpus_construction.enhance_images.pipeline: [elcomercio_2015-05-19_38.jpg] Config 21/54 | contrast=none | denoising=frequency_filter | sharpening=stroke_width_enhancement
2026-09-12 00:26:20,215 [INFO] src.corpus_construction.enhance_images.pipeline: [elcomercio_2015-05-19_38.jpg] Config 20 finished in 0.640s
2026-09-12 00:26:20,215 [INFO] src.corpus_construction.enhance_images.pipeline: [elcomercio_2015-05-19_38.jpg] Config 22/54 | contrast=none | denoising=crimmins_speckle_removal | sharpening=none
2026-09-12 00:29:25,207 [INFO] src.corpus_construction.enhance_images.pipeline: [elcomercio_2015-05-19_38.jpg] Config 21 finished in 184.991s
2026-09-12 00:29:25,207 [INFO] src.corpus_construction.enhance_images.pipeline: [elcomercio_2015-05-19_38.jpg] Config 23/54 | contrast=none | denoising=crimmins_speckle_removal | sharpening=unsharp_masking
