
================================================================================
                              Slurm Job Statistics                              
================================================================================
         Job ID: 26209914
   User/Account: nicolasal97/agfritz
       Job Name: correo
          State: COMPLETED
          Nodes: 1
      CPU Cores: 1
     CPU Memory: 2GB
  QOS/Partition: standard/scavenger
        Cluster: curta
     Start Time: Wed Aug 5, 2026 at 3:06 PM
       Run Time: 01:17:11
     Time Limit: 05:00:00

                              Overall Utilization                               
================================================================================
  CPU utilization  [|||||||||||||||||||||||||||||||||||||||||||||||99%]
  CPU memory usage [||||||||||||||                                 29%]

                              Detailed Utilization                              
================================================================================
  CPU utilization per node (CPU time used/run time)
      c003.curta.zedat.fu-berlin.de: 01:16:26/01:17:11 (efficiency=99.0%)

  CPU memory usage per node - used/allocated
      c003.curta.zedat.fu-berlin.de: 599.1MB/2GB 

                                     Notes                                      
================================================================================
  * This job only needed 26% of the requested time, which was 05:00:00. For
    future jobs, please request less time by modifying the --time Slurm
    directive. This will lower your queue times and allow the Slurm job
    scheduler to work more effectively for all users. For more info:
      https://www.fu-berlin.de/en/sites/high-performance-computing/Dokumentation/Ressourcen-Manager/Zeitlimit

  * This job only used 29% of the 2GB of total allocated CPU memory. For
    future jobs, please allocate less memory by using a Slurm directive such
    as --mem-per-cpu=1G or --mem=1G. This will reduce your queue times and
    make the resources available to other users. For more info:
      https://www.fu-berlin.de/en/sites/high-performance-computing/Dokumentation/Ressourcen-Manager/Hauptspeicher/

  * Have a nice day!


