
================================================================================
                              Slurm Job Statistics                              
================================================================================
         Job ID: 26048388
   User/Account: nicolasal97/agfritz
       Job Name: corpus_acquisition
          State: TIMEOUT
          Nodes: 1
      CPU Cores: 1
     CPU Memory: 1GB
  QOS/Partition: standard/scavenger
        Cluster: curta
     Start Time: Tue Jul 7, 2026 at 11:33 PM
       Run Time: 1-16:00:28
     Time Limit: 1-16:00:00

                              Overall Utilization                               
================================================================================
  CPU utilization  [|||||||||||||||||||||||||||||||||||||||        79%]
  CPU memory usage [|||||||||||||||||||||||||||||||||||||||||||||||99%]

                              Detailed Utilization                              
================================================================================
  CPU utilization per node (CPU time used/run time)
      c003.curta.zedat.fu-berlin.de: 1-07:56:29/1-16:00:28 (efficiency=79.8%)

  CPU memory usage per node - used/allocated
      c003.curta.zedat.fu-berlin.de: 1009.5MB/1GB 

                                     Notes                                      
================================================================================
  * The overall CPU utilization of this job is 79.8%. This value is somewhat
    low compared to the target range of 90% and above. Please investigate the
    reason for the low efficiency. For more info:
      https://www.fu-berlin.de/en/sites/high-performance-computing/Dokumentation/Ressourcennutzung

  * This job failed because it exceeded the time limit. If there are no other
    problems then the solution is to increase the value of the --time Slurm
    directive and resubmit the job. For more info:
      https://www.fu-berlin.de/en/sites/high-performance-computing/Dokumentation/Ressourcen-Manager/Zeitlimit

  * Have a nice day!


