
================================================================================
                              Slurm Job Statistics                              
================================================================================
         Job ID: 26096011
   User/Account: nicolasal97/agfritz
       Job Name: corpus_acquisition
          State: RUNNING
          Nodes: 1
      CPU Cores: 1
     CPU Memory: 2GB
  QOS/Partition: standard/scavenger
        Cluster: curta
     Start Time: Wed Jul 15, 2026 at 11:26 PM
       Run Time: 2-13:24:28 (in progress)
     Time Limit: 2-16:00:00

                              Overall Utilization                               
================================================================================
  CPU utilization  [||||||||||||||||||||||||||||||||||             69%]
  CPU memory usage [|||||||||||||||||||||||||||||||||||||||||||||||99%]

                              Detailed Utilization                              
================================================================================
  CPU utilization per node (CPU time used/run time)
      c003.curta.zedat.fu-berlin.de: 1-18:42:39/2-13:24:28 (efficiency=69.6%)

  CPU memory usage per node - used/allocated
      c003.curta.zedat.fu-berlin.de: 2.0GB/2GB 

                                     Notes                                      
================================================================================
  * The overall CPU utilization of this job is 69.6%. This value is somewhat
    low compared to the target range of 90% and above. Please investigate the
    reason for the low efficiency. For more info:
      https://www.fu-berlin.de/en/sites/high-performance-computing/Dokumentation/Ressourcennutzung

  * Have a nice day!


