
================================================================================
                              Slurm Job Statistics                              
================================================================================
         Job ID: 26107811
   User/Account: nicolasal97/agfritz
       Job Name: corpus_acquisition
          State: CANCELLED
          Nodes: 1
      CPU Cores: 1
     CPU Memory: 12GB
  QOS/Partition: standard/scavenger
        Cluster: curta
     Start Time: Sat Jul 18, 2026 at 12:52 PM
       Run Time: 22:34:03
     Time Limit: 2-00:00:00

                              Overall Utilization                               
================================================================================
  CPU utilization  [||||                                            9%]
  CPU memory usage [||||||||||||||||||||||||||||||||||||||||||||||100%]

                              Detailed Utilization                              
================================================================================
  CPU utilization per node (CPU time used/run time)
      c003.curta.zedat.fu-berlin.de: 02:03:38/22:34:03 (efficiency=9.1%)

  CPU memory usage per node - used/allocated
      c003.curta.zedat.fu-berlin.de: 11.9GB/12GB 

                                     Notes                                      
================================================================================
  * The overall CPU utilization of this job is 9.1%. This value is low
    compared to the target range of 90% and above. Please investigate the
    reason for the low efficiency. For more info:
      https://www.fu-berlin.de/en/sites/high-performance-computing/Dokumentation/Ressourcennutzung

  * Have a nice day!


