
================================================================================
                              Slurm Job Statistics                              
================================================================================
         Job ID: 26016299
   User/Account: nicolasal97/agfritz
       Job Name: corpus_acquisition
          State: TIMEOUT
          Nodes: 1
      CPU Cores: 1
     CPU Memory: 12GB
  QOS/Partition: standard/scavenger
        Cluster: curta
     Start Time: Sun Jul 5, 2026 at 12:52 PM
       Run Time: 14:00:07
     Time Limit: 14:00:00

                              Overall Utilization                               
================================================================================
  CPU utilization  [|||                                             6%]
  CPU memory usage [|||||||||||||||||||||                          42%]

                              Detailed Utilization                              
================================================================================
  CPU utilization per node (CPU time used/run time)
      c003.curta.zedat.fu-berlin.de: 00:57:32/14:00:07 (efficiency=6.8%)

  CPU memory usage per node - used/allocated
      c003.curta.zedat.fu-berlin.de: 5.1GB/12GB 

                                     Notes                                      
================================================================================
  * The overall CPU utilization of this job is 6.8%. This value is low
    compared to the target range of 90% and above. Please investigate the
    reason for the low efficiency. For more info:
      https://www.fu-berlin.de/en/sites/high-performance-computing/Dokumentation/Ressourcennutzung

  * This job failed because it exceeded the time limit. If there are no other
    problems then the solution is to increase the value of the --time Slurm
    directive and resubmit the job. For more info:
      https://www.fu-berlin.de/en/sites/high-performance-computing/Dokumentation/Ressourcen-Manager/Zeitlimit

  * This job only used 42% of the 12GB of total allocated CPU memory. For
    future jobs, please allocate less memory by using a Slurm directive such
    as --mem-per-cpu=7G or --mem=7G. This will reduce your queue times and
    make the resources available to other users. For more info:
      https://www.fu-berlin.de/en/sites/high-performance-computing/Dokumentation/Ressourcen-Manager/Hauptspeicher/

  * Have a nice day!


