
================================================================================
                              Slurm Job Statistics                              
================================================================================
         Job ID: 26016180
   User/Account: nicolasal97/agfritz
       Job Name: corpus_acquisition
          State: CANCELLED
          Nodes: 1
      CPU Cores: 1
     CPU Memory: 12GB
  QOS/Partition: standard/scavenger
        Cluster: curta
     Start Time: Sun Jul 5, 2026 at 12:17 PM
       Run Time: 00:34:58
     Time Limit: 12:00:00

                              Overall Utilization                               
================================================================================
  CPU utilization  [|||                                             7%]
  CPU memory usage [|||                                             7%]

                              Detailed Utilization                              
================================================================================
  CPU utilization per node (CPU time used/run time)
      b002.curta.zedat.fu-berlin.de: 00:02:40/00:34:58 (efficiency=7.6%)

  CPU memory usage per node - used/allocated
      b002.curta.zedat.fu-berlin.de: 883.3MB/12GB 

                                     Notes                                      
================================================================================
  * The overall CPU utilization of this job is 7.6%. This value is low
    compared to the target range of 90% and above. Please investigate the
    reason for the low efficiency. For more info:
      https://www.fu-berlin.de/en/sites/high-performance-computing/Dokumentation/Ressourcennutzung

  * This job only used 7% of the 12GB of total allocated CPU memory. For
    future jobs, please allocate less memory by using a Slurm directive such
    as --mem-per-cpu=2G or --mem=2G. This will reduce your queue times and
    make the resources available to other users. For more info:
      https://www.fu-berlin.de/en/sites/high-performance-computing/Dokumentation/Ressourcen-Manager/Hauptspeicher/

  * Have a nice day!


