2026-07-15 18:49:29,905 [INFO] __main__: Logging in to portal...
2026-07-15 18:49:29,905 [WARNING] __main__: PressReader login is currently disabled. Proceeding without login.
2026-07-15 18:49:29,912 [INFO] src.corpus_acquisition.downloader: Skipping correo on 2020-02-22: already crawled successfully.
2026-07-15 18:49:30,743 [INFO] src.corpus_acquisition.downloader: Page 1 already downloaded, skipping.
2026-07-15 18:49:30,744 [INFO] src.corpus_acquisition.downloader: Page 2 already downloaded, skipping.
2026-07-15 18:49:30,745 [INFO] src.corpus_acquisition.downloader: Page 3 already downloaded, skipping.
2026-07-15 18:49:30,745 [INFO] src.corpus_acquisition.downloader: Page 4 already downloaded, skipping.
2026-07-15 18:49:30,746 [INFO] src.corpus_acquisition.downloader: Page 5 already downloaded, skipping.
2026-07-15 18:49:30,746 [INFO] src.corpus_acquisition.downloader: Page 6 already downloaded, skipping.
2026-07-15 18:49:30,746 [INFO] src.corpus_acquisition.downloader: Page 7 already downloaded, skipping.
2026-07-15 18:49:30,746 [INFO] src.corpus_acquisition.downloader: Page 8 already downloaded, skipping.
2026-07-15 18:49:30,747 [INFO] src.corpus_acquisition.downloader: Page 9 already downloaded, skipping.
2026-07-15 18:49:30,747 [INFO] src.corpus_acquisition.downloader: Page 10 already downloaded, skipping.
2026-07-15 18:49:30,747 [INFO] src.corpus_acquisition.downloader: Page 11 already downloaded, skipping.
2026-07-15 18:49:30,748 [INFO] src.corpus_acquisition.downloader: Page 12 already downloaded, skipping.
2026-07-15 18:49:30,748 [INFO] src.corpus_acquisition.downloader: Page 13 already downloaded, skipping.
2026-07-15 18:49:30,750 [INFO] src.corpus_acquisition.downloader: Page 14 already downloaded, skipping.
2026-07-15 18:49:30,751 [INFO] src.corpus_acquisition.downloader: Page 15 already downloaded, skipping.
2026-07-15 18:49:30,751 [INFO] src.corpus_acquisition.downloader: Page 16 already downloaded, skipping.
2026-07-15 18:49:30,751 [INFO] src.corpus_acquisition.downloader: Page 17 already downloaded, skipping.
2026-07-15 18:49:30,751 [INFO] src.corpus_acquisition.downloader: Page 18 already downloaded, skipping.
2026-07-15 18:49:30,752 [INFO] src.corpus_acquisition.downloader: Page 19 already downloaded, skipping.
2026-07-15 18:49:30,752 [INFO] src.corpus_acquisition.downloader: Page 20 already downloaded, skipping.
2026-07-15 18:49:30,752 [INFO] src.corpus_acquisition.downloader: Page 21 already downloaded, skipping.
2026-07-15 18:49:30,753 [INFO] src.corpus_acquisition.downloader: Page 22 already downloaded, skipping.
2026-07-15 18:49:30,753 [INFO] src.corpus_acquisition.downloader: Page 23 already downloaded, skipping.
2026-07-15 18:49:30,753 [INFO] src.corpus_acquisition.downloader: Page 24 already downloaded, skipping.
2026-07-15 18:49:30,754 [INFO] src.corpus_acquisition.downloader: Page 25 already downloaded, skipping.
2026-07-15 18:49:30,754 [INFO] src.corpus_acquisition.downloader: Page 26 already downloaded, skipping.
2026-07-15 18:49:30,754 [INFO] src.corpus_acquisition.downloader: Page 27 already downloaded, skipping.
2026-07-15 18:49:30,755 [INFO] src.corpus_acquisition.downloader: Page 28 already downloaded, skipping.
2026-07-15 18:49:30,755 [INFO] src.corpus_acquisition.downloader: Page 29 already downloaded, skipping.
2026-07-15 18:49:30,755 [INFO] src.corpus_acquisition.downloader: Page 30 already downloaded, skipping.
2026-07-15 18:49:30,756 [INFO] src.corpus_acquisition.downloader: Page 31 already downloaded, skipping.
2026-07-15 18:49:30,756 [INFO] src.corpus_acquisition.downloader: Page 32 already downloaded, skipping.
2026-07-15 18:49:30,756 [INFO] src.corpus_acquisition.downloader: Downloading page 33 from https://t.prcdn.co/img?file=eagb2020022300000000001001&page=33&scale=80
2026-07-15 18:49:30,756 [INFO] src.corpus_acquisition.crawler: Downloading -> data/raw/images/correo/2020/02/23/correo_2020-02-23_33.jpg
2026-07-15 18:49:31,343 [WARNING] src.corpus_acquisition.downloader: Page 33 not found (1/3).
2026-07-15 18:49:31,343 [INFO] src.corpus_acquisition.downloader: Downloading page 34 from https://t.prcdn.co/img?file=eagb2020022300000000001001&page=34&scale=80
2026-07-15 18:49:31,344 [INFO] src.corpus_acquisition.crawler: Downloading -> data/raw/images/correo/2020/02/23/correo_2020-02-23_34.jpg
2026-07-15 18:49:31,595 [WARNING] src.corpus_acquisition.downloader: Page 34 not found (2/3).
2026-07-15 18:49:31,595 [INFO] src.corpus_acquisition.downloader: Downloading page 35 from https://t.prcdn.co/img?file=eagb2020022300000000001001&page=35&scale=80
2026-07-15 18:49:31,596 [INFO] src.corpus_acquisition.crawler: Downloading -> data/raw/images/correo/2020/02/23/correo_2020-02-23_35.jpg
2026-07-15 18:49:31,824 [WARNING] src.corpus_acquisition.downloader: Page 35 not found (3/3).
2026-07-15 18:49:31,824 [WARNING] src.corpus_acquisition.downloader: No new pages found after 3 attempts; stopping with 0 page(s).
2026-07-15 18:49:31,833 [INFO] src.corpus_acquisition.metadata_extractor: Saved crawl log -> data/raw/crawl_logs/correo_2020-02-23.json (status=failed)
2026-07-15 18:49:32,363 [INFO] src.corpus_acquisition.downloader: Downloading page 1 from https://t.prcdn.co/img?file=eagb2020022400000000001001&page=1&scale=80
2026-07-15 18:49:32,368 [INFO] src.corpus_acquisition.crawler: Downloading -> data/raw/images/correo/2020/02/24/correo_2020-02-24_1.jpg
2026-07-15 18:49:34,294 [INFO] src.corpus_acquisition.downloader: Downloading page 2 from https://t.prcdn.co/img?file=eagb2020022400000000001001&page=2&scale=80
2026-07-15 18:49:34,294 [INFO] src.corpus_acquisition.crawler: Downloading -> data/raw/images/correo/2020/02/24/correo_2020-02-24_2.jpg
2026-07-15 18:49:37,494 [INFO] src.corpus_acquisition.downloader: Downloading page 3 from https://t.prcdn.co/img?file=eagb2020022400000000001001&page=3&scale=80
2026-07-15 18:49:37,494 [INFO] src.corpus_acquisition.crawler: Downloading -> data/raw/images/correo/2020/02/24/correo_2020-02-24_3.jpg
2026-07-15 18:49:39,737 [INFO] src.corpus_acquisition.downloader: Downloading page 4 from https://t.prcdn.co/img?file=eagb2020022400000000001001&page=4&scale=80
2026-07-15 18:49:39,738 [INFO] src.corpus_acquisition.crawler: Downloading -> data/raw/images/correo/2020/02/24/correo_2020-02-24_4.jpg
