2026-07-07 20:44:03,592 [INFO] __main__: Logging in to portal...
2026-07-07 20:44:03,592 [WARNING] __main__: PressReader login is currently disabled. Proceeding without login.
2026-07-07 20:44:04,188 [INFO] src.corpus_acquisition.downloader: Downloading page 1 from https://t.prcdn.co/img?file=eag62020010100000000001001&page=1&scale=80
2026-07-07 20:44:04,192 [INFO] src.corpus_acquisition.crawler: Downloading -> data/raw/images/gestion/2020/01/01/gestion_2020-01-01_1.jpg
2026-07-07 20:44:04,808 [WARNING] src.corpus_acquisition.downloader: Page 1 not found (1/3).
2026-07-07 20:44:04,809 [INFO] src.corpus_acquisition.downloader: Downloading page 2 from https://t.prcdn.co/img?file=eag62020010100000000001001&page=2&scale=80
2026-07-07 20:44:04,810 [INFO] src.corpus_acquisition.crawler: Downloading -> data/raw/images/gestion/2020/01/01/gestion_2020-01-01_2.jpg
2026-07-07 20:44:05,109 [WARNING] src.corpus_acquisition.downloader: Page 2 not found (2/3).
2026-07-07 20:44:05,110 [INFO] src.corpus_acquisition.downloader: Downloading page 3 from https://t.prcdn.co/img?file=eag62020010100000000001001&page=3&scale=80
2026-07-07 20:44:05,110 [INFO] src.corpus_acquisition.crawler: Downloading -> data/raw/images/gestion/2020/01/01/gestion_2020-01-01_3.jpg
2026-07-07 20:44:05,354 [WARNING] src.corpus_acquisition.downloader: Page 3 not found (3/3).
2026-07-07 20:44:05,354 [WARNING] src.corpus_acquisition.downloader: No new pages found after 3 attempts; stopping with 0 page(s).
2026-07-07 20:44:05,357 [INFO] src.corpus_acquisition.metadata_extractor: Saved crawl log -> data/raw/crawl_logs/gestion_2020-01-01.json (status=failed)
2026-07-07 20:44:07,801 [INFO] src.corpus_acquisition.downloader: Downloading page 1 from https://t.prcdn.co/img?file=eag62020010200000000001001&page=1&scale=80
2026-07-07 20:44:07,802 [INFO] src.corpus_acquisition.crawler: Downloading -> data/raw/images/gestion/2020/01/02/gestion_2020-01-02_1.jpg
2026-07-07 20:44:08,043 [WARNING] src.corpus_acquisition.downloader: Page 1 not found (1/3).
2026-07-07 20:44:08,044 [INFO] src.corpus_acquisition.downloader: Downloading page 2 from https://t.prcdn.co/img?file=eag62020010200000000001001&page=2&scale=80
2026-07-07 20:44:08,044 [INFO] src.corpus_acquisition.crawler: Downloading -> data/raw/images/gestion/2020/01/02/gestion_2020-01-02_2.jpg
2026-07-07 20:44:08,265 [WARNING] src.corpus_acquisition.downloader: Page 2 not found (2/3).
2026-07-07 20:44:08,266 [INFO] src.corpus_acquisition.downloader: Downloading page 3 from https://t.prcdn.co/img?file=eag62020010200000000001001&page=3&scale=80
2026-07-07 20:44:08,266 [INFO] src.corpus_acquisition.crawler: Downloading -> data/raw/images/gestion/2020/01/02/gestion_2020-01-02_3.jpg
2026-07-07 20:44:08,467 [WARNING] src.corpus_acquisition.downloader: Page 3 not found (3/3).
2026-07-07 20:44:08,467 [WARNING] src.corpus_acquisition.downloader: No new pages found after 3 attempts; stopping with 0 page(s).
2026-07-07 20:44:08,470 [INFO] src.corpus_acquisition.metadata_extractor: Saved crawl log -> data/raw/crawl_logs/gestion_2020-01-02.json (status=failed)
2026-07-07 20:44:10,718 [INFO] src.corpus_acquisition.downloader: Downloading page 1 from https://t.prcdn.co/img?file=eag62020010300000000001001&page=1&scale=80
2026-07-07 20:44:10,719 [INFO] src.corpus_acquisition.crawler: Downloading -> data/raw/images/gestion/2020/01/03/gestion_2020-01-03_1.jpg
2026-07-07 20:44:10,966 [WARNING] src.corpus_acquisition.downloader: Page 1 not found (1/3).
2026-07-07 20:44:10,967 [INFO] src.corpus_acquisition.downloader: Downloading page 2 from https://t.prcdn.co/img?file=eag62020010300000000001001&page=2&scale=80
2026-07-07 20:44:10,967 [INFO] src.corpus_acquisition.crawler: Downloading -> data/raw/images/gestion/2020/01/03/gestion_2020-01-03_2.jpg
2026-07-07 20:44:11,212 [WARNING] src.corpus_acquisition.downloader: Page 2 not found (2/3).
2026-07-07 20:44:11,212 [INFO] src.corpus_acquisition.downloader: Downloading page 3 from https://t.prcdn.co/img?file=eag62020010300000000001001&page=3&scale=80
2026-07-07 20:44:11,213 [INFO] src.corpus_acquisition.crawler: Downloading -> data/raw/images/gestion/2020/01/03/gestion_2020-01-03_3.jpg
2026-07-07 20:44:11,480 [WARNING] src.corpus_acquisition.downloader: Page 3 not found (3/3).
2026-07-07 20:44:11,480 [WARNING] src.corpus_acquisition.downloader: No new pages found after 3 attempts; stopping with 0 page(s).
2026-07-07 20:44:11,482 [INFO] src.corpus_acquisition.metadata_extractor: Saved crawl log -> data/raw/crawl_logs/gestion_2020-01-03.json (status=failed)
2026-07-07 20:44:14,165 [INFO] src.corpus_acquisition.downloader: Downloading page 1 from https://t.prcdn.co/img?file=eag62020010400000000001001&page=1&scale=80
2026-07-07 20:44:14,166 [INFO] src.corpus_acquisition.crawler: Downloading -> data/raw/images/gestion/2020/01/04/gestion_2020-01-04_1.jpg
2026-07-07 20:44:14,397 [WARNING] src.corpus_acquisition.downloader: Page 1 not found (1/3).
2026-07-07 20:44:14,398 [INFO] src.corpus_acquisition.downloader: Downloading page 2 from https://t.prcdn.co/img?file=eag62020010400000000001001&page=2&scale=80
2026-07-07 20:44:14,398 [INFO] src.corpus_acquisition.crawler: Downloading -> data/raw/images/gestion/2020/01/04/gestion_2020-01-04_2.jpg
2026-07-07 20:44:14,608 [WARNING] src.corpus_acquisition.downloader: Page 2 not found (2/3).
2026-07-07 20:44:14,609 [INFO] src.corpus_acquisition.downloader: Downloading page 3 from https://t.prcdn.co/img?file=eag62020010400000000001001&page=3&scale=80
2026-07-07 20:44:14,609 [INFO] src.corpus_acquisition.crawler: Downloading -> data/raw/images/gestion/2020/01/04/gestion_2020-01-04_3.jpg
2026-07-07 20:44:14,834 [WARNING] src.corpus_acquisition.downloader: Page 3 not found (3/3).
2026-07-07 20:44:14,834 [WARNING] src.corpus_acquisition.downloader: No new pages found after 3 attempts; stopping with 0 page(s).
2026-07-07 20:44:14,836 [INFO] src.corpus_acquisition.metadata_extractor: Saved crawl log -> data/raw/crawl_logs/gestion_2020-01-04.json (status=failed)
2026-07-07 20:44:17,822 [INFO] src.corpus_acquisition.downloader: Downloading page 1 from https://t.prcdn.co/img?file=eag62020010500000000001001&page=1&scale=80
2026-07-07 20:44:17,823 [INFO] src.corpus_acquisition.crawler: Downloading -> data/raw/images/gestion/2020/01/05/gestion_2020-01-05_1.jpg
2026-07-07 20:44:18,030 [WARNING] src.corpus_acquisition.downloader: Page 1 not found (1/3).
2026-07-07 20:44:18,031 [INFO] src.corpus_acquisition.downloader: Downloading page 2 from https://t.prcdn.co/img?file=eag62020010500000000001001&page=2&scale=80
2026-07-07 20:44:18,032 [INFO] src.corpus_acquisition.crawler: Downloading -> data/raw/images/gestion/2020/01/05/gestion_2020-01-05_2.jpg
2026-07-07 20:44:18,407 [WARNING] src.corpus_acquisition.downloader: Page 2 not found (2/3).
2026-07-07 20:44:18,408 [INFO] src.corpus_acquisition.downloader: Downloading page 3 from https://t.prcdn.co/img?file=eag62020010500000000001001&page=3&scale=80
2026-07-07 20:44:18,409 [INFO] src.corpus_acquisition.crawler: Downloading -> data/raw/images/gestion/2020/01/05/gestion_2020-01-05_3.jpg
2026-07-07 20:44:18,623 [WARNING] src.corpus_acquisition.downloader: Page 3 not found (3/3).
2026-07-07 20:44:18,623 [WARNING] src.corpus_acquisition.downloader: No new pages found after 3 attempts; stopping with 0 page(s).
2026-07-07 20:44:18,625 [INFO] src.corpus_acquisition.metadata_extractor: Saved crawl log -> data/raw/crawl_logs/gestion_2020-01-05.json (status=failed)
2026-07-07 20:44:21,520 [INFO] src.corpus_acquisition.downloader: Downloading page 1 from https://t.prcdn.co/img?file=eag62020010600000000001001&page=1&scale=80
2026-07-07 20:44:21,521 [INFO] src.corpus_acquisition.crawler: Downloading -> data/raw/images/gestion/2020/01/06/gestion_2020-01-06_1.jpg
2026-07-07 20:44:23,740 [INFO] src.corpus_acquisition.downloader: Downloading page 2 from https://t.prcdn.co/img?file=eag62020010600000000001001&page=2&scale=80
2026-07-07 20:44:23,741 [INFO] src.corpus_acquisition.crawler: Downloading -> data/raw/images/gestion/2020/01/06/gestion_2020-01-06_2.jpg
2026-07-07 20:44:26,923 [INFO] src.corpus_acquisition.downloader: Downloading page 3 from https://t.prcdn.co/img?file=eag62020010600000000001001&page=3&scale=80
2026-07-07 20:44:26,923 [INFO] src.corpus_acquisition.crawler: Downloading -> data/raw/images/gestion/2020/01/06/gestion_2020-01-06_3.jpg
2026-07-07 20:44:30,228 [INFO] src.corpus_acquisition.downloader: Downloading page 4 from https://t.prcdn.co/img?file=eag62020010600000000001001&page=4&scale=80
2026-07-07 20:44:30,228 [INFO] src.corpus_acquisition.crawler: Downloading -> data/raw/images/gestion/2020/01/06/gestion_2020-01-06_4.jpg
2026-07-07 20:44:33,993 [INFO] src.corpus_acquisition.downloader: Downloading page 5 from https://t.prcdn.co/img?file=eag62020010600000000001001&page=5&scale=80
2026-07-07 20:44:33,993 [INFO] src.corpus_acquisition.crawler: Downloading -> data/raw/images/gestion/2020/01/06/gestion_2020-01-06_5.jpg
2026-07-07 20:44:36,680 [INFO] src.corpus_acquisition.downloader: Downloading page 6 from https://t.prcdn.co/img?file=eag62020010600000000001001&page=6&scale=80
2026-07-07 20:44:36,680 [INFO] src.corpus_acquisition.crawler: Downloading -> data/raw/images/gestion/2020/01/06/gestion_2020-01-06_6.jpg
2026-07-07 20:44:40,589 [INFO] src.corpus_acquisition.downloader: Downloading page 7 from https://t.prcdn.co/img?file=eag62020010600000000001001&page=7&scale=80
2026-07-07 20:44:40,589 [INFO] src.corpus_acquisition.crawler: Downloading -> data/raw/images/gestion/2020/01/06/gestion_2020-01-06_7.jpg
2026-07-07 20:44:43,325 [INFO] src.corpus_acquisition.downloader: Downloading page 8 from https://t.prcdn.co/img?file=eag62020010600000000001001&page=8&scale=80
2026-07-07 20:44:43,326 [INFO] src.corpus_acquisition.crawler: Downloading -> data/raw/images/gestion/2020/01/06/gestion_2020-01-06_8.jpg
2026-07-07 20:44:46,360 [INFO] src.corpus_acquisition.downloader: Downloading page 9 from https://t.prcdn.co/img?file=eag62020010600000000001001&page=9&scale=80
2026-07-07 20:44:46,361 [INFO] src.corpus_acquisition.crawler: Downloading -> data/raw/images/gestion/2020/01/06/gestion_2020-01-06_9.jpg
2026-07-07 20:44:49,774 [INFO] src.corpus_acquisition.downloader: Downloading page 10 from https://t.prcdn.co/img?file=eag62020010600000000001001&page=10&scale=80
2026-07-07 20:44:49,774 [INFO] src.corpus_acquisition.crawler: Downloading -> data/raw/images/gestion/2020/01/06/gestion_2020-01-06_10.jpg
2026-07-07 20:44:53,142 [INFO] src.corpus_acquisition.downloader: Downloading page 11 from https://t.prcdn.co/img?file=eag62020010600000000001001&page=11&scale=80
2026-07-07 20:44:53,142 [INFO] src.corpus_acquisition.crawler: Downloading -> data/raw/images/gestion/2020/01/06/gestion_2020-01-06_11.jpg
2026-07-07 20:44:56,529 [INFO] src.corpus_acquisition.downloader: Downloading page 12 from https://t.prcdn.co/img?file=eag62020010600000000001001&page=12&scale=80
2026-07-07 20:44:56,530 [INFO] src.corpus_acquisition.crawler: Downloading -> data/raw/images/gestion/2020/01/06/gestion_2020-01-06_12.jpg
2026-07-07 20:45:00,074 [INFO] src.corpus_acquisition.downloader: Downloading page 13 from https://t.prcdn.co/img?file=eag62020010600000000001001&page=13&scale=80
2026-07-07 20:45:00,074 [INFO] src.corpus_acquisition.crawler: Downloading -> data/raw/images/gestion/2020/01/06/gestion_2020-01-06_13.jpg
2026-07-07 20:45:03,271 [INFO] src.corpus_acquisition.downloader: Downloading page 14 from https://t.prcdn.co/img?file=eag62020010600000000001001&page=14&scale=80
2026-07-07 20:45:03,271 [INFO] src.corpus_acquisition.crawler: Downloading -> data/raw/images/gestion/2020/01/06/gestion_2020-01-06_14.jpg
2026-07-07 20:45:07,664 [INFO] src.corpus_acquisition.downloader: Downloading page 15 from https://t.prcdn.co/img?file=eag62020010600000000001001&page=15&scale=80
2026-07-07 20:45:07,664 [INFO] src.corpus_acquisition.crawler: Downloading -> data/raw/images/gestion/2020/01/06/gestion_2020-01-06_15.jpg
2026-07-07 20:45:10,966 [INFO] src.corpus_acquisition.downloader: Downloading page 16 from https://t.prcdn.co/img?file=eag62020010600000000001001&page=16&scale=80
2026-07-07 20:45:10,966 [INFO] src.corpus_acquisition.crawler: Downloading -> data/raw/images/gestion/2020/01/06/gestion_2020-01-06_16.jpg
2026-07-07 20:45:14,066 [INFO] src.corpus_acquisition.downloader: Downloading page 17 from https://t.prcdn.co/img?file=eag62020010600000000001001&page=17&scale=80
2026-07-07 20:45:14,066 [INFO] src.corpus_acquisition.crawler: Downloading -> data/raw/images/gestion/2020/01/06/gestion_2020-01-06_17.jpg
2026-07-07 20:45:17,435 [INFO] src.corpus_acquisition.downloader: Downloading page 18 from https://t.prcdn.co/img?file=eag62020010600000000001001&page=18&scale=80
2026-07-07 20:45:17,436 [INFO] src.corpus_acquisition.crawler: Downloading -> data/raw/images/gestion/2020/01/06/gestion_2020-01-06_18.jpg
2026-07-07 20:45:20,950 [INFO] src.corpus_acquisition.downloader: Downloading page 19 from https://t.prcdn.co/img?file=eag62020010600000000001001&page=19&scale=80
2026-07-07 20:45:20,950 [INFO] src.corpus_acquisition.crawler: Downloading -> data/raw/images/gestion/2020/01/06/gestion_2020-01-06_19.jpg
2026-07-07 20:45:24,933 [INFO] src.corpus_acquisition.downloader: Downloading page 20 from https://t.prcdn.co/img?file=eag62020010600000000001001&page=20&scale=80
2026-07-07 20:45:24,934 [INFO] src.corpus_acquisition.crawler: Downloading -> data/raw/images/gestion/2020/01/06/gestion_2020-01-06_20.jpg
2026-07-07 20:45:28,538 [INFO] src.corpus_acquisition.downloader: Downloading page 21 from https://t.prcdn.co/img?file=eag62020010600000000001001&page=21&scale=80
2026-07-07 20:45:28,538 [INFO] src.corpus_acquisition.crawler: Downloading -> data/raw/images/gestion/2020/01/06/gestion_2020-01-06_21.jpg
2026-07-07 20:45:31,718 [INFO] src.corpus_acquisition.downloader: Downloading page 22 from https://t.prcdn.co/img?file=eag62020010600000000001001&page=22&scale=80
2026-07-07 20:45:31,719 [INFO] src.corpus_acquisition.crawler: Downloading -> data/raw/images/gestion/2020/01/06/gestion_2020-01-06_22.jpg
2026-07-07 20:45:34,757 [INFO] src.corpus_acquisition.downloader: Downloading page 23 from https://t.prcdn.co/img?file=eag62020010600000000001001&page=23&scale=80
2026-07-07 20:45:34,758 [INFO] src.corpus_acquisition.crawler: Downloading -> data/raw/images/gestion/2020/01/06/gestion_2020-01-06_23.jpg
2026-07-07 20:45:38,129 [INFO] src.corpus_acquisition.downloader: Downloading page 24 from https://t.prcdn.co/img?file=eag62020010600000000001001&page=24&scale=80
2026-07-07 20:45:38,129 [INFO] src.corpus_acquisition.crawler: Downloading -> data/raw/images/gestion/2020/01/06/gestion_2020-01-06_24.jpg
2026-07-07 20:45:41,059 [INFO] src.corpus_acquisition.downloader: Downloading page 25 from https://t.prcdn.co/img?file=eag62020010600000000001001&page=25&scale=80
2026-07-07 20:45:41,060 [INFO] src.corpus_acquisition.crawler: Downloading -> data/raw/images/gestion/2020/01/06/gestion_2020-01-06_25.jpg
2026-07-07 20:45:43,978 [INFO] src.corpus_acquisition.downloader: Downloading page 26 from https://t.prcdn.co/img?file=eag62020010600000000001001&page=26&scale=80
2026-07-07 20:45:43,979 [INFO] src.corpus_acquisition.crawler: Downloading -> data/raw/images/gestion/2020/01/06/gestion_2020-01-06_26.jpg
2026-07-07 20:45:47,581 [INFO] src.corpus_acquisition.downloader: Downloading page 27 from https://t.prcdn.co/img?file=eag62020010600000000001001&page=27&scale=80
2026-07-07 20:45:47,582 [INFO] src.corpus_acquisition.crawler: Downloading -> data/raw/images/gestion/2020/01/06/gestion_2020-01-06_27.jpg
2026-07-07 20:45:50,049 [INFO] src.corpus_acquisition.downloader: Downloading page 28 from https://t.prcdn.co/img?file=eag62020010600000000001001&page=28&scale=80
2026-07-07 20:45:50,049 [INFO] src.corpus_acquisition.crawler: Downloading -> data/raw/images/gestion/2020/01/06/gestion_2020-01-06_28.jpg
2026-07-07 20:45:54,110 [INFO] src.corpus_acquisition.downloader: Downloading page 29 from https://t.prcdn.co/img?file=eag62020010600000000001001&page=29&scale=80
2026-07-07 20:45:54,110 [INFO] src.corpus_acquisition.crawler: Downloading -> data/raw/images/gestion/2020/01/06/gestion_2020-01-06_29.jpg
2026-07-07 20:45:57,884 [INFO] src.corpus_acquisition.downloader: Downloading page 30 from https://t.prcdn.co/img?file=eag62020010600000000001001&page=30&scale=80
2026-07-07 20:45:57,885 [INFO] src.corpus_acquisition.crawler: Downloading -> data/raw/images/gestion/2020/01/06/gestion_2020-01-06_30.jpg
2026-07-07 20:46:02,272 [INFO] src.corpus_acquisition.downloader: Downloading page 31 from https://t.prcdn.co/img?file=eag62020010600000000001001&page=31&scale=80
2026-07-07 20:46:02,272 [INFO] src.corpus_acquisition.crawler: Downloading -> data/raw/images/gestion/2020/01/06/gestion_2020-01-06_31.jpg
2026-07-07 20:46:04,929 [INFO] src.corpus_acquisition.downloader: Downloading page 32 from https://t.prcdn.co/img?file=eag62020010600000000001001&page=32&scale=80
2026-07-07 20:46:04,929 [INFO] src.corpus_acquisition.crawler: Downloading -> data/raw/images/gestion/2020/01/06/gestion_2020-01-06_32.jpg
2026-07-07 20:46:08,314 [INFO] src.corpus_acquisition.downloader: Downloading page 33 from https://t.prcdn.co/img?file=eag62020010600000000001001&page=33&scale=80
2026-07-07 20:46:08,314 [INFO] src.corpus_acquisition.crawler: Downloading -> data/raw/images/gestion/2020/01/06/gestion_2020-01-06_33.jpg
2026-07-07 20:46:08,552 [WARNING] src.corpus_acquisition.downloader: Page 33 not found (1/3).
2026-07-07 20:46:08,553 [INFO] src.corpus_acquisition.downloader: Downloading page 34 from https://t.prcdn.co/img?file=eag62020010600000000001001&page=34&scale=80
2026-07-07 20:46:08,553 [INFO] src.corpus_acquisition.crawler: Downloading -> data/raw/images/gestion/2020/01/06/gestion_2020-01-06_34.jpg
2026-07-07 20:46:08,776 [WARNING] src.corpus_acquisition.downloader: Page 34 not found (2/3).
2026-07-07 20:46:08,777 [INFO] src.corpus_acquisition.downloader: Downloading page 35 from https://t.prcdn.co/img?file=eag62020010600000000001001&page=35&scale=80
2026-07-07 20:46:08,777 [INFO] src.corpus_acquisition.crawler: Downloading -> data/raw/images/gestion/2020/01/06/gestion_2020-01-06_35.jpg
2026-07-07 20:46:09,030 [WARNING] src.corpus_acquisition.downloader: Page 35 not found (3/3).
2026-07-07 20:46:09,030 [WARNING] src.corpus_acquisition.downloader: No new pages found after 3 attempts; stopping with 32 page(s).
2026-07-07 20:46:09,186 [INFO] src.corpus_acquisition.metadata_extractor: Saved metadata for 32 page(s) -> data/raw/metadata/raw_metadata.parquet (total rows: 92797)
2026-07-07 20:46:09,188 [INFO] src.corpus_acquisition.metadata_extractor: Saved crawl log -> data/raw/crawl_logs/gestion_2020-01-06.json (status=success)
2026-07-07 20:46:11,630 [INFO] src.corpus_acquisition.downloader: Downloading page 1 from https://t.prcdn.co/img?file=eag62020010700000000001001&page=1&scale=80
2026-07-07 20:46:11,631 [INFO] src.corpus_acquisition.crawler: Downloading -> data/raw/images/gestion/2020/01/07/gestion_2020-01-07_1.jpg
2026-07-07 20:46:15,532 [INFO] src.corpus_acquisition.downloader: Downloading page 2 from https://t.prcdn.co/img?file=eag62020010700000000001001&page=2&scale=80
2026-07-07 20:46:15,532 [INFO] src.corpus_acquisition.crawler: Downloading -> data/raw/images/gestion/2020/01/07/gestion_2020-01-07_2.jpg
2026-07-07 20:46:18,941 [INFO] src.corpus_acquisition.downloader: Downloading page 3 from https://t.prcdn.co/img?file=eag62020010700000000001001&page=3&scale=80
2026-07-07 20:46:18,941 [INFO] src.corpus_acquisition.crawler: Downloading -> data/raw/images/gestion/2020/01/07/gestion_2020-01-07_3.jpg
2026-07-07 20:46:22,180 [INFO] src.corpus_acquisition.downloader: Downloading page 4 from https://t.prcdn.co/img?file=eag62020010700000000001001&page=4&scale=80
2026-07-07 20:46:22,181 [INFO] src.corpus_acquisition.crawler: Downloading -> data/raw/images/gestion/2020/01/07/gestion_2020-01-07_4.jpg
2026-07-07 20:46:25,193 [INFO] src.corpus_acquisition.downloader: Downloading page 5 from https://t.prcdn.co/img?file=eag62020010700000000001001&page=5&scale=80
2026-07-07 20:46:25,193 [INFO] src.corpus_acquisition.crawler: Downloading -> data/raw/images/gestion/2020/01/07/gestion_2020-01-07_5.jpg
2026-07-07 20:46:28,772 [INFO] src.corpus_acquisition.downloader: Downloading page 6 from https://t.prcdn.co/img?file=eag62020010700000000001001&page=6&scale=80
2026-07-07 20:46:28,773 [INFO] src.corpus_acquisition.crawler: Downloading -> data/raw/images/gestion/2020/01/07/gestion_2020-01-07_6.jpg
2026-07-07 20:46:32,325 [INFO] src.corpus_acquisition.downloader: Downloading page 7 from https://t.prcdn.co/img?file=eag62020010700000000001001&page=7&scale=80
2026-07-07 20:46:32,325 [INFO] src.corpus_acquisition.crawler: Downloading -> data/raw/images/gestion/2020/01/07/gestion_2020-01-07_7.jpg
2026-07-07 20:46:36,267 [INFO] src.corpus_acquisition.downloader: Downloading page 8 from https://t.prcdn.co/img?file=eag62020010700000000001001&page=8&scale=80
2026-07-07 20:46:36,267 [INFO] src.corpus_acquisition.crawler: Downloading -> data/raw/images/gestion/2020/01/07/gestion_2020-01-07_8.jpg
2026-07-07 20:46:40,209 [INFO] src.corpus_acquisition.downloader: Downloading page 9 from https://t.prcdn.co/img?file=eag62020010700000000001001&page=9&scale=80
2026-07-07 20:46:40,209 [INFO] src.corpus_acquisition.crawler: Downloading -> data/raw/images/gestion/2020/01/07/gestion_2020-01-07_9.jpg
2026-07-07 20:46:42,585 [INFO] src.corpus_acquisition.downloader: Downloading page 10 from https://t.prcdn.co/img?file=eag62020010700000000001001&page=10&scale=80
2026-07-07 20:46:42,586 [INFO] src.corpus_acquisition.crawler: Downloading -> data/raw/images/gestion/2020/01/07/gestion_2020-01-07_10.jpg
2026-07-07 20:46:45,371 [INFO] src.corpus_acquisition.downloader: Downloading page 11 from https://t.prcdn.co/img?file=eag62020010700000000001001&page=11&scale=80
2026-07-07 20:46:45,372 [INFO] src.corpus_acquisition.crawler: Downloading -> data/raw/images/gestion/2020/01/07/gestion_2020-01-07_11.jpg
2026-07-07 20:46:48,867 [INFO] src.corpus_acquisition.downloader: Downloading page 12 from https://t.prcdn.co/img?file=eag62020010700000000001001&page=12&scale=80
2026-07-07 20:46:48,867 [INFO] src.corpus_acquisition.crawler: Downloading -> data/raw/images/gestion/2020/01/07/gestion_2020-01-07_12.jpg
2026-07-07 20:46:52,036 [INFO] src.corpus_acquisition.downloader: Downloading page 13 from https://t.prcdn.co/img?file=eag62020010700000000001001&page=13&scale=80
2026-07-07 20:46:52,036 [INFO] src.corpus_acquisition.crawler: Downloading -> data/raw/images/gestion/2020/01/07/gestion_2020-01-07_13.jpg
2026-07-07 20:46:56,887 [INFO] src.corpus_acquisition.downloader: Downloading page 14 from https://t.prcdn.co/img?file=eag62020010700000000001001&page=14&scale=80
2026-07-07 20:46:56,887 [INFO] src.corpus_acquisition.crawler: Downloading -> data/raw/images/gestion/2020/01/07/gestion_2020-01-07_14.jpg
2026-07-07 20:46:59,867 [INFO] src.corpus_acquisition.downloader: Downloading page 15 from https://t.prcdn.co/img?file=eag62020010700000000001001&page=15&scale=80
2026-07-07 20:46:59,868 [INFO] src.corpus_acquisition.crawler: Downloading -> data/raw/images/gestion/2020/01/07/gestion_2020-01-07_15.jpg
2026-07-07 20:47:03,197 [INFO] src.corpus_acquisition.downloader: Downloading page 16 from https://t.prcdn.co/img?file=eag62020010700000000001001&page=16&scale=80
2026-07-07 20:47:03,197 [INFO] src.corpus_acquisition.crawler: Downloading -> data/raw/images/gestion/2020/01/07/gestion_2020-01-07_16.jpg
2026-07-07 20:47:06,010 [INFO] src.corpus_acquisition.downloader: Downloading page 17 from https://t.prcdn.co/img?file=eag62020010700000000001001&page=17&scale=80
2026-07-07 20:47:06,011 [INFO] src.corpus_acquisition.crawler: Downloading -> data/raw/images/gestion/2020/01/07/gestion_2020-01-07_17.jpg
2026-07-07 20:47:08,914 [INFO] src.corpus_acquisition.downloader: Downloading page 18 from https://t.prcdn.co/img?file=eag62020010700000000001001&page=18&scale=80
2026-07-07 20:47:08,915 [INFO] src.corpus_acquisition.crawler: Downloading -> data/raw/images/gestion/2020/01/07/gestion_2020-01-07_18.jpg
2026-07-07 20:47:12,106 [INFO] src.corpus_acquisition.downloader: Downloading page 19 from https://t.prcdn.co/img?file=eag62020010700000000001001&page=19&scale=80
2026-07-07 20:47:12,107 [INFO] src.corpus_acquisition.crawler: Downloading -> data/raw/images/gestion/2020/01/07/gestion_2020-01-07_19.jpg
2026-07-07 20:47:15,417 [INFO] src.corpus_acquisition.downloader: Downloading page 20 from https://t.prcdn.co/img?file=eag62020010700000000001001&page=20&scale=80
2026-07-07 20:47:15,417 [INFO] src.corpus_acquisition.crawler: Downloading -> data/raw/images/gestion/2020/01/07/gestion_2020-01-07_20.jpg
2026-07-07 20:47:18,594 [INFO] src.corpus_acquisition.downloader: Downloading page 21 from https://t.prcdn.co/img?file=eag62020010700000000001001&page=21&scale=80
2026-07-07 20:47:18,594 [INFO] src.corpus_acquisition.crawler: Downloading -> data/raw/images/gestion/2020/01/07/gestion_2020-01-07_21.jpg
2026-07-07 20:47:22,007 [INFO] src.corpus_acquisition.downloader: Downloading page 22 from https://t.prcdn.co/img?file=eag62020010700000000001001&page=22&scale=80
2026-07-07 20:47:22,007 [INFO] src.corpus_acquisition.crawler: Downloading -> data/raw/images/gestion/2020/01/07/gestion_2020-01-07_22.jpg
2026-07-07 20:47:25,472 [INFO] src.corpus_acquisition.downloader: Downloading page 23 from https://t.prcdn.co/img?file=eag62020010700000000001001&page=23&scale=80
2026-07-07 20:47:25,473 [INFO] src.corpus_acquisition.crawler: Downloading -> data/raw/images/gestion/2020/01/07/gestion_2020-01-07_23.jpg
2026-07-07 20:47:28,891 [INFO] src.corpus_acquisition.downloader: Downloading page 24 from https://t.prcdn.co/img?file=eag62020010700000000001001&page=24&scale=80
2026-07-07 20:47:28,891 [INFO] src.corpus_acquisition.crawler: Downloading -> data/raw/images/gestion/2020/01/07/gestion_2020-01-07_24.jpg
2026-07-07 20:47:31,928 [INFO] src.corpus_acquisition.downloader: Downloading page 25 from https://t.prcdn.co/img?file=eag62020010700000000001001&page=25&scale=80
2026-07-07 20:47:31,929 [INFO] src.corpus_acquisition.crawler: Downloading -> data/raw/images/gestion/2020/01/07/gestion_2020-01-07_25.jpg
2026-07-07 20:47:35,122 [INFO] src.corpus_acquisition.downloader: Downloading page 26 from https://t.prcdn.co/img?file=eag62020010700000000001001&page=26&scale=80
2026-07-07 20:47:35,122 [INFO] src.corpus_acquisition.crawler: Downloading -> data/raw/images/gestion/2020/01/07/gestion_2020-01-07_26.jpg
2026-07-07 20:47:38,453 [INFO] src.corpus_acquisition.downloader: Downloading page 27 from https://t.prcdn.co/img?file=eag62020010700000000001001&page=27&scale=80
2026-07-07 20:47:38,455 [INFO] src.corpus_acquisition.crawler: Downloading -> data/raw/images/gestion/2020/01/07/gestion_2020-01-07_27.jpg
2026-07-07 20:47:40,946 [INFO] src.corpus_acquisition.downloader: Downloading page 28 from https://t.prcdn.co/img?file=eag62020010700000000001001&page=28&scale=80
2026-07-07 20:47:40,948 [INFO] src.corpus_acquisition.crawler: Downloading -> data/raw/images/gestion/2020/01/07/gestion_2020-01-07_28.jpg
2026-07-07 20:47:44,083 [INFO] src.corpus_acquisition.downloader: Downloading page 29 from https://t.prcdn.co/img?file=eag62020010700000000001001&page=29&scale=80
2026-07-07 20:47:44,084 [INFO] src.corpus_acquisition.crawler: Downloading -> data/raw/images/gestion/2020/01/07/gestion_2020-01-07_29.jpg
2026-07-07 20:47:44,320 [WARNING] src.corpus_acquisition.downloader: Page 29 not found (1/3).
2026-07-07 20:47:44,359 [INFO] src.corpus_acquisition.downloader: Downloading page 30 from https://t.prcdn.co/img?file=eag62020010700000000001001&page=30&scale=80
2026-07-07 20:47:44,359 [INFO] src.corpus_acquisition.crawler: Downloading -> data/raw/images/gestion/2020/01/07/gestion_2020-01-07_30.jpg
2026-07-07 20:47:44,589 [WARNING] src.corpus_acquisition.downloader: Page 30 not found (2/3).
2026-07-07 20:47:44,704 [INFO] src.corpus_acquisition.downloader: Downloading page 31 from https://t.prcdn.co/img?file=eag62020010700000000001001&page=31&scale=80
2026-07-07 20:47:44,704 [INFO] src.corpus_acquisition.crawler: Downloading -> data/raw/images/gestion/2020/01/07/gestion_2020-01-07_31.jpg
2026-07-07 20:47:44,926 [WARNING] src.corpus_acquisition.downloader: Page 31 not found (3/3).
2026-07-07 20:47:44,927 [WARNING] src.corpus_acquisition.downloader: No new pages found after 3 attempts; stopping with 28 page(s).
2026-07-07 20:47:45,184 [INFO] src.corpus_acquisition.metadata_extractor: Saved metadata for 28 page(s) -> data/raw/metadata/raw_metadata.parquet (total rows: 92925)
2026-07-07 20:47:45,228 [INFO] src.corpus_acquisition.metadata_extractor: Saved crawl log -> data/raw/crawl_logs/gestion_2020-01-07.json (status=success)
2026-07-07 20:47:47,487 [INFO] src.corpus_acquisition.downloader: Downloading page 1 from https://t.prcdn.co/img?file=eag62020010800000000001001&page=1&scale=80
2026-07-07 20:47:47,489 [INFO] src.corpus_acquisition.crawler: Downloading -> data/raw/images/gestion/2020/01/08/gestion_2020-01-08_1.jpg
2026-07-07 20:47:50,691 [INFO] src.corpus_acquisition.downloader: Downloading page 2 from https://t.prcdn.co/img?file=eag62020010800000000001001&page=2&scale=80
2026-07-07 20:47:50,692 [INFO] src.corpus_acquisition.crawler: Downloading -> data/raw/images/gestion/2020/01/08/gestion_2020-01-08_2.jpg
2026-07-07 20:47:54,306 [INFO] src.corpus_acquisition.downloader: Downloading page 3 from https://t.prcdn.co/img?file=eag62020010800000000001001&page=3&scale=80
2026-07-07 20:47:54,307 [INFO] src.corpus_acquisition.crawler: Downloading -> data/raw/images/gestion/2020/01/08/gestion_2020-01-08_3.jpg
2026-07-07 20:47:57,503 [INFO] src.corpus_acquisition.downloader: Downloading page 4 from https://t.prcdn.co/img?file=eag62020010800000000001001&page=4&scale=80
2026-07-07 20:47:57,504 [INFO] src.corpus_acquisition.crawler: Downloading -> data/raw/images/gestion/2020/01/08/gestion_2020-01-08_4.jpg
2026-07-07 20:48:01,338 [INFO] src.corpus_acquisition.downloader: Downloading page 5 from https://t.prcdn.co/img?file=eag62020010800000000001001&page=5&scale=80
2026-07-07 20:48:01,340 [INFO] src.corpus_acquisition.crawler: Downloading -> data/raw/images/gestion/2020/01/08/gestion_2020-01-08_5.jpg
2026-07-07 20:48:04,271 [INFO] src.corpus_acquisition.downloader: Downloading page 6 from https://t.prcdn.co/img?file=eag62020010800000000001001&page=6&scale=80
2026-07-07 20:48:04,271 [INFO] src.corpus_acquisition.crawler: Downloading -> data/raw/images/gestion/2020/01/08/gestion_2020-01-08_6.jpg
2026-07-07 20:48:07,855 [INFO] src.corpus_acquisition.downloader: Downloading page 7 from https://t.prcdn.co/img?file=eag62020010800000000001001&page=7&scale=80
2026-07-07 20:48:07,855 [INFO] src.corpus_acquisition.crawler: Downloading -> data/raw/images/gestion/2020/01/08/gestion_2020-01-08_7.jpg
2026-07-07 20:48:11,397 [INFO] src.corpus_acquisition.downloader: Downloading page 8 from https://t.prcdn.co/img?file=eag62020010800000000001001&page=8&scale=80
2026-07-07 20:48:11,397 [INFO] src.corpus_acquisition.crawler: Downloading -> data/raw/images/gestion/2020/01/08/gestion_2020-01-08_8.jpg
2026-07-07 20:48:14,737 [INFO] src.corpus_acquisition.downloader: Downloading page 9 from https://t.prcdn.co/img?file=eag62020010800000000001001&page=9&scale=80
2026-07-07 20:48:14,753 [INFO] src.corpus_acquisition.crawler: Downloading -> data/raw/images/gestion/2020/01/08/gestion_2020-01-08_9.jpg
2026-07-07 20:48:18,446 [INFO] src.corpus_acquisition.downloader: Downloading page 10 from https://t.prcdn.co/img?file=eag62020010800000000001001&page=10&scale=80
2026-07-07 20:48:18,447 [INFO] src.corpus_acquisition.crawler: Downloading -> data/raw/images/gestion/2020/01/08/gestion_2020-01-08_10.jpg
2026-07-07 20:48:21,694 [INFO] src.corpus_acquisition.downloader: Downloading page 11 from https://t.prcdn.co/img?file=eag62020010800000000001001&page=11&scale=80
2026-07-07 20:48:21,695 [INFO] src.corpus_acquisition.crawler: Downloading -> data/raw/images/gestion/2020/01/08/gestion_2020-01-08_11.jpg
2026-07-07 20:48:25,221 [INFO] src.corpus_acquisition.downloader: Downloading page 12 from https://t.prcdn.co/img?file=eag62020010800000000001001&page=12&scale=80
2026-07-07 20:48:25,221 [INFO] src.corpus_acquisition.crawler: Downloading -> data/raw/images/gestion/2020/01/08/gestion_2020-01-08_12.jpg
2026-07-07 20:48:29,873 [INFO] src.corpus_acquisition.downloader: Downloading page 13 from https://t.prcdn.co/img?file=eag62020010800000000001001&page=13&scale=80
2026-07-07 20:48:29,874 [INFO] src.corpus_acquisition.crawler: Downloading -> data/raw/images/gestion/2020/01/08/gestion_2020-01-08_13.jpg
2026-07-07 20:48:33,248 [INFO] src.corpus_acquisition.downloader: Downloading page 14 from https://t.prcdn.co/img?file=eag62020010800000000001001&page=14&scale=80
2026-07-07 20:48:33,249 [INFO] src.corpus_acquisition.crawler: Downloading -> data/raw/images/gestion/2020/01/08/gestion_2020-01-08_14.jpg
