2026-07-07 20:44:27,237 [INFO] __main__: Logging in to portal...
2026-07-07 20:44:27,237 [WARNING] __main__: PressReader login is currently disabled. Proceeding without login.
2026-07-07 20:44:28,025 [INFO] src.corpus_acquisition.downloader: Downloading page 1 from https://t.prcdn.co/img?file=eag12020010100000000001001&page=1&scale=80
2026-07-07 20:44:28,029 [INFO] src.corpus_acquisition.crawler: Downloading -> data/raw/images/peru21/2020/01/01/peru21_2020-01-01_1.jpg
2026-07-07 20:44:30,228 [INFO] src.corpus_acquisition.downloader: Downloading page 2 from https://t.prcdn.co/img?file=eag12020010100000000001001&page=2&scale=80
2026-07-07 20:44:30,228 [INFO] src.corpus_acquisition.crawler: Downloading -> data/raw/images/peru21/2020/01/01/peru21_2020-01-01_2.jpg
2026-07-07 20:44:32,355 [INFO] src.corpus_acquisition.downloader: Downloading page 3 from https://t.prcdn.co/img?file=eag12020010100000000001001&page=3&scale=80
2026-07-07 20:44:32,355 [INFO] src.corpus_acquisition.crawler: Downloading -> data/raw/images/peru21/2020/01/01/peru21_2020-01-01_3.jpg
2026-07-07 20:44:35,061 [INFO] src.corpus_acquisition.downloader: Downloading page 4 from https://t.prcdn.co/img?file=eag12020010100000000001001&page=4&scale=80
2026-07-07 20:44:35,062 [INFO] src.corpus_acquisition.crawler: Downloading -> data/raw/images/peru21/2020/01/01/peru21_2020-01-01_4.jpg
2026-07-07 20:44:37,604 [INFO] src.corpus_acquisition.downloader: Downloading page 5 from https://t.prcdn.co/img?file=eag12020010100000000001001&page=5&scale=80
2026-07-07 20:44:37,609 [INFO] src.corpus_acquisition.crawler: Downloading -> data/raw/images/peru21/2020/01/01/peru21_2020-01-01_5.jpg
2026-07-07 20:44:40,362 [INFO] src.corpus_acquisition.downloader: Downloading page 6 from https://t.prcdn.co/img?file=eag12020010100000000001001&page=6&scale=80
2026-07-07 20:44:40,362 [INFO] src.corpus_acquisition.crawler: Downloading -> data/raw/images/peru21/2020/01/01/peru21_2020-01-01_6.jpg
2026-07-07 20:44:42,889 [INFO] src.corpus_acquisition.downloader: Downloading page 7 from https://t.prcdn.co/img?file=eag12020010100000000001001&page=7&scale=80
2026-07-07 20:44:42,890 [INFO] src.corpus_acquisition.crawler: Downloading -> data/raw/images/peru21/2020/01/01/peru21_2020-01-01_7.jpg
2026-07-07 20:44:45,371 [INFO] src.corpus_acquisition.downloader: Downloading page 8 from https://t.prcdn.co/img?file=eag12020010100000000001001&page=8&scale=80
2026-07-07 20:44:45,372 [INFO] src.corpus_acquisition.crawler: Downloading -> data/raw/images/peru21/2020/01/01/peru21_2020-01-01_8.jpg
2026-07-07 20:44:48,357 [INFO] src.corpus_acquisition.downloader: Downloading page 9 from https://t.prcdn.co/img?file=eag12020010100000000001001&page=9&scale=80
2026-07-07 20:44:48,358 [INFO] src.corpus_acquisition.crawler: Downloading -> data/raw/images/peru21/2020/01/01/peru21_2020-01-01_9.jpg
2026-07-07 20:44:50,280 [INFO] src.corpus_acquisition.downloader: Downloading page 10 from https://t.prcdn.co/img?file=eag12020010100000000001001&page=10&scale=80
2026-07-07 20:44:50,281 [INFO] src.corpus_acquisition.crawler: Downloading -> data/raw/images/peru21/2020/01/01/peru21_2020-01-01_10.jpg
2026-07-07 20:44:52,911 [INFO] src.corpus_acquisition.downloader: Downloading page 11 from https://t.prcdn.co/img?file=eag12020010100000000001001&page=11&scale=80
2026-07-07 20:44:52,911 [INFO] src.corpus_acquisition.crawler: Downloading -> data/raw/images/peru21/2020/01/01/peru21_2020-01-01_11.jpg
2026-07-07 20:44:55,458 [INFO] src.corpus_acquisition.downloader: Downloading page 12 from https://t.prcdn.co/img?file=eag12020010100000000001001&page=12&scale=80
2026-07-07 20:44:55,458 [INFO] src.corpus_acquisition.crawler: Downloading -> data/raw/images/peru21/2020/01/01/peru21_2020-01-01_12.jpg
2026-07-07 20:44:57,986 [INFO] src.corpus_acquisition.downloader: Downloading page 13 from https://t.prcdn.co/img?file=eag12020010100000000001001&page=13&scale=80
2026-07-07 20:44:57,987 [INFO] src.corpus_acquisition.crawler: Downloading -> data/raw/images/peru21/2020/01/01/peru21_2020-01-01_13.jpg
2026-07-07 20:45:00,369 [INFO] src.corpus_acquisition.downloader: Downloading page 14 from https://t.prcdn.co/img?file=eag12020010100000000001001&page=14&scale=80
2026-07-07 20:45:00,369 [INFO] src.corpus_acquisition.crawler: Downloading -> data/raw/images/peru21/2020/01/01/peru21_2020-01-01_14.jpg
2026-07-07 20:45:03,058 [INFO] src.corpus_acquisition.downloader: Downloading page 15 from https://t.prcdn.co/img?file=eag12020010100000000001001&page=15&scale=80
2026-07-07 20:45:03,058 [INFO] src.corpus_acquisition.crawler: Downloading -> data/raw/images/peru21/2020/01/01/peru21_2020-01-01_15.jpg
2026-07-07 20:45:05,722 [INFO] src.corpus_acquisition.downloader: Downloading page 16 from https://t.prcdn.co/img?file=eag12020010100000000001001&page=16&scale=80
2026-07-07 20:45:05,722 [INFO] src.corpus_acquisition.crawler: Downloading -> data/raw/images/peru21/2020/01/01/peru21_2020-01-01_16.jpg
2026-07-07 20:45:09,251 [INFO] src.corpus_acquisition.downloader: Downloading page 17 from https://t.prcdn.co/img?file=eag12020010100000000001001&page=17&scale=80
2026-07-07 20:45:09,252 [INFO] src.corpus_acquisition.crawler: Downloading -> data/raw/images/peru21/2020/01/01/peru21_2020-01-01_17.jpg
2026-07-07 20:45:12,853 [INFO] src.corpus_acquisition.downloader: Downloading page 18 from https://t.prcdn.co/img?file=eag12020010100000000001001&page=18&scale=80
2026-07-07 20:45:12,853 [INFO] src.corpus_acquisition.crawler: Downloading -> data/raw/images/peru21/2020/01/01/peru21_2020-01-01_18.jpg
2026-07-07 20:45:16,749 [INFO] src.corpus_acquisition.downloader: Downloading page 19 from https://t.prcdn.co/img?file=eag12020010100000000001001&page=19&scale=80
2026-07-07 20:45:16,750 [INFO] src.corpus_acquisition.crawler: Downloading -> data/raw/images/peru21/2020/01/01/peru21_2020-01-01_19.jpg
2026-07-07 20:45:19,954 [INFO] src.corpus_acquisition.downloader: Downloading page 20 from https://t.prcdn.co/img?file=eag12020010100000000001001&page=20&scale=80
2026-07-07 20:45:19,954 [INFO] src.corpus_acquisition.crawler: Downloading -> data/raw/images/peru21/2020/01/01/peru21_2020-01-01_20.jpg
2026-07-07 20:45:22,870 [INFO] src.corpus_acquisition.downloader: Downloading page 21 from https://t.prcdn.co/img?file=eag12020010100000000001001&page=21&scale=80
2026-07-07 20:45:22,871 [INFO] src.corpus_acquisition.crawler: Downloading -> data/raw/images/peru21/2020/01/01/peru21_2020-01-01_21.jpg
2026-07-07 20:45:25,554 [INFO] src.corpus_acquisition.downloader: Downloading page 22 from https://t.prcdn.co/img?file=eag12020010100000000001001&page=22&scale=80
2026-07-07 20:45:25,554 [INFO] src.corpus_acquisition.crawler: Downloading -> data/raw/images/peru21/2020/01/01/peru21_2020-01-01_22.jpg
2026-07-07 20:45:29,523 [INFO] src.corpus_acquisition.downloader: Downloading page 23 from https://t.prcdn.co/img?file=eag12020010100000000001001&page=23&scale=80
2026-07-07 20:45:29,524 [INFO] src.corpus_acquisition.crawler: Downloading -> data/raw/images/peru21/2020/01/01/peru21_2020-01-01_23.jpg
2026-07-07 20:45:32,688 [INFO] src.corpus_acquisition.downloader: Downloading page 24 from https://t.prcdn.co/img?file=eag12020010100000000001001&page=24&scale=80
2026-07-07 20:45:32,688 [INFO] src.corpus_acquisition.crawler: Downloading -> data/raw/images/peru21/2020/01/01/peru21_2020-01-01_24.jpg
2026-07-07 20:45:35,955 [INFO] src.corpus_acquisition.downloader: Downloading page 25 from https://t.prcdn.co/img?file=eag12020010100000000001001&page=25&scale=80
2026-07-07 20:45:35,956 [INFO] src.corpus_acquisition.crawler: Downloading -> data/raw/images/peru21/2020/01/01/peru21_2020-01-01_25.jpg
2026-07-07 20:45:36,173 [WARNING] src.corpus_acquisition.downloader: Page 25 not found (1/3).
2026-07-07 20:45:36,173 [INFO] src.corpus_acquisition.downloader: Downloading page 26 from https://t.prcdn.co/img?file=eag12020010100000000001001&page=26&scale=80
2026-07-07 20:45:36,174 [INFO] src.corpus_acquisition.crawler: Downloading -> data/raw/images/peru21/2020/01/01/peru21_2020-01-01_26.jpg
2026-07-07 20:45:36,405 [WARNING] src.corpus_acquisition.downloader: Page 26 not found (2/3).
2026-07-07 20:45:36,406 [INFO] src.corpus_acquisition.downloader: Downloading page 27 from https://t.prcdn.co/img?file=eag12020010100000000001001&page=27&scale=80
2026-07-07 20:45:36,406 [INFO] src.corpus_acquisition.crawler: Downloading -> data/raw/images/peru21/2020/01/01/peru21_2020-01-01_27.jpg
2026-07-07 20:45:36,619 [WARNING] src.corpus_acquisition.downloader: Page 27 not found (3/3).
2026-07-07 20:45:36,619 [WARNING] src.corpus_acquisition.downloader: No new pages found after 3 attempts; stopping with 24 page(s).
2026-07-07 20:45:36,772 [INFO] src.corpus_acquisition.metadata_extractor: Saved metadata for 24 page(s) -> data/raw/metadata/raw_metadata.parquet (total rows: 92689)
2026-07-07 20:45:36,775 [INFO] src.corpus_acquisition.metadata_extractor: Saved crawl log -> data/raw/crawl_logs/peru21_2020-01-01.json (status=success)
2026-07-07 20:45:39,291 [INFO] src.corpus_acquisition.downloader: Downloading page 1 from https://t.prcdn.co/img?file=eag12020010200000000001001&page=1&scale=80
2026-07-07 20:45:39,292 [INFO] src.corpus_acquisition.crawler: Downloading -> data/raw/images/peru21/2020/01/02/peru21_2020-01-02_1.jpg
2026-07-07 20:45:42,223 [INFO] src.corpus_acquisition.downloader: Downloading page 2 from https://t.prcdn.co/img?file=eag12020010200000000001001&page=2&scale=80
2026-07-07 20:45:42,223 [INFO] src.corpus_acquisition.crawler: Downloading -> data/raw/images/peru21/2020/01/02/peru21_2020-01-02_2.jpg
2026-07-07 20:45:45,612 [INFO] src.corpus_acquisition.downloader: Downloading page 3 from https://t.prcdn.co/img?file=eag12020010200000000001001&page=3&scale=80
2026-07-07 20:45:45,613 [INFO] src.corpus_acquisition.crawler: Downloading -> data/raw/images/peru21/2020/01/02/peru21_2020-01-02_3.jpg
2026-07-07 20:45:49,248 [INFO] src.corpus_acquisition.downloader: Downloading page 4 from https://t.prcdn.co/img?file=eag12020010200000000001001&page=4&scale=80
2026-07-07 20:45:49,249 [INFO] src.corpus_acquisition.crawler: Downloading -> data/raw/images/peru21/2020/01/02/peru21_2020-01-02_4.jpg
2026-07-07 20:45:52,876 [INFO] src.corpus_acquisition.downloader: Downloading page 5 from https://t.prcdn.co/img?file=eag12020010200000000001001&page=5&scale=80
2026-07-07 20:45:52,876 [INFO] src.corpus_acquisition.crawler: Downloading -> data/raw/images/peru21/2020/01/02/peru21_2020-01-02_5.jpg
2026-07-07 20:45:55,580 [INFO] src.corpus_acquisition.downloader: Downloading page 6 from https://t.prcdn.co/img?file=eag12020010200000000001001&page=6&scale=80
2026-07-07 20:45:55,580 [INFO] src.corpus_acquisition.crawler: Downloading -> data/raw/images/peru21/2020/01/02/peru21_2020-01-02_6.jpg
2026-07-07 20:45:58,883 [INFO] src.corpus_acquisition.downloader: Downloading page 7 from https://t.prcdn.co/img?file=eag12020010200000000001001&page=7&scale=80
2026-07-07 20:45:58,883 [INFO] src.corpus_acquisition.crawler: Downloading -> data/raw/images/peru21/2020/01/02/peru21_2020-01-02_7.jpg
2026-07-07 20:46:01,860 [INFO] src.corpus_acquisition.downloader: Downloading page 8 from https://t.prcdn.co/img?file=eag12020010200000000001001&page=8&scale=80
2026-07-07 20:46:01,860 [INFO] src.corpus_acquisition.crawler: Downloading -> data/raw/images/peru21/2020/01/02/peru21_2020-01-02_8.jpg
2026-07-07 20:46:05,530 [INFO] src.corpus_acquisition.downloader: Downloading page 9 from https://t.prcdn.co/img?file=eag12020010200000000001001&page=9&scale=80
2026-07-07 20:46:05,530 [INFO] src.corpus_acquisition.crawler: Downloading -> data/raw/images/peru21/2020/01/02/peru21_2020-01-02_9.jpg
2026-07-07 20:46:08,476 [INFO] src.corpus_acquisition.downloader: Downloading page 10 from https://t.prcdn.co/img?file=eag12020010200000000001001&page=10&scale=80
2026-07-07 20:46:08,477 [INFO] src.corpus_acquisition.crawler: Downloading -> data/raw/images/peru21/2020/01/02/peru21_2020-01-02_10.jpg
2026-07-07 20:46:11,271 [INFO] src.corpus_acquisition.downloader: Downloading page 11 from https://t.prcdn.co/img?file=eag12020010200000000001001&page=11&scale=80
2026-07-07 20:46:11,272 [INFO] src.corpus_acquisition.crawler: Downloading -> data/raw/images/peru21/2020/01/02/peru21_2020-01-02_11.jpg
2026-07-07 20:46:14,150 [INFO] src.corpus_acquisition.downloader: Downloading page 12 from https://t.prcdn.co/img?file=eag12020010200000000001001&page=12&scale=80
2026-07-07 20:46:14,151 [INFO] src.corpus_acquisition.crawler: Downloading -> data/raw/images/peru21/2020/01/02/peru21_2020-01-02_12.jpg
2026-07-07 20:46:17,469 [INFO] src.corpus_acquisition.downloader: Downloading page 13 from https://t.prcdn.co/img?file=eag12020010200000000001001&page=13&scale=80
2026-07-07 20:46:17,470 [INFO] src.corpus_acquisition.crawler: Downloading -> data/raw/images/peru21/2020/01/02/peru21_2020-01-02_13.jpg
2026-07-07 20:46:20,196 [INFO] src.corpus_acquisition.downloader: Downloading page 14 from https://t.prcdn.co/img?file=eag12020010200000000001001&page=14&scale=80
2026-07-07 20:46:20,196 [INFO] src.corpus_acquisition.crawler: Downloading -> data/raw/images/peru21/2020/01/02/peru21_2020-01-02_14.jpg
2026-07-07 20:46:23,755 [INFO] src.corpus_acquisition.downloader: Downloading page 15 from https://t.prcdn.co/img?file=eag12020010200000000001001&page=15&scale=80
2026-07-07 20:46:23,755 [INFO] src.corpus_acquisition.crawler: Downloading -> data/raw/images/peru21/2020/01/02/peru21_2020-01-02_15.jpg
2026-07-07 20:46:27,005 [INFO] src.corpus_acquisition.downloader: Downloading page 16 from https://t.prcdn.co/img?file=eag12020010200000000001001&page=16&scale=80
2026-07-07 20:46:27,006 [INFO] src.corpus_acquisition.crawler: Downloading -> data/raw/images/peru21/2020/01/02/peru21_2020-01-02_16.jpg
2026-07-07 20:46:31,388 [INFO] src.corpus_acquisition.downloader: Downloading page 17 from https://t.prcdn.co/img?file=eag12020010200000000001001&page=17&scale=80
2026-07-07 20:46:31,388 [INFO] src.corpus_acquisition.crawler: Downloading -> data/raw/images/peru21/2020/01/02/peru21_2020-01-02_17.jpg
2026-07-07 20:46:34,668 [INFO] src.corpus_acquisition.downloader: Downloading page 18 from https://t.prcdn.co/img?file=eag12020010200000000001001&page=18&scale=80
2026-07-07 20:46:34,668 [INFO] src.corpus_acquisition.crawler: Downloading -> data/raw/images/peru21/2020/01/02/peru21_2020-01-02_18.jpg
2026-07-07 20:46:37,809 [INFO] src.corpus_acquisition.downloader: Downloading page 19 from https://t.prcdn.co/img?file=eag12020010200000000001001&page=19&scale=80
2026-07-07 20:46:37,810 [INFO] src.corpus_acquisition.crawler: Downloading -> data/raw/images/peru21/2020/01/02/peru21_2020-01-02_19.jpg
2026-07-07 20:46:40,609 [INFO] src.corpus_acquisition.downloader: Downloading page 20 from https://t.prcdn.co/img?file=eag12020010200000000001001&page=20&scale=80
2026-07-07 20:46:40,609 [INFO] src.corpus_acquisition.crawler: Downloading -> data/raw/images/peru21/2020/01/02/peru21_2020-01-02_20.jpg
2026-07-07 20:46:43,171 [INFO] src.corpus_acquisition.downloader: Downloading page 21 from https://t.prcdn.co/img?file=eag12020010200000000001001&page=21&scale=80
2026-07-07 20:46:43,172 [INFO] src.corpus_acquisition.crawler: Downloading -> data/raw/images/peru21/2020/01/02/peru21_2020-01-02_21.jpg
2026-07-07 20:46:46,672 [INFO] src.corpus_acquisition.downloader: Downloading page 22 from https://t.prcdn.co/img?file=eag12020010200000000001001&page=22&scale=80
2026-07-07 20:46:46,673 [INFO] src.corpus_acquisition.crawler: Downloading -> data/raw/images/peru21/2020/01/02/peru21_2020-01-02_22.jpg
2026-07-07 20:46:50,126 [INFO] src.corpus_acquisition.downloader: Downloading page 23 from https://t.prcdn.co/img?file=eag12020010200000000001001&page=23&scale=80
2026-07-07 20:46:50,127 [INFO] src.corpus_acquisition.crawler: Downloading -> data/raw/images/peru21/2020/01/02/peru21_2020-01-02_23.jpg
2026-07-07 20:46:53,276 [INFO] src.corpus_acquisition.downloader: Downloading page 24 from https://t.prcdn.co/img?file=eag12020010200000000001001&page=24&scale=80
2026-07-07 20:46:53,276 [INFO] src.corpus_acquisition.crawler: Downloading -> data/raw/images/peru21/2020/01/02/peru21_2020-01-02_24.jpg
2026-07-07 20:46:57,192 [INFO] src.corpus_acquisition.downloader: Downloading page 25 from https://t.prcdn.co/img?file=eag12020010200000000001001&page=25&scale=80
2026-07-07 20:46:57,193 [INFO] src.corpus_acquisition.crawler: Downloading -> data/raw/images/peru21/2020/01/02/peru21_2020-01-02_25.jpg
2026-07-07 20:46:57,435 [WARNING] src.corpus_acquisition.downloader: Page 25 not found (1/3).
2026-07-07 20:46:57,436 [INFO] src.corpus_acquisition.downloader: Downloading page 26 from https://t.prcdn.co/img?file=eag12020010200000000001001&page=26&scale=80
2026-07-07 20:46:57,436 [INFO] src.corpus_acquisition.crawler: Downloading -> data/raw/images/peru21/2020/01/02/peru21_2020-01-02_26.jpg
2026-07-07 20:46:57,711 [WARNING] src.corpus_acquisition.downloader: Page 26 not found (2/3).
2026-07-07 20:46:57,711 [INFO] src.corpus_acquisition.downloader: Downloading page 27 from https://t.prcdn.co/img?file=eag12020010200000000001001&page=27&scale=80
2026-07-07 20:46:57,712 [INFO] src.corpus_acquisition.crawler: Downloading -> data/raw/images/peru21/2020/01/02/peru21_2020-01-02_27.jpg
2026-07-07 20:46:57,963 [WARNING] src.corpus_acquisition.downloader: Page 27 not found (3/3).
2026-07-07 20:46:57,963 [WARNING] src.corpus_acquisition.downloader: No new pages found after 3 attempts; stopping with 24 page(s).
2026-07-07 20:46:58,109 [INFO] src.corpus_acquisition.metadata_extractor: Saved metadata for 24 page(s) -> data/raw/metadata/raw_metadata.parquet (total rows: 92869)
2026-07-07 20:46:58,113 [INFO] src.corpus_acquisition.metadata_extractor: Saved crawl log -> data/raw/crawl_logs/peru21_2020-01-02.json (status=success)
2026-07-07 20:47:00,586 [INFO] src.corpus_acquisition.downloader: Downloading page 1 from https://t.prcdn.co/img?file=eag12020010300000000001001&page=1&scale=80
2026-07-07 20:47:00,588 [INFO] src.corpus_acquisition.crawler: Downloading -> data/raw/images/peru21/2020/01/03/peru21_2020-01-03_1.jpg
2026-07-07 20:47:00,820 [WARNING] src.corpus_acquisition.downloader: Page 1 not found (1/3).
2026-07-07 20:47:00,821 [INFO] src.corpus_acquisition.downloader: Downloading page 2 from https://t.prcdn.co/img?file=eag12020010300000000001001&page=2&scale=80
2026-07-07 20:47:00,821 [INFO] src.corpus_acquisition.crawler: Downloading -> data/raw/images/peru21/2020/01/03/peru21_2020-01-03_2.jpg
2026-07-07 20:47:01,181 [WARNING] src.corpus_acquisition.downloader: Page 2 not found (2/3).
2026-07-07 20:47:01,181 [INFO] src.corpus_acquisition.downloader: Downloading page 3 from https://t.prcdn.co/img?file=eag12020010300000000001001&page=3&scale=80
2026-07-07 20:47:01,182 [INFO] src.corpus_acquisition.crawler: Downloading -> data/raw/images/peru21/2020/01/03/peru21_2020-01-03_3.jpg
2026-07-07 20:47:01,419 [WARNING] src.corpus_acquisition.downloader: Page 3 not found (3/3).
2026-07-07 20:47:01,419 [WARNING] src.corpus_acquisition.downloader: No new pages found after 3 attempts; stopping with 0 page(s).
2026-07-07 20:47:01,421 [INFO] src.corpus_acquisition.metadata_extractor: Saved crawl log -> data/raw/crawl_logs/peru21_2020-01-03.json (status=failed)
2026-07-07 20:47:04,086 [INFO] src.corpus_acquisition.downloader: Downloading page 1 from https://t.prcdn.co/img?file=eag12020010400000000001001&page=1&scale=80
2026-07-07 20:47:04,086 [INFO] src.corpus_acquisition.crawler: Downloading -> data/raw/images/peru21/2020/01/04/peru21_2020-01-04_1.jpg
2026-07-07 20:47:04,301 [WARNING] src.corpus_acquisition.downloader: Page 1 not found (1/3).
2026-07-07 20:47:04,302 [INFO] src.corpus_acquisition.downloader: Downloading page 2 from https://t.prcdn.co/img?file=eag12020010400000000001001&page=2&scale=80
2026-07-07 20:47:04,302 [INFO] src.corpus_acquisition.crawler: Downloading -> data/raw/images/peru21/2020/01/04/peru21_2020-01-04_2.jpg
2026-07-07 20:47:04,545 [WARNING] src.corpus_acquisition.downloader: Page 2 not found (2/3).
2026-07-07 20:47:04,546 [INFO] src.corpus_acquisition.downloader: Downloading page 3 from https://t.prcdn.co/img?file=eag12020010400000000001001&page=3&scale=80
2026-07-07 20:47:04,546 [INFO] src.corpus_acquisition.crawler: Downloading -> data/raw/images/peru21/2020/01/04/peru21_2020-01-04_3.jpg
2026-07-07 20:47:04,750 [WARNING] src.corpus_acquisition.downloader: Page 3 not found (3/3).
2026-07-07 20:47:04,750 [WARNING] src.corpus_acquisition.downloader: No new pages found after 3 attempts; stopping with 0 page(s).
2026-07-07 20:47:04,752 [INFO] src.corpus_acquisition.metadata_extractor: Saved crawl log -> data/raw/crawl_logs/peru21_2020-01-04.json (status=failed)
2026-07-07 20:47:07,034 [INFO] src.corpus_acquisition.downloader: Downloading page 1 from https://t.prcdn.co/img?file=eag12020010500000000001001&page=1&scale=80
2026-07-07 20:47:07,035 [INFO] src.corpus_acquisition.crawler: Downloading -> data/raw/images/peru21/2020/01/05/peru21_2020-01-05_1.jpg
2026-07-07 20:47:07,264 [WARNING] src.corpus_acquisition.downloader: Page 1 not found (1/3).
2026-07-07 20:47:07,265 [INFO] src.corpus_acquisition.downloader: Downloading page 2 from https://t.prcdn.co/img?file=eag12020010500000000001001&page=2&scale=80
2026-07-07 20:47:07,265 [INFO] src.corpus_acquisition.crawler: Downloading -> data/raw/images/peru21/2020/01/05/peru21_2020-01-05_2.jpg
2026-07-07 20:47:07,471 [WARNING] src.corpus_acquisition.downloader: Page 2 not found (2/3).
2026-07-07 20:47:07,471 [INFO] src.corpus_acquisition.downloader: Downloading page 3 from https://t.prcdn.co/img?file=eag12020010500000000001001&page=3&scale=80
2026-07-07 20:47:07,471 [INFO] src.corpus_acquisition.crawler: Downloading -> data/raw/images/peru21/2020/01/05/peru21_2020-01-05_3.jpg
2026-07-07 20:47:07,708 [WARNING] src.corpus_acquisition.downloader: Page 3 not found (3/3).
2026-07-07 20:47:07,708 [WARNING] src.corpus_acquisition.downloader: No new pages found after 3 attempts; stopping with 0 page(s).
2026-07-07 20:47:07,710 [INFO] src.corpus_acquisition.metadata_extractor: Saved crawl log -> data/raw/crawl_logs/peru21_2020-01-05.json (status=failed)
2026-07-07 20:47:10,695 [INFO] src.corpus_acquisition.downloader: Downloading page 1 from https://t.prcdn.co/img?file=eag12020010600000000001001&page=1&scale=80
2026-07-07 20:47:10,696 [INFO] src.corpus_acquisition.crawler: Downloading -> data/raw/images/peru21/2020/01/06/peru21_2020-01-06_1.jpg
2026-07-07 20:47:13,733 [INFO] src.corpus_acquisition.downloader: Downloading page 2 from https://t.prcdn.co/img?file=eag12020010600000000001001&page=2&scale=80
2026-07-07 20:47:13,734 [INFO] src.corpus_acquisition.crawler: Downloading -> data/raw/images/peru21/2020/01/06/peru21_2020-01-06_2.jpg
2026-07-07 20:47:17,067 [INFO] src.corpus_acquisition.downloader: Downloading page 3 from https://t.prcdn.co/img?file=eag12020010600000000001001&page=3&scale=80
2026-07-07 20:47:17,067 [INFO] src.corpus_acquisition.crawler: Downloading -> data/raw/images/peru21/2020/01/06/peru21_2020-01-06_3.jpg
2026-07-07 20:47:20,584 [INFO] src.corpus_acquisition.downloader: Downloading page 4 from https://t.prcdn.co/img?file=eag12020010600000000001001&page=4&scale=80
2026-07-07 20:47:20,584 [INFO] src.corpus_acquisition.crawler: Downloading -> data/raw/images/peru21/2020/01/06/peru21_2020-01-06_4.jpg
2026-07-07 20:47:23,635 [INFO] src.corpus_acquisition.downloader: Downloading page 5 from https://t.prcdn.co/img?file=eag12020010600000000001001&page=5&scale=80
2026-07-07 20:47:23,635 [INFO] src.corpus_acquisition.crawler: Downloading -> data/raw/images/peru21/2020/01/06/peru21_2020-01-06_5.jpg
2026-07-07 20:47:26,525 [INFO] src.corpus_acquisition.downloader: Downloading page 6 from https://t.prcdn.co/img?file=eag12020010600000000001001&page=6&scale=80
2026-07-07 20:47:26,526 [INFO] src.corpus_acquisition.crawler: Downloading -> data/raw/images/peru21/2020/01/06/peru21_2020-01-06_6.jpg
2026-07-07 20:47:29,809 [INFO] src.corpus_acquisition.downloader: Downloading page 7 from https://t.prcdn.co/img?file=eag12020010600000000001001&page=7&scale=80
2026-07-07 20:47:29,811 [INFO] src.corpus_acquisition.crawler: Downloading -> data/raw/images/peru21/2020/01/06/peru21_2020-01-06_7.jpg
2026-07-07 20:47:32,800 [INFO] src.corpus_acquisition.downloader: Downloading page 8 from https://t.prcdn.co/img?file=eag12020010600000000001001&page=8&scale=80
2026-07-07 20:47:32,809 [INFO] src.corpus_acquisition.crawler: Downloading -> data/raw/images/peru21/2020/01/06/peru21_2020-01-06_8.jpg
2026-07-07 20:47:35,505 [INFO] src.corpus_acquisition.downloader: Downloading page 9 from https://t.prcdn.co/img?file=eag12020010600000000001001&page=9&scale=80
2026-07-07 20:47:35,506 [INFO] src.corpus_acquisition.crawler: Downloading -> data/raw/images/peru21/2020/01/06/peru21_2020-01-06_9.jpg
2026-07-07 20:47:39,179 [INFO] src.corpus_acquisition.downloader: Downloading page 10 from https://t.prcdn.co/img?file=eag12020010600000000001001&page=10&scale=80
2026-07-07 20:47:39,179 [INFO] src.corpus_acquisition.crawler: Downloading -> data/raw/images/peru21/2020/01/06/peru21_2020-01-06_10.jpg
2026-07-07 20:47:42,155 [INFO] src.corpus_acquisition.downloader: Downloading page 11 from https://t.prcdn.co/img?file=eag12020010600000000001001&page=11&scale=80
2026-07-07 20:47:42,156 [INFO] src.corpus_acquisition.crawler: Downloading -> data/raw/images/peru21/2020/01/06/peru21_2020-01-06_11.jpg
2026-07-07 20:47:45,253 [INFO] src.corpus_acquisition.downloader: Downloading page 12 from https://t.prcdn.co/img?file=eag12020010600000000001001&page=12&scale=80
2026-07-07 20:47:45,254 [INFO] src.corpus_acquisition.crawler: Downloading -> data/raw/images/peru21/2020/01/06/peru21_2020-01-06_12.jpg
2026-07-07 20:47:48,112 [INFO] src.corpus_acquisition.downloader: Downloading page 13 from https://t.prcdn.co/img?file=eag12020010600000000001001&page=13&scale=80
2026-07-07 20:47:48,112 [INFO] src.corpus_acquisition.crawler: Downloading -> data/raw/images/peru21/2020/01/06/peru21_2020-01-06_13.jpg
2026-07-07 20:47:50,786 [INFO] src.corpus_acquisition.downloader: Downloading page 14 from https://t.prcdn.co/img?file=eag12020010600000000001001&page=14&scale=80
2026-07-07 20:47:50,787 [INFO] src.corpus_acquisition.crawler: Downloading -> data/raw/images/peru21/2020/01/06/peru21_2020-01-06_14.jpg
2026-07-07 20:47:54,030 [INFO] src.corpus_acquisition.downloader: Downloading page 15 from https://t.prcdn.co/img?file=eag12020010600000000001001&page=15&scale=80
2026-07-07 20:47:54,048 [INFO] src.corpus_acquisition.crawler: Downloading -> data/raw/images/peru21/2020/01/06/peru21_2020-01-06_15.jpg
2026-07-07 20:47:57,830 [INFO] src.corpus_acquisition.downloader: Downloading page 16 from https://t.prcdn.co/img?file=eag12020010600000000001001&page=16&scale=80
2026-07-07 20:47:57,830 [INFO] src.corpus_acquisition.crawler: Downloading -> data/raw/images/peru21/2020/01/06/peru21_2020-01-06_16.jpg
2026-07-07 20:48:01,349 [INFO] src.corpus_acquisition.downloader: Downloading page 17 from https://t.prcdn.co/img?file=eag12020010600000000001001&page=17&scale=80
2026-07-07 20:48:01,350 [INFO] src.corpus_acquisition.crawler: Downloading -> data/raw/images/peru21/2020/01/06/peru21_2020-01-06_17.jpg
2026-07-07 20:48:04,617 [INFO] src.corpus_acquisition.downloader: Downloading page 18 from https://t.prcdn.co/img?file=eag12020010600000000001001&page=18&scale=80
2026-07-07 20:48:04,618 [INFO] src.corpus_acquisition.crawler: Downloading -> data/raw/images/peru21/2020/01/06/peru21_2020-01-06_18.jpg
2026-07-07 20:48:07,955 [INFO] src.corpus_acquisition.downloader: Downloading page 19 from https://t.prcdn.co/img?file=eag12020010600000000001001&page=19&scale=80
2026-07-07 20:48:07,956 [INFO] src.corpus_acquisition.crawler: Downloading -> data/raw/images/peru21/2020/01/06/peru21_2020-01-06_19.jpg
2026-07-07 20:48:10,989 [INFO] src.corpus_acquisition.downloader: Downloading page 20 from https://t.prcdn.co/img?file=eag12020010600000000001001&page=20&scale=80
2026-07-07 20:48:10,989 [INFO] src.corpus_acquisition.crawler: Downloading -> data/raw/images/peru21/2020/01/06/peru21_2020-01-06_20.jpg
2026-07-07 20:48:14,195 [INFO] src.corpus_acquisition.downloader: Downloading page 21 from https://t.prcdn.co/img?file=eag12020010600000000001001&page=21&scale=80
2026-07-07 20:48:14,196 [INFO] src.corpus_acquisition.crawler: Downloading -> data/raw/images/peru21/2020/01/06/peru21_2020-01-06_21.jpg
2026-07-07 20:48:17,571 [INFO] src.corpus_acquisition.downloader: Downloading page 22 from https://t.prcdn.co/img?file=eag12020010600000000001001&page=22&scale=80
2026-07-07 20:48:17,572 [INFO] src.corpus_acquisition.crawler: Downloading -> data/raw/images/peru21/2020/01/06/peru21_2020-01-06_22.jpg
2026-07-07 20:48:21,411 [INFO] src.corpus_acquisition.downloader: Downloading page 23 from https://t.prcdn.co/img?file=eag12020010600000000001001&page=23&scale=80
2026-07-07 20:48:21,411 [INFO] src.corpus_acquisition.crawler: Downloading -> data/raw/images/peru21/2020/01/06/peru21_2020-01-06_23.jpg
2026-07-07 20:48:24,925 [INFO] src.corpus_acquisition.downloader: Downloading page 24 from https://t.prcdn.co/img?file=eag12020010600000000001001&page=24&scale=80
2026-07-07 20:48:24,925 [INFO] src.corpus_acquisition.crawler: Downloading -> data/raw/images/peru21/2020/01/06/peru21_2020-01-06_24.jpg
2026-07-07 20:48:28,188 [INFO] src.corpus_acquisition.downloader: Downloading page 25 from https://t.prcdn.co/img?file=eag12020010600000000001001&page=25&scale=80
2026-07-07 20:48:28,189 [INFO] src.corpus_acquisition.crawler: Downloading -> data/raw/images/peru21/2020/01/06/peru21_2020-01-06_25.jpg
2026-07-07 20:48:30,728 [INFO] src.corpus_acquisition.downloader: Downloading page 26 from https://t.prcdn.co/img?file=eag12020010600000000001001&page=26&scale=80
2026-07-07 20:48:30,728 [INFO] src.corpus_acquisition.crawler: Downloading -> data/raw/images/peru21/2020/01/06/peru21_2020-01-06_26.jpg
2026-07-07 20:48:33,808 [INFO] src.corpus_acquisition.downloader: Downloading page 27 from https://t.prcdn.co/img?file=eag12020010600000000001001&page=27&scale=80
2026-07-07 20:48:33,809 [INFO] src.corpus_acquisition.crawler: Downloading -> data/raw/images/peru21/2020/01/06/peru21_2020-01-06_27.jpg
