2026-07-18 12:55:32,254 [INFO] __main__: Logging in to portal...
2026-07-18 12:55:32,254 [WARNING] __main__: PressReader login is currently disabled. Proceeding without login.
2026-07-18 12:55:32,260 [INFO] src.corpus_acquisition.downloader: Skipping trome on 2023-11-10: already crawled successfully.
2026-07-18 12:55:32,264 [INFO] src.corpus_acquisition.downloader: Skipping trome on 2023-11-11: already crawled successfully.
2026-07-18 12:55:32,780 [INFO] src.corpus_acquisition.downloader: Page 1 already downloaded, skipping.
2026-07-18 12:55:32,780 [INFO] src.corpus_acquisition.downloader: Page 2 already downloaded, skipping.
2026-07-18 12:55:32,780 [INFO] src.corpus_acquisition.downloader: Page 3 already downloaded, skipping.
2026-07-18 12:55:32,781 [INFO] src.corpus_acquisition.downloader: Page 4 already downloaded, skipping.
2026-07-18 12:55:32,781 [INFO] src.corpus_acquisition.downloader: Page 5 already downloaded, skipping.
2026-07-18 12:55:32,781 [INFO] src.corpus_acquisition.downloader: Page 6 already downloaded, skipping.
2026-07-18 12:55:32,781 [INFO] src.corpus_acquisition.downloader: Page 7 already downloaded, skipping.
2026-07-18 12:55:32,782 [INFO] src.corpus_acquisition.downloader: Page 8 already downloaded, skipping.
2026-07-18 12:55:32,782 [INFO] src.corpus_acquisition.downloader: Page 9 already downloaded, skipping.
2026-07-18 12:55:32,782 [INFO] src.corpus_acquisition.downloader: Page 10 already downloaded, skipping.
2026-07-18 12:55:32,782 [INFO] src.corpus_acquisition.downloader: Page 11 already downloaded, skipping.
2026-07-18 12:55:32,783 [INFO] src.corpus_acquisition.downloader: Page 12 already downloaded, skipping.
2026-07-18 12:55:32,783 [INFO] src.corpus_acquisition.downloader: Downloading page 13 from https://t.prcdn.co/img?file=eag82023111200000000001001&page=13&scale=78
2026-07-18 12:55:32,783 [INFO] src.corpus_acquisition.crawler: Downloading -> data/raw/images/trome/2023/11/12/trome_2023-11-12_13.jpg
2026-07-18 12:55:36,207 [INFO] src.corpus_acquisition.downloader: Downloading page 14 from https://t.prcdn.co/img?file=eag82023111200000000001001&page=14&scale=78
2026-07-18 12:55:36,207 [INFO] src.corpus_acquisition.crawler: Downloading -> data/raw/images/trome/2023/11/12/trome_2023-11-12_14.jpg
2026-07-18 12:55:38,545 [INFO] src.corpus_acquisition.downloader: Downloading page 15 from https://t.prcdn.co/img?file=eag82023111200000000001001&page=15&scale=78
2026-07-18 12:55:38,545 [INFO] src.corpus_acquisition.crawler: Downloading -> data/raw/images/trome/2023/11/12/trome_2023-11-12_15.jpg
2026-07-18 12:55:41,331 [INFO] src.corpus_acquisition.downloader: Downloading page 16 from https://t.prcdn.co/img?file=eag82023111200000000001001&page=16&scale=78
2026-07-18 12:55:41,331 [INFO] src.corpus_acquisition.crawler: Downloading -> data/raw/images/trome/2023/11/12/trome_2023-11-12_16.jpg
2026-07-18 12:55:44,256 [INFO] src.corpus_acquisition.downloader: Downloading page 17 from https://t.prcdn.co/img?file=eag82023111200000000001001&page=17&scale=78
2026-07-18 12:55:44,256 [INFO] src.corpus_acquisition.crawler: Downloading -> data/raw/images/trome/2023/11/12/trome_2023-11-12_17.jpg
2026-07-18 12:55:46,607 [INFO] src.corpus_acquisition.downloader: Downloading page 18 from https://t.prcdn.co/img?file=eag82023111200000000001001&page=18&scale=78
2026-07-18 12:55:46,607 [INFO] src.corpus_acquisition.crawler: Downloading -> data/raw/images/trome/2023/11/12/trome_2023-11-12_18.jpg
2026-07-18 12:55:49,643 [INFO] src.corpus_acquisition.downloader: Downloading page 19 from https://t.prcdn.co/img?file=eag82023111200000000001001&page=19&scale=78
2026-07-18 12:55:49,643 [INFO] src.corpus_acquisition.crawler: Downloading -> data/raw/images/trome/2023/11/12/trome_2023-11-12_19.jpg
2026-07-18 12:55:51,959 [INFO] src.corpus_acquisition.downloader: Downloading page 20 from https://t.prcdn.co/img?file=eag82023111200000000001001&page=20&scale=78
2026-07-18 12:55:51,959 [INFO] src.corpus_acquisition.crawler: Downloading -> data/raw/images/trome/2023/11/12/trome_2023-11-12_20.jpg
2026-07-18 12:55:54,559 [INFO] src.corpus_acquisition.downloader: Downloading page 21 from https://t.prcdn.co/img?file=eag82023111200000000001001&page=21&scale=78
2026-07-18 12:55:54,559 [INFO] src.corpus_acquisition.crawler: Downloading -> data/raw/images/trome/2023/11/12/trome_2023-11-12_21.jpg
2026-07-18 12:55:57,614 [INFO] src.corpus_acquisition.downloader: Downloading page 22 from https://t.prcdn.co/img?file=eag82023111200000000001001&page=22&scale=78
2026-07-18 12:55:57,614 [INFO] src.corpus_acquisition.crawler: Downloading -> data/raw/images/trome/2023/11/12/trome_2023-11-12_22.jpg
2026-07-18 12:55:59,777 [INFO] src.corpus_acquisition.downloader: Downloading page 23 from https://t.prcdn.co/img?file=eag82023111200000000001001&page=23&scale=78
2026-07-18 12:55:59,778 [INFO] src.corpus_acquisition.crawler: Downloading -> data/raw/images/trome/2023/11/12/trome_2023-11-12_23.jpg
2026-07-18 12:56:02,701 [INFO] src.corpus_acquisition.downloader: Downloading page 24 from https://t.prcdn.co/img?file=eag82023111200000000001001&page=24&scale=78
2026-07-18 12:56:02,702 [INFO] src.corpus_acquisition.crawler: Downloading -> data/raw/images/trome/2023/11/12/trome_2023-11-12_24.jpg
2026-07-18 12:56:05,423 [INFO] src.corpus_acquisition.downloader: Downloading page 25 from https://t.prcdn.co/img?file=eag82023111200000000001001&page=25&scale=78
2026-07-18 12:56:05,423 [INFO] src.corpus_acquisition.crawler: Downloading -> data/raw/images/trome/2023/11/12/trome_2023-11-12_25.jpg
2026-07-18 12:56:07,784 [INFO] src.corpus_acquisition.downloader: Downloading page 26 from https://t.prcdn.co/img?file=eag82023111200000000001001&page=26&scale=78
2026-07-18 12:56:07,784 [INFO] src.corpus_acquisition.crawler: Downloading -> data/raw/images/trome/2023/11/12/trome_2023-11-12_26.jpg
2026-07-18 12:56:10,781 [INFO] src.corpus_acquisition.downloader: Downloading page 27 from https://t.prcdn.co/img?file=eag82023111200000000001001&page=27&scale=78
2026-07-18 12:56:10,781 [INFO] src.corpus_acquisition.crawler: Downloading -> data/raw/images/trome/2023/11/12/trome_2023-11-12_27.jpg
2026-07-18 12:56:13,748 [INFO] src.corpus_acquisition.downloader: Downloading page 28 from https://t.prcdn.co/img?file=eag82023111200000000001001&page=28&scale=78
2026-07-18 12:56:13,748 [INFO] src.corpus_acquisition.crawler: Downloading -> data/raw/images/trome/2023/11/12/trome_2023-11-12_28.jpg
2026-07-18 12:56:16,799 [INFO] src.corpus_acquisition.downloader: Downloading page 29 from https://t.prcdn.co/img?file=eag82023111200000000001001&page=29&scale=78
2026-07-18 12:56:16,799 [INFO] src.corpus_acquisition.crawler: Downloading -> data/raw/images/trome/2023/11/12/trome_2023-11-12_29.jpg
2026-07-18 12:56:17,124 [WARNING] src.corpus_acquisition.downloader: Page 29 not found (1/3).
2026-07-18 12:56:17,124 [INFO] src.corpus_acquisition.downloader: Downloading page 30 from https://t.prcdn.co/img?file=eag82023111200000000001001&page=30&scale=78
2026-07-18 12:56:17,125 [INFO] src.corpus_acquisition.crawler: Downloading -> data/raw/images/trome/2023/11/12/trome_2023-11-12_30.jpg
2026-07-18 12:56:17,334 [WARNING] src.corpus_acquisition.downloader: Page 30 not found (2/3).
2026-07-18 12:56:17,335 [INFO] src.corpus_acquisition.downloader: Downloading page 31 from https://t.prcdn.co/img?file=eag82023111200000000001001&page=31&scale=78
2026-07-18 12:56:17,335 [INFO] src.corpus_acquisition.crawler: Downloading -> data/raw/images/trome/2023/11/12/trome_2023-11-12_31.jpg
2026-07-18 12:56:17,542 [WARNING] src.corpus_acquisition.downloader: Page 31 not found (3/3).
2026-07-18 12:56:17,542 [WARNING] src.corpus_acquisition.downloader: No new pages found after 3 attempts; stopping with 16 page(s).
2026-07-18 12:56:17,593 [INFO] src.corpus_acquisition.metadata_extractor: Saved metadata for 16 page(s) -> data/raw/metadata/trome_metadata.parquet (total rows: 35507)
2026-07-18 12:56:17,600 [INFO] src.corpus_acquisition.metadata_extractor: Saved crawl log -> data/raw/crawl_logs/trome_2023-11-12.json (status=success)
2026-07-18 12:56:19,055 [INFO] src.corpus_acquisition.downloader: Downloading page 1 from https://t.prcdn.co/img?file=eag82023111300000000001001&page=1&scale=78
2026-07-18 12:56:19,062 [INFO] src.corpus_acquisition.crawler: Downloading -> data/raw/images/trome/2023/11/13/trome_2023-11-13_1.jpg
2026-07-18 12:56:20,834 [INFO] src.corpus_acquisition.downloader: Downloading page 2 from https://t.prcdn.co/img?file=eag82023111300000000001001&page=2&scale=78
2026-07-18 12:56:20,834 [INFO] src.corpus_acquisition.crawler: Downloading -> data/raw/images/trome/2023/11/13/trome_2023-11-13_2.jpg
2026-07-18 12:56:23,860 [INFO] src.corpus_acquisition.downloader: Downloading page 3 from https://t.prcdn.co/img?file=eag82023111300000000001001&page=3&scale=78
2026-07-18 12:56:23,860 [INFO] src.corpus_acquisition.crawler: Downloading -> data/raw/images/trome/2023/11/13/trome_2023-11-13_3.jpg
2026-07-18 12:56:26,405 [INFO] src.corpus_acquisition.downloader: Downloading page 4 from https://t.prcdn.co/img?file=eag82023111300000000001001&page=4&scale=78
2026-07-18 12:56:26,406 [INFO] src.corpus_acquisition.crawler: Downloading -> data/raw/images/trome/2023/11/13/trome_2023-11-13_4.jpg
2026-07-18 12:56:29,710 [INFO] src.corpus_acquisition.downloader: Downloading page 5 from https://t.prcdn.co/img?file=eag82023111300000000001001&page=5&scale=78
2026-07-18 12:56:29,710 [INFO] src.corpus_acquisition.crawler: Downloading -> data/raw/images/trome/2023/11/13/trome_2023-11-13_5.jpg
2026-07-18 12:56:32,829 [INFO] src.corpus_acquisition.downloader: Downloading page 6 from https://t.prcdn.co/img?file=eag82023111300000000001001&page=6&scale=78
2026-07-18 12:56:32,830 [INFO] src.corpus_acquisition.crawler: Downloading -> data/raw/images/trome/2023/11/13/trome_2023-11-13_6.jpg
2026-07-18 12:56:35,544 [INFO] src.corpus_acquisition.downloader: Downloading page 7 from https://t.prcdn.co/img?file=eag82023111300000000001001&page=7&scale=78
2026-07-18 12:56:35,544 [INFO] src.corpus_acquisition.crawler: Downloading -> data/raw/images/trome/2023/11/13/trome_2023-11-13_7.jpg
2026-07-18 12:56:38,286 [INFO] src.corpus_acquisition.downloader: Downloading page 8 from https://t.prcdn.co/img?file=eag82023111300000000001001&page=8&scale=78
2026-07-18 12:56:38,287 [INFO] src.corpus_acquisition.crawler: Downloading -> data/raw/images/trome/2023/11/13/trome_2023-11-13_8.jpg
2026-07-18 12:56:41,157 [INFO] src.corpus_acquisition.downloader: Downloading page 9 from https://t.prcdn.co/img?file=eag82023111300000000001001&page=9&scale=78
2026-07-18 12:56:41,157 [INFO] src.corpus_acquisition.crawler: Downloading -> data/raw/images/trome/2023/11/13/trome_2023-11-13_9.jpg
2026-07-18 12:56:44,448 [INFO] src.corpus_acquisition.downloader: Downloading page 10 from https://t.prcdn.co/img?file=eag82023111300000000001001&page=10&scale=78
2026-07-18 12:56:44,449 [INFO] src.corpus_acquisition.crawler: Downloading -> data/raw/images/trome/2023/11/13/trome_2023-11-13_10.jpg
2026-07-18 12:56:47,212 [INFO] src.corpus_acquisition.downloader: Downloading page 11 from https://t.prcdn.co/img?file=eag82023111300000000001001&page=11&scale=78
2026-07-18 12:56:47,212 [INFO] src.corpus_acquisition.crawler: Downloading -> data/raw/images/trome/2023/11/13/trome_2023-11-13_11.jpg
2026-07-18 12:56:49,280 [INFO] src.corpus_acquisition.downloader: Downloading page 12 from https://t.prcdn.co/img?file=eag82023111300000000001001&page=12&scale=78
2026-07-18 12:56:49,280 [INFO] src.corpus_acquisition.crawler: Downloading -> data/raw/images/trome/2023/11/13/trome_2023-11-13_12.jpg
2026-07-18 12:56:51,835 [INFO] src.corpus_acquisition.downloader: Downloading page 13 from https://t.prcdn.co/img?file=eag82023111300000000001001&page=13&scale=78
2026-07-18 12:56:51,836 [INFO] src.corpus_acquisition.crawler: Downloading -> data/raw/images/trome/2023/11/13/trome_2023-11-13_13.jpg
2026-07-18 12:56:54,947 [INFO] src.corpus_acquisition.downloader: Downloading page 14 from https://t.prcdn.co/img?file=eag82023111300000000001001&page=14&scale=78
2026-07-18 12:56:54,948 [INFO] src.corpus_acquisition.crawler: Downloading -> data/raw/images/trome/2023/11/13/trome_2023-11-13_14.jpg
2026-07-18 12:56:58,066 [INFO] src.corpus_acquisition.downloader: Downloading page 15 from https://t.prcdn.co/img?file=eag82023111300000000001001&page=15&scale=78
2026-07-18 12:56:58,066 [INFO] src.corpus_acquisition.crawler: Downloading -> data/raw/images/trome/2023/11/13/trome_2023-11-13_15.jpg
2026-07-18 12:57:01,080 [INFO] src.corpus_acquisition.downloader: Downloading page 16 from https://t.prcdn.co/img?file=eag82023111300000000001001&page=16&scale=78
2026-07-18 12:57:01,080 [INFO] src.corpus_acquisition.crawler: Downloading -> data/raw/images/trome/2023/11/13/trome_2023-11-13_16.jpg
2026-07-18 12:57:03,853 [INFO] src.corpus_acquisition.downloader: Downloading page 17 from https://t.prcdn.co/img?file=eag82023111300000000001001&page=17&scale=78
2026-07-18 12:57:03,853 [INFO] src.corpus_acquisition.crawler: Downloading -> data/raw/images/trome/2023/11/13/trome_2023-11-13_17.jpg
2026-07-18 12:57:05,945 [INFO] src.corpus_acquisition.downloader: Downloading page 18 from https://t.prcdn.co/img?file=eag82023111300000000001001&page=18&scale=78
2026-07-18 12:57:05,945 [INFO] src.corpus_acquisition.crawler: Downloading -> data/raw/images/trome/2023/11/13/trome_2023-11-13_18.jpg
2026-07-18 12:57:09,327 [INFO] src.corpus_acquisition.downloader: Downloading page 19 from https://t.prcdn.co/img?file=eag82023111300000000001001&page=19&scale=78
2026-07-18 12:57:09,327 [INFO] src.corpus_acquisition.crawler: Downloading -> data/raw/images/trome/2023/11/13/trome_2023-11-13_19.jpg
2026-07-18 12:57:11,893 [INFO] src.corpus_acquisition.downloader: Downloading page 20 from https://t.prcdn.co/img?file=eag82023111300000000001001&page=20&scale=78
2026-07-18 12:57:11,893 [INFO] src.corpus_acquisition.crawler: Downloading -> data/raw/images/trome/2023/11/13/trome_2023-11-13_20.jpg
2026-07-18 12:57:15,807 [INFO] src.corpus_acquisition.downloader: Downloading page 21 from https://t.prcdn.co/img?file=eag82023111300000000001001&page=21&scale=78
2026-07-18 12:57:15,807 [INFO] src.corpus_acquisition.crawler: Downloading -> data/raw/images/trome/2023/11/13/trome_2023-11-13_21.jpg
2026-07-18 12:57:17,697 [INFO] src.corpus_acquisition.downloader: Downloading page 22 from https://t.prcdn.co/img?file=eag82023111300000000001001&page=22&scale=78
2026-07-18 12:57:17,697 [INFO] src.corpus_acquisition.crawler: Downloading -> data/raw/images/trome/2023/11/13/trome_2023-11-13_22.jpg
2026-07-18 12:57:21,112 [INFO] src.corpus_acquisition.downloader: Downloading page 23 from https://t.prcdn.co/img?file=eag82023111300000000001001&page=23&scale=78
2026-07-18 12:57:21,112 [INFO] src.corpus_acquisition.crawler: Downloading -> data/raw/images/trome/2023/11/13/trome_2023-11-13_23.jpg
2026-07-18 12:57:23,793 [INFO] src.corpus_acquisition.downloader: Downloading page 24 from https://t.prcdn.co/img?file=eag82023111300000000001001&page=24&scale=78
2026-07-18 12:57:23,793 [INFO] src.corpus_acquisition.crawler: Downloading -> data/raw/images/trome/2023/11/13/trome_2023-11-13_24.jpg
2026-07-18 12:57:24,071 [WARNING] src.corpus_acquisition.downloader: Page 24 not found (1/3).
2026-07-18 12:57:24,072 [INFO] src.corpus_acquisition.downloader: Downloading page 25 from https://t.prcdn.co/img?file=eag82023111300000000001001&page=25&scale=78
2026-07-18 12:57:24,072 [INFO] src.corpus_acquisition.crawler: Downloading -> data/raw/images/trome/2023/11/13/trome_2023-11-13_25.jpg
2026-07-18 12:57:24,379 [WARNING] src.corpus_acquisition.downloader: Page 25 not found (2/3).
2026-07-18 12:57:24,379 [INFO] src.corpus_acquisition.downloader: Downloading page 26 from https://t.prcdn.co/img?file=eag82023111300000000001001&page=26&scale=78
2026-07-18 12:57:24,379 [INFO] src.corpus_acquisition.crawler: Downloading -> data/raw/images/trome/2023/11/13/trome_2023-11-13_26.jpg
2026-07-18 12:57:24,622 [WARNING] src.corpus_acquisition.downloader: Page 26 not found (3/3).
2026-07-18 12:57:24,622 [WARNING] src.corpus_acquisition.downloader: No new pages found after 3 attempts; stopping with 23 page(s).
2026-07-18 12:57:24,666 [INFO] src.corpus_acquisition.metadata_extractor: Saved metadata for 23 page(s) -> data/raw/metadata/trome_metadata.parquet (total rows: 35530)
2026-07-18 12:57:24,684 [INFO] src.corpus_acquisition.metadata_extractor: Saved crawl log -> data/raw/crawl_logs/trome_2023-11-13.json (status=success)
2026-07-18 12:57:25,619 [INFO] src.corpus_acquisition.downloader: Downloading page 1 from https://t.prcdn.co/img?file=eag82023111400000000001001&page=1&scale=78
2026-07-18 12:57:25,620 [INFO] src.corpus_acquisition.crawler: Downloading -> data/raw/images/trome/2023/11/14/trome_2023-11-14_1.jpg
2026-07-18 12:57:29,142 [INFO] src.corpus_acquisition.downloader: Downloading page 2 from https://t.prcdn.co/img?file=eag82023111400000000001001&page=2&scale=78
2026-07-18 12:57:29,143 [INFO] src.corpus_acquisition.crawler: Downloading -> data/raw/images/trome/2023/11/14/trome_2023-11-14_2.jpg
2026-07-18 12:57:31,800 [INFO] src.corpus_acquisition.downloader: Downloading page 3 from https://t.prcdn.co/img?file=eag82023111400000000001001&page=3&scale=78
2026-07-18 12:57:31,800 [INFO] src.corpus_acquisition.crawler: Downloading -> data/raw/images/trome/2023/11/14/trome_2023-11-14_3.jpg
2026-07-18 12:57:34,029 [INFO] src.corpus_acquisition.downloader: Downloading page 4 from https://t.prcdn.co/img?file=eag82023111400000000001001&page=4&scale=78
2026-07-18 12:57:34,029 [INFO] src.corpus_acquisition.crawler: Downloading -> data/raw/images/trome/2023/11/14/trome_2023-11-14_4.jpg
2026-07-18 12:57:37,206 [INFO] src.corpus_acquisition.downloader: Downloading page 5 from https://t.prcdn.co/img?file=eag82023111400000000001001&page=5&scale=78
2026-07-18 12:57:37,206 [INFO] src.corpus_acquisition.crawler: Downloading -> data/raw/images/trome/2023/11/14/trome_2023-11-14_5.jpg
2026-07-18 12:57:39,517 [INFO] src.corpus_acquisition.downloader: Downloading page 6 from https://t.prcdn.co/img?file=eag82023111400000000001001&page=6&scale=78
2026-07-18 12:57:39,517 [INFO] src.corpus_acquisition.crawler: Downloading -> data/raw/images/trome/2023/11/14/trome_2023-11-14_6.jpg
2026-07-18 12:57:41,804 [INFO] src.corpus_acquisition.downloader: Downloading page 7 from https://t.prcdn.co/img?file=eag82023111400000000001001&page=7&scale=78
2026-07-18 12:57:41,804 [INFO] src.corpus_acquisition.crawler: Downloading -> data/raw/images/trome/2023/11/14/trome_2023-11-14_7.jpg
2026-07-18 12:57:44,074 [INFO] src.corpus_acquisition.downloader: Downloading page 8 from https://t.prcdn.co/img?file=eag82023111400000000001001&page=8&scale=78
2026-07-18 12:57:44,075 [INFO] src.corpus_acquisition.crawler: Downloading -> data/raw/images/trome/2023/11/14/trome_2023-11-14_8.jpg
2026-07-18 12:57:46,690 [INFO] src.corpus_acquisition.downloader: Downloading page 9 from https://t.prcdn.co/img?file=eag82023111400000000001001&page=9&scale=78
2026-07-18 12:57:46,690 [INFO] src.corpus_acquisition.crawler: Downloading -> data/raw/images/trome/2023/11/14/trome_2023-11-14_9.jpg
2026-07-18 12:57:50,450 [INFO] src.corpus_acquisition.downloader: Downloading page 10 from https://t.prcdn.co/img?file=eag82023111400000000001001&page=10&scale=78
2026-07-18 12:57:50,451 [INFO] src.corpus_acquisition.crawler: Downloading -> data/raw/images/trome/2023/11/14/trome_2023-11-14_10.jpg
2026-07-18 12:57:52,766 [INFO] src.corpus_acquisition.downloader: Downloading page 11 from https://t.prcdn.co/img?file=eag82023111400000000001001&page=11&scale=78
2026-07-18 12:57:52,766 [INFO] src.corpus_acquisition.crawler: Downloading -> data/raw/images/trome/2023/11/14/trome_2023-11-14_11.jpg
2026-07-18 12:57:55,452 [INFO] src.corpus_acquisition.downloader: Downloading page 12 from https://t.prcdn.co/img?file=eag82023111400000000001001&page=12&scale=78
2026-07-18 12:57:55,452 [INFO] src.corpus_acquisition.crawler: Downloading -> data/raw/images/trome/2023/11/14/trome_2023-11-14_12.jpg
2026-07-18 12:57:59,247 [INFO] src.corpus_acquisition.downloader: Downloading page 13 from https://t.prcdn.co/img?file=eag82023111400000000001001&page=13&scale=78
2026-07-18 12:57:59,247 [INFO] src.corpus_acquisition.crawler: Downloading -> data/raw/images/trome/2023/11/14/trome_2023-11-14_13.jpg
2026-07-18 12:58:01,970 [INFO] src.corpus_acquisition.downloader: Downloading page 14 from https://t.prcdn.co/img?file=eag82023111400000000001001&page=14&scale=78
2026-07-18 12:58:01,970 [INFO] src.corpus_acquisition.crawler: Downloading -> data/raw/images/trome/2023/11/14/trome_2023-11-14_14.jpg
2026-07-18 12:58:05,473 [INFO] src.corpus_acquisition.downloader: Downloading page 15 from https://t.prcdn.co/img?file=eag82023111400000000001001&page=15&scale=78
2026-07-18 12:58:05,474 [INFO] src.corpus_acquisition.crawler: Downloading -> data/raw/images/trome/2023/11/14/trome_2023-11-14_15.jpg
2026-07-18 12:58:08,416 [INFO] src.corpus_acquisition.downloader: Downloading page 16 from https://t.prcdn.co/img?file=eag82023111400000000001001&page=16&scale=78
2026-07-18 12:58:08,416 [INFO] src.corpus_acquisition.crawler: Downloading -> data/raw/images/trome/2023/11/14/trome_2023-11-14_16.jpg
2026-07-18 12:58:10,971 [INFO] src.corpus_acquisition.downloader: Downloading page 17 from https://t.prcdn.co/img?file=eag82023111400000000001001&page=17&scale=78
2026-07-18 12:58:10,972 [INFO] src.corpus_acquisition.crawler: Downloading -> data/raw/images/trome/2023/11/14/trome_2023-11-14_17.jpg
2026-07-18 12:58:14,414 [INFO] src.corpus_acquisition.downloader: Downloading page 18 from https://t.prcdn.co/img?file=eag82023111400000000001001&page=18&scale=78
2026-07-18 12:58:14,414 [INFO] src.corpus_acquisition.crawler: Downloading -> data/raw/images/trome/2023/11/14/trome_2023-11-14_18.jpg
2026-07-18 12:58:16,681 [INFO] src.corpus_acquisition.downloader: Downloading page 19 from https://t.prcdn.co/img?file=eag82023111400000000001001&page=19&scale=78
2026-07-18 12:58:16,682 [INFO] src.corpus_acquisition.crawler: Downloading -> data/raw/images/trome/2023/11/14/trome_2023-11-14_19.jpg
2026-07-18 12:58:19,121 [INFO] src.corpus_acquisition.downloader: Downloading page 20 from https://t.prcdn.co/img?file=eag82023111400000000001001&page=20&scale=78
2026-07-18 12:58:19,122 [INFO] src.corpus_acquisition.crawler: Downloading -> data/raw/images/trome/2023/11/14/trome_2023-11-14_20.jpg
2026-07-18 12:58:22,419 [INFO] src.corpus_acquisition.downloader: Downloading page 21 from https://t.prcdn.co/img?file=eag82023111400000000001001&page=21&scale=78
2026-07-18 12:58:22,419 [INFO] src.corpus_acquisition.crawler: Downloading -> data/raw/images/trome/2023/11/14/trome_2023-11-14_21.jpg
2026-07-18 12:58:24,833 [INFO] src.corpus_acquisition.downloader: Downloading page 22 from https://t.prcdn.co/img?file=eag82023111400000000001001&page=22&scale=78
2026-07-18 12:58:24,833 [INFO] src.corpus_acquisition.crawler: Downloading -> data/raw/images/trome/2023/11/14/trome_2023-11-14_22.jpg
2026-07-18 12:58:26,874 [INFO] src.corpus_acquisition.downloader: Downloading page 23 from https://t.prcdn.co/img?file=eag82023111400000000001001&page=23&scale=78
2026-07-18 12:58:26,874 [INFO] src.corpus_acquisition.crawler: Downloading -> data/raw/images/trome/2023/11/14/trome_2023-11-14_23.jpg
2026-07-18 12:58:29,468 [INFO] src.corpus_acquisition.downloader: Downloading page 24 from https://t.prcdn.co/img?file=eag82023111400000000001001&page=24&scale=78
2026-07-18 12:58:29,468 [INFO] src.corpus_acquisition.crawler: Downloading -> data/raw/images/trome/2023/11/14/trome_2023-11-14_24.jpg
2026-07-18 12:58:32,483 [INFO] src.corpus_acquisition.downloader: Downloading page 25 from https://t.prcdn.co/img?file=eag82023111400000000001001&page=25&scale=78
2026-07-18 12:58:32,483 [INFO] src.corpus_acquisition.crawler: Downloading -> data/raw/images/trome/2023/11/14/trome_2023-11-14_25.jpg
2026-07-18 12:58:32,716 [WARNING] src.corpus_acquisition.downloader: Page 25 not found (1/3).
2026-07-18 12:58:32,716 [INFO] src.corpus_acquisition.downloader: Downloading page 26 from https://t.prcdn.co/img?file=eag82023111400000000001001&page=26&scale=78
2026-07-18 12:58:32,716 [INFO] src.corpus_acquisition.crawler: Downloading -> data/raw/images/trome/2023/11/14/trome_2023-11-14_26.jpg
2026-07-18 12:58:32,935 [WARNING] src.corpus_acquisition.downloader: Page 26 not found (2/3).
2026-07-18 12:58:32,935 [INFO] src.corpus_acquisition.downloader: Downloading page 27 from https://t.prcdn.co/img?file=eag82023111400000000001001&page=27&scale=78
2026-07-18 12:58:32,935 [INFO] src.corpus_acquisition.crawler: Downloading -> data/raw/images/trome/2023/11/14/trome_2023-11-14_27.jpg
2026-07-18 12:58:33,153 [WARNING] src.corpus_acquisition.downloader: Page 27 not found (3/3).
2026-07-18 12:58:33,153 [WARNING] src.corpus_acquisition.downloader: No new pages found after 3 attempts; stopping with 24 page(s).
2026-07-18 12:58:33,195 [INFO] src.corpus_acquisition.metadata_extractor: Saved metadata for 24 page(s) -> data/raw/metadata/trome_metadata.parquet (total rows: 35554)
2026-07-18 12:58:33,197 [INFO] src.corpus_acquisition.metadata_extractor: Saved crawl log -> data/raw/crawl_logs/trome_2023-11-14.json (status=success)
2026-07-18 12:58:34,509 [INFO] src.corpus_acquisition.downloader: Downloading page 1 from https://t.prcdn.co/img?file=eag82023111500000000001001&page=1&scale=78
2026-07-18 12:58:34,510 [INFO] src.corpus_acquisition.crawler: Downloading -> data/raw/images/trome/2023/11/15/trome_2023-11-15_1.jpg
2026-07-18 12:58:36,721 [INFO] src.corpus_acquisition.downloader: Downloading page 2 from https://t.prcdn.co/img?file=eag82023111500000000001001&page=2&scale=78
2026-07-18 12:58:36,722 [INFO] src.corpus_acquisition.crawler: Downloading -> data/raw/images/trome/2023/11/15/trome_2023-11-15_2.jpg
2026-07-18 12:58:39,672 [INFO] src.corpus_acquisition.downloader: Downloading page 3 from https://t.prcdn.co/img?file=eag82023111500000000001001&page=3&scale=78
2026-07-18 12:58:39,672 [INFO] src.corpus_acquisition.crawler: Downloading -> data/raw/images/trome/2023/11/15/trome_2023-11-15_3.jpg
2026-07-18 12:58:43,093 [INFO] src.corpus_acquisition.downloader: Downloading page 4 from https://t.prcdn.co/img?file=eag82023111500000000001001&page=4&scale=78
2026-07-18 12:58:43,093 [INFO] src.corpus_acquisition.crawler: Downloading -> data/raw/images/trome/2023/11/15/trome_2023-11-15_4.jpg
2026-07-18 12:58:46,736 [INFO] src.corpus_acquisition.downloader: Downloading page 5 from https://t.prcdn.co/img?file=eag82023111500000000001001&page=5&scale=78
2026-07-18 12:58:46,736 [INFO] src.corpus_acquisition.crawler: Downloading -> data/raw/images/trome/2023/11/15/trome_2023-11-15_5.jpg
2026-07-18 12:58:50,137 [INFO] src.corpus_acquisition.downloader: Downloading page 6 from https://t.prcdn.co/img?file=eag82023111500000000001001&page=6&scale=78
2026-07-18 12:58:50,137 [INFO] src.corpus_acquisition.crawler: Downloading -> data/raw/images/trome/2023/11/15/trome_2023-11-15_6.jpg
2026-07-18 12:58:53,151 [INFO] src.corpus_acquisition.downloader: Downloading page 7 from https://t.prcdn.co/img?file=eag82023111500000000001001&page=7&scale=78
2026-07-18 12:58:53,151 [INFO] src.corpus_acquisition.crawler: Downloading -> data/raw/images/trome/2023/11/15/trome_2023-11-15_7.jpg
2026-07-18 12:58:55,637 [INFO] src.corpus_acquisition.downloader: Downloading page 8 from https://t.prcdn.co/img?file=eag82023111500000000001001&page=8&scale=78
2026-07-18 12:58:55,637 [INFO] src.corpus_acquisition.crawler: Downloading -> data/raw/images/trome/2023/11/15/trome_2023-11-15_8.jpg
2026-07-18 12:58:58,004 [INFO] src.corpus_acquisition.downloader: Downloading page 9 from https://t.prcdn.co/img?file=eag82023111500000000001001&page=9&scale=78
2026-07-18 12:58:58,005 [INFO] src.corpus_acquisition.crawler: Downloading -> data/raw/images/trome/2023/11/15/trome_2023-11-15_9.jpg
2026-07-18 12:59:00,872 [INFO] src.corpus_acquisition.downloader: Downloading page 10 from https://t.prcdn.co/img?file=eag82023111500000000001001&page=10&scale=78
2026-07-18 12:59:00,872 [INFO] src.corpus_acquisition.crawler: Downloading -> data/raw/images/trome/2023/11/15/trome_2023-11-15_10.jpg
2026-07-18 12:59:03,425 [INFO] src.corpus_acquisition.downloader: Downloading page 11 from https://t.prcdn.co/img?file=eag82023111500000000001001&page=11&scale=78
2026-07-18 12:59:03,425 [INFO] src.corpus_acquisition.crawler: Downloading -> data/raw/images/trome/2023/11/15/trome_2023-11-15_11.jpg
2026-07-18 12:59:05,647 [INFO] src.corpus_acquisition.downloader: Downloading page 12 from https://t.prcdn.co/img?file=eag82023111500000000001001&page=12&scale=78
2026-07-18 12:59:05,647 [INFO] src.corpus_acquisition.crawler: Downloading -> data/raw/images/trome/2023/11/15/trome_2023-11-15_12.jpg
2026-07-18 12:59:08,824 [INFO] src.corpus_acquisition.downloader: Downloading page 13 from https://t.prcdn.co/img?file=eag82023111500000000001001&page=13&scale=78
2026-07-18 12:59:08,825 [INFO] src.corpus_acquisition.crawler: Downloading -> data/raw/images/trome/2023/11/15/trome_2023-11-15_13.jpg
2026-07-18 12:59:11,977 [INFO] src.corpus_acquisition.downloader: Downloading page 14 from https://t.prcdn.co/img?file=eag82023111500000000001001&page=14&scale=78
2026-07-18 12:59:11,977 [INFO] src.corpus_acquisition.crawler: Downloading -> data/raw/images/trome/2023/11/15/trome_2023-11-15_14.jpg
2026-07-18 12:59:14,694 [INFO] src.corpus_acquisition.downloader: Downloading page 15 from https://t.prcdn.co/img?file=eag82023111500000000001001&page=15&scale=78
2026-07-18 12:59:14,694 [INFO] src.corpus_acquisition.crawler: Downloading -> data/raw/images/trome/2023/11/15/trome_2023-11-15_15.jpg
2026-07-18 12:59:17,673 [INFO] src.corpus_acquisition.downloader: Downloading page 16 from https://t.prcdn.co/img?file=eag82023111500000000001001&page=16&scale=78
2026-07-18 12:59:17,673 [INFO] src.corpus_acquisition.crawler: Downloading -> data/raw/images/trome/2023/11/15/trome_2023-11-15_16.jpg
2026-07-18 12:59:21,941 [INFO] src.corpus_acquisition.downloader: Downloading page 17 from https://t.prcdn.co/img?file=eag82023111500000000001001&page=17&scale=78
2026-07-18 12:59:21,941 [INFO] src.corpus_acquisition.crawler: Downloading -> data/raw/images/trome/2023/11/15/trome_2023-11-15_17.jpg
2026-07-18 12:59:25,512 [INFO] src.corpus_acquisition.downloader: Downloading page 18 from https://t.prcdn.co/img?file=eag82023111500000000001001&page=18&scale=78
2026-07-18 12:59:25,512 [INFO] src.corpus_acquisition.crawler: Downloading -> data/raw/images/trome/2023/11/15/trome_2023-11-15_18.jpg
2026-07-18 12:59:28,244 [INFO] src.corpus_acquisition.downloader: Downloading page 19 from https://t.prcdn.co/img?file=eag82023111500000000001001&page=19&scale=78
2026-07-18 12:59:28,245 [INFO] src.corpus_acquisition.crawler: Downloading -> data/raw/images/trome/2023/11/15/trome_2023-11-15_19.jpg
2026-07-18 12:59:30,667 [INFO] src.corpus_acquisition.downloader: Downloading page 20 from https://t.prcdn.co/img?file=eag82023111500000000001001&page=20&scale=78
2026-07-18 12:59:30,667 [INFO] src.corpus_acquisition.crawler: Downloading -> data/raw/images/trome/2023/11/15/trome_2023-11-15_20.jpg
2026-07-18 12:59:33,248 [INFO] src.corpus_acquisition.downloader: Downloading page 21 from https://t.prcdn.co/img?file=eag82023111500000000001001&page=21&scale=78
2026-07-18 12:59:33,248 [INFO] src.corpus_acquisition.crawler: Downloading -> data/raw/images/trome/2023/11/15/trome_2023-11-15_21.jpg
2026-07-18 12:59:35,676 [INFO] src.corpus_acquisition.downloader: Downloading page 22 from https://t.prcdn.co/img?file=eag82023111500000000001001&page=22&scale=78
2026-07-18 12:59:35,676 [INFO] src.corpus_acquisition.crawler: Downloading -> data/raw/images/trome/2023/11/15/trome_2023-11-15_22.jpg
2026-07-18 12:59:38,706 [INFO] src.corpus_acquisition.downloader: Downloading page 23 from https://t.prcdn.co/img?file=eag82023111500000000001001&page=23&scale=78
2026-07-18 12:59:38,707 [INFO] src.corpus_acquisition.crawler: Downloading -> data/raw/images/trome/2023/11/15/trome_2023-11-15_23.jpg
2026-07-18 12:59:41,746 [INFO] src.corpus_acquisition.downloader: Downloading page 24 from https://t.prcdn.co/img?file=eag82023111500000000001001&page=24&scale=78
2026-07-18 12:59:41,746 [INFO] src.corpus_acquisition.crawler: Downloading -> data/raw/images/trome/2023/11/15/trome_2023-11-15_24.jpg
2026-07-18 12:59:44,021 [INFO] src.corpus_acquisition.downloader: Downloading page 25 from https://t.prcdn.co/img?file=eag82023111500000000001001&page=25&scale=78
2026-07-18 12:59:44,022 [INFO] src.corpus_acquisition.crawler: Downloading -> data/raw/images/trome/2023/11/15/trome_2023-11-15_25.jpg
2026-07-18 12:59:44,283 [WARNING] src.corpus_acquisition.downloader: Page 25 not found (1/3).
2026-07-18 12:59:44,284 [INFO] src.corpus_acquisition.downloader: Downloading page 26 from https://t.prcdn.co/img?file=eag82023111500000000001001&page=26&scale=78
2026-07-18 12:59:44,284 [INFO] src.corpus_acquisition.crawler: Downloading -> data/raw/images/trome/2023/11/15/trome_2023-11-15_26.jpg
2026-07-18 12:59:44,519 [WARNING] src.corpus_acquisition.downloader: Page 26 not found (2/3).
2026-07-18 12:59:44,519 [INFO] src.corpus_acquisition.downloader: Downloading page 27 from https://t.prcdn.co/img?file=eag82023111500000000001001&page=27&scale=78
2026-07-18 12:59:44,519 [INFO] src.corpus_acquisition.crawler: Downloading -> data/raw/images/trome/2023/11/15/trome_2023-11-15_27.jpg
2026-07-18 12:59:44,740 [WARNING] src.corpus_acquisition.downloader: Page 27 not found (3/3).
2026-07-18 12:59:44,740 [WARNING] src.corpus_acquisition.downloader: No new pages found after 3 attempts; stopping with 24 page(s).
2026-07-18 12:59:44,786 [INFO] src.corpus_acquisition.metadata_extractor: Saved metadata for 24 page(s) -> data/raw/metadata/trome_metadata.parquet (total rows: 35578)
2026-07-18 12:59:44,790 [INFO] src.corpus_acquisition.metadata_extractor: Saved crawl log -> data/raw/crawl_logs/trome_2023-11-15.json (status=success)
2026-07-18 12:59:45,988 [INFO] src.corpus_acquisition.downloader: Downloading page 1 from https://t.prcdn.co/img?file=eag82023111600000000001001&page=1&scale=78
2026-07-18 12:59:45,989 [INFO] src.corpus_acquisition.crawler: Downloading -> data/raw/images/trome/2023/11/16/trome_2023-11-16_1.jpg
2026-07-18 12:59:48,522 [INFO] src.corpus_acquisition.downloader: Downloading page 2 from https://t.prcdn.co/img?file=eag82023111600000000001001&page=2&scale=78
2026-07-18 12:59:48,523 [INFO] src.corpus_acquisition.crawler: Downloading -> data/raw/images/trome/2023/11/16/trome_2023-11-16_2.jpg
2026-07-18 12:59:52,681 [INFO] src.corpus_acquisition.downloader: Downloading page 3 from https://t.prcdn.co/img?file=eag82023111600000000001001&page=3&scale=78
2026-07-18 12:59:52,681 [INFO] src.corpus_acquisition.crawler: Downloading -> data/raw/images/trome/2023/11/16/trome_2023-11-16_3.jpg
2026-07-18 12:59:54,987 [INFO] src.corpus_acquisition.downloader: Downloading page 4 from https://t.prcdn.co/img?file=eag82023111600000000001001&page=4&scale=78
2026-07-18 12:59:54,987 [INFO] src.corpus_acquisition.crawler: Downloading -> data/raw/images/trome/2023/11/16/trome_2023-11-16_4.jpg
2026-07-18 12:59:57,827 [INFO] src.corpus_acquisition.downloader: Downloading page 5 from https://t.prcdn.co/img?file=eag82023111600000000001001&page=5&scale=78
2026-07-18 12:59:57,828 [INFO] src.corpus_acquisition.crawler: Downloading -> data/raw/images/trome/2023/11/16/trome_2023-11-16_5.jpg
2026-07-18 12:59:59,913 [INFO] src.corpus_acquisition.downloader: Downloading page 6 from https://t.prcdn.co/img?file=eag82023111600000000001001&page=6&scale=78
2026-07-18 12:59:59,914 [INFO] src.corpus_acquisition.crawler: Downloading -> data/raw/images/trome/2023/11/16/trome_2023-11-16_6.jpg
2026-07-18 13:00:03,730 [INFO] src.corpus_acquisition.downloader: Downloading page 7 from https://t.prcdn.co/img?file=eag82023111600000000001001&page=7&scale=78
2026-07-18 13:00:03,731 [INFO] src.corpus_acquisition.crawler: Downloading -> data/raw/images/trome/2023/11/16/trome_2023-11-16_7.jpg
2026-07-18 13:00:06,703 [INFO] src.corpus_acquisition.downloader: Downloading page 8 from https://t.prcdn.co/img?file=eag82023111600000000001001&page=8&scale=78
2026-07-18 13:00:06,703 [INFO] src.corpus_acquisition.crawler: Downloading -> data/raw/images/trome/2023/11/16/trome_2023-11-16_8.jpg
2026-07-18 13:00:09,290 [INFO] src.corpus_acquisition.downloader: Downloading page 9 from https://t.prcdn.co/img?file=eag82023111600000000001001&page=9&scale=78
2026-07-18 13:00:09,290 [INFO] src.corpus_acquisition.crawler: Downloading -> data/raw/images/trome/2023/11/16/trome_2023-11-16_9.jpg
2026-07-18 13:00:12,231 [INFO] src.corpus_acquisition.downloader: Downloading page 10 from https://t.prcdn.co/img?file=eag82023111600000000001001&page=10&scale=78
2026-07-18 13:00:12,231 [INFO] src.corpus_acquisition.crawler: Downloading -> data/raw/images/trome/2023/11/16/trome_2023-11-16_10.jpg
2026-07-18 13:00:14,591 [INFO] src.corpus_acquisition.downloader: Downloading page 11 from https://t.prcdn.co/img?file=eag82023111600000000001001&page=11&scale=78
2026-07-18 13:00:14,591 [INFO] src.corpus_acquisition.crawler: Downloading -> data/raw/images/trome/2023/11/16/trome_2023-11-16_11.jpg
2026-07-18 13:00:17,609 [INFO] src.corpus_acquisition.downloader: Downloading page 12 from https://t.prcdn.co/img?file=eag82023111600000000001001&page=12&scale=78
2026-07-18 13:00:17,609 [INFO] src.corpus_acquisition.crawler: Downloading -> data/raw/images/trome/2023/11/16/trome_2023-11-16_12.jpg
2026-07-18 13:00:20,155 [INFO] src.corpus_acquisition.downloader: Downloading page 13 from https://t.prcdn.co/img?file=eag82023111600000000001001&page=13&scale=78
2026-07-18 13:00:20,155 [INFO] src.corpus_acquisition.crawler: Downloading -> data/raw/images/trome/2023/11/16/trome_2023-11-16_13.jpg
2026-07-18 13:00:23,492 [INFO] src.corpus_acquisition.downloader: Downloading page 14 from https://t.prcdn.co/img?file=eag82023111600000000001001&page=14&scale=78
2026-07-18 13:00:23,492 [INFO] src.corpus_acquisition.crawler: Downloading -> data/raw/images/trome/2023/11/16/trome_2023-11-16_14.jpg
2026-07-18 13:00:26,591 [INFO] src.corpus_acquisition.downloader: Downloading page 15 from https://t.prcdn.co/img?file=eag82023111600000000001001&page=15&scale=78
2026-07-18 13:00:26,591 [INFO] src.corpus_acquisition.crawler: Downloading -> data/raw/images/trome/2023/11/16/trome_2023-11-16_15.jpg
2026-07-18 13:00:29,115 [INFO] src.corpus_acquisition.downloader: Downloading page 16 from https://t.prcdn.co/img?file=eag82023111600000000001001&page=16&scale=78
2026-07-18 13:00:29,115 [INFO] src.corpus_acquisition.crawler: Downloading -> data/raw/images/trome/2023/11/16/trome_2023-11-16_16.jpg
2026-07-18 13:00:32,424 [INFO] src.corpus_acquisition.downloader: Downloading page 17 from https://t.prcdn.co/img?file=eag82023111600000000001001&page=17&scale=78
2026-07-18 13:00:32,424 [INFO] src.corpus_acquisition.crawler: Downloading -> data/raw/images/trome/2023/11/16/trome_2023-11-16_17.jpg
2026-07-18 13:00:35,187 [INFO] src.corpus_acquisition.downloader: Downloading page 18 from https://t.prcdn.co/img?file=eag82023111600000000001001&page=18&scale=78
2026-07-18 13:00:35,188 [INFO] src.corpus_acquisition.crawler: Downloading -> data/raw/images/trome/2023/11/16/trome_2023-11-16_18.jpg
2026-07-18 13:00:37,982 [INFO] src.corpus_acquisition.downloader: Downloading page 19 from https://t.prcdn.co/img?file=eag82023111600000000001001&page=19&scale=78
2026-07-18 13:00:37,982 [INFO] src.corpus_acquisition.crawler: Downloading -> data/raw/images/trome/2023/11/16/trome_2023-11-16_19.jpg
2026-07-18 13:00:40,647 [INFO] src.corpus_acquisition.downloader: Downloading page 20 from https://t.prcdn.co/img?file=eag82023111600000000001001&page=20&scale=78
2026-07-18 13:00:40,648 [INFO] src.corpus_acquisition.crawler: Downloading -> data/raw/images/trome/2023/11/16/trome_2023-11-16_20.jpg
2026-07-18 13:00:42,986 [INFO] src.corpus_acquisition.downloader: Downloading page 21 from https://t.prcdn.co/img?file=eag82023111600000000001001&page=21&scale=78
2026-07-18 13:00:42,986 [INFO] src.corpus_acquisition.crawler: Downloading -> data/raw/images/trome/2023/11/16/trome_2023-11-16_21.jpg
2026-07-18 13:00:45,148 [INFO] src.corpus_acquisition.downloader: Downloading page 22 from https://t.prcdn.co/img?file=eag82023111600000000001001&page=22&scale=78
2026-07-18 13:00:45,148 [INFO] src.corpus_acquisition.crawler: Downloading -> data/raw/images/trome/2023/11/16/trome_2023-11-16_22.jpg
2026-07-18 13:00:48,632 [INFO] src.corpus_acquisition.downloader: Downloading page 23 from https://t.prcdn.co/img?file=eag82023111600000000001001&page=23&scale=78
2026-07-18 13:00:48,632 [INFO] src.corpus_acquisition.crawler: Downloading -> data/raw/images/trome/2023/11/16/trome_2023-11-16_23.jpg
2026-07-18 13:00:51,189 [INFO] src.corpus_acquisition.downloader: Downloading page 24 from https://t.prcdn.co/img?file=eag82023111600000000001001&page=24&scale=78
2026-07-18 13:00:51,189 [INFO] src.corpus_acquisition.crawler: Downloading -> data/raw/images/trome/2023/11/16/trome_2023-11-16_24.jpg
2026-07-18 13:00:53,664 [INFO] src.corpus_acquisition.downloader: Downloading page 25 from https://t.prcdn.co/img?file=eag82023111600000000001001&page=25&scale=78
2026-07-18 13:00:53,665 [INFO] src.corpus_acquisition.crawler: Downloading -> data/raw/images/trome/2023/11/16/trome_2023-11-16_25.jpg
2026-07-18 13:00:53,930 [WARNING] src.corpus_acquisition.downloader: Page 25 not found (1/3).
2026-07-18 13:00:53,931 [INFO] src.corpus_acquisition.downloader: Downloading page 26 from https://t.prcdn.co/img?file=eag82023111600000000001001&page=26&scale=78
2026-07-18 13:00:53,931 [INFO] src.corpus_acquisition.crawler: Downloading -> data/raw/images/trome/2023/11/16/trome_2023-11-16_26.jpg
2026-07-18 13:00:54,173 [WARNING] src.corpus_acquisition.downloader: Page 26 not found (2/3).
2026-07-18 13:00:54,173 [INFO] src.corpus_acquisition.downloader: Downloading page 27 from https://t.prcdn.co/img?file=eag82023111600000000001001&page=27&scale=78
2026-07-18 13:00:54,173 [INFO] src.corpus_acquisition.crawler: Downloading -> data/raw/images/trome/2023/11/16/trome_2023-11-16_27.jpg
2026-07-18 13:00:54,388 [WARNING] src.corpus_acquisition.downloader: Page 27 not found (3/3).
2026-07-18 13:00:54,388 [WARNING] src.corpus_acquisition.downloader: No new pages found after 3 attempts; stopping with 24 page(s).
2026-07-18 13:00:54,436 [INFO] src.corpus_acquisition.metadata_extractor: Saved metadata for 24 page(s) -> data/raw/metadata/trome_metadata.parquet (total rows: 35602)
2026-07-18 13:00:54,455 [INFO] src.corpus_acquisition.metadata_extractor: Saved crawl log -> data/raw/crawl_logs/trome_2023-11-16.json (status=success)
2026-07-18 13:00:55,829 [INFO] src.corpus_acquisition.downloader: Downloading page 1 from https://t.prcdn.co/img?file=eag82023111700000000001001&page=1&scale=78
2026-07-18 13:00:55,830 [INFO] src.corpus_acquisition.crawler: Downloading -> data/raw/images/trome/2023/11/17/trome_2023-11-17_1.jpg
2026-07-18 13:00:58,703 [INFO] src.corpus_acquisition.downloader: Downloading page 2 from https://t.prcdn.co/img?file=eag82023111700000000001001&page=2&scale=78
2026-07-18 13:00:58,703 [INFO] src.corpus_acquisition.crawler: Downloading -> data/raw/images/trome/2023/11/17/trome_2023-11-17_2.jpg
2026-07-18 13:01:04,194 [INFO] src.corpus_acquisition.downloader: Downloading page 3 from https://t.prcdn.co/img?file=eag82023111700000000001001&page=3&scale=78
2026-07-18 13:01:04,194 [INFO] src.corpus_acquisition.crawler: Downloading -> data/raw/images/trome/2023/11/17/trome_2023-11-17_3.jpg
2026-07-18 13:01:07,168 [INFO] src.corpus_acquisition.downloader: Downloading page 4 from https://t.prcdn.co/img?file=eag82023111700000000001001&page=4&scale=78
2026-07-18 13:01:07,169 [INFO] src.corpus_acquisition.crawler: Downloading -> data/raw/images/trome/2023/11/17/trome_2023-11-17_4.jpg
2026-07-18 13:01:10,032 [INFO] src.corpus_acquisition.downloader: Downloading page 5 from https://t.prcdn.co/img?file=eag82023111700000000001001&page=5&scale=78
2026-07-18 13:01:10,032 [INFO] src.corpus_acquisition.crawler: Downloading -> data/raw/images/trome/2023/11/17/trome_2023-11-17_5.jpg
2026-07-18 13:01:12,298 [INFO] src.corpus_acquisition.downloader: Downloading page 6 from https://t.prcdn.co/img?file=eag82023111700000000001001&page=6&scale=78
2026-07-18 13:01:12,299 [INFO] src.corpus_acquisition.crawler: Downloading -> data/raw/images/trome/2023/11/17/trome_2023-11-17_6.jpg
2026-07-18 13:01:15,314 [INFO] src.corpus_acquisition.downloader: Downloading page 7 from https://t.prcdn.co/img?file=eag82023111700000000001001&page=7&scale=78
2026-07-18 13:01:15,315 [INFO] src.corpus_acquisition.crawler: Downloading -> data/raw/images/trome/2023/11/17/trome_2023-11-17_7.jpg
2026-07-18 13:01:17,858 [INFO] src.corpus_acquisition.downloader: Downloading page 8 from https://t.prcdn.co/img?file=eag82023111700000000001001&page=8&scale=78
2026-07-18 13:01:17,858 [INFO] src.corpus_acquisition.crawler: Downloading -> data/raw/images/trome/2023/11/17/trome_2023-11-17_8.jpg
2026-07-18 13:01:20,575 [INFO] src.corpus_acquisition.downloader: Downloading page 9 from https://t.prcdn.co/img?file=eag82023111700000000001001&page=9&scale=78
2026-07-18 13:01:20,575 [INFO] src.corpus_acquisition.crawler: Downloading -> data/raw/images/trome/2023/11/17/trome_2023-11-17_9.jpg
2026-07-18 13:01:23,036 [INFO] src.corpus_acquisition.downloader: Downloading page 10 from https://t.prcdn.co/img?file=eag82023111700000000001001&page=10&scale=78
2026-07-18 13:01:23,037 [INFO] src.corpus_acquisition.crawler: Downloading -> data/raw/images/trome/2023/11/17/trome_2023-11-17_10.jpg
2026-07-18 13:01:26,237 [INFO] src.corpus_acquisition.downloader: Downloading page 11 from https://t.prcdn.co/img?file=eag82023111700000000001001&page=11&scale=78
2026-07-18 13:01:26,238 [INFO] src.corpus_acquisition.crawler: Downloading -> data/raw/images/trome/2023/11/17/trome_2023-11-17_11.jpg
2026-07-18 13:01:29,473 [INFO] src.corpus_acquisition.downloader: Downloading page 12 from https://t.prcdn.co/img?file=eag82023111700000000001001&page=12&scale=78
2026-07-18 13:01:29,473 [INFO] src.corpus_acquisition.crawler: Downloading -> data/raw/images/trome/2023/11/17/trome_2023-11-17_12.jpg
2026-07-18 13:01:32,788 [INFO] src.corpus_acquisition.downloader: Downloading page 13 from https://t.prcdn.co/img?file=eag82023111700000000001001&page=13&scale=78
2026-07-18 13:01:32,788 [INFO] src.corpus_acquisition.crawler: Downloading -> data/raw/images/trome/2023/11/17/trome_2023-11-17_13.jpg
2026-07-18 13:01:36,018 [INFO] src.corpus_acquisition.downloader: Downloading page 14 from https://t.prcdn.co/img?file=eag82023111700000000001001&page=14&scale=78
2026-07-18 13:01:36,018 [INFO] src.corpus_acquisition.crawler: Downloading -> data/raw/images/trome/2023/11/17/trome_2023-11-17_14.jpg
2026-07-18 13:01:40,212 [INFO] src.corpus_acquisition.downloader: Downloading page 15 from https://t.prcdn.co/img?file=eag82023111700000000001001&page=15&scale=78
2026-07-18 13:01:40,213 [INFO] src.corpus_acquisition.crawler: Downloading -> data/raw/images/trome/2023/11/17/trome_2023-11-17_15.jpg
2026-07-18 13:01:42,395 [INFO] src.corpus_acquisition.downloader: Downloading page 16 from https://t.prcdn.co/img?file=eag82023111700000000001001&page=16&scale=78
2026-07-18 13:01:42,396 [INFO] src.corpus_acquisition.crawler: Downloading -> data/raw/images/trome/2023/11/17/trome_2023-11-17_16.jpg
2026-07-18 13:01:44,974 [INFO] src.corpus_acquisition.downloader: Downloading page 17 from https://t.prcdn.co/img?file=eag82023111700000000001001&page=17&scale=78
2026-07-18 13:01:44,975 [INFO] src.corpus_acquisition.crawler: Downloading -> data/raw/images/trome/2023/11/17/trome_2023-11-17_17.jpg
2026-07-18 13:01:47,595 [INFO] src.corpus_acquisition.downloader: Downloading page 18 from https://t.prcdn.co/img?file=eag82023111700000000001001&page=18&scale=78
2026-07-18 13:01:47,596 [INFO] src.corpus_acquisition.crawler: Downloading -> data/raw/images/trome/2023/11/17/trome_2023-11-17_18.jpg
2026-07-18 13:01:50,124 [INFO] src.corpus_acquisition.downloader: Downloading page 19 from https://t.prcdn.co/img?file=eag82023111700000000001001&page=19&scale=78
2026-07-18 13:01:50,125 [INFO] src.corpus_acquisition.crawler: Downloading -> data/raw/images/trome/2023/11/17/trome_2023-11-17_19.jpg
2026-07-18 13:01:52,669 [INFO] src.corpus_acquisition.downloader: Downloading page 20 from https://t.prcdn.co/img?file=eag82023111700000000001001&page=20&scale=78
2026-07-18 13:01:52,669 [INFO] src.corpus_acquisition.crawler: Downloading -> data/raw/images/trome/2023/11/17/trome_2023-11-17_20.jpg
2026-07-18 13:01:55,907 [INFO] src.corpus_acquisition.downloader: Downloading page 21 from https://t.prcdn.co/img?file=eag82023111700000000001001&page=21&scale=78
2026-07-18 13:01:55,907 [INFO] src.corpus_acquisition.crawler: Downloading -> data/raw/images/trome/2023/11/17/trome_2023-11-17_21.jpg
2026-07-18 13:01:58,294 [INFO] src.corpus_acquisition.downloader: Downloading page 22 from https://t.prcdn.co/img?file=eag82023111700000000001001&page=22&scale=78
2026-07-18 13:01:58,295 [INFO] src.corpus_acquisition.crawler: Downloading -> data/raw/images/trome/2023/11/17/trome_2023-11-17_22.jpg
2026-07-18 13:02:02,318 [INFO] src.corpus_acquisition.downloader: Downloading page 23 from https://t.prcdn.co/img?file=eag82023111700000000001001&page=23&scale=78
2026-07-18 13:02:02,318 [INFO] src.corpus_acquisition.crawler: Downloading -> data/raw/images/trome/2023/11/17/trome_2023-11-17_23.jpg
2026-07-18 13:02:04,471 [INFO] src.corpus_acquisition.downloader: Downloading page 24 from https://t.prcdn.co/img?file=eag82023111700000000001001&page=24&scale=78
2026-07-18 13:02:04,472 [INFO] src.corpus_acquisition.crawler: Downloading -> data/raw/images/trome/2023/11/17/trome_2023-11-17_24.jpg
2026-07-18 13:02:07,047 [INFO] src.corpus_acquisition.downloader: Downloading page 25 from https://t.prcdn.co/img?file=eag82023111700000000001001&page=25&scale=78
2026-07-18 13:02:07,047 [INFO] src.corpus_acquisition.crawler: Downloading -> data/raw/images/trome/2023/11/17/trome_2023-11-17_25.jpg
2026-07-18 13:02:07,273 [WARNING] src.corpus_acquisition.downloader: Page 25 not found (1/3).
2026-07-18 13:02:07,274 [INFO] src.corpus_acquisition.downloader: Downloading page 26 from https://t.prcdn.co/img?file=eag82023111700000000001001&page=26&scale=78
2026-07-18 13:02:07,274 [INFO] src.corpus_acquisition.crawler: Downloading -> data/raw/images/trome/2023/11/17/trome_2023-11-17_26.jpg
2026-07-18 13:02:07,486 [WARNING] src.corpus_acquisition.downloader: Page 26 not found (2/3).
2026-07-18 13:02:07,486 [INFO] src.corpus_acquisition.downloader: Downloading page 27 from https://t.prcdn.co/img?file=eag82023111700000000001001&page=27&scale=78
2026-07-18 13:02:07,486 [INFO] src.corpus_acquisition.crawler: Downloading -> data/raw/images/trome/2023/11/17/trome_2023-11-17_27.jpg
2026-07-18 13:02:07,710 [WARNING] src.corpus_acquisition.downloader: Page 27 not found (3/3).
2026-07-18 13:02:07,710 [WARNING] src.corpus_acquisition.downloader: No new pages found after 3 attempts; stopping with 24 page(s).
2026-07-18 13:02:07,752 [INFO] src.corpus_acquisition.metadata_extractor: Saved metadata for 24 page(s) -> data/raw/metadata/trome_metadata.parquet (total rows: 35626)
2026-07-18 13:02:07,756 [INFO] src.corpus_acquisition.metadata_extractor: Saved crawl log -> data/raw/crawl_logs/trome_2023-11-17.json (status=success)
2026-07-18 13:02:09,090 [INFO] src.corpus_acquisition.downloader: Downloading page 1 from https://t.prcdn.co/img?file=eag82023111800000000001001&page=1&scale=78
2026-07-18 13:02:09,090 [INFO] src.corpus_acquisition.crawler: Downloading -> data/raw/images/trome/2023/11/18/trome_2023-11-18_1.jpg
2026-07-18 13:02:11,940 [INFO] src.corpus_acquisition.downloader: Downloading page 2 from https://t.prcdn.co/img?file=eag82023111800000000001001&page=2&scale=78
2026-07-18 13:02:11,941 [INFO] src.corpus_acquisition.crawler: Downloading -> data/raw/images/trome/2023/11/18/trome_2023-11-18_2.jpg
2026-07-18 13:02:15,675 [INFO] src.corpus_acquisition.downloader: Downloading page 3 from https://t.prcdn.co/img?file=eag82023111800000000001001&page=3&scale=78
2026-07-18 13:02:15,675 [INFO] src.corpus_acquisition.crawler: Downloading -> data/raw/images/trome/2023/11/18/trome_2023-11-18_3.jpg
2026-07-18 13:02:18,702 [INFO] src.corpus_acquisition.downloader: Downloading page 4 from https://t.prcdn.co/img?file=eag82023111800000000001001&page=4&scale=78
2026-07-18 13:02:18,703 [INFO] src.corpus_acquisition.crawler: Downloading -> data/raw/images/trome/2023/11/18/trome_2023-11-18_4.jpg
2026-07-18 13:02:22,158 [INFO] src.corpus_acquisition.downloader: Downloading page 5 from https://t.prcdn.co/img?file=eag82023111800000000001001&page=5&scale=78
2026-07-18 13:02:22,159 [INFO] src.corpus_acquisition.crawler: Downloading -> data/raw/images/trome/2023/11/18/trome_2023-11-18_5.jpg
2026-07-18 13:02:25,163 [INFO] src.corpus_acquisition.downloader: Downloading page 6 from https://t.prcdn.co/img?file=eag82023111800000000001001&page=6&scale=78
2026-07-18 13:02:25,164 [INFO] src.corpus_acquisition.crawler: Downloading -> data/raw/images/trome/2023/11/18/trome_2023-11-18_6.jpg
2026-07-18 13:02:27,518 [INFO] src.corpus_acquisition.downloader: Downloading page 7 from https://t.prcdn.co/img?file=eag82023111800000000001001&page=7&scale=78
2026-07-18 13:02:27,518 [INFO] src.corpus_acquisition.crawler: Downloading -> data/raw/images/trome/2023/11/18/trome_2023-11-18_7.jpg
2026-07-18 13:02:29,842 [INFO] src.corpus_acquisition.downloader: Downloading page 8 from https://t.prcdn.co/img?file=eag82023111800000000001001&page=8&scale=78
2026-07-18 13:02:29,842 [INFO] src.corpus_acquisition.crawler: Downloading -> data/raw/images/trome/2023/11/18/trome_2023-11-18_8.jpg
2026-07-18 13:02:32,402 [INFO] src.corpus_acquisition.downloader: Downloading page 9 from https://t.prcdn.co/img?file=eag82023111800000000001001&page=9&scale=78
2026-07-18 13:02:32,402 [INFO] src.corpus_acquisition.crawler: Downloading -> data/raw/images/trome/2023/11/18/trome_2023-11-18_9.jpg
2026-07-18 13:02:35,461 [INFO] src.corpus_acquisition.downloader: Downloading page 10 from https://t.prcdn.co/img?file=eag82023111800000000001001&page=10&scale=78
2026-07-18 13:02:35,461 [INFO] src.corpus_acquisition.crawler: Downloading -> data/raw/images/trome/2023/11/18/trome_2023-11-18_10.jpg
2026-07-18 13:02:38,348 [INFO] src.corpus_acquisition.downloader: Downloading page 11 from https://t.prcdn.co/img?file=eag82023111800000000001001&page=11&scale=78
2026-07-18 13:02:38,348 [INFO] src.corpus_acquisition.crawler: Downloading -> data/raw/images/trome/2023/11/18/trome_2023-11-18_11.jpg
2026-07-18 13:02:40,829 [INFO] src.corpus_acquisition.downloader: Downloading page 12 from https://t.prcdn.co/img?file=eag82023111800000000001001&page=12&scale=78
2026-07-18 13:02:40,830 [INFO] src.corpus_acquisition.crawler: Downloading -> data/raw/images/trome/2023/11/18/trome_2023-11-18_12.jpg
2026-07-18 13:02:42,806 [INFO] src.corpus_acquisition.downloader: Downloading page 13 from https://t.prcdn.co/img?file=eag82023111800000000001001&page=13&scale=78
2026-07-18 13:02:42,807 [INFO] src.corpus_acquisition.crawler: Downloading -> data/raw/images/trome/2023/11/18/trome_2023-11-18_13.jpg
2026-07-18 13:02:45,846 [INFO] src.corpus_acquisition.downloader: Downloading page 14 from https://t.prcdn.co/img?file=eag82023111800000000001001&page=14&scale=78
2026-07-18 13:02:45,846 [INFO] src.corpus_acquisition.crawler: Downloading -> data/raw/images/trome/2023/11/18/trome_2023-11-18_14.jpg
2026-07-18 13:02:48,876 [INFO] src.corpus_acquisition.downloader: Downloading page 15 from https://t.prcdn.co/img?file=eag82023111800000000001001&page=15&scale=78
2026-07-18 13:02:48,876 [INFO] src.corpus_acquisition.crawler: Downloading -> data/raw/images/trome/2023/11/18/trome_2023-11-18_15.jpg
2026-07-18 13:02:51,566 [INFO] src.corpus_acquisition.downloader: Downloading page 16 from https://t.prcdn.co/img?file=eag82023111800000000001001&page=16&scale=78
2026-07-18 13:02:51,566 [INFO] src.corpus_acquisition.crawler: Downloading -> data/raw/images/trome/2023/11/18/trome_2023-11-18_16.jpg
2026-07-18 13:02:54,857 [INFO] src.corpus_acquisition.downloader: Downloading page 17 from https://t.prcdn.co/img?file=eag82023111800000000001001&page=17&scale=78
2026-07-18 13:02:54,858 [INFO] src.corpus_acquisition.crawler: Downloading -> data/raw/images/trome/2023/11/18/trome_2023-11-18_17.jpg
2026-07-18 13:02:57,479 [INFO] src.corpus_acquisition.downloader: Downloading page 18 from https://t.prcdn.co/img?file=eag82023111800000000001001&page=18&scale=78
2026-07-18 13:02:57,479 [INFO] src.corpus_acquisition.crawler: Downloading -> data/raw/images/trome/2023/11/18/trome_2023-11-18_18.jpg
2026-07-18 13:03:00,187 [INFO] src.corpus_acquisition.downloader: Downloading page 19 from https://t.prcdn.co/img?file=eag82023111800000000001001&page=19&scale=78
2026-07-18 13:03:00,187 [INFO] src.corpus_acquisition.crawler: Downloading -> data/raw/images/trome/2023/11/18/trome_2023-11-18_19.jpg
2026-07-18 13:03:03,377 [INFO] src.corpus_acquisition.downloader: Downloading page 20 from https://t.prcdn.co/img?file=eag82023111800000000001001&page=20&scale=78
2026-07-18 13:03:03,377 [INFO] src.corpus_acquisition.crawler: Downloading -> data/raw/images/trome/2023/11/18/trome_2023-11-18_20.jpg
2026-07-18 13:03:06,180 [INFO] src.corpus_acquisition.downloader: Downloading page 21 from https://t.prcdn.co/img?file=eag82023111800000000001001&page=21&scale=78
2026-07-18 13:03:06,181 [INFO] src.corpus_acquisition.crawler: Downloading -> data/raw/images/trome/2023/11/18/trome_2023-11-18_21.jpg
2026-07-18 13:03:08,201 [INFO] src.corpus_acquisition.downloader: Downloading page 22 from https://t.prcdn.co/img?file=eag82023111800000000001001&page=22&scale=78
2026-07-18 13:03:08,201 [INFO] src.corpus_acquisition.crawler: Downloading -> data/raw/images/trome/2023/11/18/trome_2023-11-18_22.jpg
2026-07-18 13:03:11,328 [INFO] src.corpus_acquisition.downloader: Downloading page 23 from https://t.prcdn.co/img?file=eag82023111800000000001001&page=23&scale=78
2026-07-18 13:03:11,328 [INFO] src.corpus_acquisition.crawler: Downloading -> data/raw/images/trome/2023/11/18/trome_2023-11-18_23.jpg
2026-07-18 13:03:13,773 [INFO] src.corpus_acquisition.downloader: Downloading page 24 from https://t.prcdn.co/img?file=eag82023111800000000001001&page=24&scale=78
2026-07-18 13:03:13,773 [INFO] src.corpus_acquisition.crawler: Downloading -> data/raw/images/trome/2023/11/18/trome_2023-11-18_24.jpg
2026-07-18 13:03:17,249 [INFO] src.corpus_acquisition.downloader: Downloading page 25 from https://t.prcdn.co/img?file=eag82023111800000000001001&page=25&scale=78
2026-07-18 13:03:17,250 [INFO] src.corpus_acquisition.crawler: Downloading -> data/raw/images/trome/2023/11/18/trome_2023-11-18_25.jpg
2026-07-18 13:03:17,475 [WARNING] src.corpus_acquisition.downloader: Page 25 not found (1/3).
2026-07-18 13:03:17,475 [INFO] src.corpus_acquisition.downloader: Downloading page 26 from https://t.prcdn.co/img?file=eag82023111800000000001001&page=26&scale=78
2026-07-18 13:03:17,476 [INFO] src.corpus_acquisition.crawler: Downloading -> data/raw/images/trome/2023/11/18/trome_2023-11-18_26.jpg
2026-07-18 13:03:17,709 [WARNING] src.corpus_acquisition.downloader: Page 26 not found (2/3).
2026-07-18 13:03:17,709 [INFO] src.corpus_acquisition.downloader: Downloading page 27 from https://t.prcdn.co/img?file=eag82023111800000000001001&page=27&scale=78
2026-07-18 13:03:17,709 [INFO] src.corpus_acquisition.crawler: Downloading -> data/raw/images/trome/2023/11/18/trome_2023-11-18_27.jpg
2026-07-18 13:03:17,916 [WARNING] src.corpus_acquisition.downloader: Page 27 not found (3/3).
2026-07-18 13:03:17,917 [WARNING] src.corpus_acquisition.downloader: No new pages found after 3 attempts; stopping with 24 page(s).
2026-07-18 13:03:17,960 [INFO] src.corpus_acquisition.metadata_extractor: Saved metadata for 24 page(s) -> data/raw/metadata/trome_metadata.parquet (total rows: 35650)
2026-07-18 13:03:17,963 [INFO] src.corpus_acquisition.metadata_extractor: Saved crawl log -> data/raw/crawl_logs/trome_2023-11-18.json (status=success)
2026-07-18 13:03:19,176 [INFO] src.corpus_acquisition.downloader: Downloading page 1 from https://t.prcdn.co/img?file=eag82023111900000000001001&page=1&scale=78
2026-07-18 13:03:19,177 [INFO] src.corpus_acquisition.crawler: Downloading -> data/raw/images/trome/2023/11/19/trome_2023-11-19_1.jpg
2026-07-18 13:03:21,330 [INFO] src.corpus_acquisition.downloader: Downloading page 2 from https://t.prcdn.co/img?file=eag82023111900000000001001&page=2&scale=78
2026-07-18 13:03:21,330 [INFO] src.corpus_acquisition.crawler: Downloading -> data/raw/images/trome/2023/11/19/trome_2023-11-19_2.jpg
2026-07-18 13:03:24,493 [INFO] src.corpus_acquisition.downloader: Downloading page 3 from https://t.prcdn.co/img?file=eag82023111900000000001001&page=3&scale=78
2026-07-18 13:03:24,494 [INFO] src.corpus_acquisition.crawler: Downloading -> data/raw/images/trome/2023/11/19/trome_2023-11-19_3.jpg
2026-07-18 13:03:27,345 [INFO] src.corpus_acquisition.downloader: Downloading page 4 from https://t.prcdn.co/img?file=eag82023111900000000001001&page=4&scale=78
2026-07-18 13:03:27,345 [INFO] src.corpus_acquisition.crawler: Downloading -> data/raw/images/trome/2023/11/19/trome_2023-11-19_4.jpg
2026-07-18 13:03:30,525 [INFO] src.corpus_acquisition.downloader: Downloading page 5 from https://t.prcdn.co/img?file=eag82023111900000000001001&page=5&scale=78
2026-07-18 13:03:30,525 [INFO] src.corpus_acquisition.crawler: Downloading -> data/raw/images/trome/2023/11/19/trome_2023-11-19_5.jpg
2026-07-18 13:03:33,202 [INFO] src.corpus_acquisition.downloader: Downloading page 6 from https://t.prcdn.co/img?file=eag82023111900000000001001&page=6&scale=78
2026-07-18 13:03:33,203 [INFO] src.corpus_acquisition.crawler: Downloading -> data/raw/images/trome/2023/11/19/trome_2023-11-19_6.jpg
2026-07-18 13:03:36,117 [INFO] src.corpus_acquisition.downloader: Downloading page 7 from https://t.prcdn.co/img?file=eag82023111900000000001001&page=7&scale=78
2026-07-18 13:03:36,117 [INFO] src.corpus_acquisition.crawler: Downloading -> data/raw/images/trome/2023/11/19/trome_2023-11-19_7.jpg
2026-07-18 13:03:38,608 [INFO] src.corpus_acquisition.downloader: Downloading page 8 from https://t.prcdn.co/img?file=eag82023111900000000001001&page=8&scale=78
2026-07-18 13:03:38,608 [INFO] src.corpus_acquisition.crawler: Downloading -> data/raw/images/trome/2023/11/19/trome_2023-11-19_8.jpg
2026-07-18 13:03:42,038 [INFO] src.corpus_acquisition.downloader: Downloading page 9 from https://t.prcdn.co/img?file=eag82023111900000000001001&page=9&scale=78
2026-07-18 13:03:42,038 [INFO] src.corpus_acquisition.crawler: Downloading -> data/raw/images/trome/2023/11/19/trome_2023-11-19_9.jpg
2026-07-18 13:03:45,981 [INFO] src.corpus_acquisition.downloader: Downloading page 10 from https://t.prcdn.co/img?file=eag82023111900000000001001&page=10&scale=78
2026-07-18 13:03:45,981 [INFO] src.corpus_acquisition.crawler: Downloading -> data/raw/images/trome/2023/11/19/trome_2023-11-19_10.jpg
2026-07-18 13:03:49,824 [INFO] src.corpus_acquisition.downloader: Downloading page 11 from https://t.prcdn.co/img?file=eag82023111900000000001001&page=11&scale=78
2026-07-18 13:03:49,824 [INFO] src.corpus_acquisition.crawler: Downloading -> data/raw/images/trome/2023/11/19/trome_2023-11-19_11.jpg
2026-07-18 13:03:52,631 [INFO] src.corpus_acquisition.downloader: Downloading page 12 from https://t.prcdn.co/img?file=eag82023111900000000001001&page=12&scale=78
2026-07-18 13:03:52,631 [INFO] src.corpus_acquisition.crawler: Downloading -> data/raw/images/trome/2023/11/19/trome_2023-11-19_12.jpg
2026-07-18 13:03:55,861 [INFO] src.corpus_acquisition.downloader: Downloading page 13 from https://t.prcdn.co/img?file=eag82023111900000000001001&page=13&scale=78
2026-07-18 13:03:55,862 [INFO] src.corpus_acquisition.crawler: Downloading -> data/raw/images/trome/2023/11/19/trome_2023-11-19_13.jpg
2026-07-18 13:03:58,802 [INFO] src.corpus_acquisition.downloader: Downloading page 14 from https://t.prcdn.co/img?file=eag82023111900000000001001&page=14&scale=78
2026-07-18 13:03:58,802 [INFO] src.corpus_acquisition.crawler: Downloading -> data/raw/images/trome/2023/11/19/trome_2023-11-19_14.jpg
