2026-07-07 20:43:57,509 [INFO] __main__: Logging in to portal...
2026-07-07 20:43:57,509 [WARNING] __main__: PressReader login is currently disabled. Proceeding without login.
2026-07-07 20:43:58,196 [INFO] src.corpus_acquisition.downloader: Downloading page 1 from https://t.prcdn.co/img?file=eagb2020010100000000001001&page=1&scale=80
2026-07-07 20:43:58,203 [INFO] src.corpus_acquisition.crawler: Downloading -> data/raw/images/correo/2020/01/01/correo_2020-01-01_1.jpg
2026-07-07 20:44:01,386 [INFO] src.corpus_acquisition.downloader: Downloading page 2 from https://t.prcdn.co/img?file=eagb2020010100000000001001&page=2&scale=80
2026-07-07 20:44:01,386 [INFO] src.corpus_acquisition.crawler: Downloading -> data/raw/images/correo/2020/01/01/correo_2020-01-01_2.jpg
2026-07-07 20:44:05,323 [INFO] src.corpus_acquisition.downloader: Downloading page 3 from https://t.prcdn.co/img?file=eagb2020010100000000001001&page=3&scale=80
2026-07-07 20:44:05,324 [INFO] src.corpus_acquisition.crawler: Downloading -> data/raw/images/correo/2020/01/01/correo_2020-01-01_3.jpg
2026-07-07 20:44:08,623 [INFO] src.corpus_acquisition.downloader: Downloading page 4 from https://t.prcdn.co/img?file=eagb2020010100000000001001&page=4&scale=80
2026-07-07 20:44:08,623 [INFO] src.corpus_acquisition.crawler: Downloading -> data/raw/images/correo/2020/01/01/correo_2020-01-01_4.jpg
2026-07-07 20:44:11,718 [INFO] src.corpus_acquisition.downloader: Downloading page 5 from https://t.prcdn.co/img?file=eagb2020010100000000001001&page=5&scale=80
2026-07-07 20:44:11,719 [INFO] src.corpus_acquisition.crawler: Downloading -> data/raw/images/correo/2020/01/01/correo_2020-01-01_5.jpg
2026-07-07 20:44:15,076 [INFO] src.corpus_acquisition.downloader: Downloading page 6 from https://t.prcdn.co/img?file=eagb2020010100000000001001&page=6&scale=80
2026-07-07 20:44:15,077 [INFO] src.corpus_acquisition.crawler: Downloading -> data/raw/images/correo/2020/01/01/correo_2020-01-01_6.jpg
2026-07-07 20:44:18,731 [INFO] src.corpus_acquisition.downloader: Downloading page 7 from https://t.prcdn.co/img?file=eagb2020010100000000001001&page=7&scale=80
2026-07-07 20:44:18,732 [INFO] src.corpus_acquisition.crawler: Downloading -> data/raw/images/correo/2020/01/01/correo_2020-01-01_7.jpg
2026-07-07 20:44:21,854 [INFO] src.corpus_acquisition.downloader: Downloading page 8 from https://t.prcdn.co/img?file=eagb2020010100000000001001&page=8&scale=80
2026-07-07 20:44:21,854 [INFO] src.corpus_acquisition.crawler: Downloading -> data/raw/images/correo/2020/01/01/correo_2020-01-01_8.jpg
2026-07-07 20:44:24,924 [INFO] src.corpus_acquisition.downloader: Downloading page 9 from https://t.prcdn.co/img?file=eagb2020010100000000001001&page=9&scale=80
2026-07-07 20:44:24,924 [INFO] src.corpus_acquisition.crawler: Downloading -> data/raw/images/correo/2020/01/01/correo_2020-01-01_9.jpg
2026-07-07 20:44:27,748 [INFO] src.corpus_acquisition.downloader: Downloading page 10 from https://t.prcdn.co/img?file=eagb2020010100000000001001&page=10&scale=80
2026-07-07 20:44:27,748 [INFO] src.corpus_acquisition.crawler: Downloading -> data/raw/images/correo/2020/01/01/correo_2020-01-01_10.jpg
2026-07-07 20:44:31,350 [INFO] src.corpus_acquisition.downloader: Downloading page 11 from https://t.prcdn.co/img?file=eagb2020010100000000001001&page=11&scale=80
2026-07-07 20:44:31,350 [INFO] src.corpus_acquisition.crawler: Downloading -> data/raw/images/correo/2020/01/01/correo_2020-01-01_11.jpg
2026-07-07 20:44:34,880 [INFO] src.corpus_acquisition.downloader: Downloading page 12 from https://t.prcdn.co/img?file=eagb2020010100000000001001&page=12&scale=80
2026-07-07 20:44:34,881 [INFO] src.corpus_acquisition.crawler: Downloading -> data/raw/images/correo/2020/01/01/correo_2020-01-01_12.jpg
2026-07-07 20:44:38,902 [INFO] src.corpus_acquisition.downloader: Downloading page 13 from https://t.prcdn.co/img?file=eagb2020010100000000001001&page=13&scale=80
2026-07-07 20:44:38,903 [INFO] src.corpus_acquisition.crawler: Downloading -> data/raw/images/correo/2020/01/01/correo_2020-01-01_13.jpg
2026-07-07 20:44:42,041 [INFO] src.corpus_acquisition.downloader: Downloading page 14 from https://t.prcdn.co/img?file=eagb2020010100000000001001&page=14&scale=80
2026-07-07 20:44:42,041 [INFO] src.corpus_acquisition.crawler: Downloading -> data/raw/images/correo/2020/01/01/correo_2020-01-01_14.jpg
2026-07-07 20:44:44,829 [INFO] src.corpus_acquisition.downloader: Downloading page 15 from https://t.prcdn.co/img?file=eagb2020010100000000001001&page=15&scale=80
2026-07-07 20:44:44,830 [INFO] src.corpus_acquisition.crawler: Downloading -> data/raw/images/correo/2020/01/01/correo_2020-01-01_15.jpg
2026-07-07 20:44:47,798 [INFO] src.corpus_acquisition.downloader: Downloading page 16 from https://t.prcdn.co/img?file=eagb2020010100000000001001&page=16&scale=80
2026-07-07 20:44:47,799 [INFO] src.corpus_acquisition.crawler: Downloading -> data/raw/images/correo/2020/01/01/correo_2020-01-01_16.jpg
2026-07-07 20:44:51,897 [INFO] src.corpus_acquisition.downloader: Downloading page 17 from https://t.prcdn.co/img?file=eagb2020010100000000001001&page=17&scale=80
2026-07-07 20:44:51,897 [INFO] src.corpus_acquisition.crawler: Downloading -> data/raw/images/correo/2020/01/01/correo_2020-01-01_17.jpg
2026-07-07 20:44:55,323 [INFO] src.corpus_acquisition.downloader: Downloading page 18 from https://t.prcdn.co/img?file=eagb2020010100000000001001&page=18&scale=80
2026-07-07 20:44:55,323 [INFO] src.corpus_acquisition.crawler: Downloading -> data/raw/images/correo/2020/01/01/correo_2020-01-01_18.jpg
2026-07-07 20:44:58,002 [INFO] src.corpus_acquisition.downloader: Downloading page 19 from https://t.prcdn.co/img?file=eagb2020010100000000001001&page=19&scale=80
2026-07-07 20:44:58,002 [INFO] src.corpus_acquisition.crawler: Downloading -> data/raw/images/correo/2020/01/01/correo_2020-01-01_19.jpg
2026-07-07 20:45:01,142 [INFO] src.corpus_acquisition.downloader: Downloading page 20 from https://t.prcdn.co/img?file=eagb2020010100000000001001&page=20&scale=80
2026-07-07 20:45:01,142 [INFO] src.corpus_acquisition.crawler: Downloading -> data/raw/images/correo/2020/01/01/correo_2020-01-01_20.jpg
2026-07-07 20:45:04,910 [INFO] src.corpus_acquisition.downloader: Downloading page 21 from https://t.prcdn.co/img?file=eagb2020010100000000001001&page=21&scale=80
2026-07-07 20:45:04,911 [INFO] src.corpus_acquisition.crawler: Downloading -> data/raw/images/correo/2020/01/01/correo_2020-01-01_21.jpg
2026-07-07 20:45:08,462 [INFO] src.corpus_acquisition.downloader: Downloading page 22 from https://t.prcdn.co/img?file=eagb2020010100000000001001&page=22&scale=80
2026-07-07 20:45:08,463 [INFO] src.corpus_acquisition.crawler: Downloading -> data/raw/images/correo/2020/01/01/correo_2020-01-01_22.jpg
2026-07-07 20:45:11,857 [INFO] src.corpus_acquisition.downloader: Downloading page 23 from https://t.prcdn.co/img?file=eagb2020010100000000001001&page=23&scale=80
2026-07-07 20:45:11,857 [INFO] src.corpus_acquisition.crawler: Downloading -> data/raw/images/correo/2020/01/01/correo_2020-01-01_23.jpg
2026-07-07 20:45:15,341 [INFO] src.corpus_acquisition.downloader: Downloading page 24 from https://t.prcdn.co/img?file=eagb2020010100000000001001&page=24&scale=80
2026-07-07 20:45:15,341 [INFO] src.corpus_acquisition.crawler: Downloading -> data/raw/images/correo/2020/01/01/correo_2020-01-01_24.jpg
2026-07-07 20:45:18,819 [INFO] src.corpus_acquisition.downloader: Downloading page 25 from https://t.prcdn.co/img?file=eagb2020010100000000001001&page=25&scale=80
2026-07-07 20:45:18,820 [INFO] src.corpus_acquisition.crawler: Downloading -> data/raw/images/correo/2020/01/01/correo_2020-01-01_25.jpg
2026-07-07 20:45:19,113 [WARNING] src.corpus_acquisition.downloader: Page 25 not found (1/3).
2026-07-07 20:45:19,114 [INFO] src.corpus_acquisition.downloader: Downloading page 26 from https://t.prcdn.co/img?file=eagb2020010100000000001001&page=26&scale=80
2026-07-07 20:45:19,114 [INFO] src.corpus_acquisition.crawler: Downloading -> data/raw/images/correo/2020/01/01/correo_2020-01-01_26.jpg
2026-07-07 20:45:19,357 [WARNING] src.corpus_acquisition.downloader: Page 26 not found (2/3).
2026-07-07 20:45:19,357 [INFO] src.corpus_acquisition.downloader: Downloading page 27 from https://t.prcdn.co/img?file=eagb2020010100000000001001&page=27&scale=80
2026-07-07 20:45:19,357 [INFO] src.corpus_acquisition.crawler: Downloading -> data/raw/images/correo/2020/01/01/correo_2020-01-01_27.jpg
2026-07-07 20:45:19,570 [WARNING] src.corpus_acquisition.downloader: Page 27 not found (3/3).
2026-07-07 20:45:19,570 [WARNING] src.corpus_acquisition.downloader: No new pages found after 3 attempts; stopping with 24 page(s).
2026-07-07 20:45:19,729 [INFO] src.corpus_acquisition.metadata_extractor: Saved metadata for 24 page(s) -> data/raw/metadata/raw_metadata.parquet (total rows: 92665)
2026-07-07 20:45:19,731 [INFO] src.corpus_acquisition.metadata_extractor: Saved crawl log -> data/raw/crawl_logs/correo_2020-01-01.json (status=success)
2026-07-07 20:45:22,384 [INFO] src.corpus_acquisition.downloader: Downloading page 1 from https://t.prcdn.co/img?file=eagb2020010200000000001001&page=1&scale=80
2026-07-07 20:45:22,385 [INFO] src.corpus_acquisition.crawler: Downloading -> data/raw/images/correo/2020/01/02/correo_2020-01-02_1.jpg
2026-07-07 20:45:25,591 [INFO] src.corpus_acquisition.downloader: Downloading page 2 from https://t.prcdn.co/img?file=eagb2020010200000000001001&page=2&scale=80
2026-07-07 20:45:25,592 [INFO] src.corpus_acquisition.crawler: Downloading -> data/raw/images/correo/2020/01/02/correo_2020-01-02_2.jpg
2026-07-07 20:45:29,201 [INFO] src.corpus_acquisition.downloader: Downloading page 3 from https://t.prcdn.co/img?file=eagb2020010200000000001001&page=3&scale=80
2026-07-07 20:45:29,202 [INFO] src.corpus_acquisition.crawler: Downloading -> data/raw/images/correo/2020/01/02/correo_2020-01-02_3.jpg
2026-07-07 20:45:32,077 [INFO] src.corpus_acquisition.downloader: Downloading page 4 from https://t.prcdn.co/img?file=eagb2020010200000000001001&page=4&scale=80
2026-07-07 20:45:32,078 [INFO] src.corpus_acquisition.crawler: Downloading -> data/raw/images/correo/2020/01/02/correo_2020-01-02_4.jpg
2026-07-07 20:45:35,432 [INFO] src.corpus_acquisition.downloader: Downloading page 5 from https://t.prcdn.co/img?file=eagb2020010200000000001001&page=5&scale=80
2026-07-07 20:45:35,433 [INFO] src.corpus_acquisition.crawler: Downloading -> data/raw/images/correo/2020/01/02/correo_2020-01-02_5.jpg
2026-07-07 20:45:39,142 [INFO] src.corpus_acquisition.downloader: Downloading page 6 from https://t.prcdn.co/img?file=eagb2020010200000000001001&page=6&scale=80
2026-07-07 20:45:39,142 [INFO] src.corpus_acquisition.crawler: Downloading -> data/raw/images/correo/2020/01/02/correo_2020-01-02_6.jpg
2026-07-07 20:45:41,970 [INFO] src.corpus_acquisition.downloader: Downloading page 7 from https://t.prcdn.co/img?file=eagb2020010200000000001001&page=7&scale=80
2026-07-07 20:45:41,970 [INFO] src.corpus_acquisition.crawler: Downloading -> data/raw/images/correo/2020/01/02/correo_2020-01-02_7.jpg
2026-07-07 20:45:44,893 [INFO] src.corpus_acquisition.downloader: Downloading page 8 from https://t.prcdn.co/img?file=eagb2020010200000000001001&page=8&scale=80
2026-07-07 20:45:44,893 [INFO] src.corpus_acquisition.crawler: Downloading -> data/raw/images/correo/2020/01/02/correo_2020-01-02_8.jpg
2026-07-07 20:45:48,230 [INFO] src.corpus_acquisition.downloader: Downloading page 9 from https://t.prcdn.co/img?file=eagb2020010200000000001001&page=9&scale=80
2026-07-07 20:45:48,231 [INFO] src.corpus_acquisition.crawler: Downloading -> data/raw/images/correo/2020/01/02/correo_2020-01-02_9.jpg
2026-07-07 20:45:51,963 [INFO] src.corpus_acquisition.downloader: Downloading page 10 from https://t.prcdn.co/img?file=eagb2020010200000000001001&page=10&scale=80
2026-07-07 20:45:51,963 [INFO] src.corpus_acquisition.crawler: Downloading -> data/raw/images/correo/2020/01/02/correo_2020-01-02_10.jpg
2026-07-07 20:45:55,018 [INFO] src.corpus_acquisition.downloader: Downloading page 11 from https://t.prcdn.co/img?file=eagb2020010200000000001001&page=11&scale=80
2026-07-07 20:45:55,019 [INFO] src.corpus_acquisition.crawler: Downloading -> data/raw/images/correo/2020/01/02/correo_2020-01-02_11.jpg
2026-07-07 20:45:58,658 [INFO] src.corpus_acquisition.downloader: Downloading page 12 from https://t.prcdn.co/img?file=eagb2020010200000000001001&page=12&scale=80
2026-07-07 20:45:58,658 [INFO] src.corpus_acquisition.crawler: Downloading -> data/raw/images/correo/2020/01/02/correo_2020-01-02_12.jpg
2026-07-07 20:46:01,349 [INFO] src.corpus_acquisition.downloader: Downloading page 13 from https://t.prcdn.co/img?file=eagb2020010200000000001001&page=13&scale=80
2026-07-07 20:46:01,349 [INFO] src.corpus_acquisition.crawler: Downloading -> data/raw/images/correo/2020/01/02/correo_2020-01-02_13.jpg
2026-07-07 20:46:04,733 [INFO] src.corpus_acquisition.downloader: Downloading page 14 from https://t.prcdn.co/img?file=eagb2020010200000000001001&page=14&scale=80
2026-07-07 20:46:04,734 [INFO] src.corpus_acquisition.crawler: Downloading -> data/raw/images/correo/2020/01/02/correo_2020-01-02_14.jpg
2026-07-07 20:46:08,303 [INFO] src.corpus_acquisition.downloader: Downloading page 15 from https://t.prcdn.co/img?file=eagb2020010200000000001001&page=15&scale=80
2026-07-07 20:46:08,303 [INFO] src.corpus_acquisition.crawler: Downloading -> data/raw/images/correo/2020/01/02/correo_2020-01-02_15.jpg
2026-07-07 20:46:12,605 [INFO] src.corpus_acquisition.downloader: Downloading page 16 from https://t.prcdn.co/img?file=eagb2020010200000000001001&page=16&scale=80
2026-07-07 20:46:12,605 [INFO] src.corpus_acquisition.crawler: Downloading -> data/raw/images/correo/2020/01/02/correo_2020-01-02_16.jpg
2026-07-07 20:46:15,505 [INFO] src.corpus_acquisition.downloader: Downloading page 17 from https://t.prcdn.co/img?file=eagb2020010200000000001001&page=17&scale=80
2026-07-07 20:46:15,505 [INFO] src.corpus_acquisition.crawler: Downloading -> data/raw/images/correo/2020/01/02/correo_2020-01-02_17.jpg
2026-07-07 20:46:19,209 [INFO] src.corpus_acquisition.downloader: Downloading page 18 from https://t.prcdn.co/img?file=eagb2020010200000000001001&page=18&scale=80
2026-07-07 20:46:19,209 [INFO] src.corpus_acquisition.crawler: Downloading -> data/raw/images/correo/2020/01/02/correo_2020-01-02_18.jpg
2026-07-07 20:46:22,897 [INFO] src.corpus_acquisition.downloader: Downloading page 19 from https://t.prcdn.co/img?file=eagb2020010200000000001001&page=19&scale=80
2026-07-07 20:46:22,897 [INFO] src.corpus_acquisition.crawler: Downloading -> data/raw/images/correo/2020/01/02/correo_2020-01-02_19.jpg
2026-07-07 20:46:25,954 [INFO] src.corpus_acquisition.downloader: Downloading page 20 from https://t.prcdn.co/img?file=eagb2020010200000000001001&page=20&scale=80
2026-07-07 20:46:25,954 [INFO] src.corpus_acquisition.crawler: Downloading -> data/raw/images/correo/2020/01/02/correo_2020-01-02_20.jpg
2026-07-07 20:46:29,601 [INFO] src.corpus_acquisition.downloader: Downloading page 21 from https://t.prcdn.co/img?file=eagb2020010200000000001001&page=21&scale=80
2026-07-07 20:46:29,602 [INFO] src.corpus_acquisition.crawler: Downloading -> data/raw/images/correo/2020/01/02/correo_2020-01-02_21.jpg
2026-07-07 20:46:33,197 [INFO] src.corpus_acquisition.downloader: Downloading page 22 from https://t.prcdn.co/img?file=eagb2020010200000000001001&page=22&scale=80
2026-07-07 20:46:33,198 [INFO] src.corpus_acquisition.crawler: Downloading -> data/raw/images/correo/2020/01/02/correo_2020-01-02_22.jpg
2026-07-07 20:46:36,579 [INFO] src.corpus_acquisition.downloader: Downloading page 23 from https://t.prcdn.co/img?file=eagb2020010200000000001001&page=23&scale=80
2026-07-07 20:46:36,580 [INFO] src.corpus_acquisition.crawler: Downloading -> data/raw/images/correo/2020/01/02/correo_2020-01-02_23.jpg
2026-07-07 20:46:39,506 [INFO] src.corpus_acquisition.downloader: Downloading page 24 from https://t.prcdn.co/img?file=eagb2020010200000000001001&page=24&scale=80
2026-07-07 20:46:39,506 [INFO] src.corpus_acquisition.crawler: Downloading -> data/raw/images/correo/2020/01/02/correo_2020-01-02_24.jpg
2026-07-07 20:46:42,923 [INFO] src.corpus_acquisition.downloader: Downloading page 25 from https://t.prcdn.co/img?file=eagb2020010200000000001001&page=25&scale=80
2026-07-07 20:46:42,924 [INFO] src.corpus_acquisition.crawler: Downloading -> data/raw/images/correo/2020/01/02/correo_2020-01-02_25.jpg
2026-07-07 20:46:43,221 [WARNING] src.corpus_acquisition.downloader: Page 25 not found (1/3).
2026-07-07 20:46:43,222 [INFO] src.corpus_acquisition.downloader: Downloading page 26 from https://t.prcdn.co/img?file=eagb2020010200000000001001&page=26&scale=80
2026-07-07 20:46:43,222 [INFO] src.corpus_acquisition.crawler: Downloading -> data/raw/images/correo/2020/01/02/correo_2020-01-02_26.jpg
2026-07-07 20:46:43,438 [WARNING] src.corpus_acquisition.downloader: Page 26 not found (2/3).
2026-07-07 20:46:43,439 [INFO] src.corpus_acquisition.downloader: Downloading page 27 from https://t.prcdn.co/img?file=eagb2020010200000000001001&page=27&scale=80
2026-07-07 20:46:43,439 [INFO] src.corpus_acquisition.crawler: Downloading -> data/raw/images/correo/2020/01/02/correo_2020-01-02_27.jpg
2026-07-07 20:46:43,705 [WARNING] src.corpus_acquisition.downloader: Page 27 not found (3/3).
2026-07-07 20:46:43,705 [WARNING] src.corpus_acquisition.downloader: No new pages found after 3 attempts; stopping with 24 page(s).
2026-07-07 20:46:43,842 [INFO] src.corpus_acquisition.metadata_extractor: Saved metadata for 24 page(s) -> data/raw/metadata/raw_metadata.parquet (total rows: 92845)
2026-07-07 20:46:43,844 [INFO] src.corpus_acquisition.metadata_extractor: Saved crawl log -> data/raw/crawl_logs/correo_2020-01-02.json (status=success)
2026-07-07 20:46:45,957 [INFO] src.corpus_acquisition.downloader: Downloading page 1 from https://t.prcdn.co/img?file=eagb2020010300000000001001&page=1&scale=80
2026-07-07 20:46:45,958 [INFO] src.corpus_acquisition.crawler: Downloading -> data/raw/images/correo/2020/01/03/correo_2020-01-03_1.jpg
2026-07-07 20:46:48,380 [INFO] src.corpus_acquisition.downloader: Downloading page 2 from https://t.prcdn.co/img?file=eagb2020010300000000001001&page=2&scale=80
2026-07-07 20:46:48,380 [INFO] src.corpus_acquisition.crawler: Downloading -> data/raw/images/correo/2020/01/03/correo_2020-01-03_2.jpg
2026-07-07 20:46:52,825 [INFO] src.corpus_acquisition.downloader: Downloading page 3 from https://t.prcdn.co/img?file=eagb2020010300000000001001&page=3&scale=80
2026-07-07 20:46:52,825 [INFO] src.corpus_acquisition.crawler: Downloading -> data/raw/images/correo/2020/01/03/correo_2020-01-03_3.jpg
2026-07-07 20:46:56,978 [INFO] src.corpus_acquisition.downloader: Downloading page 4 from https://t.prcdn.co/img?file=eagb2020010300000000001001&page=4&scale=80
2026-07-07 20:46:56,978 [INFO] src.corpus_acquisition.crawler: Downloading -> data/raw/images/correo/2020/01/03/correo_2020-01-03_4.jpg
2026-07-07 20:47:00,368 [INFO] src.corpus_acquisition.downloader: Downloading page 5 from https://t.prcdn.co/img?file=eagb2020010300000000001001&page=5&scale=80
2026-07-07 20:47:00,369 [INFO] src.corpus_acquisition.crawler: Downloading -> data/raw/images/correo/2020/01/03/correo_2020-01-03_5.jpg
2026-07-07 20:47:04,286 [INFO] src.corpus_acquisition.downloader: Downloading page 6 from https://t.prcdn.co/img?file=eagb2020010300000000001001&page=6&scale=80
2026-07-07 20:47:04,287 [INFO] src.corpus_acquisition.crawler: Downloading -> data/raw/images/correo/2020/01/03/correo_2020-01-03_6.jpg
2026-07-07 20:47:07,041 [INFO] src.corpus_acquisition.downloader: Downloading page 7 from https://t.prcdn.co/img?file=eagb2020010300000000001001&page=7&scale=80
2026-07-07 20:47:07,041 [INFO] src.corpus_acquisition.crawler: Downloading -> data/raw/images/correo/2020/01/03/correo_2020-01-03_7.jpg
2026-07-07 20:47:09,667 [INFO] src.corpus_acquisition.downloader: Downloading page 8 from https://t.prcdn.co/img?file=eagb2020010300000000001001&page=8&scale=80
2026-07-07 20:47:09,667 [INFO] src.corpus_acquisition.crawler: Downloading -> data/raw/images/correo/2020/01/03/correo_2020-01-03_8.jpg
2026-07-07 20:47:12,613 [INFO] src.corpus_acquisition.downloader: Downloading page 9 from https://t.prcdn.co/img?file=eagb2020010300000000001001&page=9&scale=80
2026-07-07 20:47:12,614 [INFO] src.corpus_acquisition.crawler: Downloading -> data/raw/images/correo/2020/01/03/correo_2020-01-03_9.jpg
2026-07-07 20:47:16,225 [INFO] src.corpus_acquisition.downloader: Downloading page 10 from https://t.prcdn.co/img?file=eagb2020010300000000001001&page=10&scale=80
2026-07-07 20:47:16,226 [INFO] src.corpus_acquisition.crawler: Downloading -> data/raw/images/correo/2020/01/03/correo_2020-01-03_10.jpg
2026-07-07 20:47:19,177 [INFO] src.corpus_acquisition.downloader: Downloading page 11 from https://t.prcdn.co/img?file=eagb2020010300000000001001&page=11&scale=80
2026-07-07 20:47:19,177 [INFO] src.corpus_acquisition.crawler: Downloading -> data/raw/images/correo/2020/01/03/correo_2020-01-03_11.jpg
2026-07-07 20:47:22,792 [INFO] src.corpus_acquisition.downloader: Downloading page 12 from https://t.prcdn.co/img?file=eagb2020010300000000001001&page=12&scale=80
2026-07-07 20:47:22,792 [INFO] src.corpus_acquisition.crawler: Downloading -> data/raw/images/correo/2020/01/03/correo_2020-01-03_12.jpg
2026-07-07 20:47:26,420 [INFO] src.corpus_acquisition.downloader: Downloading page 13 from https://t.prcdn.co/img?file=eagb2020010300000000001001&page=13&scale=80
2026-07-07 20:47:26,420 [INFO] src.corpus_acquisition.crawler: Downloading -> data/raw/images/correo/2020/01/03/correo_2020-01-03_13.jpg
2026-07-07 20:47:29,702 [INFO] src.corpus_acquisition.downloader: Downloading page 14 from https://t.prcdn.co/img?file=eagb2020010300000000001001&page=14&scale=80
2026-07-07 20:47:29,702 [INFO] src.corpus_acquisition.crawler: Downloading -> data/raw/images/correo/2020/01/03/correo_2020-01-03_14.jpg
2026-07-07 20:47:33,051 [INFO] src.corpus_acquisition.downloader: Downloading page 15 from https://t.prcdn.co/img?file=eagb2020010300000000001001&page=15&scale=80
2026-07-07 20:47:33,053 [INFO] src.corpus_acquisition.crawler: Downloading -> data/raw/images/correo/2020/01/03/correo_2020-01-03_15.jpg
2026-07-07 20:47:36,397 [INFO] src.corpus_acquisition.downloader: Downloading page 16 from https://t.prcdn.co/img?file=eagb2020010300000000001001&page=16&scale=80
2026-07-07 20:47:36,400 [INFO] src.corpus_acquisition.crawler: Downloading -> data/raw/images/correo/2020/01/03/correo_2020-01-03_16.jpg
2026-07-07 20:47:39,896 [INFO] src.corpus_acquisition.downloader: Downloading page 17 from https://t.prcdn.co/img?file=eagb2020010300000000001001&page=17&scale=80
2026-07-07 20:47:39,897 [INFO] src.corpus_acquisition.crawler: Downloading -> data/raw/images/correo/2020/01/03/correo_2020-01-03_17.jpg
2026-07-07 20:47:43,187 [INFO] src.corpus_acquisition.downloader: Downloading page 18 from https://t.prcdn.co/img?file=eagb2020010300000000001001&page=18&scale=80
2026-07-07 20:47:43,187 [INFO] src.corpus_acquisition.crawler: Downloading -> data/raw/images/correo/2020/01/03/correo_2020-01-03_18.jpg
2026-07-07 20:47:46,345 [INFO] src.corpus_acquisition.downloader: Downloading page 19 from https://t.prcdn.co/img?file=eagb2020010300000000001001&page=19&scale=80
2026-07-07 20:47:46,346 [INFO] src.corpus_acquisition.crawler: Downloading -> data/raw/images/correo/2020/01/03/correo_2020-01-03_19.jpg
2026-07-07 20:47:49,277 [INFO] src.corpus_acquisition.downloader: Downloading page 20 from https://t.prcdn.co/img?file=eagb2020010300000000001001&page=20&scale=80
2026-07-07 20:47:49,277 [INFO] src.corpus_acquisition.crawler: Downloading -> data/raw/images/correo/2020/01/03/correo_2020-01-03_20.jpg
2026-07-07 20:47:52,944 [INFO] src.corpus_acquisition.downloader: Downloading page 21 from https://t.prcdn.co/img?file=eagb2020010300000000001001&page=21&scale=80
2026-07-07 20:47:52,944 [INFO] src.corpus_acquisition.crawler: Downloading -> data/raw/images/correo/2020/01/03/correo_2020-01-03_21.jpg
2026-07-07 20:47:56,606 [INFO] src.corpus_acquisition.downloader: Downloading page 22 from https://t.prcdn.co/img?file=eagb2020010300000000001001&page=22&scale=80
2026-07-07 20:47:56,607 [INFO] src.corpus_acquisition.crawler: Downloading -> data/raw/images/correo/2020/01/03/correo_2020-01-03_22.jpg
2026-07-07 20:47:59,695 [INFO] src.corpus_acquisition.downloader: Downloading page 23 from https://t.prcdn.co/img?file=eagb2020010300000000001001&page=23&scale=80
2026-07-07 20:47:59,695 [INFO] src.corpus_acquisition.crawler: Downloading -> data/raw/images/correo/2020/01/03/correo_2020-01-03_23.jpg
2026-07-07 20:48:02,951 [INFO] src.corpus_acquisition.downloader: Downloading page 24 from https://t.prcdn.co/img?file=eagb2020010300000000001001&page=24&scale=80
2026-07-07 20:48:02,951 [INFO] src.corpus_acquisition.crawler: Downloading -> data/raw/images/correo/2020/01/03/correo_2020-01-03_24.jpg
2026-07-07 20:48:06,706 [INFO] src.corpus_acquisition.downloader: Downloading page 25 from https://t.prcdn.co/img?file=eagb2020010300000000001001&page=25&scale=80
2026-07-07 20:48:06,707 [INFO] src.corpus_acquisition.crawler: Downloading -> data/raw/images/correo/2020/01/03/correo_2020-01-03_25.jpg
2026-07-07 20:48:06,951 [WARNING] src.corpus_acquisition.downloader: Page 25 not found (1/3).
2026-07-07 20:48:06,952 [INFO] src.corpus_acquisition.downloader: Downloading page 26 from https://t.prcdn.co/img?file=eagb2020010300000000001001&page=26&scale=80
2026-07-07 20:48:06,952 [INFO] src.corpus_acquisition.crawler: Downloading -> data/raw/images/correo/2020/01/03/correo_2020-01-03_26.jpg
2026-07-07 20:48:07,191 [WARNING] src.corpus_acquisition.downloader: Page 26 not found (2/3).
2026-07-07 20:48:07,192 [INFO] src.corpus_acquisition.downloader: Downloading page 27 from https://t.prcdn.co/img?file=eagb2020010300000000001001&page=27&scale=80
2026-07-07 20:48:07,195 [INFO] src.corpus_acquisition.crawler: Downloading -> data/raw/images/correo/2020/01/03/correo_2020-01-03_27.jpg
2026-07-07 20:48:07,402 [WARNING] src.corpus_acquisition.downloader: Page 27 not found (3/3).
2026-07-07 20:48:07,403 [WARNING] src.corpus_acquisition.downloader: No new pages found after 3 attempts; stopping with 24 page(s).
2026-07-07 20:48:07,556 [INFO] src.corpus_acquisition.metadata_extractor: Saved metadata for 24 page(s) -> data/raw/metadata/raw_metadata.parquet (total rows: 92973)
2026-07-07 20:48:07,562 [INFO] src.corpus_acquisition.metadata_extractor: Saved crawl log -> data/raw/crawl_logs/correo_2020-01-03.json (status=success)
2026-07-07 20:48:09,786 [INFO] src.corpus_acquisition.downloader: Downloading page 1 from https://t.prcdn.co/img?file=eagb2020010400000000001001&page=1&scale=80
2026-07-07 20:48:09,794 [INFO] src.corpus_acquisition.crawler: Downloading -> data/raw/images/correo/2020/01/04/correo_2020-01-04_1.jpg
2026-07-07 20:48:12,344 [INFO] src.corpus_acquisition.downloader: Downloading page 2 from https://t.prcdn.co/img?file=eagb2020010400000000001001&page=2&scale=80
2026-07-07 20:48:12,345 [INFO] src.corpus_acquisition.crawler: Downloading -> data/raw/images/correo/2020/01/04/correo_2020-01-04_2.jpg
2026-07-07 20:48:16,193 [INFO] src.corpus_acquisition.downloader: Downloading page 3 from https://t.prcdn.co/img?file=eagb2020010400000000001001&page=3&scale=80
2026-07-07 20:48:16,193 [INFO] src.corpus_acquisition.crawler: Downloading -> data/raw/images/correo/2020/01/04/correo_2020-01-04_3.jpg
2026-07-07 20:48:18,640 [INFO] src.corpus_acquisition.downloader: Downloading page 4 from https://t.prcdn.co/img?file=eagb2020010400000000001001&page=4&scale=80
2026-07-07 20:48:18,641 [INFO] src.corpus_acquisition.crawler: Downloading -> data/raw/images/correo/2020/01/04/correo_2020-01-04_4.jpg
2026-07-07 20:48:22,496 [INFO] src.corpus_acquisition.downloader: Downloading page 5 from https://t.prcdn.co/img?file=eagb2020010400000000001001&page=5&scale=80
2026-07-07 20:48:22,497 [INFO] src.corpus_acquisition.crawler: Downloading -> data/raw/images/correo/2020/01/04/correo_2020-01-04_5.jpg
2026-07-07 20:48:26,073 [INFO] src.corpus_acquisition.downloader: Downloading page 6 from https://t.prcdn.co/img?file=eagb2020010400000000001001&page=6&scale=80
2026-07-07 20:48:26,073 [INFO] src.corpus_acquisition.crawler: Downloading -> data/raw/images/correo/2020/01/04/correo_2020-01-04_6.jpg
2026-07-07 20:48:28,779 [INFO] src.corpus_acquisition.downloader: Downloading page 7 from https://t.prcdn.co/img?file=eagb2020010400000000001001&page=7&scale=80
2026-07-07 20:48:28,779 [INFO] src.corpus_acquisition.crawler: Downloading -> data/raw/images/correo/2020/01/04/correo_2020-01-04_7.jpg
2026-07-07 20:48:32,686 [INFO] src.corpus_acquisition.downloader: Downloading page 8 from https://t.prcdn.co/img?file=eagb2020010400000000001001&page=8&scale=80
2026-07-07 20:48:32,687 [INFO] src.corpus_acquisition.crawler: Downloading -> data/raw/images/correo/2020/01/04/correo_2020-01-04_8.jpg
