2026-07-22 14:21:51,696 [INFO] src.corpus_construction.enhance_images.pipeline: Saved 54 configurations to data/corpus_construction/enhance_images/results/gestion/gestion/configurations.txt
2026-07-22 14:21:51,717 [INFO] src.corpus_construction.enhance_images.pipeline: Found 1 image(s) under data/corpus_construction/enhance_images/test/gestion
2026-07-22 14:21:51,755 [INFO] src.corpus_construction.enhance_images.pipeline: [gestion_2014-01-02_1.jpg] Config 1/54 | contrast=none | denoising=none | sharpening=none
2026-07-22 14:21:51,757 [INFO] src.corpus_construction.enhance_images.pipeline: [gestion_2014-01-02_1.jpg] Config 0 finished in 0.001s
2026-07-22 14:21:51,757 [INFO] src.corpus_construction.enhance_images.pipeline: [gestion_2014-01-02_1.jpg] Config 2/54 | contrast=none | denoising=none | sharpening=unsharp_masking
2026-07-22 14:21:51,786 [INFO] src.corpus_construction.enhance_images.pipeline: [gestion_2014-01-02_1.jpg] Config 1 finished in 0.029s
2026-07-22 14:21:51,786 [INFO] src.corpus_construction.enhance_images.pipeline: [gestion_2014-01-02_1.jpg] Config 3/54 | contrast=none | denoising=none | sharpening=stroke_width_enhancement
2026-07-22 14:21:51,790 [INFO] src.corpus_construction.enhance_images.pipeline: [gestion_2014-01-02_1.jpg] Config 2 finished in 0.004s
2026-07-22 14:21:51,790 [INFO] src.corpus_construction.enhance_images.pipeline: [gestion_2014-01-02_1.jpg] Config 4/54 | contrast=none | denoising=mean_filter | sharpening=none
2026-07-22 14:21:51,791 [INFO] src.corpus_construction.enhance_images.pipeline: [gestion_2014-01-02_1.jpg] Config 3 finished in 0.001s
2026-07-22 14:21:51,791 [INFO] src.corpus_construction.enhance_images.pipeline: [gestion_2014-01-02_1.jpg] Config 5/54 | contrast=none | denoising=mean_filter | sharpening=unsharp_masking
2026-07-22 14:21:51,794 [INFO] src.corpus_construction.enhance_images.pipeline: [gestion_2014-01-02_1.jpg] Config 4 finished in 0.003s
2026-07-22 14:21:51,795 [INFO] src.corpus_construction.enhance_images.pipeline: [gestion_2014-01-02_1.jpg] Config 6/54 | contrast=none | denoising=mean_filter | sharpening=stroke_width_enhancement
2026-07-22 14:21:51,798 [INFO] src.corpus_construction.enhance_images.pipeline: [gestion_2014-01-02_1.jpg] Config 5 finished in 0.003s
2026-07-22 14:21:51,798 [INFO] src.corpus_construction.enhance_images.pipeline: [gestion_2014-01-02_1.jpg] Config 7/54 | contrast=none | denoising=gaussian_filter | sharpening=none
2026-07-22 14:21:51,799 [INFO] src.corpus_construction.enhance_images.pipeline: [gestion_2014-01-02_1.jpg] Config 6 finished in 0.001s
2026-07-22 14:21:51,799 [INFO] src.corpus_construction.enhance_images.pipeline: [gestion_2014-01-02_1.jpg] Config 8/54 | contrast=none | denoising=gaussian_filter | sharpening=unsharp_masking
2026-07-22 14:21:51,803 [INFO] src.corpus_construction.enhance_images.pipeline: [gestion_2014-01-02_1.jpg] Config 7 finished in 0.004s
2026-07-22 14:21:51,803 [INFO] src.corpus_construction.enhance_images.pipeline: [gestion_2014-01-02_1.jpg] Config 9/54 | contrast=none | denoising=gaussian_filter | sharpening=stroke_width_enhancement
2026-07-22 14:21:51,806 [INFO] src.corpus_construction.enhance_images.pipeline: [gestion_2014-01-02_1.jpg] Config 8 finished in 0.003s
2026-07-22 14:21:51,806 [INFO] src.corpus_construction.enhance_images.pipeline: [gestion_2014-01-02_1.jpg] Config 10/54 | contrast=none | denoising=median_filter | sharpening=none
2026-07-22 14:21:51,807 [INFO] src.corpus_construction.enhance_images.pipeline: [gestion_2014-01-02_1.jpg] Config 9 finished in 0.001s
2026-07-22 14:21:51,807 [INFO] src.corpus_construction.enhance_images.pipeline: [gestion_2014-01-02_1.jpg] Config 11/54 | contrast=none | denoising=median_filter | sharpening=unsharp_masking
2026-07-22 14:21:51,810 [INFO] src.corpus_construction.enhance_images.pipeline: [gestion_2014-01-02_1.jpg] Config 10 finished in 0.003s
2026-07-22 14:21:51,810 [INFO] src.corpus_construction.enhance_images.pipeline: [gestion_2014-01-02_1.jpg] Config 12/54 | contrast=none | denoising=median_filter | sharpening=stroke_width_enhancement
2026-07-22 14:21:51,813 [INFO] src.corpus_construction.enhance_images.pipeline: [gestion_2014-01-02_1.jpg] Config 11 finished in 0.003s
2026-07-22 14:21:51,813 [INFO] src.corpus_construction.enhance_images.pipeline: [gestion_2014-01-02_1.jpg] Config 13/54 | contrast=none | denoising=conservative_filter | sharpening=none
2026-07-22 14:21:59,086 [INFO] src.corpus_construction.enhance_images.pipeline: [gestion_2014-01-02_1.jpg] Config 12 finished in 7.273s
2026-07-22 14:21:59,086 [INFO] src.corpus_construction.enhance_images.pipeline: [gestion_2014-01-02_1.jpg] Config 14/54 | contrast=none | denoising=conservative_filter | sharpening=unsharp_masking
2026-07-22 14:22:06,364 [INFO] src.corpus_construction.enhance_images.pipeline: [gestion_2014-01-02_1.jpg] Config 13 finished in 7.277s
2026-07-22 14:22:06,364 [INFO] src.corpus_construction.enhance_images.pipeline: [gestion_2014-01-02_1.jpg] Config 15/54 | contrast=none | denoising=conservative_filter | sharpening=stroke_width_enhancement
2026-07-22 14:22:13,626 [INFO] src.corpus_construction.enhance_images.pipeline: [gestion_2014-01-02_1.jpg] Config 14 finished in 7.262s
2026-07-22 14:22:13,626 [INFO] src.corpus_construction.enhance_images.pipeline: [gestion_2014-01-02_1.jpg] Config 16/54 | contrast=none | denoising=laplacian_filter | sharpening=none
2026-07-22 14:22:13,643 [INFO] src.corpus_construction.enhance_images.pipeline: [gestion_2014-01-02_1.jpg] Config 15 finished in 0.017s
2026-07-22 14:22:13,644 [INFO] src.corpus_construction.enhance_images.pipeline: [gestion_2014-01-02_1.jpg] Config 17/54 | contrast=none | denoising=laplacian_filter | sharpening=unsharp_masking
2026-07-22 14:22:13,647 [INFO] src.corpus_construction.enhance_images.pipeline: [gestion_2014-01-02_1.jpg] Config 16 finished in 0.004s
2026-07-22 14:22:13,647 [INFO] src.corpus_construction.enhance_images.pipeline: [gestion_2014-01-02_1.jpg] Config 18/54 | contrast=none | denoising=laplacian_filter | sharpening=stroke_width_enhancement
2026-07-22 14:22:13,651 [INFO] src.corpus_construction.enhance_images.pipeline: [gestion_2014-01-02_1.jpg] Config 17 finished in 0.004s
2026-07-22 14:22:13,651 [INFO] src.corpus_construction.enhance_images.pipeline: [gestion_2014-01-02_1.jpg] Config 19/54 | contrast=none | denoising=frequency_filter | sharpening=none
2026-07-22 14:22:13,943 [INFO] src.corpus_construction.enhance_images.pipeline: [gestion_2014-01-02_1.jpg] Config 18 finished in 0.292s
2026-07-22 14:22:13,943 [INFO] src.corpus_construction.enhance_images.pipeline: [gestion_2014-01-02_1.jpg] Config 20/54 | contrast=none | denoising=frequency_filter | sharpening=unsharp_masking
2026-07-22 14:22:14,012 [INFO] src.corpus_construction.enhance_images.pipeline: [gestion_2014-01-02_1.jpg] Config 19 finished in 0.069s
2026-07-22 14:22:14,012 [INFO] src.corpus_construction.enhance_images.pipeline: [gestion_2014-01-02_1.jpg] Config 21/54 | contrast=none | denoising=frequency_filter | sharpening=stroke_width_enhancement
2026-07-22 14:22:14,082 [INFO] src.corpus_construction.enhance_images.pipeline: [gestion_2014-01-02_1.jpg] Config 20 finished in 0.069s
2026-07-22 14:22:14,082 [INFO] src.corpus_construction.enhance_images.pipeline: [gestion_2014-01-02_1.jpg] Config 22/54 | contrast=none | denoising=crimmins_speckle_removal | sharpening=none
2026-07-22 14:22:35,364 [INFO] src.corpus_construction.enhance_images.pipeline: [gestion_2014-01-02_1.jpg] Config 21 finished in 21.282s
2026-07-22 14:22:35,364 [INFO] src.corpus_construction.enhance_images.pipeline: [gestion_2014-01-02_1.jpg] Config 23/54 | contrast=none | denoising=crimmins_speckle_removal | sharpening=unsharp_masking
