2026-07-15 18:45:15,553 [INFO] __main__: Logging in to portal...
2026-07-15 18:45:15,553 [WARNING] __main__: PressReader login is currently disabled. Proceeding without login.
2026-07-15 18:45:17,000 [INFO] src.corpus_acquisition.downloader: Page 1 already downloaded, skipping.
2026-07-15 18:45:17,001 [INFO] src.corpus_acquisition.downloader: Page 2 already downloaded, skipping.
2026-07-15 18:45:17,002 [INFO] src.corpus_acquisition.downloader: Page 3 already downloaded, skipping.
2026-07-15 18:45:17,003 [INFO] src.corpus_acquisition.downloader: Page 4 already downloaded, skipping.
2026-07-15 18:45:17,007 [INFO] src.corpus_acquisition.downloader: Page 5 already downloaded, skipping.
2026-07-15 18:45:17,007 [INFO] src.corpus_acquisition.downloader: Page 6 already downloaded, skipping.
2026-07-15 18:45:17,008 [INFO] src.corpus_acquisition.downloader: Page 7 already downloaded, skipping.
2026-07-15 18:45:17,008 [INFO] src.corpus_acquisition.downloader: Page 8 already downloaded, skipping.
2026-07-15 18:45:17,009 [INFO] src.corpus_acquisition.downloader: Page 9 already downloaded, skipping.
2026-07-15 18:45:17,009 [INFO] src.corpus_acquisition.downloader: Page 10 already downloaded, skipping.
2026-07-15 18:45:17,009 [INFO] src.corpus_acquisition.downloader: Page 11 already downloaded, skipping.
2026-07-15 18:45:17,010 [INFO] src.corpus_acquisition.downloader: Page 12 already downloaded, skipping.
2026-07-15 18:45:17,010 [INFO] src.corpus_acquisition.downloader: Page 13 already downloaded, skipping.
2026-07-15 18:45:17,011 [INFO] src.corpus_acquisition.downloader: Page 14 already downloaded, skipping.
2026-07-15 18:45:17,011 [INFO] src.corpus_acquisition.downloader: Page 15 already downloaded, skipping.
2026-07-15 18:45:17,011 [INFO] src.corpus_acquisition.downloader: Page 16 already downloaded, skipping.
2026-07-15 18:45:17,012 [INFO] src.corpus_acquisition.downloader: Page 17 already downloaded, skipping.
2026-07-15 18:45:17,012 [INFO] src.corpus_acquisition.downloader: Downloading page 18 from https://t.prcdn.co/img?file=eag62021102700000000001001&page=18&scale=80
2026-07-15 18:45:17,012 [INFO] src.corpus_acquisition.crawler: Downloading -> data/raw/images/gestion/2021/10/27/gestion_2021-10-27_18.jpg
2026-07-15 18:45:21,572 [INFO] src.corpus_acquisition.downloader: Downloading page 19 from https://t.prcdn.co/img?file=eag62021102700000000001001&page=19&scale=80
2026-07-15 18:45:21,573 [INFO] src.corpus_acquisition.crawler: Downloading -> data/raw/images/gestion/2021/10/27/gestion_2021-10-27_19.jpg
2026-07-15 18:45:23,812 [INFO] src.corpus_acquisition.downloader: Downloading page 20 from https://t.prcdn.co/img?file=eag62021102700000000001001&page=20&scale=80
2026-07-15 18:45:23,812 [INFO] src.corpus_acquisition.crawler: Downloading -> data/raw/images/gestion/2021/10/27/gestion_2021-10-27_20.jpg
2026-07-15 18:45:25,739 [INFO] src.corpus_acquisition.downloader: Downloading page 21 from https://t.prcdn.co/img?file=eag62021102700000000001001&page=21&scale=80
2026-07-15 18:45:25,740 [INFO] src.corpus_acquisition.crawler: Downloading -> data/raw/images/gestion/2021/10/27/gestion_2021-10-27_21.jpg
2026-07-15 18:45:28,387 [INFO] src.corpus_acquisition.downloader: Downloading page 22 from https://t.prcdn.co/img?file=eag62021102700000000001001&page=22&scale=80
2026-07-15 18:45:28,398 [INFO] src.corpus_acquisition.crawler: Downloading -> data/raw/images/gestion/2021/10/27/gestion_2021-10-27_22.jpg
2026-07-15 18:45:31,207 [INFO] src.corpus_acquisition.downloader: Downloading page 23 from https://t.prcdn.co/img?file=eag62021102700000000001001&page=23&scale=80
2026-07-15 18:45:31,207 [INFO] src.corpus_acquisition.crawler: Downloading -> data/raw/images/gestion/2021/10/27/gestion_2021-10-27_23.jpg
2026-07-15 18:45:33,505 [INFO] src.corpus_acquisition.downloader: Downloading page 24 from https://t.prcdn.co/img?file=eag62021102700000000001001&page=24&scale=80
2026-07-15 18:45:33,506 [INFO] src.corpus_acquisition.crawler: Downloading -> data/raw/images/gestion/2021/10/27/gestion_2021-10-27_24.jpg
2026-07-15 18:45:36,077 [INFO] src.corpus_acquisition.downloader: Downloading page 25 from https://t.prcdn.co/img?file=eag62021102700000000001001&page=25&scale=80
2026-07-15 18:45:36,088 [INFO] src.corpus_acquisition.crawler: Downloading -> data/raw/images/gestion/2021/10/27/gestion_2021-10-27_25.jpg
2026-07-15 18:45:36,321 [WARNING] src.corpus_acquisition.downloader: Page 25 not found (1/3).
2026-07-15 18:45:36,322 [INFO] src.corpus_acquisition.downloader: Downloading page 26 from https://t.prcdn.co/img?file=eag62021102700000000001001&page=26&scale=80
2026-07-15 18:45:36,322 [INFO] src.corpus_acquisition.crawler: Downloading -> data/raw/images/gestion/2021/10/27/gestion_2021-10-27_26.jpg
2026-07-15 18:45:36,530 [WARNING] src.corpus_acquisition.downloader: Page 26 not found (2/3).
2026-07-15 18:45:36,530 [INFO] src.corpus_acquisition.downloader: Downloading page 27 from https://t.prcdn.co/img?file=eag62021102700000000001001&page=27&scale=80
2026-07-15 18:45:36,531 [INFO] src.corpus_acquisition.crawler: Downloading -> data/raw/images/gestion/2021/10/27/gestion_2021-10-27_27.jpg
2026-07-15 18:45:36,780 [WARNING] src.corpus_acquisition.downloader: Page 27 not found (3/3).
2026-07-15 18:45:36,781 [WARNING] src.corpus_acquisition.downloader: No new pages found after 3 attempts; stopping with 7 page(s).
2026-07-15 18:45:36,828 [INFO] src.corpus_acquisition.metadata_extractor: Saved metadata for 7 page(s) -> data/raw/metadata/gestion_metadata.parquet (total rows: 10176)
2026-07-15 18:45:36,836 [INFO] src.corpus_acquisition.metadata_extractor: Saved crawl log -> data/raw/crawl_logs/gestion_2021-10-27.json (status=success)
2026-07-15 18:45:37,714 [INFO] src.corpus_acquisition.downloader: Downloading page 1 from https://t.prcdn.co/img?file=eag62021102800000000001001&page=1&scale=80
2026-07-15 18:45:37,727 [INFO] src.corpus_acquisition.crawler: Downloading -> data/raw/images/gestion/2021/10/28/gestion_2021-10-28_1.jpg
2026-07-15 18:45:40,320 [INFO] src.corpus_acquisition.downloader: Downloading page 2 from https://t.prcdn.co/img?file=eag62021102800000000001001&page=2&scale=80
2026-07-15 18:45:40,320 [INFO] src.corpus_acquisition.crawler: Downloading -> data/raw/images/gestion/2021/10/28/gestion_2021-10-28_2.jpg
2026-07-15 18:45:43,796 [INFO] src.corpus_acquisition.downloader: Downloading page 3 from https://t.prcdn.co/img?file=eag62021102800000000001001&page=3&scale=80
2026-07-15 18:45:43,800 [INFO] src.corpus_acquisition.crawler: Downloading -> data/raw/images/gestion/2021/10/28/gestion_2021-10-28_3.jpg
2026-07-15 18:45:47,161 [INFO] src.corpus_acquisition.downloader: Downloading page 4 from https://t.prcdn.co/img?file=eag62021102800000000001001&page=4&scale=80
2026-07-15 18:45:47,161 [INFO] src.corpus_acquisition.crawler: Downloading -> data/raw/images/gestion/2021/10/28/gestion_2021-10-28_4.jpg
2026-07-15 18:45:49,980 [INFO] src.corpus_acquisition.downloader: Downloading page 5 from https://t.prcdn.co/img?file=eag62021102800000000001001&page=5&scale=80
2026-07-15 18:45:49,991 [INFO] src.corpus_acquisition.crawler: Downloading -> data/raw/images/gestion/2021/10/28/gestion_2021-10-28_5.jpg
2026-07-15 18:45:52,808 [INFO] src.corpus_acquisition.downloader: Downloading page 6 from https://t.prcdn.co/img?file=eag62021102800000000001001&page=6&scale=80
2026-07-15 18:45:52,808 [INFO] src.corpus_acquisition.crawler: Downloading -> data/raw/images/gestion/2021/10/28/gestion_2021-10-28_6.jpg
2026-07-15 18:45:55,638 [INFO] src.corpus_acquisition.downloader: Downloading page 7 from https://t.prcdn.co/img?file=eag62021102800000000001001&page=7&scale=80
2026-07-15 18:45:55,639 [INFO] src.corpus_acquisition.crawler: Downloading -> data/raw/images/gestion/2021/10/28/gestion_2021-10-28_7.jpg
2026-07-15 18:45:58,769 [INFO] src.corpus_acquisition.downloader: Downloading page 8 from https://t.prcdn.co/img?file=eag62021102800000000001001&page=8&scale=80
2026-07-15 18:45:58,770 [INFO] src.corpus_acquisition.crawler: Downloading -> data/raw/images/gestion/2021/10/28/gestion_2021-10-28_8.jpg
2026-07-15 18:46:01,310 [INFO] src.corpus_acquisition.downloader: Downloading page 9 from https://t.prcdn.co/img?file=eag62021102800000000001001&page=9&scale=80
2026-07-15 18:46:01,310 [INFO] src.corpus_acquisition.crawler: Downloading -> data/raw/images/gestion/2021/10/28/gestion_2021-10-28_9.jpg
2026-07-15 18:46:03,625 [INFO] src.corpus_acquisition.downloader: Downloading page 10 from https://t.prcdn.co/img?file=eag62021102800000000001001&page=10&scale=80
2026-07-15 18:46:03,625 [INFO] src.corpus_acquisition.crawler: Downloading -> data/raw/images/gestion/2021/10/28/gestion_2021-10-28_10.jpg
2026-07-15 18:46:06,373 [INFO] src.corpus_acquisition.downloader: Downloading page 11 from https://t.prcdn.co/img?file=eag62021102800000000001001&page=11&scale=80
2026-07-15 18:46:06,374 [INFO] src.corpus_acquisition.crawler: Downloading -> data/raw/images/gestion/2021/10/28/gestion_2021-10-28_11.jpg
2026-07-15 18:46:09,206 [INFO] src.corpus_acquisition.downloader: Downloading page 12 from https://t.prcdn.co/img?file=eag62021102800000000001001&page=12&scale=80
2026-07-15 18:46:09,206 [INFO] src.corpus_acquisition.crawler: Downloading -> data/raw/images/gestion/2021/10/28/gestion_2021-10-28_12.jpg
2026-07-15 18:46:11,348 [INFO] src.corpus_acquisition.downloader: Downloading page 13 from https://t.prcdn.co/img?file=eag62021102800000000001001&page=13&scale=80
2026-07-15 18:46:11,348 [INFO] src.corpus_acquisition.crawler: Downloading -> data/raw/images/gestion/2021/10/28/gestion_2021-10-28_13.jpg
2026-07-15 18:46:14,387 [INFO] src.corpus_acquisition.downloader: Downloading page 14 from https://t.prcdn.co/img?file=eag62021102800000000001001&page=14&scale=80
2026-07-15 18:46:14,398 [INFO] src.corpus_acquisition.crawler: Downloading -> data/raw/images/gestion/2021/10/28/gestion_2021-10-28_14.jpg
2026-07-15 18:46:17,554 [INFO] src.corpus_acquisition.downloader: Downloading page 15 from https://t.prcdn.co/img?file=eag62021102800000000001001&page=15&scale=80
2026-07-15 18:46:17,554 [INFO] src.corpus_acquisition.crawler: Downloading -> data/raw/images/gestion/2021/10/28/gestion_2021-10-28_15.jpg
2026-07-15 18:46:20,096 [INFO] src.corpus_acquisition.downloader: Downloading page 16 from https://t.prcdn.co/img?file=eag62021102800000000001001&page=16&scale=80
2026-07-15 18:46:20,096 [INFO] src.corpus_acquisition.crawler: Downloading -> data/raw/images/gestion/2021/10/28/gestion_2021-10-28_16.jpg
2026-07-15 18:46:22,780 [INFO] src.corpus_acquisition.downloader: Downloading page 17 from https://t.prcdn.co/img?file=eag62021102800000000001001&page=17&scale=80
2026-07-15 18:46:22,780 [INFO] src.corpus_acquisition.crawler: Downloading -> data/raw/images/gestion/2021/10/28/gestion_2021-10-28_17.jpg
2026-07-15 18:46:25,581 [INFO] src.corpus_acquisition.downloader: Downloading page 18 from https://t.prcdn.co/img?file=eag62021102800000000001001&page=18&scale=80
2026-07-15 18:46:25,581 [INFO] src.corpus_acquisition.crawler: Downloading -> data/raw/images/gestion/2021/10/28/gestion_2021-10-28_18.jpg
2026-07-15 18:46:28,099 [INFO] src.corpus_acquisition.downloader: Downloading page 19 from https://t.prcdn.co/img?file=eag62021102800000000001001&page=19&scale=80
2026-07-15 18:46:28,100 [INFO] src.corpus_acquisition.crawler: Downloading -> data/raw/images/gestion/2021/10/28/gestion_2021-10-28_19.jpg
2026-07-15 18:46:30,845 [INFO] src.corpus_acquisition.downloader: Downloading page 20 from https://t.prcdn.co/img?file=eag62021102800000000001001&page=20&scale=80
2026-07-15 18:46:30,856 [INFO] src.corpus_acquisition.crawler: Downloading -> data/raw/images/gestion/2021/10/28/gestion_2021-10-28_20.jpg
2026-07-15 18:46:33,433 [INFO] src.corpus_acquisition.downloader: Downloading page 21 from https://t.prcdn.co/img?file=eag62021102800000000001001&page=21&scale=80
2026-07-15 18:46:33,433 [INFO] src.corpus_acquisition.crawler: Downloading -> data/raw/images/gestion/2021/10/28/gestion_2021-10-28_21.jpg
2026-07-15 18:46:35,374 [INFO] src.corpus_acquisition.downloader: Downloading page 22 from https://t.prcdn.co/img?file=eag62021102800000000001001&page=22&scale=80
2026-07-15 18:46:35,375 [INFO] src.corpus_acquisition.crawler: Downloading -> data/raw/images/gestion/2021/10/28/gestion_2021-10-28_22.jpg
2026-07-15 18:46:37,997 [INFO] src.corpus_acquisition.downloader: Downloading page 23 from https://t.prcdn.co/img?file=eag62021102800000000001001&page=23&scale=80
2026-07-15 18:46:37,998 [INFO] src.corpus_acquisition.crawler: Downloading -> data/raw/images/gestion/2021/10/28/gestion_2021-10-28_23.jpg
2026-07-15 18:46:40,082 [INFO] src.corpus_acquisition.downloader: Downloading page 24 from https://t.prcdn.co/img?file=eag62021102800000000001001&page=24&scale=80
2026-07-15 18:46:40,093 [INFO] src.corpus_acquisition.crawler: Downloading -> data/raw/images/gestion/2021/10/28/gestion_2021-10-28_24.jpg
2026-07-15 18:46:42,933 [INFO] src.corpus_acquisition.downloader: Downloading page 25 from https://t.prcdn.co/img?file=eag62021102800000000001001&page=25&scale=80
2026-07-15 18:46:42,933 [INFO] src.corpus_acquisition.crawler: Downloading -> data/raw/images/gestion/2021/10/28/gestion_2021-10-28_25.jpg
2026-07-15 18:46:43,150 [WARNING] src.corpus_acquisition.downloader: Page 25 not found (1/3).
2026-07-15 18:46:43,151 [INFO] src.corpus_acquisition.downloader: Downloading page 26 from https://t.prcdn.co/img?file=eag62021102800000000001001&page=26&scale=80
2026-07-15 18:46:43,162 [INFO] src.corpus_acquisition.crawler: Downloading -> data/raw/images/gestion/2021/10/28/gestion_2021-10-28_26.jpg
2026-07-15 18:46:43,408 [WARNING] src.corpus_acquisition.downloader: Page 26 not found (2/3).
2026-07-15 18:46:43,409 [INFO] src.corpus_acquisition.downloader: Downloading page 27 from https://t.prcdn.co/img?file=eag62021102800000000001001&page=27&scale=80
2026-07-15 18:46:43,409 [INFO] src.corpus_acquisition.crawler: Downloading -> data/raw/images/gestion/2021/10/28/gestion_2021-10-28_27.jpg
2026-07-15 18:46:43,614 [WARNING] src.corpus_acquisition.downloader: Page 27 not found (3/3).
2026-07-15 18:46:43,614 [WARNING] src.corpus_acquisition.downloader: No new pages found after 3 attempts; stopping with 24 page(s).
2026-07-15 18:46:43,640 [INFO] src.corpus_acquisition.metadata_extractor: Saved metadata for 24 page(s) -> data/raw/metadata/gestion_metadata.parquet (total rows: 10200)
2026-07-15 18:46:43,643 [INFO] src.corpus_acquisition.metadata_extractor: Saved crawl log -> data/raw/crawl_logs/gestion_2021-10-28.json (status=success)
2026-07-15 18:46:44,475 [INFO] src.corpus_acquisition.downloader: Downloading page 1 from https://t.prcdn.co/img?file=eag62021102900000000001001&page=1&scale=80
2026-07-15 18:46:44,480 [INFO] src.corpus_acquisition.crawler: Downloading -> data/raw/images/gestion/2021/10/29/gestion_2021-10-29_1.jpg
2026-07-15 18:46:46,267 [INFO] src.corpus_acquisition.downloader: Downloading page 2 from https://t.prcdn.co/img?file=eag62021102900000000001001&page=2&scale=80
2026-07-15 18:46:46,267 [INFO] src.corpus_acquisition.crawler: Downloading -> data/raw/images/gestion/2021/10/29/gestion_2021-10-29_2.jpg
2026-07-15 18:46:49,573 [INFO] src.corpus_acquisition.downloader: Downloading page 3 from https://t.prcdn.co/img?file=eag62021102900000000001001&page=3&scale=80
2026-07-15 18:46:49,574 [INFO] src.corpus_acquisition.crawler: Downloading -> data/raw/images/gestion/2021/10/29/gestion_2021-10-29_3.jpg
2026-07-15 18:46:51,694 [INFO] src.corpus_acquisition.downloader: Downloading page 4 from https://t.prcdn.co/img?file=eag62021102900000000001001&page=4&scale=80
2026-07-15 18:46:51,694 [INFO] src.corpus_acquisition.crawler: Downloading -> data/raw/images/gestion/2021/10/29/gestion_2021-10-29_4.jpg
2026-07-15 18:46:54,531 [INFO] src.corpus_acquisition.downloader: Downloading page 5 from https://t.prcdn.co/img?file=eag62021102900000000001001&page=5&scale=80
2026-07-15 18:46:54,531 [INFO] src.corpus_acquisition.crawler: Downloading -> data/raw/images/gestion/2021/10/29/gestion_2021-10-29_5.jpg
2026-07-15 18:46:57,405 [INFO] src.corpus_acquisition.downloader: Downloading page 6 from https://t.prcdn.co/img?file=eag62021102900000000001001&page=6&scale=80
2026-07-15 18:46:57,406 [INFO] src.corpus_acquisition.crawler: Downloading -> data/raw/images/gestion/2021/10/29/gestion_2021-10-29_6.jpg
2026-07-15 18:47:00,027 [INFO] src.corpus_acquisition.downloader: Downloading page 7 from https://t.prcdn.co/img?file=eag62021102900000000001001&page=7&scale=80
2026-07-15 18:47:00,027 [INFO] src.corpus_acquisition.crawler: Downloading -> data/raw/images/gestion/2021/10/29/gestion_2021-10-29_7.jpg
2026-07-15 18:47:02,642 [INFO] src.corpus_acquisition.downloader: Downloading page 8 from https://t.prcdn.co/img?file=eag62021102900000000001001&page=8&scale=80
2026-07-15 18:47:02,642 [INFO] src.corpus_acquisition.crawler: Downloading -> data/raw/images/gestion/2021/10/29/gestion_2021-10-29_8.jpg
2026-07-15 18:47:16,545 [ERROR] src.corpus_acquisition.downloader: Failed to download page 8: Failed to download page 8: 520
2026-07-15 18:47:16,557 [INFO] src.corpus_acquisition.downloader: Downloading page 9 from https://t.prcdn.co/img?file=eag62021102900000000001001&page=9&scale=80
2026-07-15 18:47:16,557 [INFO] src.corpus_acquisition.crawler: Downloading -> data/raw/images/gestion/2021/10/29/gestion_2021-10-29_9.jpg
2026-07-15 18:47:19,150 [INFO] src.corpus_acquisition.downloader: Downloading page 10 from https://t.prcdn.co/img?file=eag62021102900000000001001&page=10&scale=80
2026-07-15 18:47:19,150 [INFO] src.corpus_acquisition.crawler: Downloading -> data/raw/images/gestion/2021/10/29/gestion_2021-10-29_10.jpg
2026-07-15 18:47:21,727 [INFO] src.corpus_acquisition.downloader: Downloading page 11 from https://t.prcdn.co/img?file=eag62021102900000000001001&page=11&scale=80
2026-07-15 18:47:21,732 [INFO] src.corpus_acquisition.crawler: Downloading -> data/raw/images/gestion/2021/10/29/gestion_2021-10-29_11.jpg
2026-07-15 18:47:24,405 [INFO] src.corpus_acquisition.downloader: Downloading page 12 from https://t.prcdn.co/img?file=eag62021102900000000001001&page=12&scale=80
2026-07-15 18:47:24,406 [INFO] src.corpus_acquisition.crawler: Downloading -> data/raw/images/gestion/2021/10/29/gestion_2021-10-29_12.jpg
2026-07-15 18:47:27,096 [INFO] src.corpus_acquisition.downloader: Downloading page 13 from https://t.prcdn.co/img?file=eag62021102900000000001001&page=13&scale=80
2026-07-15 18:47:27,097 [INFO] src.corpus_acquisition.crawler: Downloading -> data/raw/images/gestion/2021/10/29/gestion_2021-10-29_13.jpg
2026-07-15 18:47:29,802 [INFO] src.corpus_acquisition.downloader: Downloading page 14 from https://t.prcdn.co/img?file=eag62021102900000000001001&page=14&scale=80
2026-07-15 18:47:29,802 [INFO] src.corpus_acquisition.crawler: Downloading -> data/raw/images/gestion/2021/10/29/gestion_2021-10-29_14.jpg
2026-07-15 18:47:32,544 [INFO] src.corpus_acquisition.downloader: Downloading page 15 from https://t.prcdn.co/img?file=eag62021102900000000001001&page=15&scale=80
2026-07-15 18:47:32,545 [INFO] src.corpus_acquisition.crawler: Downloading -> data/raw/images/gestion/2021/10/29/gestion_2021-10-29_15.jpg
2026-07-15 18:47:34,904 [INFO] src.corpus_acquisition.downloader: Downloading page 16 from https://t.prcdn.co/img?file=eag62021102900000000001001&page=16&scale=80
2026-07-15 18:47:34,904 [INFO] src.corpus_acquisition.crawler: Downloading -> data/raw/images/gestion/2021/10/29/gestion_2021-10-29_16.jpg
2026-07-15 18:47:37,312 [INFO] src.corpus_acquisition.downloader: Downloading page 17 from https://t.prcdn.co/img?file=eag62021102900000000001001&page=17&scale=80
2026-07-15 18:47:37,312 [INFO] src.corpus_acquisition.crawler: Downloading -> data/raw/images/gestion/2021/10/29/gestion_2021-10-29_17.jpg
2026-07-15 18:47:39,921 [INFO] src.corpus_acquisition.downloader: Downloading page 18 from https://t.prcdn.co/img?file=eag62021102900000000001001&page=18&scale=80
2026-07-15 18:47:39,921 [INFO] src.corpus_acquisition.crawler: Downloading -> data/raw/images/gestion/2021/10/29/gestion_2021-10-29_18.jpg
2026-07-15 18:47:43,107 [INFO] src.corpus_acquisition.downloader: Downloading page 19 from https://t.prcdn.co/img?file=eag62021102900000000001001&page=19&scale=80
2026-07-15 18:47:43,108 [INFO] src.corpus_acquisition.crawler: Downloading -> data/raw/images/gestion/2021/10/29/gestion_2021-10-29_19.jpg
2026-07-15 18:47:45,856 [INFO] src.corpus_acquisition.downloader: Downloading page 20 from https://t.prcdn.co/img?file=eag62021102900000000001001&page=20&scale=80
2026-07-15 18:47:45,857 [INFO] src.corpus_acquisition.crawler: Downloading -> data/raw/images/gestion/2021/10/29/gestion_2021-10-29_20.jpg
2026-07-15 18:47:48,621 [INFO] src.corpus_acquisition.downloader: Downloading page 21 from https://t.prcdn.co/img?file=eag62021102900000000001001&page=21&scale=80
2026-07-15 18:47:48,621 [INFO] src.corpus_acquisition.crawler: Downloading -> data/raw/images/gestion/2021/10/29/gestion_2021-10-29_21.jpg
2026-07-15 18:47:51,534 [INFO] src.corpus_acquisition.downloader: Downloading page 22 from https://t.prcdn.co/img?file=eag62021102900000000001001&page=22&scale=80
2026-07-15 18:47:51,534 [INFO] src.corpus_acquisition.crawler: Downloading -> data/raw/images/gestion/2021/10/29/gestion_2021-10-29_22.jpg
2026-07-15 18:48:11,742 [ERROR] src.corpus_acquisition.downloader: Failed to download page 22: Failed to download page 22: 520
2026-07-15 18:48:11,743 [INFO] src.corpus_acquisition.downloader: Downloading page 23 from https://t.prcdn.co/img?file=eag62021102900000000001001&page=23&scale=80
2026-07-15 18:48:11,743 [INFO] src.corpus_acquisition.crawler: Downloading -> data/raw/images/gestion/2021/10/29/gestion_2021-10-29_23.jpg
2026-07-15 18:48:14,828 [INFO] src.corpus_acquisition.downloader: Downloading page 24 from https://t.prcdn.co/img?file=eag62021102900000000001001&page=24&scale=80
2026-07-15 18:48:14,839 [INFO] src.corpus_acquisition.crawler: Downloading -> data/raw/images/gestion/2021/10/29/gestion_2021-10-29_24.jpg
2026-07-15 18:48:17,551 [INFO] src.corpus_acquisition.downloader: Downloading page 25 from https://t.prcdn.co/img?file=eag62021102900000000001001&page=25&scale=80
2026-07-15 18:48:17,562 [INFO] src.corpus_acquisition.crawler: Downloading -> data/raw/images/gestion/2021/10/29/gestion_2021-10-29_25.jpg
2026-07-15 18:48:17,786 [WARNING] src.corpus_acquisition.downloader: Page 25 not found (1/3).
2026-07-15 18:48:17,796 [INFO] src.corpus_acquisition.downloader: Downloading page 26 from https://t.prcdn.co/img?file=eag62021102900000000001001&page=26&scale=80
2026-07-15 18:48:17,807 [INFO] src.corpus_acquisition.crawler: Downloading -> data/raw/images/gestion/2021/10/29/gestion_2021-10-29_26.jpg
2026-07-15 18:48:18,026 [WARNING] src.corpus_acquisition.downloader: Page 26 not found (2/3).
2026-07-15 18:48:18,027 [INFO] src.corpus_acquisition.downloader: Downloading page 27 from https://t.prcdn.co/img?file=eag62021102900000000001001&page=27&scale=80
2026-07-15 18:48:18,038 [INFO] src.corpus_acquisition.crawler: Downloading -> data/raw/images/gestion/2021/10/29/gestion_2021-10-29_27.jpg
2026-07-15 18:48:18,261 [WARNING] src.corpus_acquisition.downloader: Page 27 not found (3/3).
2026-07-15 18:48:18,261 [WARNING] src.corpus_acquisition.downloader: No new pages found after 3 attempts; stopping with 22 page(s).
2026-07-15 18:48:18,291 [INFO] src.corpus_acquisition.metadata_extractor: Saved metadata for 22 page(s) -> data/raw/metadata/gestion_metadata.parquet (total rows: 10222)
2026-07-15 18:48:18,296 [INFO] src.corpus_acquisition.metadata_extractor: Saved crawl log -> data/raw/crawl_logs/gestion_2021-10-29.json (status=partial)
2026-07-15 18:48:19,743 [INFO] src.corpus_acquisition.downloader: Downloading page 1 from https://t.prcdn.co/img?file=eag62021103000000000001001&page=1&scale=80
2026-07-15 18:48:19,744 [INFO] src.corpus_acquisition.crawler: Downloading -> data/raw/images/gestion/2021/10/30/gestion_2021-10-30_1.jpg
2026-07-15 18:48:19,974 [WARNING] src.corpus_acquisition.downloader: Page 1 not found (1/3).
2026-07-15 18:48:19,997 [INFO] src.corpus_acquisition.downloader: Downloading page 2 from https://t.prcdn.co/img?file=eag62021103000000000001001&page=2&scale=80
2026-07-15 18:48:20,001 [INFO] src.corpus_acquisition.crawler: Downloading -> data/raw/images/gestion/2021/10/30/gestion_2021-10-30_2.jpg
2026-07-15 18:48:20,228 [WARNING] src.corpus_acquisition.downloader: Page 2 not found (2/3).
2026-07-15 18:48:20,230 [INFO] src.corpus_acquisition.downloader: Downloading page 3 from https://t.prcdn.co/img?file=eag62021103000000000001001&page=3&scale=80
2026-07-15 18:48:20,230 [INFO] src.corpus_acquisition.crawler: Downloading -> data/raw/images/gestion/2021/10/30/gestion_2021-10-30_3.jpg
2026-07-15 18:48:20,439 [WARNING] src.corpus_acquisition.downloader: Page 3 not found (3/3).
2026-07-15 18:48:20,439 [WARNING] src.corpus_acquisition.downloader: No new pages found after 3 attempts; stopping with 0 page(s).
2026-07-15 18:48:20,445 [INFO] src.corpus_acquisition.metadata_extractor: Saved crawl log -> data/raw/crawl_logs/gestion_2021-10-30.json (status=failed)
2026-07-15 18:48:20,979 [INFO] src.corpus_acquisition.downloader: Downloading page 1 from https://t.prcdn.co/img?file=eag62021103100000000001001&page=1&scale=80
2026-07-15 18:48:20,980 [INFO] src.corpus_acquisition.crawler: Downloading -> data/raw/images/gestion/2021/10/31/gestion_2021-10-31_1.jpg
2026-07-15 18:48:21,193 [WARNING] src.corpus_acquisition.downloader: Page 1 not found (1/3).
2026-07-15 18:48:21,194 [INFO] src.corpus_acquisition.downloader: Downloading page 2 from https://t.prcdn.co/img?file=eag62021103100000000001001&page=2&scale=80
2026-07-15 18:48:21,194 [INFO] src.corpus_acquisition.crawler: Downloading -> data/raw/images/gestion/2021/10/31/gestion_2021-10-31_2.jpg
2026-07-15 18:48:21,404 [WARNING] src.corpus_acquisition.downloader: Page 2 not found (2/3).
2026-07-15 18:48:21,404 [INFO] src.corpus_acquisition.downloader: Downloading page 3 from https://t.prcdn.co/img?file=eag62021103100000000001001&page=3&scale=80
2026-07-15 18:48:21,405 [INFO] src.corpus_acquisition.crawler: Downloading -> data/raw/images/gestion/2021/10/31/gestion_2021-10-31_3.jpg
2026-07-15 18:48:21,613 [WARNING] src.corpus_acquisition.downloader: Page 3 not found (3/3).
2026-07-15 18:48:21,613 [WARNING] src.corpus_acquisition.downloader: No new pages found after 3 attempts; stopping with 0 page(s).
2026-07-15 18:48:21,616 [INFO] src.corpus_acquisition.metadata_extractor: Saved crawl log -> data/raw/crawl_logs/gestion_2021-10-31.json (status=failed)
2026-07-15 18:48:22,358 [INFO] src.corpus_acquisition.downloader: Downloading page 1 from https://t.prcdn.co/img?file=eag62021110100000000001001&page=1&scale=80
2026-07-15 18:48:22,368 [INFO] src.corpus_acquisition.crawler: Downloading -> data/raw/images/gestion/2021/11/01/gestion_2021-11-01_1.jpg
2026-07-15 18:48:22,718 [WARNING] src.corpus_acquisition.downloader: Page 1 not found (1/3).
2026-07-15 18:48:22,719 [INFO] src.corpus_acquisition.downloader: Downloading page 2 from https://t.prcdn.co/img?file=eag62021110100000000001001&page=2&scale=80
2026-07-15 18:48:22,719 [INFO] src.corpus_acquisition.crawler: Downloading -> data/raw/images/gestion/2021/11/01/gestion_2021-11-01_2.jpg
2026-07-15 18:48:22,928 [WARNING] src.corpus_acquisition.downloader: Page 2 not found (2/3).
2026-07-15 18:48:22,928 [INFO] src.corpus_acquisition.downloader: Downloading page 3 from https://t.prcdn.co/img?file=eag62021110100000000001001&page=3&scale=80
2026-07-15 18:48:22,929 [INFO] src.corpus_acquisition.crawler: Downloading -> data/raw/images/gestion/2021/11/01/gestion_2021-11-01_3.jpg
2026-07-15 18:48:23,160 [WARNING] src.corpus_acquisition.downloader: Page 3 not found (3/3).
2026-07-15 18:48:23,160 [WARNING] src.corpus_acquisition.downloader: No new pages found after 3 attempts; stopping with 0 page(s).
2026-07-15 18:48:23,164 [INFO] src.corpus_acquisition.metadata_extractor: Saved crawl log -> data/raw/crawl_logs/gestion_2021-11-01.json (status=failed)
2026-07-15 18:48:23,849 [INFO] src.corpus_acquisition.downloader: Downloading page 1 from https://t.prcdn.co/img?file=eag62021110200000000001001&page=1&scale=80
2026-07-15 18:48:23,849 [INFO] src.corpus_acquisition.crawler: Downloading -> data/raw/images/gestion/2021/11/02/gestion_2021-11-02_1.jpg
2026-07-15 18:48:26,220 [INFO] src.corpus_acquisition.downloader: Downloading page 2 from https://t.prcdn.co/img?file=eag62021110200000000001001&page=2&scale=80
2026-07-15 18:48:26,221 [INFO] src.corpus_acquisition.crawler: Downloading -> data/raw/images/gestion/2021/11/02/gestion_2021-11-02_2.jpg
2026-07-15 18:48:29,914 [INFO] src.corpus_acquisition.downloader: Downloading page 3 from https://t.prcdn.co/img?file=eag62021110200000000001001&page=3&scale=80
2026-07-15 18:48:29,914 [INFO] src.corpus_acquisition.crawler: Downloading -> data/raw/images/gestion/2021/11/02/gestion_2021-11-02_3.jpg
2026-07-15 18:48:33,183 [INFO] src.corpus_acquisition.downloader: Downloading page 4 from https://t.prcdn.co/img?file=eag62021110200000000001001&page=4&scale=80
2026-07-15 18:48:33,184 [INFO] src.corpus_acquisition.crawler: Downloading -> data/raw/images/gestion/2021/11/02/gestion_2021-11-02_4.jpg
2026-07-15 18:48:36,234 [INFO] src.corpus_acquisition.downloader: Downloading page 5 from https://t.prcdn.co/img?file=eag62021110200000000001001&page=5&scale=80
2026-07-15 18:48:36,245 [INFO] src.corpus_acquisition.crawler: Downloading -> data/raw/images/gestion/2021/11/02/gestion_2021-11-02_5.jpg
2026-07-15 18:48:38,716 [INFO] src.corpus_acquisition.downloader: Downloading page 6 from https://t.prcdn.co/img?file=eag62021110200000000001001&page=6&scale=80
2026-07-15 18:48:38,720 [INFO] src.corpus_acquisition.crawler: Downloading -> data/raw/images/gestion/2021/11/02/gestion_2021-11-02_6.jpg
2026-07-15 18:48:41,396 [INFO] src.corpus_acquisition.downloader: Downloading page 7 from https://t.prcdn.co/img?file=eag62021110200000000001001&page=7&scale=80
2026-07-15 18:48:41,398 [INFO] src.corpus_acquisition.crawler: Downloading -> data/raw/images/gestion/2021/11/02/gestion_2021-11-02_7.jpg
2026-07-15 18:48:44,483 [INFO] src.corpus_acquisition.downloader: Downloading page 8 from https://t.prcdn.co/img?file=eag62021110200000000001001&page=8&scale=80
2026-07-15 18:48:44,494 [INFO] src.corpus_acquisition.crawler: Downloading -> data/raw/images/gestion/2021/11/02/gestion_2021-11-02_8.jpg
2026-07-15 18:48:46,715 [INFO] src.corpus_acquisition.downloader: Downloading page 9 from https://t.prcdn.co/img?file=eag62021110200000000001001&page=9&scale=80
2026-07-15 18:48:46,716 [INFO] src.corpus_acquisition.crawler: Downloading -> data/raw/images/gestion/2021/11/02/gestion_2021-11-02_9.jpg
2026-07-15 18:48:48,908 [INFO] src.corpus_acquisition.downloader: Downloading page 10 from https://t.prcdn.co/img?file=eag62021110200000000001001&page=10&scale=80
2026-07-15 18:48:48,909 [INFO] src.corpus_acquisition.crawler: Downloading -> data/raw/images/gestion/2021/11/02/gestion_2021-11-02_10.jpg
2026-07-15 18:48:51,894 [INFO] src.corpus_acquisition.downloader: Downloading page 11 from https://t.prcdn.co/img?file=eag62021110200000000001001&page=11&scale=80
2026-07-15 18:48:51,894 [INFO] src.corpus_acquisition.crawler: Downloading -> data/raw/images/gestion/2021/11/02/gestion_2021-11-02_11.jpg
2026-07-15 18:48:55,015 [INFO] src.corpus_acquisition.downloader: Downloading page 12 from https://t.prcdn.co/img?file=eag62021110200000000001001&page=12&scale=80
2026-07-15 18:48:55,016 [INFO] src.corpus_acquisition.crawler: Downloading -> data/raw/images/gestion/2021/11/02/gestion_2021-11-02_12.jpg
2026-07-15 18:48:57,616 [INFO] src.corpus_acquisition.downloader: Downloading page 13 from https://t.prcdn.co/img?file=eag62021110200000000001001&page=13&scale=80
2026-07-15 18:48:57,616 [INFO] src.corpus_acquisition.crawler: Downloading -> data/raw/images/gestion/2021/11/02/gestion_2021-11-02_13.jpg
2026-07-15 18:49:00,095 [INFO] src.corpus_acquisition.downloader: Downloading page 14 from https://t.prcdn.co/img?file=eag62021110200000000001001&page=14&scale=80
2026-07-15 18:49:00,102 [INFO] src.corpus_acquisition.crawler: Downloading -> data/raw/images/gestion/2021/11/02/gestion_2021-11-02_14.jpg
2026-07-15 18:49:03,064 [INFO] src.corpus_acquisition.downloader: Downloading page 15 from https://t.prcdn.co/img?file=eag62021110200000000001001&page=15&scale=80
2026-07-15 18:49:03,064 [INFO] src.corpus_acquisition.crawler: Downloading -> data/raw/images/gestion/2021/11/02/gestion_2021-11-02_15.jpg
2026-07-15 18:49:05,441 [INFO] src.corpus_acquisition.downloader: Downloading page 16 from https://t.prcdn.co/img?file=eag62021110200000000001001&page=16&scale=80
2026-07-15 18:49:05,442 [INFO] src.corpus_acquisition.crawler: Downloading -> data/raw/images/gestion/2021/11/02/gestion_2021-11-02_16.jpg
2026-07-15 18:49:08,293 [INFO] src.corpus_acquisition.downloader: Downloading page 17 from https://t.prcdn.co/img?file=eag62021110200000000001001&page=17&scale=80
2026-07-15 18:49:08,294 [INFO] src.corpus_acquisition.crawler: Downloading -> data/raw/images/gestion/2021/11/02/gestion_2021-11-02_17.jpg
2026-07-15 18:49:11,592 [INFO] src.corpus_acquisition.downloader: Downloading page 18 from https://t.prcdn.co/img?file=eag62021110200000000001001&page=18&scale=80
2026-07-15 18:49:11,592 [INFO] src.corpus_acquisition.crawler: Downloading -> data/raw/images/gestion/2021/11/02/gestion_2021-11-02_18.jpg
2026-07-15 18:49:14,979 [INFO] src.corpus_acquisition.downloader: Downloading page 19 from https://t.prcdn.co/img?file=eag62021110200000000001001&page=19&scale=80
2026-07-15 18:49:14,979 [INFO] src.corpus_acquisition.crawler: Downloading -> data/raw/images/gestion/2021/11/02/gestion_2021-11-02_19.jpg
2026-07-15 18:49:17,680 [INFO] src.corpus_acquisition.downloader: Downloading page 20 from https://t.prcdn.co/img?file=eag62021110200000000001001&page=20&scale=80
2026-07-15 18:49:17,681 [INFO] src.corpus_acquisition.crawler: Downloading -> data/raw/images/gestion/2021/11/02/gestion_2021-11-02_20.jpg
2026-07-15 18:49:20,157 [INFO] src.corpus_acquisition.downloader: Downloading page 21 from https://t.prcdn.co/img?file=eag62021110200000000001001&page=21&scale=80
2026-07-15 18:49:20,157 [INFO] src.corpus_acquisition.crawler: Downloading -> data/raw/images/gestion/2021/11/02/gestion_2021-11-02_21.jpg
2026-07-15 18:49:22,793 [INFO] src.corpus_acquisition.downloader: Downloading page 22 from https://t.prcdn.co/img?file=eag62021110200000000001001&page=22&scale=80
2026-07-15 18:49:22,800 [INFO] src.corpus_acquisition.crawler: Downloading -> data/raw/images/gestion/2021/11/02/gestion_2021-11-02_22.jpg
2026-07-15 18:49:25,146 [INFO] src.corpus_acquisition.downloader: Downloading page 23 from https://t.prcdn.co/img?file=eag62021110200000000001001&page=23&scale=80
2026-07-15 18:49:25,146 [INFO] src.corpus_acquisition.crawler: Downloading -> data/raw/images/gestion/2021/11/02/gestion_2021-11-02_23.jpg
2026-07-15 18:49:28,330 [INFO] src.corpus_acquisition.downloader: Downloading page 24 from https://t.prcdn.co/img?file=eag62021110200000000001001&page=24&scale=80
2026-07-15 18:49:28,331 [INFO] src.corpus_acquisition.crawler: Downloading -> data/raw/images/gestion/2021/11/02/gestion_2021-11-02_24.jpg
2026-07-15 18:49:31,102 [INFO] src.corpus_acquisition.downloader: Downloading page 25 from https://t.prcdn.co/img?file=eag62021110200000000001001&page=25&scale=80
2026-07-15 18:49:31,108 [INFO] src.corpus_acquisition.crawler: Downloading -> data/raw/images/gestion/2021/11/02/gestion_2021-11-02_25.jpg
2026-07-15 18:49:33,648 [INFO] src.corpus_acquisition.downloader: Downloading page 26 from https://t.prcdn.co/img?file=eag62021110200000000001001&page=26&scale=80
2026-07-15 18:49:33,656 [INFO] src.corpus_acquisition.crawler: Downloading -> data/raw/images/gestion/2021/11/02/gestion_2021-11-02_26.jpg
2026-07-15 18:49:36,453 [INFO] src.corpus_acquisition.downloader: Downloading page 27 from https://t.prcdn.co/img?file=eag62021110200000000001001&page=27&scale=80
2026-07-15 18:49:36,454 [INFO] src.corpus_acquisition.crawler: Downloading -> data/raw/images/gestion/2021/11/02/gestion_2021-11-02_27.jpg
2026-07-15 18:49:38,616 [INFO] src.corpus_acquisition.downloader: Downloading page 28 from https://t.prcdn.co/img?file=eag62021110200000000001001&page=28&scale=80
2026-07-15 18:49:38,627 [INFO] src.corpus_acquisition.crawler: Downloading -> data/raw/images/gestion/2021/11/02/gestion_2021-11-02_28.jpg
