2026-07-05 05:48:38,907 [INFO] __main__: Logging in to portal...
2026-07-05 05:49:00,454 [INFO] __main__: Login successful!
2026-07-05 05:49:00,458 [INFO] src.corpus_acquisition.downloader: Skipping elcomercio on 2023-04-01: already crawled successfully.
2026-07-05 05:49:00,459 [INFO] src.corpus_acquisition.downloader: Skipping elcomercio on 2023-04-02: already crawled successfully.
2026-07-05 05:49:00,460 [INFO] src.corpus_acquisition.downloader: Skipping elcomercio on 2023-04-03: already crawled successfully.
2026-07-05 05:49:00,461 [INFO] src.corpus_acquisition.downloader: Skipping elcomercio on 2023-04-04: already crawled successfully.
2026-07-05 05:49:00,462 [INFO] src.corpus_acquisition.downloader: Skipping elcomercio on 2023-04-05: already crawled successfully.
2026-07-05 05:49:00,463 [INFO] src.corpus_acquisition.downloader: Skipping elcomercio on 2023-04-06: already crawled successfully.
2026-07-05 05:49:00,464 [INFO] src.corpus_acquisition.downloader: Skipping elcomercio on 2023-04-07: already crawled successfully.
2026-07-05 05:49:00,465 [INFO] src.corpus_acquisition.downloader: Skipping elcomercio on 2023-04-08: already crawled successfully.
2026-07-05 05:49:00,466 [INFO] src.corpus_acquisition.downloader: Skipping elcomercio on 2023-04-09: already crawled successfully.
2026-07-05 05:49:00,467 [INFO] src.corpus_acquisition.downloader: Skipping elcomercio on 2023-04-10: already crawled successfully.
2026-07-05 05:49:00,468 [INFO] src.corpus_acquisition.downloader: Skipping elcomercio on 2023-04-11: already crawled successfully.
2026-07-05 05:49:00,469 [INFO] src.corpus_acquisition.downloader: Skipping elcomercio on 2023-04-12: already crawled successfully.
2026-07-05 05:49:00,470 [INFO] src.corpus_acquisition.downloader: Skipping elcomercio on 2023-04-13: already crawled successfully.
2026-07-05 05:49:00,471 [INFO] src.corpus_acquisition.downloader: Skipping elcomercio on 2023-04-14: already crawled successfully.
2026-07-05 05:49:00,472 [INFO] src.corpus_acquisition.downloader: Skipping elcomercio on 2023-04-15: already crawled successfully.
2026-07-05 05:49:00,472 [INFO] src.corpus_acquisition.downloader: Skipping elcomercio on 2023-04-16: already crawled successfully.
2026-07-05 05:49:00,473 [INFO] src.corpus_acquisition.downloader: Skipping elcomercio on 2023-04-17: already crawled successfully.
2026-07-05 05:49:00,474 [INFO] src.corpus_acquisition.downloader: Skipping elcomercio on 2023-04-18: already crawled successfully.
2026-07-05 05:49:00,475 [INFO] src.corpus_acquisition.downloader: Skipping elcomercio on 2023-04-19: already crawled successfully.
2026-07-05 05:49:00,476 [INFO] src.corpus_acquisition.downloader: Skipping elcomercio on 2023-04-20: already crawled successfully.
2026-07-05 05:49:00,477 [INFO] src.corpus_acquisition.downloader: Skipping elcomercio on 2023-04-21: already crawled successfully.
2026-07-05 05:49:00,478 [INFO] src.corpus_acquisition.downloader: Skipping elcomercio on 2023-04-22: already crawled successfully.
2026-07-05 05:49:00,483 [INFO] src.corpus_acquisition.downloader: Opening archive for elcomercio on 2023-04-23
2026-07-05 05:49:06,411 [INFO] src.corpus_acquisition.downloader: Collected 7 / 60 pages
2026-07-05 05:49:10,579 [INFO] src.corpus_acquisition.downloader: Collected 9 / 60 pages
2026-07-05 05:49:12,661 [INFO] src.corpus_acquisition.downloader: Collected 11 / 60 pages
2026-07-05 05:49:14,745 [INFO] src.corpus_acquisition.downloader: Collected 13 / 60 pages
2026-07-05 05:49:16,822 [INFO] src.corpus_acquisition.downloader: Collected 15 / 60 pages
2026-07-05 05:49:18,912 [INFO] src.corpus_acquisition.downloader: Collected 17 / 60 pages
2026-07-05 05:49:20,994 [INFO] src.corpus_acquisition.downloader: Collected 19 / 60 pages
2026-07-05 05:49:23,092 [INFO] src.corpus_acquisition.downloader: Collected 21 / 60 pages
2026-07-05 05:49:25,180 [INFO] src.corpus_acquisition.downloader: Collected 23 / 60 pages
2026-07-05 05:49:27,269 [INFO] src.corpus_acquisition.downloader: Collected 25 / 60 pages
2026-07-05 05:49:29,373 [INFO] src.corpus_acquisition.downloader: Collected 27 / 60 pages
2026-07-05 05:49:31,457 [INFO] src.corpus_acquisition.downloader: Collected 29 / 60 pages
2026-07-05 05:49:33,541 [INFO] src.corpus_acquisition.downloader: Collected 31 / 60 pages
2026-07-05 05:49:35,631 [INFO] src.corpus_acquisition.downloader: Collected 33 / 60 pages
2026-07-05 05:49:37,727 [INFO] src.corpus_acquisition.downloader: Collected 35 / 60 pages
2026-07-05 05:49:39,812 [INFO] src.corpus_acquisition.downloader: Collected 37 / 60 pages
2026-07-05 05:49:41,915 [INFO] src.corpus_acquisition.downloader: Collected 39 / 60 pages
2026-07-05 05:49:44,007 [INFO] src.corpus_acquisition.downloader: Collected 41 / 60 pages
2026-07-05 05:49:46,091 [INFO] src.corpus_acquisition.downloader: Collected 43 / 60 pages
2026-07-05 05:49:48,172 [INFO] src.corpus_acquisition.downloader: Collected 45 / 60 pages
2026-07-05 05:49:50,257 [INFO] src.corpus_acquisition.downloader: Collected 47 / 60 pages
2026-07-05 05:49:52,339 [INFO] src.corpus_acquisition.downloader: Collected 49 / 60 pages
2026-07-05 05:49:54,420 [INFO] src.corpus_acquisition.downloader: Collected 51 / 60 pages
2026-07-05 05:49:56,504 [INFO] src.corpus_acquisition.downloader: Collected 52 / 60 pages
2026-07-05 05:50:02,771 [WARNING] src.corpus_acquisition.downloader: No new pages found after 3 attempts; stopping with 52 page(s).
2026-07-05 05:50:03,703 [INFO] src.corpus_acquisition.downloader: Page 1 already downloaded, skipping.
2026-07-05 05:50:03,703 [INFO] src.corpus_acquisition.downloader: Page 2 already downloaded, skipping.
2026-07-05 05:50:03,704 [INFO] src.corpus_acquisition.downloader: Page 3 already downloaded, skipping.
2026-07-05 05:50:03,704 [INFO] src.corpus_acquisition.downloader: Page 4 already downloaded, skipping.
2026-07-05 05:50:03,705 [INFO] src.corpus_acquisition.downloader: Page 5 already downloaded, skipping.
2026-07-05 05:50:03,705 [INFO] src.corpus_acquisition.downloader: Page 6 already downloaded, skipping.
2026-07-05 05:50:03,705 [INFO] src.corpus_acquisition.downloader: Page 7 already downloaded, skipping.
2026-07-05 05:50:03,706 [INFO] src.corpus_acquisition.downloader: Page 8 already downloaded, skipping.
2026-07-05 05:50:03,706 [INFO] src.corpus_acquisition.downloader: Page 9 already downloaded, skipping.
2026-07-05 05:50:03,706 [INFO] src.corpus_acquisition.downloader: Page 10 already downloaded, skipping.
2026-07-05 05:50:03,707 [INFO] src.corpus_acquisition.downloader: Page 11 already downloaded, skipping.
2026-07-05 05:50:03,707 [INFO] src.corpus_acquisition.downloader: Page 12 already downloaded, skipping.
2026-07-05 05:50:03,708 [INFO] src.corpus_acquisition.downloader: Page 13 already downloaded, skipping.
2026-07-05 05:50:03,708 [INFO] src.corpus_acquisition.downloader: Page 14 already downloaded, skipping.
2026-07-05 05:50:03,708 [INFO] src.corpus_acquisition.downloader: Page 15 already downloaded, skipping.
2026-07-05 05:50:03,709 [INFO] src.corpus_acquisition.downloader: Page 16 already downloaded, skipping.
2026-07-05 05:50:03,709 [INFO] src.corpus_acquisition.downloader: Page 17 already downloaded, skipping.
2026-07-05 05:50:03,709 [INFO] src.corpus_acquisition.downloader: Page 18 already downloaded, skipping.
2026-07-05 05:50:03,710 [INFO] src.corpus_acquisition.downloader: Page 19 already downloaded, skipping.
2026-07-05 05:50:03,710 [INFO] src.corpus_acquisition.downloader: Page 20 already downloaded, skipping.
2026-07-05 05:50:03,710 [INFO] src.corpus_acquisition.downloader: Downloading page 21 from https://i.prcdn.co/img?file=eaaj2023042300000051001001&page=21&scale=200&ticket=ACS9Sj7uXqZAZ2MAciAk3KE%3D
2026-07-05 05:50:03,711 [INFO] src.corpus_acquisition.crawler: Downloading -> data/raw/images/elcomercio/2023/04/23/elcomercio_2023-04-23_21.jpg
2026-07-05 05:50:04,340 [ERROR] src.corpus_acquisition.downloader: Rate-limited (403) on page 21 for elcomercio on 2023-04-23; aborting run.
2026-07-05 05:50:04,342 [INFO] src.corpus_acquisition.metadata_extractor: Saved crawl log -> data/raw/crawl_logs/elcomercio_2023-04-23.json (status=failed)
2026-07-05 05:50:04,342 [ERROR] __main__: Stopped due to rate limiting (403): Received 403 while downloading page 21 from https://i.prcdn.co/img?file=eaaj2023042300000051001001&page=21&scale=200&ticket=ACS9Sj7uXqZAZ2MAciAk3KE%3D
Warning: failed to close context cleanly: Cannot switch to a different thread
	Current:  <greenlet.greenlet object at 0x15553c4ebf80 (otid=0x1554e4000b90) current active started main>
	Expected: <greenlet.greenlet object at 0x155545762000 (otid=0x7f9540) suspended active started main>
Warning: failed to stop playwright cleanly: Cannot switch to a different thread
	Current:  <greenlet.greenlet object at 0x15553c4ebf80 (otid=0x1554e4000b90) current active started main>
	Expected: <greenlet.greenlet object at 0x155545762000 (otid=0x7f9540) suspended active started main>
Rate-limited (403). Resubmitting in 40 minutes...
Submitted batch job 26015607
