2026-07-05 06:30:40,122 [INFO] __main__: Logging in to portal...
2026-07-05 06:31:01,049 [INFO] __main__: Login successful!
2026-07-05 06:31:01,064 [INFO] src.corpus_acquisition.downloader: Skipping elcomercio on 2023-04-01: already crawled successfully.
2026-07-05 06:31:01,065 [INFO] src.corpus_acquisition.downloader: Skipping elcomercio on 2023-04-02: already crawled successfully.
2026-07-05 06:31:01,066 [INFO] src.corpus_acquisition.downloader: Skipping elcomercio on 2023-04-03: already crawled successfully.
2026-07-05 06:31:01,066 [INFO] src.corpus_acquisition.downloader: Skipping elcomercio on 2023-04-04: already crawled successfully.
2026-07-05 06:31:01,068 [INFO] src.corpus_acquisition.downloader: Skipping elcomercio on 2023-04-05: already crawled successfully.
2026-07-05 06:31:01,069 [INFO] src.corpus_acquisition.downloader: Skipping elcomercio on 2023-04-06: already crawled successfully.
2026-07-05 06:31:01,070 [INFO] src.corpus_acquisition.downloader: Skipping elcomercio on 2023-04-07: already crawled successfully.
2026-07-05 06:31:01,071 [INFO] src.corpus_acquisition.downloader: Skipping elcomercio on 2023-04-08: already crawled successfully.
2026-07-05 06:31:01,072 [INFO] src.corpus_acquisition.downloader: Skipping elcomercio on 2023-04-09: already crawled successfully.
2026-07-05 06:31:01,073 [INFO] src.corpus_acquisition.downloader: Skipping elcomercio on 2023-04-10: already crawled successfully.
2026-07-05 06:31:01,074 [INFO] src.corpus_acquisition.downloader: Skipping elcomercio on 2023-04-11: already crawled successfully.
2026-07-05 06:31:01,075 [INFO] src.corpus_acquisition.downloader: Skipping elcomercio on 2023-04-12: already crawled successfully.
2026-07-05 06:31:01,076 [INFO] src.corpus_acquisition.downloader: Skipping elcomercio on 2023-04-13: already crawled successfully.
2026-07-05 06:31:01,077 [INFO] src.corpus_acquisition.downloader: Skipping elcomercio on 2023-04-14: already crawled successfully.
2026-07-05 06:31:01,078 [INFO] src.corpus_acquisition.downloader: Skipping elcomercio on 2023-04-15: already crawled successfully.
2026-07-05 06:31:01,079 [INFO] src.corpus_acquisition.downloader: Skipping elcomercio on 2023-04-16: already crawled successfully.
2026-07-05 06:31:01,080 [INFO] src.corpus_acquisition.downloader: Skipping elcomercio on 2023-04-17: already crawled successfully.
2026-07-05 06:31:01,081 [INFO] src.corpus_acquisition.downloader: Skipping elcomercio on 2023-04-18: already crawled successfully.
2026-07-05 06:31:01,082 [INFO] src.corpus_acquisition.downloader: Skipping elcomercio on 2023-04-19: already crawled successfully.
2026-07-05 06:31:01,082 [INFO] src.corpus_acquisition.downloader: Skipping elcomercio on 2023-04-20: already crawled successfully.
2026-07-05 06:31:01,083 [INFO] src.corpus_acquisition.downloader: Skipping elcomercio on 2023-04-21: already crawled successfully.
2026-07-05 06:31:01,084 [INFO] src.corpus_acquisition.downloader: Skipping elcomercio on 2023-04-22: already crawled successfully.
2026-07-05 06:31:01,088 [INFO] src.corpus_acquisition.downloader: Opening archive for elcomercio on 2023-04-23
2026-07-05 06:31:06,975 [INFO] src.corpus_acquisition.downloader: Collected 7 / 60 pages
2026-07-05 06:31:11,142 [INFO] src.corpus_acquisition.downloader: Collected 9 / 60 pages
2026-07-05 06:31:13,225 [INFO] src.corpus_acquisition.downloader: Collected 11 / 60 pages
2026-07-05 06:31:15,311 [INFO] src.corpus_acquisition.downloader: Collected 13 / 60 pages
2026-07-05 06:31:17,450 [INFO] src.corpus_acquisition.downloader: Collected 15 / 60 pages
2026-07-05 06:31:19,662 [INFO] src.corpus_acquisition.downloader: Collected 17 / 60 pages
2026-07-05 06:31:21,758 [INFO] src.corpus_acquisition.downloader: Collected 19 / 60 pages
2026-07-05 06:31:23,858 [INFO] src.corpus_acquisition.downloader: Collected 21 / 60 pages
2026-07-05 06:31:25,942 [INFO] src.corpus_acquisition.downloader: Collected 23 / 60 pages
2026-07-05 06:31:28,021 [INFO] src.corpus_acquisition.downloader: Collected 25 / 60 pages
2026-07-05 06:31:30,122 [INFO] src.corpus_acquisition.downloader: Collected 27 / 60 pages
2026-07-05 06:31:32,201 [INFO] src.corpus_acquisition.downloader: Collected 29 / 60 pages
2026-07-05 06:31:34,298 [INFO] src.corpus_acquisition.downloader: Collected 31 / 60 pages
2026-07-05 06:31:36,393 [INFO] src.corpus_acquisition.downloader: Collected 33 / 60 pages
2026-07-05 06:31:38,472 [INFO] src.corpus_acquisition.downloader: Collected 35 / 60 pages
2026-07-05 06:31:40,561 [INFO] src.corpus_acquisition.downloader: Collected 37 / 60 pages
2026-07-05 06:31:42,662 [INFO] src.corpus_acquisition.downloader: Collected 39 / 60 pages
2026-07-05 06:31:44,755 [INFO] src.corpus_acquisition.downloader: Collected 41 / 60 pages
2026-07-05 06:31:46,839 [INFO] src.corpus_acquisition.downloader: Collected 43 / 60 pages
2026-07-05 06:31:49,038 [INFO] src.corpus_acquisition.downloader: Collected 45 / 60 pages
2026-07-05 06:31:51,123 [INFO] src.corpus_acquisition.downloader: Collected 47 / 60 pages
2026-07-05 06:31:53,200 [INFO] src.corpus_acquisition.downloader: Collected 49 / 60 pages
2026-07-05 06:31:55,289 [INFO] src.corpus_acquisition.downloader: Collected 51 / 60 pages
2026-07-05 06:31:57,367 [INFO] src.corpus_acquisition.downloader: Collected 52 / 60 pages
2026-07-05 06:32:03,638 [WARNING] src.corpus_acquisition.downloader: No new pages found after 3 attempts; stopping with 52 page(s).
2026-07-05 06:32:05,111 [INFO] src.corpus_acquisition.downloader: Page 1 already downloaded, skipping.
2026-07-05 06:32:05,112 [INFO] src.corpus_acquisition.downloader: Page 2 already downloaded, skipping.
2026-07-05 06:32:05,112 [INFO] src.corpus_acquisition.downloader: Page 3 already downloaded, skipping.
2026-07-05 06:32:05,112 [INFO] src.corpus_acquisition.downloader: Page 4 already downloaded, skipping.
2026-07-05 06:32:05,112 [INFO] src.corpus_acquisition.downloader: Page 5 already downloaded, skipping.
2026-07-05 06:32:05,113 [INFO] src.corpus_acquisition.downloader: Page 6 already downloaded, skipping.
2026-07-05 06:32:05,113 [INFO] src.corpus_acquisition.downloader: Page 7 already downloaded, skipping.
2026-07-05 06:32:05,114 [INFO] src.corpus_acquisition.downloader: Page 8 already downloaded, skipping.
2026-07-05 06:32:05,114 [INFO] src.corpus_acquisition.downloader: Page 9 already downloaded, skipping.
2026-07-05 06:32:05,114 [INFO] src.corpus_acquisition.downloader: Page 10 already downloaded, skipping.
2026-07-05 06:32:05,114 [INFO] src.corpus_acquisition.downloader: Page 11 already downloaded, skipping.
2026-07-05 06:32:05,115 [INFO] src.corpus_acquisition.downloader: Page 12 already downloaded, skipping.
2026-07-05 06:32:05,115 [INFO] src.corpus_acquisition.downloader: Page 13 already downloaded, skipping.
2026-07-05 06:32:05,116 [INFO] src.corpus_acquisition.downloader: Page 14 already downloaded, skipping.
2026-07-05 06:32:05,116 [INFO] src.corpus_acquisition.downloader: Page 15 already downloaded, skipping.
2026-07-05 06:32:05,117 [INFO] src.corpus_acquisition.downloader: Page 16 already downloaded, skipping.
2026-07-05 06:32:05,117 [INFO] src.corpus_acquisition.downloader: Page 17 already downloaded, skipping.
2026-07-05 06:32:05,117 [INFO] src.corpus_acquisition.downloader: Page 18 already downloaded, skipping.
2026-07-05 06:32:05,118 [INFO] src.corpus_acquisition.downloader: Page 19 already downloaded, skipping.
2026-07-05 06:32:05,118 [INFO] src.corpus_acquisition.downloader: Page 20 already downloaded, skipping.
2026-07-05 06:32:05,118 [INFO] src.corpus_acquisition.downloader: Downloading page 21 from https://i.prcdn.co/img?file=eaaj2023042300000051001001&page=21&scale=200&ticket=ACS9Sj7uXqZAZ2MAciAk3KE%3D
2026-07-05 06:32:05,119 [INFO] src.corpus_acquisition.crawler: Downloading -> data/raw/images/elcomercio/2023/04/23/elcomercio_2023-04-23_21.jpg
2026-07-05 06:32:05,802 [ERROR] src.corpus_acquisition.downloader: Rate-limited (403) on page 21 for elcomercio on 2023-04-23; aborting run.
2026-07-05 06:32:05,805 [INFO] src.corpus_acquisition.metadata_extractor: Saved crawl log -> data/raw/crawl_logs/elcomercio_2023-04-23.json (status=failed)
2026-07-05 06:32:05,805 [ERROR] __main__: Stopped due to rate limiting (403): Received 403 while downloading page 21 from https://i.prcdn.co/img?file=eaaj2023042300000051001001&page=21&scale=200&ticket=ACS9Sj7uXqZAZ2MAciAk3KE%3D
Warning: failed to close context cleanly: Cannot switch to a different thread
	Current:  <greenlet.greenlet object at 0x15552fafb000 (otid=0x1554e4000b90) current active started main>
	Expected: <greenlet.greenlet object at 0x155545761fc0 (otid=0x7f9540) suspended active started main>
Warning: failed to stop playwright cleanly: Cannot switch to a different thread
	Current:  <greenlet.greenlet object at 0x15552fafb000 (otid=0x1554e4000b90) current active started main>
	Expected: <greenlet.greenlet object at 0x155545761fc0 (otid=0x7f9540) suspended active started main>
Rate-limited (403). Resubmitting in 40 minutes...
Submitted batch job 26015644
