2026-07-07 23:34:14,582 [INFO] __main__: Logging in to portal...
2026-07-07 23:34:14,582 [WARNING] __main__: PressReader login is currently disabled. Proceeding without login.
2026-07-07 23:34:14,584 [INFO] src.corpus_acquisition.downloader: Skipping ojo on 2020-01-01: already crawled successfully.
2026-07-07 23:34:14,588 [INFO] src.corpus_acquisition.downloader: Skipping ojo on 2020-01-02: already crawled successfully.
2026-07-07 23:34:14,592 [INFO] src.corpus_acquisition.downloader: Skipping ojo on 2020-01-03: already crawled successfully.
2026-07-07 23:34:14,596 [INFO] src.corpus_acquisition.downloader: Skipping ojo on 2020-01-04: already crawled successfully.
2026-07-07 23:34:14,598 [INFO] src.corpus_acquisition.downloader: Skipping ojo on 2020-01-05: already crawled successfully.
2026-07-07 23:34:14,599 [INFO] src.corpus_acquisition.downloader: Skipping ojo on 2020-01-06: already crawled successfully.
2026-07-07 23:34:14,600 [INFO] src.corpus_acquisition.downloader: Skipping ojo on 2020-01-07: already crawled successfully.
2026-07-07 23:34:14,601 [INFO] src.corpus_acquisition.downloader: Skipping ojo on 2020-01-08: already crawled successfully.
2026-07-07 23:34:14,602 [INFO] src.corpus_acquisition.downloader: Skipping ojo on 2020-01-09: already crawled successfully.
2026-07-07 23:34:14,603 [INFO] src.corpus_acquisition.downloader: Skipping ojo on 2020-01-10: already crawled successfully.
2026-07-07 23:34:14,604 [INFO] src.corpus_acquisition.downloader: Skipping ojo on 2020-01-11: already crawled successfully.
2026-07-07 23:34:14,606 [INFO] src.corpus_acquisition.downloader: Skipping ojo on 2020-01-12: already crawled successfully.
2026-07-07 23:34:14,607 [INFO] src.corpus_acquisition.downloader: Skipping ojo on 2020-01-13: already crawled successfully.
2026-07-07 23:34:15,166 [INFO] src.corpus_acquisition.downloader: Downloading page 1 from https://t.prcdn.co/img?file=eags2020011400000000001001&page=1&scale=80
2026-07-07 23:34:15,166 [INFO] src.corpus_acquisition.crawler: Downloading -> data/raw/images/ojo/2020/01/14/ojo_2020-01-14_1.jpg
2026-07-07 23:34:15,734 [WARNING] src.corpus_acquisition.downloader: Page 1 not found (1/3).
2026-07-07 23:34:15,734 [INFO] src.corpus_acquisition.downloader: Downloading page 2 from https://t.prcdn.co/img?file=eags2020011400000000001001&page=2&scale=80
2026-07-07 23:34:15,735 [INFO] src.corpus_acquisition.crawler: Downloading -> data/raw/images/ojo/2020/01/14/ojo_2020-01-14_2.jpg
2026-07-07 23:34:15,948 [WARNING] src.corpus_acquisition.downloader: Page 2 not found (2/3).
2026-07-07 23:34:15,948 [INFO] src.corpus_acquisition.downloader: Downloading page 3 from https://t.prcdn.co/img?file=eags2020011400000000001001&page=3&scale=80
2026-07-07 23:34:15,949 [INFO] src.corpus_acquisition.crawler: Downloading -> data/raw/images/ojo/2020/01/14/ojo_2020-01-14_3.jpg
2026-07-07 23:34:16,184 [WARNING] src.corpus_acquisition.downloader: Page 3 not found (3/3).
2026-07-07 23:34:16,184 [WARNING] src.corpus_acquisition.downloader: No new pages found after 3 attempts; stopping with 0 page(s).
2026-07-07 23:34:16,188 [INFO] src.corpus_acquisition.metadata_extractor: Saved crawl log -> data/raw/crawl_logs/ojo_2020-01-14.json (status=failed)
2026-07-07 23:34:17,577 [INFO] src.corpus_acquisition.downloader: Skipping ojo on 2020-01-15: already crawled successfully.
2026-07-07 23:34:17,578 [INFO] src.corpus_acquisition.downloader: Skipping ojo on 2020-01-16: already crawled successfully.
2026-07-07 23:34:17,579 [INFO] src.corpus_acquisition.downloader: Skipping ojo on 2020-01-17: already crawled successfully.
2026-07-07 23:34:17,581 [INFO] src.corpus_acquisition.downloader: Skipping ojo on 2020-01-18: already crawled successfully.
2026-07-07 23:34:17,582 [INFO] src.corpus_acquisition.downloader: Skipping ojo on 2020-01-19: already crawled successfully.
2026-07-07 23:34:17,583 [INFO] src.corpus_acquisition.downloader: Skipping ojo on 2020-01-20: already crawled successfully.
2026-07-07 23:34:17,585 [INFO] src.corpus_acquisition.downloader: Skipping ojo on 2020-01-21: already crawled successfully.
2026-07-07 23:34:17,586 [INFO] src.corpus_acquisition.downloader: Skipping ojo on 2020-01-22: already crawled successfully.
2026-07-07 23:34:17,587 [INFO] src.corpus_acquisition.downloader: Skipping ojo on 2020-01-23: already crawled successfully.
2026-07-07 23:34:17,588 [INFO] src.corpus_acquisition.downloader: Skipping ojo on 2020-01-24: already crawled successfully.
2026-07-07 23:34:17,589 [INFO] src.corpus_acquisition.downloader: Skipping ojo on 2020-01-25: already crawled successfully.
2026-07-07 23:34:17,590 [INFO] src.corpus_acquisition.downloader: Skipping ojo on 2020-01-26: already crawled successfully.
2026-07-07 23:34:17,591 [INFO] src.corpus_acquisition.downloader: Skipping ojo on 2020-01-27: already crawled successfully.
2026-07-07 23:34:17,593 [INFO] src.corpus_acquisition.downloader: Skipping ojo on 2020-01-28: already crawled successfully.
2026-07-07 23:34:17,594 [INFO] src.corpus_acquisition.downloader: Skipping ojo on 2020-01-29: already crawled successfully.
2026-07-07 23:34:17,595 [INFO] src.corpus_acquisition.downloader: Skipping ojo on 2020-01-30: already crawled successfully.
2026-07-07 23:34:17,599 [INFO] src.corpus_acquisition.downloader: Page 1 already downloaded, skipping.
2026-07-07 23:34:17,600 [INFO] src.corpus_acquisition.downloader: Page 2 already downloaded, skipping.
2026-07-07 23:34:17,600 [INFO] src.corpus_acquisition.downloader: Downloading page 3 from https://t.prcdn.co/img?file=eags2020013100000000001001&page=3&scale=80
2026-07-07 23:34:17,600 [INFO] src.corpus_acquisition.crawler: Downloading -> data/raw/images/ojo/2020/01/31/ojo_2020-01-31_3.jpg
2026-07-07 23:34:20,501 [INFO] src.corpus_acquisition.downloader: Page 4 already downloaded, skipping.
2026-07-07 23:34:20,503 [INFO] src.corpus_acquisition.downloader: Page 5 already downloaded, skipping.
2026-07-07 23:34:20,504 [INFO] src.corpus_acquisition.downloader: Page 6 already downloaded, skipping.
2026-07-07 23:34:20,506 [INFO] src.corpus_acquisition.downloader: Page 7 already downloaded, skipping.
2026-07-07 23:34:20,506 [INFO] src.corpus_acquisition.downloader: Downloading page 8 from https://t.prcdn.co/img?file=eags2020013100000000001001&page=8&scale=80
2026-07-07 23:34:20,507 [INFO] src.corpus_acquisition.crawler: Downloading -> data/raw/images/ojo/2020/01/31/ojo_2020-01-31_8.jpg
2026-07-07 23:34:22,973 [INFO] src.corpus_acquisition.downloader: Page 9 already downloaded, skipping.
2026-07-07 23:34:22,975 [INFO] src.corpus_acquisition.downloader: Page 10 already downloaded, skipping.
2026-07-07 23:34:22,977 [INFO] src.corpus_acquisition.downloader: Page 11 already downloaded, skipping.
2026-07-07 23:34:22,978 [INFO] src.corpus_acquisition.downloader: Page 12 already downloaded, skipping.
2026-07-07 23:34:22,980 [INFO] src.corpus_acquisition.downloader: Page 13 already downloaded, skipping.
2026-07-07 23:34:22,980 [INFO] src.corpus_acquisition.downloader: Page 14 already downloaded, skipping.
2026-07-07 23:34:22,981 [INFO] src.corpus_acquisition.downloader: Page 15 already downloaded, skipping.
2026-07-07 23:34:22,982 [INFO] src.corpus_acquisition.downloader: Page 16 already downloaded, skipping.
2026-07-07 23:34:22,983 [INFO] src.corpus_acquisition.downloader: Page 17 already downloaded, skipping.
2026-07-07 23:34:22,984 [INFO] src.corpus_acquisition.downloader: Page 18 already downloaded, skipping.
2026-07-07 23:34:22,985 [INFO] src.corpus_acquisition.downloader: Page 19 already downloaded, skipping.
2026-07-07 23:34:22,986 [INFO] src.corpus_acquisition.downloader: Page 20 already downloaded, skipping.
2026-07-07 23:34:22,987 [INFO] src.corpus_acquisition.downloader: Page 21 already downloaded, skipping.
2026-07-07 23:34:22,988 [INFO] src.corpus_acquisition.downloader: Page 22 already downloaded, skipping.
2026-07-07 23:34:22,988 [INFO] src.corpus_acquisition.downloader: Page 23 already downloaded, skipping.
2026-07-07 23:34:22,989 [INFO] src.corpus_acquisition.downloader: Page 24 already downloaded, skipping.
2026-07-07 23:34:22,990 [INFO] src.corpus_acquisition.downloader: Page 25 already downloaded, skipping.
2026-07-07 23:34:22,991 [INFO] src.corpus_acquisition.downloader: Page 26 already downloaded, skipping.
2026-07-07 23:34:22,991 [INFO] src.corpus_acquisition.downloader: Page 27 already downloaded, skipping.
2026-07-07 23:34:22,993 [INFO] src.corpus_acquisition.downloader: Page 28 already downloaded, skipping.
2026-07-07 23:34:22,993 [INFO] src.corpus_acquisition.downloader: Downloading page 29 from https://t.prcdn.co/img?file=eags2020013100000000001001&page=29&scale=80
2026-07-07 23:34:22,994 [INFO] src.corpus_acquisition.crawler: Downloading -> data/raw/images/ojo/2020/01/31/ojo_2020-01-31_29.jpg
2026-07-07 23:34:23,334 [WARNING] src.corpus_acquisition.downloader: Page 29 not found (1/3).
2026-07-07 23:34:23,334 [INFO] src.corpus_acquisition.downloader: Downloading page 30 from https://t.prcdn.co/img?file=eags2020013100000000001001&page=30&scale=80
2026-07-07 23:34:23,335 [INFO] src.corpus_acquisition.crawler: Downloading -> data/raw/images/ojo/2020/01/31/ojo_2020-01-31_30.jpg
2026-07-07 23:34:23,586 [WARNING] src.corpus_acquisition.downloader: Page 30 not found (2/3).
2026-07-07 23:34:23,586 [INFO] src.corpus_acquisition.downloader: Downloading page 31 from https://t.prcdn.co/img?file=eags2020013100000000001001&page=31&scale=80
2026-07-07 23:34:23,587 [INFO] src.corpus_acquisition.crawler: Downloading -> data/raw/images/ojo/2020/01/31/ojo_2020-01-31_31.jpg
2026-07-07 23:34:23,826 [WARNING] src.corpus_acquisition.downloader: Page 31 not found (3/3).
2026-07-07 23:34:23,826 [WARNING] src.corpus_acquisition.downloader: No new pages found after 3 attempts; stopping with 2 page(s).
2026-07-07 23:34:23,846 [INFO] src.corpus_acquisition.metadata_extractor: Saved metadata for 2 page(s) -> data/raw/metadata/ojo_metadata.parquet (total rows: 2)
2026-07-07 23:34:23,849 [INFO] src.corpus_acquisition.metadata_extractor: Saved crawl log -> data/raw/crawl_logs/ojo_2020-01-31.json (status=success)
2026-07-07 23:34:24,564 [INFO] src.corpus_acquisition.downloader: Skipping ojo on 2020-02-01: already crawled successfully.
2026-07-07 23:34:24,582 [INFO] src.corpus_acquisition.downloader: Downloading page 1 from https://t.prcdn.co/img?file=eags2020020200000000001001&page=1&scale=80
2026-07-07 23:34:24,583 [INFO] src.corpus_acquisition.crawler: Downloading -> data/raw/images/ojo/2020/02/02/ojo_2020-02-02_1.jpg
2026-07-07 23:34:24,798 [WARNING] src.corpus_acquisition.downloader: Page 1 not found (1/3).
2026-07-07 23:34:24,798 [INFO] src.corpus_acquisition.downloader: Downloading page 2 from https://t.prcdn.co/img?file=eags2020020200000000001001&page=2&scale=80
2026-07-07 23:34:24,798 [INFO] src.corpus_acquisition.crawler: Downloading -> data/raw/images/ojo/2020/02/02/ojo_2020-02-02_2.jpg
2026-07-07 23:34:25,012 [WARNING] src.corpus_acquisition.downloader: Page 2 not found (2/3).
2026-07-07 23:34:25,012 [INFO] src.corpus_acquisition.downloader: Downloading page 3 from https://t.prcdn.co/img?file=eags2020020200000000001001&page=3&scale=80
2026-07-07 23:34:25,012 [INFO] src.corpus_acquisition.crawler: Downloading -> data/raw/images/ojo/2020/02/02/ojo_2020-02-02_3.jpg
2026-07-07 23:34:25,247 [WARNING] src.corpus_acquisition.downloader: Page 3 not found (3/3).
2026-07-07 23:34:25,247 [WARNING] src.corpus_acquisition.downloader: No new pages found after 3 attempts; stopping with 0 page(s).
2026-07-07 23:34:25,250 [INFO] src.corpus_acquisition.metadata_extractor: Saved crawl log -> data/raw/crawl_logs/ojo_2020-02-02.json (status=failed)
2026-07-07 23:34:26,477 [INFO] src.corpus_acquisition.downloader: Skipping ojo on 2020-02-03: already crawled successfully.
2026-07-07 23:34:26,478 [INFO] src.corpus_acquisition.downloader: Skipping ojo on 2020-02-04: already crawled successfully.
2026-07-07 23:34:26,479 [INFO] src.corpus_acquisition.downloader: Skipping ojo on 2020-02-05: already crawled successfully.
2026-07-07 23:34:26,480 [INFO] src.corpus_acquisition.downloader: Skipping ojo on 2020-02-06: already crawled successfully.
2026-07-07 23:34:26,482 [INFO] src.corpus_acquisition.downloader: Skipping ojo on 2020-02-07: already crawled successfully.
2026-07-07 23:34:26,483 [INFO] src.corpus_acquisition.downloader: Skipping ojo on 2020-02-08: already crawled successfully.
2026-07-07 23:34:26,484 [INFO] src.corpus_acquisition.downloader: Skipping ojo on 2020-02-09: already crawled successfully.
2026-07-07 23:34:26,485 [INFO] src.corpus_acquisition.downloader: Skipping ojo on 2020-02-10: already crawled successfully.
2026-07-07 23:34:26,487 [INFO] src.corpus_acquisition.downloader: Skipping ojo on 2020-02-11: already crawled successfully.
2026-07-07 23:34:26,493 [INFO] src.corpus_acquisition.downloader: Page 1 already downloaded, skipping.
2026-07-07 23:34:26,494 [INFO] src.corpus_acquisition.downloader: Downloading page 2 from https://t.prcdn.co/img?file=eags2020021200000000001001&page=2&scale=80
2026-07-07 23:34:26,494 [INFO] src.corpus_acquisition.crawler: Downloading -> data/raw/images/ojo/2020/02/12/ojo_2020-02-12_2.jpg
2026-07-07 23:34:29,870 [INFO] src.corpus_acquisition.downloader: Page 3 already downloaded, skipping.
2026-07-07 23:34:29,871 [INFO] src.corpus_acquisition.downloader: Page 4 already downloaded, skipping.
2026-07-07 23:34:29,873 [INFO] src.corpus_acquisition.downloader: Page 5 already downloaded, skipping.
2026-07-07 23:34:29,874 [INFO] src.corpus_acquisition.downloader: Page 6 already downloaded, skipping.
2026-07-07 23:34:29,876 [INFO] src.corpus_acquisition.downloader: Page 7 already downloaded, skipping.
2026-07-07 23:34:29,878 [INFO] src.corpus_acquisition.downloader: Page 8 already downloaded, skipping.
2026-07-07 23:34:29,878 [INFO] src.corpus_acquisition.downloader: Page 9 already downloaded, skipping.
2026-07-07 23:34:29,879 [INFO] src.corpus_acquisition.downloader: Page 10 already downloaded, skipping.
2026-07-07 23:34:29,879 [INFO] src.corpus_acquisition.downloader: Page 11 already downloaded, skipping.
2026-07-07 23:34:29,880 [INFO] src.corpus_acquisition.downloader: Page 12 already downloaded, skipping.
2026-07-07 23:34:29,880 [INFO] src.corpus_acquisition.downloader: Page 13 already downloaded, skipping.
2026-07-07 23:34:29,880 [INFO] src.corpus_acquisition.downloader: Page 14 already downloaded, skipping.
2026-07-07 23:34:29,881 [INFO] src.corpus_acquisition.downloader: Page 15 already downloaded, skipping.
2026-07-07 23:34:29,881 [INFO] src.corpus_acquisition.downloader: Page 16 already downloaded, skipping.
2026-07-07 23:34:29,881 [INFO] src.corpus_acquisition.downloader: Page 17 already downloaded, skipping.
2026-07-07 23:34:29,881 [INFO] src.corpus_acquisition.downloader: Page 18 already downloaded, skipping.
2026-07-07 23:34:29,882 [INFO] src.corpus_acquisition.downloader: Page 19 already downloaded, skipping.
2026-07-07 23:34:29,882 [INFO] src.corpus_acquisition.downloader: Page 20 already downloaded, skipping.
2026-07-07 23:34:29,883 [INFO] src.corpus_acquisition.downloader: Page 21 already downloaded, skipping.
2026-07-07 23:34:29,883 [INFO] src.corpus_acquisition.downloader: Page 22 already downloaded, skipping.
2026-07-07 23:34:29,883 [INFO] src.corpus_acquisition.downloader: Page 23 already downloaded, skipping.
2026-07-07 23:34:29,884 [INFO] src.corpus_acquisition.downloader: Page 24 already downloaded, skipping.
2026-07-07 23:34:29,884 [INFO] src.corpus_acquisition.downloader: Downloading page 25 from https://t.prcdn.co/img?file=eags2020021200000000001001&page=25&scale=80
2026-07-07 23:34:29,884 [INFO] src.corpus_acquisition.crawler: Downloading -> data/raw/images/ojo/2020/02/12/ojo_2020-02-12_25.jpg
2026-07-07 23:34:30,094 [WARNING] src.corpus_acquisition.downloader: Page 25 not found (1/3).
2026-07-07 23:34:30,094 [INFO] src.corpus_acquisition.downloader: Downloading page 26 from https://t.prcdn.co/img?file=eags2020021200000000001001&page=26&scale=80
2026-07-07 23:34:30,094 [INFO] src.corpus_acquisition.crawler: Downloading -> data/raw/images/ojo/2020/02/12/ojo_2020-02-12_26.jpg
2026-07-07 23:34:30,347 [WARNING] src.corpus_acquisition.downloader: Page 26 not found (2/3).
2026-07-07 23:34:30,348 [INFO] src.corpus_acquisition.downloader: Downloading page 27 from https://t.prcdn.co/img?file=eags2020021200000000001001&page=27&scale=80
2026-07-07 23:34:30,348 [INFO] src.corpus_acquisition.crawler: Downloading -> data/raw/images/ojo/2020/02/12/ojo_2020-02-12_27.jpg
2026-07-07 23:34:30,555 [WARNING] src.corpus_acquisition.downloader: Page 27 not found (3/3).
2026-07-07 23:34:30,555 [WARNING] src.corpus_acquisition.downloader: No new pages found after 3 attempts; stopping with 1 page(s).
2026-07-07 23:34:30,566 [INFO] src.corpus_acquisition.metadata_extractor: Saved metadata for 1 page(s) -> data/raw/metadata/ojo_metadata.parquet (total rows: 3)
2026-07-07 23:34:30,569 [INFO] src.corpus_acquisition.metadata_extractor: Saved crawl log -> data/raw/crawl_logs/ojo_2020-02-12.json (status=success)
2026-07-07 23:34:31,835 [INFO] src.corpus_acquisition.downloader: Skipping ojo on 2020-02-13: already crawled successfully.
2026-07-07 23:34:31,836 [INFO] src.corpus_acquisition.downloader: Skipping ojo on 2020-02-14: already crawled successfully.
2026-07-07 23:34:31,837 [INFO] src.corpus_acquisition.downloader: Skipping ojo on 2020-02-15: already crawled successfully.
2026-07-07 23:34:31,839 [INFO] src.corpus_acquisition.downloader: Skipping ojo on 2020-02-16: already crawled successfully.
2026-07-07 23:34:31,840 [INFO] src.corpus_acquisition.downloader: Skipping ojo on 2020-02-17: already crawled successfully.
2026-07-07 23:34:31,841 [INFO] src.corpus_acquisition.downloader: Skipping ojo on 2020-02-18: already crawled successfully.
2026-07-07 23:34:31,843 [INFO] src.corpus_acquisition.downloader: Skipping ojo on 2020-02-19: already crawled successfully.
2026-07-07 23:34:31,845 [INFO] src.corpus_acquisition.downloader: Skipping ojo on 2020-02-20: already crawled successfully.
2026-07-07 23:34:31,846 [INFO] src.corpus_acquisition.downloader: Skipping ojo on 2020-02-21: already crawled successfully.
2026-07-07 23:34:31,847 [INFO] src.corpus_acquisition.downloader: Skipping ojo on 2020-02-22: already crawled successfully.
2026-07-07 23:34:31,848 [INFO] src.corpus_acquisition.downloader: Skipping ojo on 2020-02-23: already crawled successfully.
2026-07-07 23:34:31,849 [INFO] src.corpus_acquisition.downloader: Skipping ojo on 2020-02-24: already crawled successfully.
2026-07-07 23:34:31,854 [INFO] src.corpus_acquisition.downloader: Downloading page 1 from https://t.prcdn.co/img?file=eags2020022500000000001001&page=1&scale=80
2026-07-07 23:34:31,855 [INFO] src.corpus_acquisition.crawler: Downloading -> data/raw/images/ojo/2020/02/25/ojo_2020-02-25_1.jpg
2026-07-07 23:34:34,286 [INFO] src.corpus_acquisition.downloader: Downloading page 2 from https://t.prcdn.co/img?file=eags2020022500000000001001&page=2&scale=80
2026-07-07 23:34:34,286 [INFO] src.corpus_acquisition.crawler: Downloading -> data/raw/images/ojo/2020/02/25/ojo_2020-02-25_2.jpg
2026-07-07 23:34:37,253 [INFO] src.corpus_acquisition.downloader: Downloading page 3 from https://t.prcdn.co/img?file=eags2020022500000000001001&page=3&scale=80
2026-07-07 23:34:37,254 [INFO] src.corpus_acquisition.crawler: Downloading -> data/raw/images/ojo/2020/02/25/ojo_2020-02-25_3.jpg
2026-07-07 23:34:39,936 [INFO] src.corpus_acquisition.downloader: Downloading page 4 from https://t.prcdn.co/img?file=eags2020022500000000001001&page=4&scale=80
2026-07-07 23:34:39,937 [INFO] src.corpus_acquisition.crawler: Downloading -> data/raw/images/ojo/2020/02/25/ojo_2020-02-25_4.jpg
2026-07-07 23:34:43,211 [INFO] src.corpus_acquisition.downloader: Downloading page 5 from https://t.prcdn.co/img?file=eags2020022500000000001001&page=5&scale=80
2026-07-07 23:34:43,212 [INFO] src.corpus_acquisition.crawler: Downloading -> data/raw/images/ojo/2020/02/25/ojo_2020-02-25_5.jpg
2026-07-07 23:34:45,748 [INFO] src.corpus_acquisition.downloader: Downloading page 6 from https://t.prcdn.co/img?file=eags2020022500000000001001&page=6&scale=80
2026-07-07 23:34:45,749 [INFO] src.corpus_acquisition.crawler: Downloading -> data/raw/images/ojo/2020/02/25/ojo_2020-02-25_6.jpg
2026-07-07 23:34:48,708 [INFO] src.corpus_acquisition.downloader: Downloading page 7 from https://t.prcdn.co/img?file=eags2020022500000000001001&page=7&scale=80
2026-07-07 23:34:48,708 [INFO] src.corpus_acquisition.crawler: Downloading -> data/raw/images/ojo/2020/02/25/ojo_2020-02-25_7.jpg
2026-07-07 23:34:51,405 [INFO] src.corpus_acquisition.downloader: Downloading page 8 from https://t.prcdn.co/img?file=eags2020022500000000001001&page=8&scale=80
2026-07-07 23:34:51,405 [INFO] src.corpus_acquisition.crawler: Downloading -> data/raw/images/ojo/2020/02/25/ojo_2020-02-25_8.jpg
2026-07-07 23:34:55,071 [INFO] src.corpus_acquisition.downloader: Downloading page 9 from https://t.prcdn.co/img?file=eags2020022500000000001001&page=9&scale=80
2026-07-07 23:34:55,071 [INFO] src.corpus_acquisition.crawler: Downloading -> data/raw/images/ojo/2020/02/25/ojo_2020-02-25_9.jpg
2026-07-07 23:34:58,198 [INFO] src.corpus_acquisition.downloader: Downloading page 10 from https://t.prcdn.co/img?file=eags2020022500000000001001&page=10&scale=80
2026-07-07 23:34:58,198 [INFO] src.corpus_acquisition.crawler: Downloading -> data/raw/images/ojo/2020/02/25/ojo_2020-02-25_10.jpg
2026-07-07 23:35:01,309 [INFO] src.corpus_acquisition.downloader: Downloading page 11 from https://t.prcdn.co/img?file=eags2020022500000000001001&page=11&scale=80
2026-07-07 23:35:01,309 [INFO] src.corpus_acquisition.crawler: Downloading -> data/raw/images/ojo/2020/02/25/ojo_2020-02-25_11.jpg
2026-07-07 23:35:04,653 [INFO] src.corpus_acquisition.downloader: Downloading page 12 from https://t.prcdn.co/img?file=eags2020022500000000001001&page=12&scale=80
2026-07-07 23:35:04,654 [INFO] src.corpus_acquisition.crawler: Downloading -> data/raw/images/ojo/2020/02/25/ojo_2020-02-25_12.jpg
2026-07-07 23:35:06,880 [INFO] src.corpus_acquisition.downloader: Downloading page 13 from https://t.prcdn.co/img?file=eags2020022500000000001001&page=13&scale=80
2026-07-07 23:35:06,880 [INFO] src.corpus_acquisition.crawler: Downloading -> data/raw/images/ojo/2020/02/25/ojo_2020-02-25_13.jpg
2026-07-07 23:35:10,045 [INFO] src.corpus_acquisition.downloader: Downloading page 14 from https://t.prcdn.co/img?file=eags2020022500000000001001&page=14&scale=80
2026-07-07 23:35:10,046 [INFO] src.corpus_acquisition.crawler: Downloading -> data/raw/images/ojo/2020/02/25/ojo_2020-02-25_14.jpg
2026-07-07 23:35:13,175 [INFO] src.corpus_acquisition.downloader: Downloading page 15 from https://t.prcdn.co/img?file=eags2020022500000000001001&page=15&scale=80
2026-07-07 23:35:13,175 [INFO] src.corpus_acquisition.crawler: Downloading -> data/raw/images/ojo/2020/02/25/ojo_2020-02-25_15.jpg
2026-07-07 23:35:16,182 [INFO] src.corpus_acquisition.downloader: Downloading page 16 from https://t.prcdn.co/img?file=eags2020022500000000001001&page=16&scale=80
2026-07-07 23:35:16,182 [INFO] src.corpus_acquisition.crawler: Downloading -> data/raw/images/ojo/2020/02/25/ojo_2020-02-25_16.jpg
2026-07-07 23:35:19,729 [INFO] src.corpus_acquisition.downloader: Downloading page 17 from https://t.prcdn.co/img?file=eags2020022500000000001001&page=17&scale=80
2026-07-07 23:35:19,729 [INFO] src.corpus_acquisition.crawler: Downloading -> data/raw/images/ojo/2020/02/25/ojo_2020-02-25_17.jpg
2026-07-07 23:35:21,862 [INFO] src.corpus_acquisition.downloader: Downloading page 18 from https://t.prcdn.co/img?file=eags2020022500000000001001&page=18&scale=80
2026-07-07 23:35:21,863 [INFO] src.corpus_acquisition.crawler: Downloading -> data/raw/images/ojo/2020/02/25/ojo_2020-02-25_18.jpg
2026-07-07 23:35:24,582 [INFO] src.corpus_acquisition.downloader: Downloading page 19 from https://t.prcdn.co/img?file=eags2020022500000000001001&page=19&scale=80
2026-07-07 23:35:24,582 [INFO] src.corpus_acquisition.crawler: Downloading -> data/raw/images/ojo/2020/02/25/ojo_2020-02-25_19.jpg
2026-07-07 23:35:28,168 [INFO] src.corpus_acquisition.downloader: Downloading page 20 from https://t.prcdn.co/img?file=eags2020022500000000001001&page=20&scale=80
2026-07-07 23:35:28,168 [INFO] src.corpus_acquisition.crawler: Downloading -> data/raw/images/ojo/2020/02/25/ojo_2020-02-25_20.jpg
2026-07-07 23:35:30,767 [INFO] src.corpus_acquisition.downloader: Downloading page 21 from https://t.prcdn.co/img?file=eags2020022500000000001001&page=21&scale=80
2026-07-07 23:35:30,767 [INFO] src.corpus_acquisition.crawler: Downloading -> data/raw/images/ojo/2020/02/25/ojo_2020-02-25_21.jpg
2026-07-07 23:35:33,583 [INFO] src.corpus_acquisition.downloader: Downloading page 22 from https://t.prcdn.co/img?file=eags2020022500000000001001&page=22&scale=80
2026-07-07 23:35:33,584 [INFO] src.corpus_acquisition.crawler: Downloading -> data/raw/images/ojo/2020/02/25/ojo_2020-02-25_22.jpg
2026-07-07 23:35:36,373 [INFO] src.corpus_acquisition.downloader: Downloading page 23 from https://t.prcdn.co/img?file=eags2020022500000000001001&page=23&scale=80
2026-07-07 23:35:36,373 [INFO] src.corpus_acquisition.crawler: Downloading -> data/raw/images/ojo/2020/02/25/ojo_2020-02-25_23.jpg
2026-07-07 23:35:38,832 [INFO] src.corpus_acquisition.downloader: Downloading page 24 from https://t.prcdn.co/img?file=eags2020022500000000001001&page=24&scale=80
2026-07-07 23:35:38,833 [INFO] src.corpus_acquisition.crawler: Downloading -> data/raw/images/ojo/2020/02/25/ojo_2020-02-25_24.jpg
2026-07-07 23:35:42,259 [INFO] src.corpus_acquisition.downloader: Downloading page 25 from https://t.prcdn.co/img?file=eags2020022500000000001001&page=25&scale=80
2026-07-07 23:35:42,259 [INFO] src.corpus_acquisition.crawler: Downloading -> data/raw/images/ojo/2020/02/25/ojo_2020-02-25_25.jpg
2026-07-07 23:35:42,558 [WARNING] src.corpus_acquisition.downloader: Page 25 not found (1/3).
2026-07-07 23:35:42,558 [INFO] src.corpus_acquisition.downloader: Downloading page 26 from https://t.prcdn.co/img?file=eags2020022500000000001001&page=26&scale=80
2026-07-07 23:35:42,558 [INFO] src.corpus_acquisition.crawler: Downloading -> data/raw/images/ojo/2020/02/25/ojo_2020-02-25_26.jpg
2026-07-07 23:35:42,778 [WARNING] src.corpus_acquisition.downloader: Page 26 not found (2/3).
2026-07-07 23:35:42,779 [INFO] src.corpus_acquisition.downloader: Downloading page 27 from https://t.prcdn.co/img?file=eags2020022500000000001001&page=27&scale=80
2026-07-07 23:35:42,779 [INFO] src.corpus_acquisition.crawler: Downloading -> data/raw/images/ojo/2020/02/25/ojo_2020-02-25_27.jpg
2026-07-07 23:35:43,050 [WARNING] src.corpus_acquisition.downloader: Page 27 not found (3/3).
2026-07-07 23:35:43,050 [WARNING] src.corpus_acquisition.downloader: No new pages found after 3 attempts; stopping with 24 page(s).
2026-07-07 23:35:43,062 [INFO] src.corpus_acquisition.metadata_extractor: Saved metadata for 24 page(s) -> data/raw/metadata/ojo_metadata.parquet (total rows: 27)
2026-07-07 23:35:43,075 [INFO] src.corpus_acquisition.metadata_extractor: Saved crawl log -> data/raw/crawl_logs/ojo_2020-02-25.json (status=success)
2026-07-07 23:35:43,746 [INFO] src.corpus_acquisition.downloader: Downloading page 1 from https://t.prcdn.co/img?file=eags2020022600000000001001&page=1&scale=80
2026-07-07 23:35:43,747 [INFO] src.corpus_acquisition.crawler: Downloading -> data/raw/images/ojo/2020/02/26/ojo_2020-02-26_1.jpg
2026-07-07 23:35:46,443 [INFO] src.corpus_acquisition.downloader: Downloading page 2 from https://t.prcdn.co/img?file=eags2020022600000000001001&page=2&scale=80
2026-07-07 23:35:46,444 [INFO] src.corpus_acquisition.crawler: Downloading -> data/raw/images/ojo/2020/02/26/ojo_2020-02-26_2.jpg
2026-07-07 23:35:50,258 [INFO] src.corpus_acquisition.downloader: Downloading page 3 from https://t.prcdn.co/img?file=eags2020022600000000001001&page=3&scale=80
2026-07-07 23:35:50,258 [INFO] src.corpus_acquisition.crawler: Downloading -> data/raw/images/ojo/2020/02/26/ojo_2020-02-26_3.jpg
2026-07-07 23:35:52,897 [INFO] src.corpus_acquisition.downloader: Downloading page 4 from https://t.prcdn.co/img?file=eags2020022600000000001001&page=4&scale=80
2026-07-07 23:35:52,897 [INFO] src.corpus_acquisition.crawler: Downloading -> data/raw/images/ojo/2020/02/26/ojo_2020-02-26_4.jpg
2026-07-07 23:35:55,317 [INFO] src.corpus_acquisition.downloader: Downloading page 5 from https://t.prcdn.co/img?file=eags2020022600000000001001&page=5&scale=80
2026-07-07 23:35:55,317 [INFO] src.corpus_acquisition.crawler: Downloading -> data/raw/images/ojo/2020/02/26/ojo_2020-02-26_5.jpg
2026-07-07 23:35:57,707 [INFO] src.corpus_acquisition.downloader: Downloading page 6 from https://t.prcdn.co/img?file=eags2020022600000000001001&page=6&scale=80
2026-07-07 23:35:57,707 [INFO] src.corpus_acquisition.crawler: Downloading -> data/raw/images/ojo/2020/02/26/ojo_2020-02-26_6.jpg
2026-07-07 23:36:00,923 [INFO] src.corpus_acquisition.downloader: Downloading page 7 from https://t.prcdn.co/img?file=eags2020022600000000001001&page=7&scale=80
2026-07-07 23:36:00,923 [INFO] src.corpus_acquisition.crawler: Downloading -> data/raw/images/ojo/2020/02/26/ojo_2020-02-26_7.jpg
2026-07-07 23:36:02,917 [INFO] src.corpus_acquisition.downloader: Downloading page 8 from https://t.prcdn.co/img?file=eags2020022600000000001001&page=8&scale=80
2026-07-07 23:36:02,917 [INFO] src.corpus_acquisition.crawler: Downloading -> data/raw/images/ojo/2020/02/26/ojo_2020-02-26_8.jpg
2026-07-07 23:36:05,618 [INFO] src.corpus_acquisition.downloader: Downloading page 9 from https://t.prcdn.co/img?file=eags2020022600000000001001&page=9&scale=80
2026-07-07 23:36:05,618 [INFO] src.corpus_acquisition.crawler: Downloading -> data/raw/images/ojo/2020/02/26/ojo_2020-02-26_9.jpg
2026-07-07 23:36:08,235 [INFO] src.corpus_acquisition.downloader: Downloading page 10 from https://t.prcdn.co/img?file=eags2020022600000000001001&page=10&scale=80
2026-07-07 23:36:08,237 [INFO] src.corpus_acquisition.crawler: Downloading -> data/raw/images/ojo/2020/02/26/ojo_2020-02-26_10.jpg
2026-07-07 23:36:11,712 [INFO] src.corpus_acquisition.downloader: Downloading page 11 from https://t.prcdn.co/img?file=eags2020022600000000001001&page=11&scale=80
2026-07-07 23:36:11,712 [INFO] src.corpus_acquisition.crawler: Downloading -> data/raw/images/ojo/2020/02/26/ojo_2020-02-26_11.jpg
2026-07-07 23:36:14,583 [INFO] src.corpus_acquisition.downloader: Downloading page 12 from https://t.prcdn.co/img?file=eags2020022600000000001001&page=12&scale=80
2026-07-07 23:36:14,584 [INFO] src.corpus_acquisition.crawler: Downloading -> data/raw/images/ojo/2020/02/26/ojo_2020-02-26_12.jpg
2026-07-07 23:36:17,816 [INFO] src.corpus_acquisition.downloader: Downloading page 13 from https://t.prcdn.co/img?file=eags2020022600000000001001&page=13&scale=80
2026-07-07 23:36:17,816 [INFO] src.corpus_acquisition.crawler: Downloading -> data/raw/images/ojo/2020/02/26/ojo_2020-02-26_13.jpg
2026-07-07 23:36:20,793 [INFO] src.corpus_acquisition.downloader: Downloading page 14 from https://t.prcdn.co/img?file=eags2020022600000000001001&page=14&scale=80
2026-07-07 23:36:20,793 [INFO] src.corpus_acquisition.crawler: Downloading -> data/raw/images/ojo/2020/02/26/ojo_2020-02-26_14.jpg
2026-07-07 23:36:23,740 [INFO] src.corpus_acquisition.downloader: Downloading page 15 from https://t.prcdn.co/img?file=eags2020022600000000001001&page=15&scale=80
2026-07-07 23:36:23,740 [INFO] src.corpus_acquisition.crawler: Downloading -> data/raw/images/ojo/2020/02/26/ojo_2020-02-26_15.jpg
2026-07-07 23:36:26,714 [INFO] src.corpus_acquisition.downloader: Downloading page 16 from https://t.prcdn.co/img?file=eags2020022600000000001001&page=16&scale=80
2026-07-07 23:36:26,715 [INFO] src.corpus_acquisition.crawler: Downloading -> data/raw/images/ojo/2020/02/26/ojo_2020-02-26_16.jpg
2026-07-07 23:36:29,447 [INFO] src.corpus_acquisition.downloader: Downloading page 17 from https://t.prcdn.co/img?file=eags2020022600000000001001&page=17&scale=80
2026-07-07 23:36:29,447 [INFO] src.corpus_acquisition.crawler: Downloading -> data/raw/images/ojo/2020/02/26/ojo_2020-02-26_17.jpg
2026-07-07 23:36:32,711 [INFO] src.corpus_acquisition.downloader: Downloading page 18 from https://t.prcdn.co/img?file=eags2020022600000000001001&page=18&scale=80
2026-07-07 23:36:32,712 [INFO] src.corpus_acquisition.crawler: Downloading -> data/raw/images/ojo/2020/02/26/ojo_2020-02-26_18.jpg
2026-07-07 23:36:35,423 [INFO] src.corpus_acquisition.downloader: Downloading page 19 from https://t.prcdn.co/img?file=eags2020022600000000001001&page=19&scale=80
2026-07-07 23:36:35,423 [INFO] src.corpus_acquisition.crawler: Downloading -> data/raw/images/ojo/2020/02/26/ojo_2020-02-26_19.jpg
2026-07-07 23:36:38,747 [INFO] src.corpus_acquisition.downloader: Downloading page 20 from https://t.prcdn.co/img?file=eags2020022600000000001001&page=20&scale=80
2026-07-07 23:36:38,747 [INFO] src.corpus_acquisition.crawler: Downloading -> data/raw/images/ojo/2020/02/26/ojo_2020-02-26_20.jpg
2026-07-07 23:36:41,437 [INFO] src.corpus_acquisition.downloader: Downloading page 21 from https://t.prcdn.co/img?file=eags2020022600000000001001&page=21&scale=80
2026-07-07 23:36:41,438 [INFO] src.corpus_acquisition.crawler: Downloading -> data/raw/images/ojo/2020/02/26/ojo_2020-02-26_21.jpg
2026-07-07 23:36:44,198 [INFO] src.corpus_acquisition.downloader: Downloading page 22 from https://t.prcdn.co/img?file=eags2020022600000000001001&page=22&scale=80
2026-07-07 23:36:44,198 [INFO] src.corpus_acquisition.crawler: Downloading -> data/raw/images/ojo/2020/02/26/ojo_2020-02-26_22.jpg
2026-07-07 23:36:46,374 [INFO] src.corpus_acquisition.downloader: Downloading page 23 from https://t.prcdn.co/img?file=eags2020022600000000001001&page=23&scale=80
2026-07-07 23:36:46,374 [INFO] src.corpus_acquisition.crawler: Downloading -> data/raw/images/ojo/2020/02/26/ojo_2020-02-26_23.jpg
2026-07-07 23:36:49,090 [INFO] src.corpus_acquisition.downloader: Downloading page 24 from https://t.prcdn.co/img?file=eags2020022600000000001001&page=24&scale=80
2026-07-07 23:36:49,091 [INFO] src.corpus_acquisition.crawler: Downloading -> data/raw/images/ojo/2020/02/26/ojo_2020-02-26_24.jpg
2026-07-07 23:36:51,372 [INFO] src.corpus_acquisition.downloader: Downloading page 25 from https://t.prcdn.co/img?file=eags2020022600000000001001&page=25&scale=80
2026-07-07 23:36:51,373 [INFO] src.corpus_acquisition.crawler: Downloading -> data/raw/images/ojo/2020/02/26/ojo_2020-02-26_25.jpg
2026-07-07 23:36:51,572 [WARNING] src.corpus_acquisition.downloader: Page 25 not found (1/3).
2026-07-07 23:36:51,577 [INFO] src.corpus_acquisition.downloader: Downloading page 26 from https://t.prcdn.co/img?file=eags2020022600000000001001&page=26&scale=80
2026-07-07 23:36:51,577 [INFO] src.corpus_acquisition.crawler: Downloading -> data/raw/images/ojo/2020/02/26/ojo_2020-02-26_26.jpg
2026-07-07 23:36:52,023 [WARNING] src.corpus_acquisition.downloader: Page 26 not found (2/3).
2026-07-07 23:36:52,036 [INFO] src.corpus_acquisition.downloader: Downloading page 27 from https://t.prcdn.co/img?file=eags2020022600000000001001&page=27&scale=80
2026-07-07 23:36:52,037 [INFO] src.corpus_acquisition.crawler: Downloading -> data/raw/images/ojo/2020/02/26/ojo_2020-02-26_27.jpg
2026-07-07 23:36:52,385 [WARNING] src.corpus_acquisition.downloader: Page 27 not found (3/3).
2026-07-07 23:36:52,385 [WARNING] src.corpus_acquisition.downloader: No new pages found after 3 attempts; stopping with 24 page(s).
2026-07-07 23:36:52,434 [INFO] src.corpus_acquisition.metadata_extractor: Saved metadata for 24 page(s) -> data/raw/metadata/ojo_metadata.parquet (total rows: 51)
2026-07-07 23:36:52,446 [INFO] src.corpus_acquisition.metadata_extractor: Saved crawl log -> data/raw/crawl_logs/ojo_2020-02-26.json (status=success)
2026-07-07 23:36:53,795 [INFO] src.corpus_acquisition.downloader: Downloading page 1 from https://t.prcdn.co/img?file=eags2020022700000000001001&page=1&scale=80
2026-07-07 23:36:53,796 [INFO] src.corpus_acquisition.crawler: Downloading -> data/raw/images/ojo/2020/02/27/ojo_2020-02-27_1.jpg
2026-07-07 23:36:56,049 [INFO] src.corpus_acquisition.downloader: Downloading page 2 from https://t.prcdn.co/img?file=eags2020022700000000001001&page=2&scale=80
2026-07-07 23:36:56,050 [INFO] src.corpus_acquisition.crawler: Downloading -> data/raw/images/ojo/2020/02/27/ojo_2020-02-27_2.jpg
2026-07-07 23:37:00,020 [INFO] src.corpus_acquisition.downloader: Downloading page 3 from https://t.prcdn.co/img?file=eags2020022700000000001001&page=3&scale=80
2026-07-07 23:37:00,021 [INFO] src.corpus_acquisition.crawler: Downloading -> data/raw/images/ojo/2020/02/27/ojo_2020-02-27_3.jpg
2026-07-07 23:37:02,798 [INFO] src.corpus_acquisition.downloader: Downloading page 4 from https://t.prcdn.co/img?file=eags2020022700000000001001&page=4&scale=80
2026-07-07 23:37:02,799 [INFO] src.corpus_acquisition.crawler: Downloading -> data/raw/images/ojo/2020/02/27/ojo_2020-02-27_4.jpg
2026-07-07 23:37:05,218 [INFO] src.corpus_acquisition.downloader: Downloading page 5 from https://t.prcdn.co/img?file=eags2020022700000000001001&page=5&scale=80
2026-07-07 23:37:05,219 [INFO] src.corpus_acquisition.crawler: Downloading -> data/raw/images/ojo/2020/02/27/ojo_2020-02-27_5.jpg
2026-07-07 23:37:07,691 [INFO] src.corpus_acquisition.downloader: Downloading page 6 from https://t.prcdn.co/img?file=eags2020022700000000001001&page=6&scale=80
2026-07-07 23:37:07,710 [INFO] src.corpus_acquisition.crawler: Downloading -> data/raw/images/ojo/2020/02/27/ojo_2020-02-27_6.jpg
2026-07-07 23:37:10,581 [INFO] src.corpus_acquisition.downloader: Downloading page 7 from https://t.prcdn.co/img?file=eags2020022700000000001001&page=7&scale=80
2026-07-07 23:37:10,582 [INFO] src.corpus_acquisition.crawler: Downloading -> data/raw/images/ojo/2020/02/27/ojo_2020-02-27_7.jpg
2026-07-07 23:37:12,810 [INFO] src.corpus_acquisition.downloader: Downloading page 8 from https://t.prcdn.co/img?file=eags2020022700000000001001&page=8&scale=80
2026-07-07 23:37:12,811 [INFO] src.corpus_acquisition.crawler: Downloading -> data/raw/images/ojo/2020/02/27/ojo_2020-02-27_8.jpg
2026-07-07 23:37:15,766 [INFO] src.corpus_acquisition.downloader: Downloading page 9 from https://t.prcdn.co/img?file=eags2020022700000000001001&page=9&scale=80
2026-07-07 23:37:15,766 [INFO] src.corpus_acquisition.crawler: Downloading -> data/raw/images/ojo/2020/02/27/ojo_2020-02-27_9.jpg
2026-07-07 23:37:17,932 [INFO] src.corpus_acquisition.downloader: Downloading page 10 from https://t.prcdn.co/img?file=eags2020022700000000001001&page=10&scale=80
2026-07-07 23:37:17,933 [INFO] src.corpus_acquisition.crawler: Downloading -> data/raw/images/ojo/2020/02/27/ojo_2020-02-27_10.jpg
2026-07-07 23:37:21,162 [INFO] src.corpus_acquisition.downloader: Downloading page 11 from https://t.prcdn.co/img?file=eags2020022700000000001001&page=11&scale=80
2026-07-07 23:37:21,163 [INFO] src.corpus_acquisition.crawler: Downloading -> data/raw/images/ojo/2020/02/27/ojo_2020-02-27_11.jpg
2026-07-07 23:37:23,759 [INFO] src.corpus_acquisition.downloader: Downloading page 12 from https://t.prcdn.co/img?file=eags2020022700000000001001&page=12&scale=80
2026-07-07 23:37:23,760 [INFO] src.corpus_acquisition.crawler: Downloading -> data/raw/images/ojo/2020/02/27/ojo_2020-02-27_12.jpg
2026-07-07 23:37:25,912 [INFO] src.corpus_acquisition.downloader: Downloading page 13 from https://t.prcdn.co/img?file=eags2020022700000000001001&page=13&scale=80
2026-07-07 23:37:25,912 [INFO] src.corpus_acquisition.crawler: Downloading -> data/raw/images/ojo/2020/02/27/ojo_2020-02-27_13.jpg
2026-07-07 23:37:28,630 [INFO] src.corpus_acquisition.downloader: Downloading page 14 from https://t.prcdn.co/img?file=eags2020022700000000001001&page=14&scale=80
2026-07-07 23:37:28,631 [INFO] src.corpus_acquisition.crawler: Downloading -> data/raw/images/ojo/2020/02/27/ojo_2020-02-27_14.jpg
2026-07-07 23:37:31,743 [INFO] src.corpus_acquisition.downloader: Downloading page 15 from https://t.prcdn.co/img?file=eags2020022700000000001001&page=15&scale=80
2026-07-07 23:37:31,744 [INFO] src.corpus_acquisition.crawler: Downloading -> data/raw/images/ojo/2020/02/27/ojo_2020-02-27_15.jpg
2026-07-07 23:37:34,127 [INFO] src.corpus_acquisition.downloader: Downloading page 16 from https://t.prcdn.co/img?file=eags2020022700000000001001&page=16&scale=80
2026-07-07 23:37:34,127 [INFO] src.corpus_acquisition.crawler: Downloading -> data/raw/images/ojo/2020/02/27/ojo_2020-02-27_16.jpg
2026-07-07 23:37:36,979 [INFO] src.corpus_acquisition.downloader: Downloading page 17 from https://t.prcdn.co/img?file=eags2020022700000000001001&page=17&scale=80
2026-07-07 23:37:36,980 [INFO] src.corpus_acquisition.crawler: Downloading -> data/raw/images/ojo/2020/02/27/ojo_2020-02-27_17.jpg
2026-07-07 23:37:39,503 [INFO] src.corpus_acquisition.downloader: Downloading page 18 from https://t.prcdn.co/img?file=eags2020022700000000001001&page=18&scale=80
2026-07-07 23:37:39,503 [INFO] src.corpus_acquisition.crawler: Downloading -> data/raw/images/ojo/2020/02/27/ojo_2020-02-27_18.jpg
2026-07-07 23:37:42,931 [INFO] src.corpus_acquisition.downloader: Downloading page 19 from https://t.prcdn.co/img?file=eags2020022700000000001001&page=19&scale=80
2026-07-07 23:37:42,932 [INFO] src.corpus_acquisition.crawler: Downloading -> data/raw/images/ojo/2020/02/27/ojo_2020-02-27_19.jpg
2026-07-07 23:37:45,308 [INFO] src.corpus_acquisition.downloader: Downloading page 20 from https://t.prcdn.co/img?file=eags2020022700000000001001&page=20&scale=80
2026-07-07 23:37:45,308 [INFO] src.corpus_acquisition.crawler: Downloading -> data/raw/images/ojo/2020/02/27/ojo_2020-02-27_20.jpg
2026-07-07 23:37:47,664 [INFO] src.corpus_acquisition.downloader: Downloading page 21 from https://t.prcdn.co/img?file=eags2020022700000000001001&page=21&scale=80
2026-07-07 23:37:47,665 [INFO] src.corpus_acquisition.crawler: Downloading -> data/raw/images/ojo/2020/02/27/ojo_2020-02-27_21.jpg
2026-07-07 23:37:49,978 [INFO] src.corpus_acquisition.downloader: Downloading page 22 from https://t.prcdn.co/img?file=eags2020022700000000001001&page=22&scale=80
2026-07-07 23:37:49,978 [INFO] src.corpus_acquisition.crawler: Downloading -> data/raw/images/ojo/2020/02/27/ojo_2020-02-27_22.jpg
2026-07-07 23:37:52,405 [INFO] src.corpus_acquisition.downloader: Downloading page 23 from https://t.prcdn.co/img?file=eags2020022700000000001001&page=23&scale=80
2026-07-07 23:37:52,405 [INFO] src.corpus_acquisition.crawler: Downloading -> data/raw/images/ojo/2020/02/27/ojo_2020-02-27_23.jpg
2026-07-07 23:37:55,072 [INFO] src.corpus_acquisition.downloader: Downloading page 24 from https://t.prcdn.co/img?file=eags2020022700000000001001&page=24&scale=80
2026-07-07 23:37:55,072 [INFO] src.corpus_acquisition.crawler: Downloading -> data/raw/images/ojo/2020/02/27/ojo_2020-02-27_24.jpg
2026-07-07 23:37:58,112 [INFO] src.corpus_acquisition.downloader: Downloading page 25 from https://t.prcdn.co/img?file=eags2020022700000000001001&page=25&scale=80
2026-07-07 23:37:58,113 [INFO] src.corpus_acquisition.crawler: Downloading -> data/raw/images/ojo/2020/02/27/ojo_2020-02-27_25.jpg
2026-07-07 23:37:58,335 [WARNING] src.corpus_acquisition.downloader: Page 25 not found (1/3).
2026-07-07 23:37:58,336 [INFO] src.corpus_acquisition.downloader: Downloading page 26 from https://t.prcdn.co/img?file=eags2020022700000000001001&page=26&scale=80
2026-07-07 23:37:58,336 [INFO] src.corpus_acquisition.crawler: Downloading -> data/raw/images/ojo/2020/02/27/ojo_2020-02-27_26.jpg
2026-07-07 23:37:58,678 [WARNING] src.corpus_acquisition.downloader: Page 26 not found (2/3).
2026-07-07 23:37:58,678 [INFO] src.corpus_acquisition.downloader: Downloading page 27 from https://t.prcdn.co/img?file=eags2020022700000000001001&page=27&scale=80
2026-07-07 23:37:58,679 [INFO] src.corpus_acquisition.crawler: Downloading -> data/raw/images/ojo/2020/02/27/ojo_2020-02-27_27.jpg
2026-07-07 23:37:58,891 [WARNING] src.corpus_acquisition.downloader: Page 27 not found (3/3).
2026-07-07 23:37:58,891 [WARNING] src.corpus_acquisition.downloader: No new pages found after 3 attempts; stopping with 24 page(s).
2026-07-07 23:37:58,906 [INFO] src.corpus_acquisition.metadata_extractor: Saved metadata for 24 page(s) -> data/raw/metadata/ojo_metadata.parquet (total rows: 75)
2026-07-07 23:37:58,909 [INFO] src.corpus_acquisition.metadata_extractor: Saved crawl log -> data/raw/crawl_logs/ojo_2020-02-27.json (status=success)
2026-07-07 23:37:59,703 [INFO] src.corpus_acquisition.downloader: Downloading page 1 from https://t.prcdn.co/img?file=eags2020022800000000001001&page=1&scale=80
2026-07-07 23:37:59,703 [INFO] src.corpus_acquisition.crawler: Downloading -> data/raw/images/ojo/2020/02/28/ojo_2020-02-28_1.jpg
2026-07-07 23:38:02,092 [INFO] src.corpus_acquisition.downloader: Downloading page 2 from https://t.prcdn.co/img?file=eags2020022800000000001001&page=2&scale=80
2026-07-07 23:38:02,092 [INFO] src.corpus_acquisition.crawler: Downloading -> data/raw/images/ojo/2020/02/28/ojo_2020-02-28_2.jpg
2026-07-07 23:38:05,803 [INFO] src.corpus_acquisition.downloader: Downloading page 3 from https://t.prcdn.co/img?file=eags2020022800000000001001&page=3&scale=80
2026-07-07 23:38:05,803 [INFO] src.corpus_acquisition.crawler: Downloading -> data/raw/images/ojo/2020/02/28/ojo_2020-02-28_3.jpg
2026-07-07 23:38:08,818 [INFO] src.corpus_acquisition.downloader: Downloading page 4 from https://t.prcdn.co/img?file=eags2020022800000000001001&page=4&scale=80
2026-07-07 23:38:08,818 [INFO] src.corpus_acquisition.crawler: Downloading -> data/raw/images/ojo/2020/02/28/ojo_2020-02-28_4.jpg
2026-07-07 23:38:11,607 [INFO] src.corpus_acquisition.downloader: Downloading page 5 from https://t.prcdn.co/img?file=eags2020022800000000001001&page=5&scale=80
2026-07-07 23:38:11,608 [INFO] src.corpus_acquisition.crawler: Downloading -> data/raw/images/ojo/2020/02/28/ojo_2020-02-28_5.jpg
2026-07-07 23:38:14,320 [INFO] src.corpus_acquisition.downloader: Downloading page 6 from https://t.prcdn.co/img?file=eags2020022800000000001001&page=6&scale=80
2026-07-07 23:38:14,320 [INFO] src.corpus_acquisition.crawler: Downloading -> data/raw/images/ojo/2020/02/28/ojo_2020-02-28_6.jpg
2026-07-07 23:38:17,453 [INFO] src.corpus_acquisition.downloader: Downloading page 7 from https://t.prcdn.co/img?file=eags2020022800000000001001&page=7&scale=80
2026-07-07 23:38:17,454 [INFO] src.corpus_acquisition.crawler: Downloading -> data/raw/images/ojo/2020/02/28/ojo_2020-02-28_7.jpg
2026-07-07 23:38:20,052 [INFO] src.corpus_acquisition.downloader: Downloading page 8 from https://t.prcdn.co/img?file=eags2020022800000000001001&page=8&scale=80
2026-07-07 23:38:20,053 [INFO] src.corpus_acquisition.crawler: Downloading -> data/raw/images/ojo/2020/02/28/ojo_2020-02-28_8.jpg
2026-07-07 23:38:22,551 [INFO] src.corpus_acquisition.downloader: Downloading page 9 from https://t.prcdn.co/img?file=eags2020022800000000001001&page=9&scale=80
2026-07-07 23:38:22,551 [INFO] src.corpus_acquisition.crawler: Downloading -> data/raw/images/ojo/2020/02/28/ojo_2020-02-28_9.jpg
2026-07-07 23:38:25,213 [INFO] src.corpus_acquisition.downloader: Downloading page 10 from https://t.prcdn.co/img?file=eags2020022800000000001001&page=10&scale=80
2026-07-07 23:38:25,213 [INFO] src.corpus_acquisition.crawler: Downloading -> data/raw/images/ojo/2020/02/28/ojo_2020-02-28_10.jpg
2026-07-07 23:38:27,505 [INFO] src.corpus_acquisition.downloader: Downloading page 11 from https://t.prcdn.co/img?file=eags2020022800000000001001&page=11&scale=80
2026-07-07 23:38:27,505 [INFO] src.corpus_acquisition.crawler: Downloading -> data/raw/images/ojo/2020/02/28/ojo_2020-02-28_11.jpg
2026-07-07 23:38:30,619 [INFO] src.corpus_acquisition.downloader: Downloading page 12 from https://t.prcdn.co/img?file=eags2020022800000000001001&page=12&scale=80
2026-07-07 23:38:30,620 [INFO] src.corpus_acquisition.crawler: Downloading -> data/raw/images/ojo/2020/02/28/ojo_2020-02-28_12.jpg
2026-07-07 23:38:33,407 [INFO] src.corpus_acquisition.downloader: Downloading page 13 from https://t.prcdn.co/img?file=eags2020022800000000001001&page=13&scale=80
2026-07-07 23:38:33,408 [INFO] src.corpus_acquisition.crawler: Downloading -> data/raw/images/ojo/2020/02/28/ojo_2020-02-28_13.jpg
2026-07-07 23:38:36,203 [INFO] src.corpus_acquisition.downloader: Downloading page 14 from https://t.prcdn.co/img?file=eags2020022800000000001001&page=14&scale=80
2026-07-07 23:38:36,203 [INFO] src.corpus_acquisition.crawler: Downloading -> data/raw/images/ojo/2020/02/28/ojo_2020-02-28_14.jpg
2026-07-07 23:38:38,611 [INFO] src.corpus_acquisition.downloader: Downloading page 15 from https://t.prcdn.co/img?file=eags2020022800000000001001&page=15&scale=80
2026-07-07 23:38:38,612 [INFO] src.corpus_acquisition.crawler: Downloading -> data/raw/images/ojo/2020/02/28/ojo_2020-02-28_15.jpg
2026-07-07 23:38:41,097 [INFO] src.corpus_acquisition.downloader: Downloading page 16 from https://t.prcdn.co/img?file=eags2020022800000000001001&page=16&scale=80
2026-07-07 23:38:41,097 [INFO] src.corpus_acquisition.crawler: Downloading -> data/raw/images/ojo/2020/02/28/ojo_2020-02-28_16.jpg
2026-07-07 23:38:44,440 [INFO] src.corpus_acquisition.downloader: Downloading page 17 from https://t.prcdn.co/img?file=eags2020022800000000001001&page=17&scale=80
2026-07-07 23:38:44,441 [INFO] src.corpus_acquisition.crawler: Downloading -> data/raw/images/ojo/2020/02/28/ojo_2020-02-28_17.jpg
2026-07-07 23:38:47,490 [INFO] src.corpus_acquisition.downloader: Downloading page 18 from https://t.prcdn.co/img?file=eags2020022800000000001001&page=18&scale=80
2026-07-07 23:38:47,490 [INFO] src.corpus_acquisition.crawler: Downloading -> data/raw/images/ojo/2020/02/28/ojo_2020-02-28_18.jpg
2026-07-07 23:38:50,594 [INFO] src.corpus_acquisition.downloader: Downloading page 19 from https://t.prcdn.co/img?file=eags2020022800000000001001&page=19&scale=80
2026-07-07 23:38:50,595 [INFO] src.corpus_acquisition.crawler: Downloading -> data/raw/images/ojo/2020/02/28/ojo_2020-02-28_19.jpg
2026-07-07 23:38:53,634 [INFO] src.corpus_acquisition.downloader: Downloading page 20 from https://t.prcdn.co/img?file=eags2020022800000000001001&page=20&scale=80
2026-07-07 23:38:53,634 [INFO] src.corpus_acquisition.crawler: Downloading -> data/raw/images/ojo/2020/02/28/ojo_2020-02-28_20.jpg
2026-07-07 23:38:56,529 [INFO] src.corpus_acquisition.downloader: Downloading page 21 from https://t.prcdn.co/img?file=eags2020022800000000001001&page=21&scale=80
2026-07-07 23:38:56,530 [INFO] src.corpus_acquisition.crawler: Downloading -> data/raw/images/ojo/2020/02/28/ojo_2020-02-28_21.jpg
2026-07-07 23:38:59,738 [INFO] src.corpus_acquisition.downloader: Downloading page 22 from https://t.prcdn.co/img?file=eags2020022800000000001001&page=22&scale=80
2026-07-07 23:38:59,739 [INFO] src.corpus_acquisition.crawler: Downloading -> data/raw/images/ojo/2020/02/28/ojo_2020-02-28_22.jpg
2026-07-07 23:39:01,774 [INFO] src.corpus_acquisition.downloader: Downloading page 23 from https://t.prcdn.co/img?file=eags2020022800000000001001&page=23&scale=80
2026-07-07 23:39:01,775 [INFO] src.corpus_acquisition.crawler: Downloading -> data/raw/images/ojo/2020/02/28/ojo_2020-02-28_23.jpg
2026-07-07 23:39:04,100 [INFO] src.corpus_acquisition.downloader: Downloading page 24 from https://t.prcdn.co/img?file=eags2020022800000000001001&page=24&scale=80
2026-07-07 23:39:04,101 [INFO] src.corpus_acquisition.crawler: Downloading -> data/raw/images/ojo/2020/02/28/ojo_2020-02-28_24.jpg
2026-07-07 23:39:07,316 [ERROR] src.corpus_acquisition.downloader: Failed to download page 24: Failed to download page 24: 520
2026-07-07 23:39:07,316 [INFO] src.corpus_acquisition.downloader: Downloading page 25 from https://t.prcdn.co/img?file=eags2020022800000000001001&page=25&scale=80
2026-07-07 23:39:07,317 [INFO] src.corpus_acquisition.crawler: Downloading -> data/raw/images/ojo/2020/02/28/ojo_2020-02-28_25.jpg
2026-07-07 23:39:07,519 [WARNING] src.corpus_acquisition.downloader: Page 25 not found (1/3).
2026-07-07 23:39:07,519 [INFO] src.corpus_acquisition.downloader: Downloading page 26 from https://t.prcdn.co/img?file=eags2020022800000000001001&page=26&scale=80
2026-07-07 23:39:07,520 [INFO] src.corpus_acquisition.crawler: Downloading -> data/raw/images/ojo/2020/02/28/ojo_2020-02-28_26.jpg
2026-07-07 23:39:07,720 [WARNING] src.corpus_acquisition.downloader: Page 26 not found (2/3).
2026-07-07 23:39:07,721 [INFO] src.corpus_acquisition.downloader: Downloading page 27 from https://t.prcdn.co/img?file=eags2020022800000000001001&page=27&scale=80
2026-07-07 23:39:07,721 [INFO] src.corpus_acquisition.crawler: Downloading -> data/raw/images/ojo/2020/02/28/ojo_2020-02-28_27.jpg
2026-07-07 23:39:07,934 [WARNING] src.corpus_acquisition.downloader: Page 27 not found (3/3).
2026-07-07 23:39:07,934 [WARNING] src.corpus_acquisition.downloader: No new pages found after 3 attempts; stopping with 23 page(s).
2026-07-07 23:39:07,946 [INFO] src.corpus_acquisition.metadata_extractor: Saved metadata for 23 page(s) -> data/raw/metadata/ojo_metadata.parquet (total rows: 98)
2026-07-07 23:39:07,950 [INFO] src.corpus_acquisition.metadata_extractor: Saved crawl log -> data/raw/crawl_logs/ojo_2020-02-28.json (status=partial)
2026-07-07 23:39:09,324 [INFO] src.corpus_acquisition.downloader: Downloading page 1 from https://t.prcdn.co/img?file=eags2020022900000000001001&page=1&scale=80
2026-07-07 23:39:09,324 [INFO] src.corpus_acquisition.crawler: Downloading -> data/raw/images/ojo/2020/02/29/ojo_2020-02-29_1.jpg
2026-07-07 23:39:11,583 [INFO] src.corpus_acquisition.downloader: Downloading page 2 from https://t.prcdn.co/img?file=eags2020022900000000001001&page=2&scale=80
2026-07-07 23:39:11,583 [INFO] src.corpus_acquisition.crawler: Downloading -> data/raw/images/ojo/2020/02/29/ojo_2020-02-29_2.jpg
2026-07-07 23:39:15,170 [INFO] src.corpus_acquisition.downloader: Downloading page 3 from https://t.prcdn.co/img?file=eags2020022900000000001001&page=3&scale=80
2026-07-07 23:39:15,170 [INFO] src.corpus_acquisition.crawler: Downloading -> data/raw/images/ojo/2020/02/29/ojo_2020-02-29_3.jpg
2026-07-07 23:39:18,131 [INFO] src.corpus_acquisition.downloader: Downloading page 4 from https://t.prcdn.co/img?file=eags2020022900000000001001&page=4&scale=80
2026-07-07 23:39:18,131 [INFO] src.corpus_acquisition.crawler: Downloading -> data/raw/images/ojo/2020/02/29/ojo_2020-02-29_4.jpg
2026-07-07 23:39:21,054 [INFO] src.corpus_acquisition.downloader: Downloading page 5 from https://t.prcdn.co/img?file=eags2020022900000000001001&page=5&scale=80
2026-07-07 23:39:21,054 [INFO] src.corpus_acquisition.crawler: Downloading -> data/raw/images/ojo/2020/02/29/ojo_2020-02-29_5.jpg
2026-07-07 23:39:24,224 [INFO] src.corpus_acquisition.downloader: Downloading page 6 from https://t.prcdn.co/img?file=eags2020022900000000001001&page=6&scale=80
2026-07-07 23:39:24,224 [INFO] src.corpus_acquisition.crawler: Downloading -> data/raw/images/ojo/2020/02/29/ojo_2020-02-29_6.jpg
2026-07-07 23:39:26,380 [INFO] src.corpus_acquisition.downloader: Downloading page 7 from https://t.prcdn.co/img?file=eags2020022900000000001001&page=7&scale=80
2026-07-07 23:39:26,381 [INFO] src.corpus_acquisition.crawler: Downloading -> data/raw/images/ojo/2020/02/29/ojo_2020-02-29_7.jpg
2026-07-07 23:39:28,440 [INFO] src.corpus_acquisition.downloader: Downloading page 8 from https://t.prcdn.co/img?file=eags2020022900000000001001&page=8&scale=80
2026-07-07 23:39:28,440 [INFO] src.corpus_acquisition.crawler: Downloading -> data/raw/images/ojo/2020/02/29/ojo_2020-02-29_8.jpg
2026-07-07 23:39:31,377 [INFO] src.corpus_acquisition.downloader: Downloading page 9 from https://t.prcdn.co/img?file=eags2020022900000000001001&page=9&scale=80
2026-07-07 23:39:31,378 [INFO] src.corpus_acquisition.crawler: Downloading -> data/raw/images/ojo/2020/02/29/ojo_2020-02-29_9.jpg
2026-07-07 23:39:34,680 [INFO] src.corpus_acquisition.downloader: Downloading page 10 from https://t.prcdn.co/img?file=eags2020022900000000001001&page=10&scale=80
2026-07-07 23:39:34,681 [INFO] src.corpus_acquisition.crawler: Downloading -> data/raw/images/ojo/2020/02/29/ojo_2020-02-29_10.jpg
2026-07-07 23:39:36,697 [INFO] src.corpus_acquisition.downloader: Downloading page 11 from https://t.prcdn.co/img?file=eags2020022900000000001001&page=11&scale=80
2026-07-07 23:39:36,698 [INFO] src.corpus_acquisition.crawler: Downloading -> data/raw/images/ojo/2020/02/29/ojo_2020-02-29_11.jpg
2026-07-07 23:39:39,228 [INFO] src.corpus_acquisition.downloader: Downloading page 12 from https://t.prcdn.co/img?file=eags2020022900000000001001&page=12&scale=80
2026-07-07 23:39:39,229 [INFO] src.corpus_acquisition.crawler: Downloading -> data/raw/images/ojo/2020/02/29/ojo_2020-02-29_12.jpg
2026-07-07 23:39:42,288 [INFO] src.corpus_acquisition.downloader: Downloading page 13 from https://t.prcdn.co/img?file=eags2020022900000000001001&page=13&scale=80
2026-07-07 23:39:42,288 [INFO] src.corpus_acquisition.crawler: Downloading -> data/raw/images/ojo/2020/02/29/ojo_2020-02-29_13.jpg
2026-07-07 23:39:44,849 [INFO] src.corpus_acquisition.downloader: Downloading page 14 from https://t.prcdn.co/img?file=eags2020022900000000001001&page=14&scale=80
2026-07-07 23:39:44,849 [INFO] src.corpus_acquisition.crawler: Downloading -> data/raw/images/ojo/2020/02/29/ojo_2020-02-29_14.jpg
2026-07-07 23:39:47,264 [INFO] src.corpus_acquisition.downloader: Downloading page 15 from https://t.prcdn.co/img?file=eags2020022900000000001001&page=15&scale=80
2026-07-07 23:39:47,264 [INFO] src.corpus_acquisition.crawler: Downloading -> data/raw/images/ojo/2020/02/29/ojo_2020-02-29_15.jpg
2026-07-07 23:39:49,410 [INFO] src.corpus_acquisition.downloader: Downloading page 16 from https://t.prcdn.co/img?file=eags2020022900000000001001&page=16&scale=80
2026-07-07 23:39:49,411 [INFO] src.corpus_acquisition.crawler: Downloading -> data/raw/images/ojo/2020/02/29/ojo_2020-02-29_16.jpg
2026-07-07 23:39:51,709 [INFO] src.corpus_acquisition.downloader: Downloading page 17 from https://t.prcdn.co/img?file=eags2020022900000000001001&page=17&scale=80
2026-07-07 23:39:51,709 [INFO] src.corpus_acquisition.crawler: Downloading -> data/raw/images/ojo/2020/02/29/ojo_2020-02-29_17.jpg
2026-07-07 23:39:54,371 [INFO] src.corpus_acquisition.downloader: Downloading page 18 from https://t.prcdn.co/img?file=eags2020022900000000001001&page=18&scale=80
2026-07-07 23:39:54,372 [INFO] src.corpus_acquisition.crawler: Downloading -> data/raw/images/ojo/2020/02/29/ojo_2020-02-29_18.jpg
2026-07-07 23:39:57,418 [INFO] src.corpus_acquisition.downloader: Downloading page 19 from https://t.prcdn.co/img?file=eags2020022900000000001001&page=19&scale=80
2026-07-07 23:39:57,418 [INFO] src.corpus_acquisition.crawler: Downloading -> data/raw/images/ojo/2020/02/29/ojo_2020-02-29_19.jpg
2026-07-07 23:40:00,296 [INFO] src.corpus_acquisition.downloader: Downloading page 20 from https://t.prcdn.co/img?file=eags2020022900000000001001&page=20&scale=80
2026-07-07 23:40:00,296 [INFO] src.corpus_acquisition.crawler: Downloading -> data/raw/images/ojo/2020/02/29/ojo_2020-02-29_20.jpg
2026-07-07 23:40:03,836 [INFO] src.corpus_acquisition.downloader: Downloading page 21 from https://t.prcdn.co/img?file=eags2020022900000000001001&page=21&scale=80
2026-07-07 23:40:03,837 [INFO] src.corpus_acquisition.crawler: Downloading -> data/raw/images/ojo/2020/02/29/ojo_2020-02-29_21.jpg
2026-07-07 23:40:07,268 [INFO] src.corpus_acquisition.downloader: Downloading page 22 from https://t.prcdn.co/img?file=eags2020022900000000001001&page=22&scale=80
2026-07-07 23:40:07,269 [INFO] src.corpus_acquisition.crawler: Downloading -> data/raw/images/ojo/2020/02/29/ojo_2020-02-29_22.jpg
2026-07-07 23:40:09,406 [INFO] src.corpus_acquisition.downloader: Downloading page 23 from https://t.prcdn.co/img?file=eags2020022900000000001001&page=23&scale=80
2026-07-07 23:40:09,407 [INFO] src.corpus_acquisition.crawler: Downloading -> data/raw/images/ojo/2020/02/29/ojo_2020-02-29_23.jpg
2026-07-07 23:40:12,005 [INFO] src.corpus_acquisition.downloader: Downloading page 24 from https://t.prcdn.co/img?file=eags2020022900000000001001&page=24&scale=80
2026-07-07 23:40:12,006 [INFO] src.corpus_acquisition.crawler: Downloading -> data/raw/images/ojo/2020/02/29/ojo_2020-02-29_24.jpg
2026-07-07 23:40:15,060 [INFO] src.corpus_acquisition.downloader: Downloading page 25 from https://t.prcdn.co/img?file=eags2020022900000000001001&page=25&scale=80
2026-07-07 23:40:15,061 [INFO] src.corpus_acquisition.crawler: Downloading -> data/raw/images/ojo/2020/02/29/ojo_2020-02-29_25.jpg
2026-07-07 23:40:15,283 [WARNING] src.corpus_acquisition.downloader: Page 25 not found (1/3).
2026-07-07 23:40:15,284 [INFO] src.corpus_acquisition.downloader: Downloading page 26 from https://t.prcdn.co/img?file=eags2020022900000000001001&page=26&scale=80
2026-07-07 23:40:15,284 [INFO] src.corpus_acquisition.crawler: Downloading -> data/raw/images/ojo/2020/02/29/ojo_2020-02-29_26.jpg
2026-07-07 23:40:15,502 [WARNING] src.corpus_acquisition.downloader: Page 26 not found (2/3).
2026-07-07 23:40:15,503 [INFO] src.corpus_acquisition.downloader: Downloading page 27 from https://t.prcdn.co/img?file=eags2020022900000000001001&page=27&scale=80
2026-07-07 23:40:15,503 [INFO] src.corpus_acquisition.crawler: Downloading -> data/raw/images/ojo/2020/02/29/ojo_2020-02-29_27.jpg
2026-07-07 23:40:15,744 [WARNING] src.corpus_acquisition.downloader: Page 27 not found (3/3).
2026-07-07 23:40:15,744 [WARNING] src.corpus_acquisition.downloader: No new pages found after 3 attempts; stopping with 24 page(s).
2026-07-07 23:40:15,756 [INFO] src.corpus_acquisition.metadata_extractor: Saved metadata for 24 page(s) -> data/raw/metadata/ojo_metadata.parquet (total rows: 122)
2026-07-07 23:40:15,760 [INFO] src.corpus_acquisition.metadata_extractor: Saved crawl log -> data/raw/crawl_logs/ojo_2020-02-29.json (status=success)
2026-07-07 23:40:16,570 [INFO] src.corpus_acquisition.downloader: Downloading page 1 from https://t.prcdn.co/img?file=eags2020030100000000001001&page=1&scale=80
2026-07-07 23:40:16,572 [INFO] src.corpus_acquisition.crawler: Downloading -> data/raw/images/ojo/2020/03/01/ojo_2020-03-01_1.jpg
2026-07-07 23:40:18,646 [INFO] src.corpus_acquisition.downloader: Downloading page 2 from https://t.prcdn.co/img?file=eags2020030100000000001001&page=2&scale=80
2026-07-07 23:40:18,646 [INFO] src.corpus_acquisition.crawler: Downloading -> data/raw/images/ojo/2020/03/01/ojo_2020-03-01_2.jpg
2026-07-07 23:40:22,045 [INFO] src.corpus_acquisition.downloader: Downloading page 3 from https://t.prcdn.co/img?file=eags2020030100000000001001&page=3&scale=80
2026-07-07 23:40:22,046 [INFO] src.corpus_acquisition.crawler: Downloading -> data/raw/images/ojo/2020/03/01/ojo_2020-03-01_3.jpg
2026-07-07 23:40:24,328 [INFO] src.corpus_acquisition.downloader: Downloading page 4 from https://t.prcdn.co/img?file=eags2020030100000000001001&page=4&scale=80
2026-07-07 23:40:24,329 [INFO] src.corpus_acquisition.crawler: Downloading -> data/raw/images/ojo/2020/03/01/ojo_2020-03-01_4.jpg
2026-07-07 23:40:27,404 [INFO] src.corpus_acquisition.downloader: Downloading page 5 from https://t.prcdn.co/img?file=eags2020030100000000001001&page=5&scale=80
2026-07-07 23:40:27,405 [INFO] src.corpus_acquisition.crawler: Downloading -> data/raw/images/ojo/2020/03/01/ojo_2020-03-01_5.jpg
2026-07-07 23:40:30,170 [INFO] src.corpus_acquisition.downloader: Downloading page 6 from https://t.prcdn.co/img?file=eags2020030100000000001001&page=6&scale=80
2026-07-07 23:40:30,170 [INFO] src.corpus_acquisition.crawler: Downloading -> data/raw/images/ojo/2020/03/01/ojo_2020-03-01_6.jpg
2026-07-07 23:40:33,090 [INFO] src.corpus_acquisition.downloader: Downloading page 7 from https://t.prcdn.co/img?file=eags2020030100000000001001&page=7&scale=80
2026-07-07 23:40:33,091 [INFO] src.corpus_acquisition.crawler: Downloading -> data/raw/images/ojo/2020/03/01/ojo_2020-03-01_7.jpg
2026-07-07 23:40:36,129 [INFO] src.corpus_acquisition.downloader: Downloading page 8 from https://t.prcdn.co/img?file=eags2020030100000000001001&page=8&scale=80
2026-07-07 23:40:36,129 [INFO] src.corpus_acquisition.crawler: Downloading -> data/raw/images/ojo/2020/03/01/ojo_2020-03-01_8.jpg
2026-07-07 23:40:39,246 [INFO] src.corpus_acquisition.downloader: Downloading page 9 from https://t.prcdn.co/img?file=eags2020030100000000001001&page=9&scale=80
2026-07-07 23:40:39,246 [INFO] src.corpus_acquisition.crawler: Downloading -> data/raw/images/ojo/2020/03/01/ojo_2020-03-01_9.jpg
2026-07-07 23:40:41,766 [INFO] src.corpus_acquisition.downloader: Downloading page 10 from https://t.prcdn.co/img?file=eags2020030100000000001001&page=10&scale=80
2026-07-07 23:40:41,766 [INFO] src.corpus_acquisition.crawler: Downloading -> data/raw/images/ojo/2020/03/01/ojo_2020-03-01_10.jpg
2026-07-07 23:40:44,183 [INFO] src.corpus_acquisition.downloader: Downloading page 11 from https://t.prcdn.co/img?file=eags2020030100000000001001&page=11&scale=80
2026-07-07 23:40:44,183 [INFO] src.corpus_acquisition.crawler: Downloading -> data/raw/images/ojo/2020/03/01/ojo_2020-03-01_11.jpg
2026-07-07 23:40:46,301 [INFO] src.corpus_acquisition.downloader: Downloading page 12 from https://t.prcdn.co/img?file=eags2020030100000000001001&page=12&scale=80
2026-07-07 23:40:46,301 [INFO] src.corpus_acquisition.crawler: Downloading -> data/raw/images/ojo/2020/03/01/ojo_2020-03-01_12.jpg
2026-07-07 23:40:49,207 [INFO] src.corpus_acquisition.downloader: Downloading page 13 from https://t.prcdn.co/img?file=eags2020030100000000001001&page=13&scale=80
2026-07-07 23:40:49,207 [INFO] src.corpus_acquisition.crawler: Downloading -> data/raw/images/ojo/2020/03/01/ojo_2020-03-01_13.jpg
2026-07-07 23:40:52,273 [INFO] src.corpus_acquisition.downloader: Downloading page 14 from https://t.prcdn.co/img?file=eags2020030100000000001001&page=14&scale=80
2026-07-07 23:40:52,273 [INFO] src.corpus_acquisition.crawler: Downloading -> data/raw/images/ojo/2020/03/01/ojo_2020-03-01_14.jpg
2026-07-07 23:40:55,639 [INFO] src.corpus_acquisition.downloader: Downloading page 15 from https://t.prcdn.co/img?file=eags2020030100000000001001&page=15&scale=80
2026-07-07 23:40:55,639 [INFO] src.corpus_acquisition.crawler: Downloading -> data/raw/images/ojo/2020/03/01/ojo_2020-03-01_15.jpg
2026-07-07 23:40:58,615 [INFO] src.corpus_acquisition.downloader: Downloading page 16 from https://t.prcdn.co/img?file=eags2020030100000000001001&page=16&scale=80
2026-07-07 23:40:58,615 [INFO] src.corpus_acquisition.crawler: Downloading -> data/raw/images/ojo/2020/03/01/ojo_2020-03-01_16.jpg
2026-07-07 23:41:01,076 [INFO] src.corpus_acquisition.downloader: Downloading page 17 from https://t.prcdn.co/img?file=eags2020030100000000001001&page=17&scale=80
2026-07-07 23:41:01,077 [INFO] src.corpus_acquisition.crawler: Downloading -> data/raw/images/ojo/2020/03/01/ojo_2020-03-01_17.jpg
2026-07-07 23:41:03,341 [INFO] src.corpus_acquisition.downloader: Downloading page 18 from https://t.prcdn.co/img?file=eags2020030100000000001001&page=18&scale=80
2026-07-07 23:41:03,342 [INFO] src.corpus_acquisition.crawler: Downloading -> data/raw/images/ojo/2020/03/01/ojo_2020-03-01_18.jpg
2026-07-07 23:41:06,091 [INFO] src.corpus_acquisition.downloader: Downloading page 19 from https://t.prcdn.co/img?file=eags2020030100000000001001&page=19&scale=80
2026-07-07 23:41:06,092 [INFO] src.corpus_acquisition.crawler: Downloading -> data/raw/images/ojo/2020/03/01/ojo_2020-03-01_19.jpg
2026-07-07 23:41:08,803 [INFO] src.corpus_acquisition.downloader: Downloading page 20 from https://t.prcdn.co/img?file=eags2020030100000000001001&page=20&scale=80
2026-07-07 23:41:08,803 [INFO] src.corpus_acquisition.crawler: Downloading -> data/raw/images/ojo/2020/03/01/ojo_2020-03-01_20.jpg
2026-07-07 23:41:11,471 [INFO] src.corpus_acquisition.downloader: Downloading page 21 from https://t.prcdn.co/img?file=eags2020030100000000001001&page=21&scale=80
2026-07-07 23:41:11,472 [INFO] src.corpus_acquisition.crawler: Downloading -> data/raw/images/ojo/2020/03/01/ojo_2020-03-01_21.jpg
2026-07-07 23:41:14,322 [INFO] src.corpus_acquisition.downloader: Downloading page 22 from https://t.prcdn.co/img?file=eags2020030100000000001001&page=22&scale=80
2026-07-07 23:41:14,323 [INFO] src.corpus_acquisition.crawler: Downloading -> data/raw/images/ojo/2020/03/01/ojo_2020-03-01_22.jpg
2026-07-07 23:41:17,575 [INFO] src.corpus_acquisition.downloader: Downloading page 23 from https://t.prcdn.co/img?file=eags2020030100000000001001&page=23&scale=80
2026-07-07 23:41:17,576 [INFO] src.corpus_acquisition.crawler: Downloading -> data/raw/images/ojo/2020/03/01/ojo_2020-03-01_23.jpg
2026-07-07 23:41:20,129 [INFO] src.corpus_acquisition.downloader: Downloading page 24 from https://t.prcdn.co/img?file=eags2020030100000000001001&page=24&scale=80
2026-07-07 23:41:20,129 [INFO] src.corpus_acquisition.crawler: Downloading -> data/raw/images/ojo/2020/03/01/ojo_2020-03-01_24.jpg
2026-07-07 23:41:22,723 [INFO] src.corpus_acquisition.downloader: Downloading page 25 from https://t.prcdn.co/img?file=eags2020030100000000001001&page=25&scale=80
2026-07-07 23:41:22,724 [INFO] src.corpus_acquisition.crawler: Downloading -> data/raw/images/ojo/2020/03/01/ojo_2020-03-01_25.jpg
2026-07-07 23:41:23,007 [WARNING] src.corpus_acquisition.downloader: Page 25 not found (1/3).
2026-07-07 23:41:23,007 [INFO] src.corpus_acquisition.downloader: Downloading page 26 from https://t.prcdn.co/img?file=eags2020030100000000001001&page=26&scale=80
2026-07-07 23:41:23,007 [INFO] src.corpus_acquisition.crawler: Downloading -> data/raw/images/ojo/2020/03/01/ojo_2020-03-01_26.jpg
2026-07-07 23:41:23,245 [WARNING] src.corpus_acquisition.downloader: Page 26 not found (2/3).
2026-07-07 23:41:23,245 [INFO] src.corpus_acquisition.downloader: Downloading page 27 from https://t.prcdn.co/img?file=eags2020030100000000001001&page=27&scale=80
2026-07-07 23:41:23,245 [INFO] src.corpus_acquisition.crawler: Downloading -> data/raw/images/ojo/2020/03/01/ojo_2020-03-01_27.jpg
2026-07-07 23:41:23,536 [WARNING] src.corpus_acquisition.downloader: Page 27 not found (3/3).
2026-07-07 23:41:23,536 [WARNING] src.corpus_acquisition.downloader: No new pages found after 3 attempts; stopping with 24 page(s).
2026-07-07 23:41:23,547 [INFO] src.corpus_acquisition.metadata_extractor: Saved metadata for 24 page(s) -> data/raw/metadata/ojo_metadata.parquet (total rows: 146)
2026-07-07 23:41:23,778 [INFO] src.corpus_acquisition.metadata_extractor: Saved crawl log -> data/raw/crawl_logs/ojo_2020-03-01.json (status=success)
2026-07-07 23:41:24,929 [INFO] src.corpus_acquisition.downloader: Downloading page 1 from https://t.prcdn.co/img?file=eags2020030200000000001001&page=1&scale=80
2026-07-07 23:41:24,929 [INFO] src.corpus_acquisition.crawler: Downloading -> data/raw/images/ojo/2020/03/02/ojo_2020-03-02_1.jpg
2026-07-07 23:41:27,895 [INFO] src.corpus_acquisition.downloader: Downloading page 2 from https://t.prcdn.co/img?file=eags2020030200000000001001&page=2&scale=80
2026-07-07 23:41:27,895 [INFO] src.corpus_acquisition.crawler: Downloading -> data/raw/images/ojo/2020/03/02/ojo_2020-03-02_2.jpg
2026-07-07 23:41:30,999 [INFO] src.corpus_acquisition.downloader: Downloading page 3 from https://t.prcdn.co/img?file=eags2020030200000000001001&page=3&scale=80
2026-07-07 23:41:30,999 [INFO] src.corpus_acquisition.crawler: Downloading -> data/raw/images/ojo/2020/03/02/ojo_2020-03-02_3.jpg
2026-07-07 23:41:33,647 [INFO] src.corpus_acquisition.downloader: Downloading page 4 from https://t.prcdn.co/img?file=eags2020030200000000001001&page=4&scale=80
2026-07-07 23:41:33,648 [INFO] src.corpus_acquisition.crawler: Downloading -> data/raw/images/ojo/2020/03/02/ojo_2020-03-02_4.jpg
2026-07-07 23:41:36,102 [INFO] src.corpus_acquisition.downloader: Downloading page 5 from https://t.prcdn.co/img?file=eags2020030200000000001001&page=5&scale=80
2026-07-07 23:41:36,102 [INFO] src.corpus_acquisition.crawler: Downloading -> data/raw/images/ojo/2020/03/02/ojo_2020-03-02_5.jpg
2026-07-07 23:41:39,228 [INFO] src.corpus_acquisition.downloader: Downloading page 6 from https://t.prcdn.co/img?file=eags2020030200000000001001&page=6&scale=80
2026-07-07 23:41:39,228 [INFO] src.corpus_acquisition.crawler: Downloading -> data/raw/images/ojo/2020/03/02/ojo_2020-03-02_6.jpg
2026-07-07 23:41:42,187 [INFO] src.corpus_acquisition.downloader: Downloading page 7 from https://t.prcdn.co/img?file=eags2020030200000000001001&page=7&scale=80
2026-07-07 23:41:42,187 [INFO] src.corpus_acquisition.crawler: Downloading -> data/raw/images/ojo/2020/03/02/ojo_2020-03-02_7.jpg
2026-07-07 23:41:44,482 [INFO] src.corpus_acquisition.downloader: Downloading page 8 from https://t.prcdn.co/img?file=eags2020030200000000001001&page=8&scale=80
2026-07-07 23:41:44,482 [INFO] src.corpus_acquisition.crawler: Downloading -> data/raw/images/ojo/2020/03/02/ojo_2020-03-02_8.jpg
2026-07-07 23:41:47,491 [INFO] src.corpus_acquisition.downloader: Downloading page 9 from https://t.prcdn.co/img?file=eags2020030200000000001001&page=9&scale=80
2026-07-07 23:41:47,492 [INFO] src.corpus_acquisition.crawler: Downloading -> data/raw/images/ojo/2020/03/02/ojo_2020-03-02_9.jpg
2026-07-07 23:41:50,081 [INFO] src.corpus_acquisition.downloader: Downloading page 10 from https://t.prcdn.co/img?file=eags2020030200000000001001&page=10&scale=80
2026-07-07 23:41:50,082 [INFO] src.corpus_acquisition.crawler: Downloading -> data/raw/images/ojo/2020/03/02/ojo_2020-03-02_10.jpg
2026-07-07 23:41:52,768 [INFO] src.corpus_acquisition.downloader: Downloading page 11 from https://t.prcdn.co/img?file=eags2020030200000000001001&page=11&scale=80
2026-07-07 23:41:52,768 [INFO] src.corpus_acquisition.crawler: Downloading -> data/raw/images/ojo/2020/03/02/ojo_2020-03-02_11.jpg
2026-07-07 23:41:55,648 [INFO] src.corpus_acquisition.downloader: Downloading page 12 from https://t.prcdn.co/img?file=eags2020030200000000001001&page=12&scale=80
2026-07-07 23:41:55,649 [INFO] src.corpus_acquisition.crawler: Downloading -> data/raw/images/ojo/2020/03/02/ojo_2020-03-02_12.jpg
2026-07-07 23:41:58,185 [INFO] src.corpus_acquisition.downloader: Downloading page 13 from https://t.prcdn.co/img?file=eags2020030200000000001001&page=13&scale=80
2026-07-07 23:41:58,186 [INFO] src.corpus_acquisition.crawler: Downloading -> data/raw/images/ojo/2020/03/02/ojo_2020-03-02_13.jpg
2026-07-07 23:42:00,651 [INFO] src.corpus_acquisition.downloader: Downloading page 14 from https://t.prcdn.co/img?file=eags2020030200000000001001&page=14&scale=80
2026-07-07 23:42:00,651 [INFO] src.corpus_acquisition.crawler: Downloading -> data/raw/images/ojo/2020/03/02/ojo_2020-03-02_14.jpg
2026-07-07 23:42:03,247 [INFO] src.corpus_acquisition.downloader: Downloading page 15 from https://t.prcdn.co/img?file=eags2020030200000000001001&page=15&scale=80
2026-07-07 23:42:03,248 [INFO] src.corpus_acquisition.crawler: Downloading -> data/raw/images/ojo/2020/03/02/ojo_2020-03-02_15.jpg
2026-07-07 23:42:05,438 [INFO] src.corpus_acquisition.downloader: Downloading page 16 from https://t.prcdn.co/img?file=eags2020030200000000001001&page=16&scale=80
2026-07-07 23:42:05,438 [INFO] src.corpus_acquisition.crawler: Downloading -> data/raw/images/ojo/2020/03/02/ojo_2020-03-02_16.jpg
2026-07-07 23:42:08,140 [INFO] src.corpus_acquisition.downloader: Downloading page 17 from https://t.prcdn.co/img?file=eags2020030200000000001001&page=17&scale=80
2026-07-07 23:42:08,141 [INFO] src.corpus_acquisition.crawler: Downloading -> data/raw/images/ojo/2020/03/02/ojo_2020-03-02_17.jpg
2026-07-07 23:42:11,061 [INFO] src.corpus_acquisition.downloader: Downloading page 18 from https://t.prcdn.co/img?file=eags2020030200000000001001&page=18&scale=80
2026-07-07 23:42:11,062 [INFO] src.corpus_acquisition.crawler: Downloading -> data/raw/images/ojo/2020/03/02/ojo_2020-03-02_18.jpg
2026-07-07 23:42:14,334 [INFO] src.corpus_acquisition.downloader: Downloading page 19 from https://t.prcdn.co/img?file=eags2020030200000000001001&page=19&scale=80
2026-07-07 23:42:14,334 [INFO] src.corpus_acquisition.crawler: Downloading -> data/raw/images/ojo/2020/03/02/ojo_2020-03-02_19.jpg
2026-07-07 23:42:17,961 [INFO] src.corpus_acquisition.downloader: Downloading page 20 from https://t.prcdn.co/img?file=eags2020030200000000001001&page=20&scale=80
2026-07-07 23:42:17,962 [INFO] src.corpus_acquisition.crawler: Downloading -> data/raw/images/ojo/2020/03/02/ojo_2020-03-02_20.jpg
2026-07-07 23:42:20,982 [INFO] src.corpus_acquisition.downloader: Downloading page 21 from https://t.prcdn.co/img?file=eags2020030200000000001001&page=21&scale=80
2026-07-07 23:42:20,983 [INFO] src.corpus_acquisition.crawler: Downloading -> data/raw/images/ojo/2020/03/02/ojo_2020-03-02_21.jpg
2026-07-07 23:42:24,328 [INFO] src.corpus_acquisition.downloader: Downloading page 22 from https://t.prcdn.co/img?file=eags2020030200000000001001&page=22&scale=80
2026-07-07 23:42:24,328 [INFO] src.corpus_acquisition.crawler: Downloading -> data/raw/images/ojo/2020/03/02/ojo_2020-03-02_22.jpg
2026-07-07 23:42:26,661 [INFO] src.corpus_acquisition.downloader: Downloading page 23 from https://t.prcdn.co/img?file=eags2020030200000000001001&page=23&scale=80
2026-07-07 23:42:26,662 [INFO] src.corpus_acquisition.crawler: Downloading -> data/raw/images/ojo/2020/03/02/ojo_2020-03-02_23.jpg
2026-07-07 23:42:26,948 [WARNING] src.corpus_acquisition.downloader: Page 23 not found (1/3).
2026-07-07 23:42:26,949 [INFO] src.corpus_acquisition.downloader: Downloading page 24 from https://t.prcdn.co/img?file=eags2020030200000000001001&page=24&scale=80
2026-07-07 23:42:26,954 [INFO] src.corpus_acquisition.crawler: Downloading -> data/raw/images/ojo/2020/03/02/ojo_2020-03-02_24.jpg
2026-07-07 23:42:27,228 [WARNING] src.corpus_acquisition.downloader: Page 24 not found (2/3).
2026-07-07 23:42:27,228 [INFO] src.corpus_acquisition.downloader: Downloading page 25 from https://t.prcdn.co/img?file=eags2020030200000000001001&page=25&scale=80
2026-07-07 23:42:27,228 [INFO] src.corpus_acquisition.crawler: Downloading -> data/raw/images/ojo/2020/03/02/ojo_2020-03-02_25.jpg
2026-07-07 23:42:27,473 [WARNING] src.corpus_acquisition.downloader: Page 25 not found (3/3).
2026-07-07 23:42:27,473 [WARNING] src.corpus_acquisition.downloader: No new pages found after 3 attempts; stopping with 22 page(s).
2026-07-07 23:42:27,486 [INFO] src.corpus_acquisition.metadata_extractor: Saved metadata for 22 page(s) -> data/raw/metadata/ojo_metadata.parquet (total rows: 168)
2026-07-07 23:42:27,489 [INFO] src.corpus_acquisition.metadata_extractor: Saved crawl log -> data/raw/crawl_logs/ojo_2020-03-02.json (status=success)
2026-07-07 23:42:29,057 [INFO] src.corpus_acquisition.downloader: Downloading page 1 from https://t.prcdn.co/img?file=eags2020030300000000001001&page=1&scale=80
2026-07-07 23:42:29,058 [INFO] src.corpus_acquisition.crawler: Downloading -> data/raw/images/ojo/2020/03/03/ojo_2020-03-03_1.jpg
2026-07-07 23:42:31,674 [INFO] src.corpus_acquisition.downloader: Downloading page 2 from https://t.prcdn.co/img?file=eags2020030300000000001001&page=2&scale=80
2026-07-07 23:42:31,674 [INFO] src.corpus_acquisition.crawler: Downloading -> data/raw/images/ojo/2020/03/03/ojo_2020-03-03_2.jpg
2026-07-07 23:42:34,722 [INFO] src.corpus_acquisition.downloader: Downloading page 3 from https://t.prcdn.co/img?file=eags2020030300000000001001&page=3&scale=80
2026-07-07 23:42:34,722 [INFO] src.corpus_acquisition.crawler: Downloading -> data/raw/images/ojo/2020/03/03/ojo_2020-03-03_3.jpg
2026-07-07 23:42:36,603 [INFO] src.corpus_acquisition.downloader: Downloading page 4 from https://t.prcdn.co/img?file=eags2020030300000000001001&page=4&scale=80
2026-07-07 23:42:36,604 [INFO] src.corpus_acquisition.crawler: Downloading -> data/raw/images/ojo/2020/03/03/ojo_2020-03-03_4.jpg
2026-07-07 23:42:39,644 [INFO] src.corpus_acquisition.downloader: Downloading page 5 from https://t.prcdn.co/img?file=eags2020030300000000001001&page=5&scale=80
2026-07-07 23:42:39,644 [INFO] src.corpus_acquisition.crawler: Downloading -> data/raw/images/ojo/2020/03/03/ojo_2020-03-03_5.jpg
2026-07-07 23:42:42,559 [INFO] src.corpus_acquisition.downloader: Downloading page 6 from https://t.prcdn.co/img?file=eags2020030300000000001001&page=6&scale=80
2026-07-07 23:42:42,560 [INFO] src.corpus_acquisition.crawler: Downloading -> data/raw/images/ojo/2020/03/03/ojo_2020-03-03_6.jpg
2026-07-07 23:42:45,011 [INFO] src.corpus_acquisition.downloader: Downloading page 7 from https://t.prcdn.co/img?file=eags2020030300000000001001&page=7&scale=80
2026-07-07 23:42:45,012 [INFO] src.corpus_acquisition.crawler: Downloading -> data/raw/images/ojo/2020/03/03/ojo_2020-03-03_7.jpg
2026-07-07 23:42:47,595 [INFO] src.corpus_acquisition.downloader: Downloading page 8 from https://t.prcdn.co/img?file=eags2020030300000000001001&page=8&scale=80
2026-07-07 23:42:47,596 [INFO] src.corpus_acquisition.crawler: Downloading -> data/raw/images/ojo/2020/03/03/ojo_2020-03-03_8.jpg
2026-07-07 23:42:50,427 [INFO] src.corpus_acquisition.downloader: Downloading page 9 from https://t.prcdn.co/img?file=eags2020030300000000001001&page=9&scale=80
2026-07-07 23:42:50,428 [INFO] src.corpus_acquisition.crawler: Downloading -> data/raw/images/ojo/2020/03/03/ojo_2020-03-03_9.jpg
2026-07-07 23:42:52,788 [INFO] src.corpus_acquisition.downloader: Downloading page 10 from https://t.prcdn.co/img?file=eags2020030300000000001001&page=10&scale=80
2026-07-07 23:42:52,789 [INFO] src.corpus_acquisition.crawler: Downloading -> data/raw/images/ojo/2020/03/03/ojo_2020-03-03_10.jpg
2026-07-07 23:42:55,182 [INFO] src.corpus_acquisition.downloader: Downloading page 11 from https://t.prcdn.co/img?file=eags2020030300000000001001&page=11&scale=80
2026-07-07 23:42:55,183 [INFO] src.corpus_acquisition.crawler: Downloading -> data/raw/images/ojo/2020/03/03/ojo_2020-03-03_11.jpg
2026-07-07 23:42:57,715 [INFO] src.corpus_acquisition.downloader: Downloading page 12 from https://t.prcdn.co/img?file=eags2020030300000000001001&page=12&scale=80
2026-07-07 23:42:57,715 [INFO] src.corpus_acquisition.crawler: Downloading -> data/raw/images/ojo/2020/03/03/ojo_2020-03-03_12.jpg
2026-07-07 23:43:01,192 [INFO] src.corpus_acquisition.downloader: Downloading page 13 from https://t.prcdn.co/img?file=eags2020030300000000001001&page=13&scale=80
2026-07-07 23:43:01,192 [INFO] src.corpus_acquisition.crawler: Downloading -> data/raw/images/ojo/2020/03/03/ojo_2020-03-03_13.jpg
2026-07-07 23:43:04,720 [INFO] src.corpus_acquisition.downloader: Downloading page 14 from https://t.prcdn.co/img?file=eags2020030300000000001001&page=14&scale=80
2026-07-07 23:43:04,721 [INFO] src.corpus_acquisition.crawler: Downloading -> data/raw/images/ojo/2020/03/03/ojo_2020-03-03_14.jpg
2026-07-07 23:43:07,730 [INFO] src.corpus_acquisition.downloader: Downloading page 15 from https://t.prcdn.co/img?file=eags2020030300000000001001&page=15&scale=80
2026-07-07 23:43:07,731 [INFO] src.corpus_acquisition.crawler: Downloading -> data/raw/images/ojo/2020/03/03/ojo_2020-03-03_15.jpg
2026-07-07 23:43:10,626 [INFO] src.corpus_acquisition.downloader: Downloading page 16 from https://t.prcdn.co/img?file=eags2020030300000000001001&page=16&scale=80
2026-07-07 23:43:10,626 [INFO] src.corpus_acquisition.crawler: Downloading -> data/raw/images/ojo/2020/03/03/ojo_2020-03-03_16.jpg
2026-07-07 23:43:13,461 [INFO] src.corpus_acquisition.downloader: Downloading page 17 from https://t.prcdn.co/img?file=eags2020030300000000001001&page=17&scale=80
2026-07-07 23:43:13,461 [INFO] src.corpus_acquisition.crawler: Downloading -> data/raw/images/ojo/2020/03/03/ojo_2020-03-03_17.jpg
2026-07-07 23:43:16,738 [INFO] src.corpus_acquisition.downloader: Downloading page 18 from https://t.prcdn.co/img?file=eags2020030300000000001001&page=18&scale=80
2026-07-07 23:43:16,739 [INFO] src.corpus_acquisition.crawler: Downloading -> data/raw/images/ojo/2020/03/03/ojo_2020-03-03_18.jpg
2026-07-07 23:43:19,776 [INFO] src.corpus_acquisition.downloader: Downloading page 19 from https://t.prcdn.co/img?file=eags2020030300000000001001&page=19&scale=80
2026-07-07 23:43:19,776 [INFO] src.corpus_acquisition.crawler: Downloading -> data/raw/images/ojo/2020/03/03/ojo_2020-03-03_19.jpg
2026-07-07 23:43:22,903 [INFO] src.corpus_acquisition.downloader: Downloading page 20 from https://t.prcdn.co/img?file=eags2020030300000000001001&page=20&scale=80
2026-07-07 23:43:22,903 [INFO] src.corpus_acquisition.crawler: Downloading -> data/raw/images/ojo/2020/03/03/ojo_2020-03-03_20.jpg
2026-07-07 23:43:25,448 [INFO] src.corpus_acquisition.downloader: Downloading page 21 from https://t.prcdn.co/img?file=eags2020030300000000001001&page=21&scale=80
2026-07-07 23:43:25,448 [INFO] src.corpus_acquisition.crawler: Downloading -> data/raw/images/ojo/2020/03/03/ojo_2020-03-03_21.jpg
2026-07-07 23:43:28,809 [INFO] src.corpus_acquisition.downloader: Downloading page 22 from https://t.prcdn.co/img?file=eags2020030300000000001001&page=22&scale=80
2026-07-07 23:43:28,809 [INFO] src.corpus_acquisition.crawler: Downloading -> data/raw/images/ojo/2020/03/03/ojo_2020-03-03_22.jpg
2026-07-07 23:43:31,341 [INFO] src.corpus_acquisition.downloader: Downloading page 23 from https://t.prcdn.co/img?file=eags2020030300000000001001&page=23&scale=80
2026-07-07 23:43:31,341 [INFO] src.corpus_acquisition.crawler: Downloading -> data/raw/images/ojo/2020/03/03/ojo_2020-03-03_23.jpg
2026-07-07 23:43:31,577 [WARNING] src.corpus_acquisition.downloader: Page 23 not found (1/3).
2026-07-07 23:43:31,577 [INFO] src.corpus_acquisition.downloader: Downloading page 24 from https://t.prcdn.co/img?file=eags2020030300000000001001&page=24&scale=80
2026-07-07 23:43:31,577 [INFO] src.corpus_acquisition.crawler: Downloading -> data/raw/images/ojo/2020/03/03/ojo_2020-03-03_24.jpg
2026-07-07 23:43:31,818 [WARNING] src.corpus_acquisition.downloader: Page 24 not found (2/3).
2026-07-07 23:43:31,818 [INFO] src.corpus_acquisition.downloader: Downloading page 25 from https://t.prcdn.co/img?file=eags2020030300000000001001&page=25&scale=80
2026-07-07 23:43:31,819 [INFO] src.corpus_acquisition.crawler: Downloading -> data/raw/images/ojo/2020/03/03/ojo_2020-03-03_25.jpg
2026-07-07 23:43:32,043 [WARNING] src.corpus_acquisition.downloader: Page 25 not found (3/3).
2026-07-07 23:43:32,043 [WARNING] src.corpus_acquisition.downloader: No new pages found after 3 attempts; stopping with 22 page(s).
2026-07-07 23:43:32,056 [INFO] src.corpus_acquisition.metadata_extractor: Saved metadata for 22 page(s) -> data/raw/metadata/ojo_metadata.parquet (total rows: 190)
2026-07-07 23:43:32,068 [INFO] src.corpus_acquisition.metadata_extractor: Saved crawl log -> data/raw/crawl_logs/ojo_2020-03-03.json (status=success)
2026-07-07 23:43:32,970 [INFO] src.corpus_acquisition.downloader: Downloading page 1 from https://t.prcdn.co/img?file=eags2020030400000000001001&page=1&scale=80
2026-07-07 23:43:32,971 [INFO] src.corpus_acquisition.crawler: Downloading -> data/raw/images/ojo/2020/03/04/ojo_2020-03-04_1.jpg
2026-07-07 23:43:35,134 [INFO] src.corpus_acquisition.downloader: Downloading page 2 from https://t.prcdn.co/img?file=eags2020030400000000001001&page=2&scale=80
2026-07-07 23:43:35,135 [INFO] src.corpus_acquisition.crawler: Downloading -> data/raw/images/ojo/2020/03/04/ojo_2020-03-04_2.jpg
2026-07-07 23:43:37,479 [INFO] src.corpus_acquisition.downloader: Downloading page 3 from https://t.prcdn.co/img?file=eags2020030400000000001001&page=3&scale=80
2026-07-07 23:43:37,480 [INFO] src.corpus_acquisition.crawler: Downloading -> data/raw/images/ojo/2020/03/04/ojo_2020-03-04_3.jpg
2026-07-07 23:43:40,123 [INFO] src.corpus_acquisition.downloader: Downloading page 4 from https://t.prcdn.co/img?file=eags2020030400000000001001&page=4&scale=80
2026-07-07 23:43:40,123 [INFO] src.corpus_acquisition.crawler: Downloading -> data/raw/images/ojo/2020/03/04/ojo_2020-03-04_4.jpg
