2026-06-24 00:22:58,320 [INFO] __main__: Logging in to portal...
2026-06-24 00:23:17,242 [INFO] __main__: Login successful!
2026-06-24 00:23:17,246 [INFO] src.corpus_acquisition.downloader: Skipping elcomercio on 2025-02-10: already crawled successfully.
2026-06-24 00:23:17,248 [INFO] src.corpus_acquisition.downloader: Skipping elcomercio on 2025-02-11: already crawled successfully.
2026-06-24 00:23:17,249 [INFO] src.corpus_acquisition.downloader: Skipping elcomercio on 2025-02-12: already crawled successfully.
2026-06-24 00:23:17,257 [INFO] src.corpus_acquisition.downloader: Opening archive for elcomercio on 2025-02-13
2026-06-24 00:23:23,424 [INFO] src.corpus_acquisition.downloader: Collected 7 / 20 pages
2026-06-24 00:23:27,731 [INFO] src.corpus_acquisition.downloader: Collected 9 / 20 pages
2026-06-24 00:23:29,858 [INFO] src.corpus_acquisition.downloader: Collected 11 / 20 pages
2026-06-24 00:23:32,011 [INFO] src.corpus_acquisition.downloader: Collected 13 / 20 pages
2026-06-24 00:23:34,131 [INFO] src.corpus_acquisition.downloader: Collected 15 / 20 pages
2026-06-24 00:23:36,246 [INFO] src.corpus_acquisition.downloader: Collected 17 / 20 pages
2026-06-24 00:23:38,388 [INFO] src.corpus_acquisition.downloader: Collected 19 / 20 pages
2026-06-24 00:23:40,559 [INFO] src.corpus_acquisition.downloader: Collected 20 / 20 pages
2026-06-24 00:23:42,019 [INFO] src.corpus_acquisition.downloader: Page 1 already downloaded, skipping.
2026-06-24 00:23:42,019 [INFO] src.corpus_acquisition.downloader: Downloading page 2 from https://t.prcdn.co/img?file=eaaj2025021300000000001001&page=2&scale=200
2026-06-24 00:23:42,625 [ERROR] src.corpus_acquisition.downloader: Failed to download page 2: Failed to download page 2: 403
2026-06-24 00:23:42,625 [INFO] src.corpus_acquisition.downloader: Downloading page 3 from https://t.prcdn.co/img?file=eaaj2025021300000000001001&page=3&scale=200
2026-06-24 00:23:42,904 [ERROR] src.corpus_acquisition.downloader: Failed to download page 3: Failed to download page 3: 403
2026-06-24 00:23:42,904 [INFO] src.corpus_acquisition.downloader: Downloading page 4 from https://t.prcdn.co/img?file=eaaj2025021300000000001001&page=4&scale=200
2026-06-24 00:23:43,154 [ERROR] src.corpus_acquisition.downloader: Failed to download page 4: Failed to download page 4: 403
2026-06-24 00:23:43,155 [INFO] src.corpus_acquisition.downloader: Downloading page 5 from https://t.prcdn.co/img?file=eaaj2025021300000000001001&page=5&scale=200
2026-06-24 00:23:43,412 [ERROR] src.corpus_acquisition.downloader: Failed to download page 5: Failed to download page 5: 403
2026-06-24 00:23:43,412 [INFO] src.corpus_acquisition.downloader: Downloading page 6 from https://t.prcdn.co/img?file=eaaj2025021300000000001001&page=6&scale=200
2026-06-24 00:23:43,651 [ERROR] src.corpus_acquisition.downloader: Failed to download page 6: Failed to download page 6: 403
2026-06-24 00:23:43,651 [INFO] src.corpus_acquisition.downloader: Downloading page 7 from https://t.prcdn.co/img?file=eaaj2025021300000000001001&page=7&scale=200
2026-06-24 00:23:43,887 [ERROR] src.corpus_acquisition.downloader: Failed to download page 7: Failed to download page 7: 403
2026-06-24 00:23:43,887 [INFO] src.corpus_acquisition.downloader: Downloading page 8 from https://t.prcdn.co/img?file=eaaj2025021300000000001001&page=8&scale=200
2026-06-24 00:23:44,141 [ERROR] src.corpus_acquisition.downloader: Failed to download page 8: Failed to download page 8: 403
2026-06-24 00:23:44,141 [INFO] src.corpus_acquisition.downloader: Downloading page 9 from https://t.prcdn.co/img?file=eaaj2025021300000000001001&page=9&scale=200
2026-06-24 00:23:44,394 [ERROR] src.corpus_acquisition.downloader: Failed to download page 9: Failed to download page 9: 403
2026-06-24 00:23:44,394 [INFO] src.corpus_acquisition.downloader: Downloading page 10 from https://t.prcdn.co/img?file=eaaj2025021300000000001001&page=10&scale=200
2026-06-24 00:23:44,665 [ERROR] src.corpus_acquisition.downloader: Failed to download page 10: Failed to download page 10: 403
2026-06-24 00:23:44,665 [INFO] src.corpus_acquisition.downloader: Downloading page 11 from https://t.prcdn.co/img?file=eaaj2025021300000000001001&page=11&scale=200
2026-06-24 00:23:44,936 [ERROR] src.corpus_acquisition.downloader: Failed to download page 11: Failed to download page 11: 403
2026-06-24 00:23:44,936 [INFO] src.corpus_acquisition.downloader: Downloading page 12 from https://t.prcdn.co/img?file=eaaj2025021300000000001001&page=12&scale=200
2026-06-24 00:23:45,205 [ERROR] src.corpus_acquisition.downloader: Failed to download page 12: Failed to download page 12: 403
2026-06-24 00:23:45,205 [INFO] src.corpus_acquisition.downloader: Downloading page 13 from https://t.prcdn.co/img?file=eaaj2025021300000000001001&page=13&scale=200
2026-06-24 00:23:45,492 [ERROR] src.corpus_acquisition.downloader: Failed to download page 13: Failed to download page 13: 403
2026-06-24 00:23:45,492 [INFO] src.corpus_acquisition.downloader: Downloading page 14 from https://t.prcdn.co/img?file=eaaj2025021300000000001001&page=14&scale=200
2026-06-24 00:23:45,752 [ERROR] src.corpus_acquisition.downloader: Failed to download page 14: Failed to download page 14: 403
2026-06-24 00:23:45,753 [INFO] src.corpus_acquisition.downloader: Downloading page 15 from https://t.prcdn.co/img?file=eaaj2025021300000000001001&page=15&scale=200
2026-06-24 00:23:46,018 [ERROR] src.corpus_acquisition.downloader: Failed to download page 15: Failed to download page 15: 403
2026-06-24 00:23:46,018 [INFO] src.corpus_acquisition.downloader: Downloading page 16 from https://t.prcdn.co/img?file=eaaj2025021300000000001001&page=16&scale=200
2026-06-24 00:23:46,271 [ERROR] src.corpus_acquisition.downloader: Failed to download page 16: Failed to download page 16: 403
2026-06-24 00:23:46,271 [INFO] src.corpus_acquisition.downloader: Downloading page 17 from https://t.prcdn.co/img?file=eaaj2025021300000000001001&page=17&scale=200
2026-06-24 00:23:46,566 [ERROR] src.corpus_acquisition.downloader: Failed to download page 17: Failed to download page 17: 403
2026-06-24 00:23:46,566 [INFO] src.corpus_acquisition.downloader: Downloading page 18 from https://t.prcdn.co/img?file=eaaj2025021300000000001001&page=18&scale=200
2026-06-24 00:23:46,796 [ERROR] src.corpus_acquisition.downloader: Failed to download page 18: Failed to download page 18: 403
2026-06-24 00:23:46,796 [INFO] src.corpus_acquisition.downloader: Downloading page 19 from https://t.prcdn.co/img?file=eaaj2025021300000000001001&page=19&scale=200
2026-06-24 00:23:47,031 [ERROR] src.corpus_acquisition.downloader: Failed to download page 19: Failed to download page 19: 403
2026-06-24 00:23:47,032 [INFO] src.corpus_acquisition.downloader: Downloading page 20 from https://t.prcdn.co/img?file=eaaj2025021300000000001001&page=20&scale=200
2026-06-24 00:23:47,357 [ERROR] src.corpus_acquisition.downloader: Failed to download page 20: Failed to download page 20: 403
2026-06-24 00:23:47,361 [INFO] src.corpus_acquisition.metadata_extractor: Saved crawl log -> data/raw/crawl_logs/elcomercio_2025-02-13.json (status=failed)
2026-06-24 00:23:52,871 [INFO] src.corpus_acquisition.downloader: Opening archive for elcomercio on 2025-02-14
2026-06-24 00:23:58,977 [INFO] src.corpus_acquisition.downloader: Collected 7 / 20 pages
2026-06-24 00:24:03,327 [INFO] src.corpus_acquisition.downloader: Collected 9 / 20 pages
2026-06-24 00:24:05,488 [INFO] src.corpus_acquisition.downloader: Collected 11 / 20 pages
2026-06-24 00:24:07,673 [INFO] src.corpus_acquisition.downloader: Collected 13 / 20 pages
2026-06-24 00:24:09,845 [INFO] src.corpus_acquisition.downloader: Collected 15 / 20 pages
2026-06-24 00:24:12,021 [INFO] src.corpus_acquisition.downloader: Collected 17 / 20 pages
2026-06-24 00:24:14,211 [INFO] src.corpus_acquisition.downloader: Collected 19 / 20 pages
2026-06-24 00:24:16,387 [INFO] src.corpus_acquisition.downloader: Collected 20 / 20 pages
2026-06-24 00:24:16,396 [INFO] src.corpus_acquisition.downloader: Page 1 already downloaded, skipping.
2026-06-24 00:24:16,396 [INFO] src.corpus_acquisition.downloader: Downloading page 2 from https://t.prcdn.co/img?file=eaaj2025021400000000001001&page=2&scale=200
2026-06-24 00:24:16,615 [ERROR] src.corpus_acquisition.downloader: Failed to download page 2: Failed to download page 2: 403
2026-06-24 00:24:16,616 [INFO] src.corpus_acquisition.downloader: Downloading page 3 from https://t.prcdn.co/img?file=eaaj2025021400000000001001&page=3&scale=200
2026-06-24 00:24:16,939 [ERROR] src.corpus_acquisition.downloader: Failed to download page 3: Failed to download page 3: 403
2026-06-24 00:24:16,939 [INFO] src.corpus_acquisition.downloader: Downloading page 4 from https://t.prcdn.co/img?file=eaaj2025021400000000001001&page=4&scale=200
2026-06-24 00:24:17,196 [ERROR] src.corpus_acquisition.downloader: Failed to download page 4: Failed to download page 4: 403
2026-06-24 00:24:17,196 [INFO] src.corpus_acquisition.downloader: Downloading page 5 from https://t.prcdn.co/img?file=eaaj2025021400000000001001&page=5&scale=200
2026-06-24 00:24:17,526 [ERROR] src.corpus_acquisition.downloader: Failed to download page 5: Failed to download page 5: 403
2026-06-24 00:24:17,527 [INFO] src.corpus_acquisition.downloader: Downloading page 6 from https://t.prcdn.co/img?file=eaaj2025021400000000001001&page=6&scale=200
2026-06-24 00:24:17,738 [ERROR] src.corpus_acquisition.downloader: Failed to download page 6: Failed to download page 6: 403
2026-06-24 00:24:17,738 [INFO] src.corpus_acquisition.downloader: Downloading page 7 from https://t.prcdn.co/img?file=eaaj2025021400000000001001&page=7&scale=200
2026-06-24 00:24:17,963 [ERROR] src.corpus_acquisition.downloader: Failed to download page 7: Failed to download page 7: 403
2026-06-24 00:24:17,963 [INFO] src.corpus_acquisition.downloader: Downloading page 8 from https://t.prcdn.co/img?file=eaaj2025021400000000001001&page=8&scale=200
2026-06-24 00:24:18,195 [ERROR] src.corpus_acquisition.downloader: Failed to download page 8: Failed to download page 8: 403
2026-06-24 00:24:18,195 [INFO] src.corpus_acquisition.downloader: Downloading page 9 from https://t.prcdn.co/img?file=eaaj2025021400000000001001&page=9&scale=200
2026-06-24 00:24:18,581 [ERROR] src.corpus_acquisition.downloader: Failed to download page 9: Failed to download page 9: 403
2026-06-24 00:24:18,581 [INFO] src.corpus_acquisition.downloader: Downloading page 10 from https://t.prcdn.co/img?file=eaaj2025021400000000001001&page=10&scale=200
2026-06-24 00:24:18,795 [ERROR] src.corpus_acquisition.downloader: Failed to download page 10: Failed to download page 10: 403
2026-06-24 00:24:18,795 [INFO] src.corpus_acquisition.downloader: Downloading page 11 from https://t.prcdn.co/img?file=eaaj2025021400000000001001&page=11&scale=200
2026-06-24 00:24:19,164 [ERROR] src.corpus_acquisition.downloader: Failed to download page 11: Failed to download page 11: 403
2026-06-24 00:24:19,164 [INFO] src.corpus_acquisition.downloader: Downloading page 12 from https://t.prcdn.co/img?file=eaaj2025021400000000001001&page=12&scale=200
2026-06-24 00:24:19,412 [ERROR] src.corpus_acquisition.downloader: Failed to download page 12: Failed to download page 12: 403
2026-06-24 00:24:19,412 [INFO] src.corpus_acquisition.downloader: Downloading page 13 from https://t.prcdn.co/img?file=eaaj2025021400000000001001&page=13&scale=200
2026-06-24 00:24:19,637 [ERROR] src.corpus_acquisition.downloader: Failed to download page 13: Failed to download page 13: 403
2026-06-24 00:24:19,637 [INFO] src.corpus_acquisition.downloader: Downloading page 14 from https://t.prcdn.co/img?file=eaaj2025021400000000001001&page=14&scale=200
2026-06-24 00:24:19,837 [ERROR] src.corpus_acquisition.downloader: Failed to download page 14: Failed to download page 14: 403
2026-06-24 00:24:19,837 [INFO] src.corpus_acquisition.downloader: Downloading page 15 from https://t.prcdn.co/img?file=eaaj2025021400000000001001&page=15&scale=200
2026-06-24 00:24:20,126 [ERROR] src.corpus_acquisition.downloader: Failed to download page 15: Failed to download page 15: 403
2026-06-24 00:24:20,126 [INFO] src.corpus_acquisition.downloader: Downloading page 16 from https://t.prcdn.co/img?file=eaaj2025021400000000001001&page=16&scale=200
2026-06-24 00:24:20,339 [ERROR] src.corpus_acquisition.downloader: Failed to download page 16: Failed to download page 16: 403
2026-06-24 00:24:20,340 [INFO] src.corpus_acquisition.downloader: Downloading page 17 from https://t.prcdn.co/img?file=eaaj2025021400000000001001&page=17&scale=200
2026-06-24 00:24:20,479 [ERROR] src.corpus_acquisition.downloader: Failed to download page 17: Failed to download page 17: 403
2026-06-24 00:24:20,480 [INFO] src.corpus_acquisition.downloader: Downloading page 18 from https://t.prcdn.co/img?file=eaaj2025021400000000001001&page=18&scale=200
2026-06-24 00:24:20,754 [ERROR] src.corpus_acquisition.downloader: Failed to download page 18: Failed to download page 18: 403
2026-06-24 00:24:20,754 [INFO] src.corpus_acquisition.downloader: Downloading page 19 from https://t.prcdn.co/img?file=eaaj2025021400000000001001&page=19&scale=200
2026-06-24 00:24:20,983 [ERROR] src.corpus_acquisition.downloader: Failed to download page 19: Failed to download page 19: 403
2026-06-24 00:24:20,983 [INFO] src.corpus_acquisition.downloader: Downloading page 20 from https://t.prcdn.co/img?file=eaaj2025021400000000001001&page=20&scale=200
2026-06-24 00:24:21,227 [ERROR] src.corpus_acquisition.downloader: Failed to download page 20: Failed to download page 20: 403
2026-06-24 00:24:21,231 [INFO] src.corpus_acquisition.metadata_extractor: Saved crawl log -> data/raw/crawl_logs/elcomercio_2025-02-14.json (status=failed)
2026-06-24 00:24:27,897 [INFO] src.corpus_acquisition.downloader: Opening archive for elcomercio on 2025-02-15
[2026-06-24T00:24:31.391] error: *** JOB 25920365 ON c003 CANCELLED AT 2026-06-24T00:24:31 DUE to SIGNAL Terminated ***
