2026-07-15 18:41:48,493 [INFO] __main__: Logging in to portal...
2026-07-15 18:41:48,494 [WARNING] __main__: PressReader login is currently disabled. Proceeding without login.
2026-07-15 18:41:58,330 [INFO] src.corpus_acquisition.downloader: Page 1 already downloaded, skipping.
2026-07-15 18:41:58,332 [INFO] src.corpus_acquisition.downloader: Page 2 already downloaded, skipping.
2026-07-15 18:41:58,333 [INFO] src.corpus_acquisition.downloader: Page 3 already downloaded, skipping.
2026-07-15 18:41:58,335 [INFO] src.corpus_acquisition.downloader: Page 4 already downloaded, skipping.
2026-07-15 18:41:58,338 [INFO] src.corpus_acquisition.downloader: Page 5 already downloaded, skipping.
2026-07-15 18:41:58,339 [INFO] src.corpus_acquisition.downloader: Page 6 already downloaded, skipping.
2026-07-15 18:41:58,339 [INFO] src.corpus_acquisition.downloader: Page 7 already downloaded, skipping.
2026-07-15 18:41:58,340 [INFO] src.corpus_acquisition.downloader: Page 8 already downloaded, skipping.
2026-07-15 18:41:58,340 [INFO] src.corpus_acquisition.downloader: Page 9 already downloaded, skipping.
2026-07-15 18:41:58,341 [INFO] src.corpus_acquisition.downloader: Page 10 already downloaded, skipping.
2026-07-15 18:41:58,341 [INFO] src.corpus_acquisition.downloader: Page 11 already downloaded, skipping.
2026-07-15 18:41:58,342 [INFO] src.corpus_acquisition.downloader: Page 12 already downloaded, skipping.
2026-07-15 18:41:58,342 [INFO] src.corpus_acquisition.downloader: Page 13 already downloaded, skipping.
2026-07-15 18:41:58,342 [INFO] src.corpus_acquisition.downloader: Page 14 already downloaded, skipping.
2026-07-15 18:41:58,343 [INFO] src.corpus_acquisition.downloader: Page 15 already downloaded, skipping.
2026-07-15 18:41:58,343 [INFO] src.corpus_acquisition.downloader: Page 16 already downloaded, skipping.
2026-07-15 18:41:58,344 [INFO] src.corpus_acquisition.downloader: Page 17 already downloaded, skipping.
2026-07-15 18:41:58,344 [INFO] src.corpus_acquisition.downloader: Downloading page 18 from https://t.prcdn.co/img?file=eag82021032300000000001001&page=18&scale=80
2026-07-15 18:41:58,344 [INFO] src.corpus_acquisition.crawler: Downloading -> data/raw/images/trome/2021/03/23/trome_2021-03-23_18.jpg
2026-07-15 18:42:02,335 [INFO] src.corpus_acquisition.downloader: Downloading page 19 from https://t.prcdn.co/img?file=eag82021032300000000001001&page=19&scale=80
2026-07-15 18:42:02,335 [INFO] src.corpus_acquisition.crawler: Downloading -> data/raw/images/trome/2021/03/23/trome_2021-03-23_19.jpg
2026-07-15 18:42:04,599 [INFO] src.corpus_acquisition.downloader: Downloading page 20 from https://t.prcdn.co/img?file=eag82021032300000000001001&page=20&scale=80
2026-07-15 18:42:04,599 [INFO] src.corpus_acquisition.crawler: Downloading -> data/raw/images/trome/2021/03/23/trome_2021-03-23_20.jpg
2026-07-15 18:42:07,822 [INFO] src.corpus_acquisition.downloader: Downloading page 21 from https://t.prcdn.co/img?file=eag82021032300000000001001&page=21&scale=80
2026-07-15 18:42:07,822 [INFO] src.corpus_acquisition.crawler: Downloading -> data/raw/images/trome/2021/03/23/trome_2021-03-23_21.jpg
2026-07-15 18:42:10,822 [INFO] src.corpus_acquisition.downloader: Downloading page 22 from https://t.prcdn.co/img?file=eag82021032300000000001001&page=22&scale=80
2026-07-15 18:42:10,823 [INFO] src.corpus_acquisition.crawler: Downloading -> data/raw/images/trome/2021/03/23/trome_2021-03-23_22.jpg
2026-07-15 18:42:13,723 [INFO] src.corpus_acquisition.downloader: Downloading page 23 from https://t.prcdn.co/img?file=eag82021032300000000001001&page=23&scale=80
2026-07-15 18:42:13,723 [INFO] src.corpus_acquisition.crawler: Downloading -> data/raw/images/trome/2021/03/23/trome_2021-03-23_23.jpg
2026-07-15 18:42:16,749 [INFO] src.corpus_acquisition.downloader: Downloading page 24 from https://t.prcdn.co/img?file=eag82021032300000000001001&page=24&scale=80
2026-07-15 18:42:16,760 [INFO] src.corpus_acquisition.crawler: Downloading -> data/raw/images/trome/2021/03/23/trome_2021-03-23_24.jpg
2026-07-15 18:42:19,701 [INFO] src.corpus_acquisition.downloader: Downloading page 25 from https://t.prcdn.co/img?file=eag82021032300000000001001&page=25&scale=80
2026-07-15 18:42:19,706 [INFO] src.corpus_acquisition.crawler: Downloading -> data/raw/images/trome/2021/03/23/trome_2021-03-23_25.jpg
2026-07-15 18:42:22,718 [INFO] src.corpus_acquisition.downloader: Downloading page 26 from https://t.prcdn.co/img?file=eag82021032300000000001001&page=26&scale=80
2026-07-15 18:42:22,719 [INFO] src.corpus_acquisition.crawler: Downloading -> data/raw/images/trome/2021/03/23/trome_2021-03-23_26.jpg
2026-07-15 18:42:25,977 [INFO] src.corpus_acquisition.downloader: Downloading page 27 from https://t.prcdn.co/img?file=eag82021032300000000001001&page=27&scale=80
2026-07-15 18:42:25,977 [INFO] src.corpus_acquisition.crawler: Downloading -> data/raw/images/trome/2021/03/23/trome_2021-03-23_27.jpg
2026-07-15 18:42:28,546 [INFO] src.corpus_acquisition.downloader: Downloading page 28 from https://t.prcdn.co/img?file=eag82021032300000000001001&page=28&scale=80
2026-07-15 18:42:28,557 [INFO] src.corpus_acquisition.crawler: Downloading -> data/raw/images/trome/2021/03/23/trome_2021-03-23_28.jpg
2026-07-15 18:42:31,125 [INFO] src.corpus_acquisition.downloader: Downloading page 29 from https://t.prcdn.co/img?file=eag82021032300000000001001&page=29&scale=80
2026-07-15 18:42:31,125 [INFO] src.corpus_acquisition.crawler: Downloading -> data/raw/images/trome/2021/03/23/trome_2021-03-23_29.jpg
2026-07-15 18:42:31,398 [WARNING] src.corpus_acquisition.downloader: Page 29 not found (1/3).
2026-07-15 18:42:31,399 [INFO] src.corpus_acquisition.downloader: Downloading page 30 from https://t.prcdn.co/img?file=eag82021032300000000001001&page=30&scale=80
2026-07-15 18:42:31,399 [INFO] src.corpus_acquisition.crawler: Downloading -> data/raw/images/trome/2021/03/23/trome_2021-03-23_30.jpg
2026-07-15 18:42:31,612 [WARNING] src.corpus_acquisition.downloader: Page 30 not found (2/3).
2026-07-15 18:42:31,623 [INFO] src.corpus_acquisition.downloader: Downloading page 31 from https://t.prcdn.co/img?file=eag82021032300000000001001&page=31&scale=80
2026-07-15 18:42:31,634 [INFO] src.corpus_acquisition.crawler: Downloading -> data/raw/images/trome/2021/03/23/trome_2021-03-23_31.jpg
2026-07-15 18:42:31,973 [WARNING] src.corpus_acquisition.downloader: Page 31 not found (3/3).
2026-07-15 18:42:31,973 [WARNING] src.corpus_acquisition.downloader: No new pages found after 3 attempts; stopping with 11 page(s).
2026-07-15 18:42:32,205 [INFO] src.corpus_acquisition.metadata_extractor: Saved metadata for 11 page(s) -> data/raw/metadata/trome_metadata.parquet (total rows: 9607)
2026-07-15 18:42:32,211 [INFO] src.corpus_acquisition.metadata_extractor: Saved crawl log -> data/raw/crawl_logs/trome_2021-03-23.json (status=success)
2026-07-15 18:42:33,196 [INFO] src.corpus_acquisition.downloader: Downloading page 1 from https://t.prcdn.co/img?file=eag82021032400000000001001&page=1&scale=80
2026-07-15 18:42:33,200 [INFO] src.corpus_acquisition.crawler: Downloading -> data/raw/images/trome/2021/03/24/trome_2021-03-24_1.jpg
2026-07-15 18:42:35,439 [INFO] src.corpus_acquisition.downloader: Downloading page 2 from https://t.prcdn.co/img?file=eag82021032400000000001001&page=2&scale=80
2026-07-15 18:42:35,439 [INFO] src.corpus_acquisition.crawler: Downloading -> data/raw/images/trome/2021/03/24/trome_2021-03-24_2.jpg
2026-07-15 18:42:38,792 [INFO] src.corpus_acquisition.downloader: Downloading page 3 from https://t.prcdn.co/img?file=eag82021032400000000001001&page=3&scale=80
2026-07-15 18:42:38,793 [INFO] src.corpus_acquisition.crawler: Downloading -> data/raw/images/trome/2021/03/24/trome_2021-03-24_3.jpg
2026-07-15 18:42:41,284 [INFO] src.corpus_acquisition.downloader: Downloading page 4 from https://t.prcdn.co/img?file=eag82021032400000000001001&page=4&scale=80
2026-07-15 18:42:41,284 [INFO] src.corpus_acquisition.crawler: Downloading -> data/raw/images/trome/2021/03/24/trome_2021-03-24_4.jpg
2026-07-15 18:42:43,691 [INFO] src.corpus_acquisition.downloader: Downloading page 5 from https://t.prcdn.co/img?file=eag82021032400000000001001&page=5&scale=80
2026-07-15 18:42:43,692 [INFO] src.corpus_acquisition.crawler: Downloading -> data/raw/images/trome/2021/03/24/trome_2021-03-24_5.jpg
2026-07-15 18:42:46,684 [INFO] src.corpus_acquisition.downloader: Downloading page 6 from https://t.prcdn.co/img?file=eag82021032400000000001001&page=6&scale=80
2026-07-15 18:42:46,684 [INFO] src.corpus_acquisition.crawler: Downloading -> data/raw/images/trome/2021/03/24/trome_2021-03-24_6.jpg
2026-07-15 18:42:49,922 [INFO] src.corpus_acquisition.downloader: Downloading page 7 from https://t.prcdn.co/img?file=eag82021032400000000001001&page=7&scale=80
2026-07-15 18:42:49,922 [INFO] src.corpus_acquisition.crawler: Downloading -> data/raw/images/trome/2021/03/24/trome_2021-03-24_7.jpg
2026-07-15 18:42:52,665 [INFO] src.corpus_acquisition.downloader: Downloading page 8 from https://t.prcdn.co/img?file=eag82021032400000000001001&page=8&scale=80
2026-07-15 18:42:52,665 [INFO] src.corpus_acquisition.crawler: Downloading -> data/raw/images/trome/2021/03/24/trome_2021-03-24_8.jpg
2026-07-15 18:42:55,108 [INFO] src.corpus_acquisition.downloader: Downloading page 9 from https://t.prcdn.co/img?file=eag82021032400000000001001&page=9&scale=80
2026-07-15 18:42:55,109 [INFO] src.corpus_acquisition.crawler: Downloading -> data/raw/images/trome/2021/03/24/trome_2021-03-24_9.jpg
2026-07-15 18:42:57,439 [INFO] src.corpus_acquisition.downloader: Downloading page 10 from https://t.prcdn.co/img?file=eag82021032400000000001001&page=10&scale=80
2026-07-15 18:42:57,439 [INFO] src.corpus_acquisition.crawler: Downloading -> data/raw/images/trome/2021/03/24/trome_2021-03-24_10.jpg
2026-07-15 18:43:00,071 [INFO] src.corpus_acquisition.downloader: Downloading page 11 from https://t.prcdn.co/img?file=eag82021032400000000001001&page=11&scale=80
2026-07-15 18:43:00,072 [INFO] src.corpus_acquisition.crawler: Downloading -> data/raw/images/trome/2021/03/24/trome_2021-03-24_11.jpg
2026-07-15 18:43:03,195 [INFO] src.corpus_acquisition.downloader: Downloading page 12 from https://t.prcdn.co/img?file=eag82021032400000000001001&page=12&scale=80
2026-07-15 18:43:03,195 [INFO] src.corpus_acquisition.crawler: Downloading -> data/raw/images/trome/2021/03/24/trome_2021-03-24_12.jpg
2026-07-15 18:43:05,912 [INFO] src.corpus_acquisition.downloader: Downloading page 13 from https://t.prcdn.co/img?file=eag82021032400000000001001&page=13&scale=80
2026-07-15 18:43:05,919 [INFO] src.corpus_acquisition.crawler: Downloading -> data/raw/images/trome/2021/03/24/trome_2021-03-24_13.jpg
2026-07-15 18:43:08,626 [INFO] src.corpus_acquisition.downloader: Downloading page 14 from https://t.prcdn.co/img?file=eag82021032400000000001001&page=14&scale=80
2026-07-15 18:43:08,637 [INFO] src.corpus_acquisition.crawler: Downloading -> data/raw/images/trome/2021/03/24/trome_2021-03-24_14.jpg
2026-07-15 18:43:11,168 [INFO] src.corpus_acquisition.downloader: Downloading page 15 from https://t.prcdn.co/img?file=eag82021032400000000001001&page=15&scale=80
2026-07-15 18:43:11,168 [INFO] src.corpus_acquisition.crawler: Downloading -> data/raw/images/trome/2021/03/24/trome_2021-03-24_15.jpg
2026-07-15 18:43:13,563 [INFO] src.corpus_acquisition.downloader: Downloading page 16 from https://t.prcdn.co/img?file=eag82021032400000000001001&page=16&scale=80
2026-07-15 18:43:13,563 [INFO] src.corpus_acquisition.crawler: Downloading -> data/raw/images/trome/2021/03/24/trome_2021-03-24_16.jpg
2026-07-15 18:43:16,269 [INFO] src.corpus_acquisition.downloader: Downloading page 17 from https://t.prcdn.co/img?file=eag82021032400000000001001&page=17&scale=80
2026-07-15 18:43:16,269 [INFO] src.corpus_acquisition.crawler: Downloading -> data/raw/images/trome/2021/03/24/trome_2021-03-24_17.jpg
2026-07-15 18:43:19,285 [INFO] src.corpus_acquisition.downloader: Downloading page 18 from https://t.prcdn.co/img?file=eag82021032400000000001001&page=18&scale=80
2026-07-15 18:43:19,285 [INFO] src.corpus_acquisition.crawler: Downloading -> data/raw/images/trome/2021/03/24/trome_2021-03-24_18.jpg
2026-07-15 18:43:22,375 [INFO] src.corpus_acquisition.downloader: Downloading page 19 from https://t.prcdn.co/img?file=eag82021032400000000001001&page=19&scale=80
2026-07-15 18:43:22,382 [INFO] src.corpus_acquisition.crawler: Downloading -> data/raw/images/trome/2021/03/24/trome_2021-03-24_19.jpg
2026-07-15 18:43:24,739 [INFO] src.corpus_acquisition.downloader: Downloading page 20 from https://t.prcdn.co/img?file=eag82021032400000000001001&page=20&scale=80
2026-07-15 18:43:24,739 [INFO] src.corpus_acquisition.crawler: Downloading -> data/raw/images/trome/2021/03/24/trome_2021-03-24_20.jpg
2026-07-15 18:43:28,142 [INFO] src.corpus_acquisition.downloader: Downloading page 21 from https://t.prcdn.co/img?file=eag82021032400000000001001&page=21&scale=80
2026-07-15 18:43:28,143 [INFO] src.corpus_acquisition.crawler: Downloading -> data/raw/images/trome/2021/03/24/trome_2021-03-24_21.jpg
2026-07-15 18:43:30,957 [INFO] src.corpus_acquisition.downloader: Downloading page 22 from https://t.prcdn.co/img?file=eag82021032400000000001001&page=22&scale=80
2026-07-15 18:43:30,957 [INFO] src.corpus_acquisition.crawler: Downloading -> data/raw/images/trome/2021/03/24/trome_2021-03-24_22.jpg
2026-07-15 18:43:34,027 [INFO] src.corpus_acquisition.downloader: Downloading page 23 from https://t.prcdn.co/img?file=eag82021032400000000001001&page=23&scale=80
2026-07-15 18:43:34,027 [INFO] src.corpus_acquisition.crawler: Downloading -> data/raw/images/trome/2021/03/24/trome_2021-03-24_23.jpg
2026-07-15 18:43:36,777 [INFO] src.corpus_acquisition.downloader: Downloading page 24 from https://t.prcdn.co/img?file=eag82021032400000000001001&page=24&scale=80
2026-07-15 18:43:36,778 [INFO] src.corpus_acquisition.crawler: Downloading -> data/raw/images/trome/2021/03/24/trome_2021-03-24_24.jpg
2026-07-15 18:43:39,442 [INFO] src.corpus_acquisition.downloader: Downloading page 25 from https://t.prcdn.co/img?file=eag82021032400000000001001&page=25&scale=80
2026-07-15 18:43:39,453 [INFO] src.corpus_acquisition.crawler: Downloading -> data/raw/images/trome/2021/03/24/trome_2021-03-24_25.jpg
2026-07-15 18:43:42,104 [INFO] src.corpus_acquisition.downloader: Downloading page 26 from https://t.prcdn.co/img?file=eag82021032400000000001001&page=26&scale=80
2026-07-15 18:43:42,105 [INFO] src.corpus_acquisition.crawler: Downloading -> data/raw/images/trome/2021/03/24/trome_2021-03-24_26.jpg
2026-07-15 18:43:44,920 [INFO] src.corpus_acquisition.downloader: Downloading page 27 from https://t.prcdn.co/img?file=eag82021032400000000001001&page=27&scale=80
2026-07-15 18:43:44,920 [INFO] src.corpus_acquisition.crawler: Downloading -> data/raw/images/trome/2021/03/24/trome_2021-03-24_27.jpg
2026-07-15 18:43:47,765 [INFO] src.corpus_acquisition.downloader: Downloading page 28 from https://t.prcdn.co/img?file=eag82021032400000000001001&page=28&scale=80
2026-07-15 18:43:47,765 [INFO] src.corpus_acquisition.crawler: Downloading -> data/raw/images/trome/2021/03/24/trome_2021-03-24_28.jpg
2026-07-15 18:43:50,539 [INFO] src.corpus_acquisition.downloader: Downloading page 29 from https://t.prcdn.co/img?file=eag82021032400000000001001&page=29&scale=80
2026-07-15 18:43:50,540 [INFO] src.corpus_acquisition.crawler: Downloading -> data/raw/images/trome/2021/03/24/trome_2021-03-24_29.jpg
2026-07-15 18:43:50,780 [WARNING] src.corpus_acquisition.downloader: Page 29 not found (1/3).
2026-07-15 18:43:50,782 [INFO] src.corpus_acquisition.downloader: Downloading page 30 from https://t.prcdn.co/img?file=eag82021032400000000001001&page=30&scale=80
2026-07-15 18:43:50,793 [INFO] src.corpus_acquisition.crawler: Downloading -> data/raw/images/trome/2021/03/24/trome_2021-03-24_30.jpg
2026-07-15 18:43:51,040 [WARNING] src.corpus_acquisition.downloader: Page 30 not found (2/3).
2026-07-15 18:43:51,041 [INFO] src.corpus_acquisition.downloader: Downloading page 31 from https://t.prcdn.co/img?file=eag82021032400000000001001&page=31&scale=80
2026-07-15 18:43:51,041 [INFO] src.corpus_acquisition.crawler: Downloading -> data/raw/images/trome/2021/03/24/trome_2021-03-24_31.jpg
2026-07-15 18:43:51,297 [WARNING] src.corpus_acquisition.downloader: Page 31 not found (3/3).
2026-07-15 18:43:51,297 [WARNING] src.corpus_acquisition.downloader: No new pages found after 3 attempts; stopping with 28 page(s).
2026-07-15 18:43:51,326 [INFO] src.corpus_acquisition.metadata_extractor: Saved metadata for 28 page(s) -> data/raw/metadata/trome_metadata.parquet (total rows: 9635)
2026-07-15 18:43:51,331 [INFO] src.corpus_acquisition.metadata_extractor: Saved crawl log -> data/raw/crawl_logs/trome_2021-03-24.json (status=success)
2026-07-15 18:43:52,523 [INFO] src.corpus_acquisition.downloader: Downloading page 1 from https://t.prcdn.co/img?file=eag82021032500000000001001&page=1&scale=80
2026-07-15 18:43:52,530 [INFO] src.corpus_acquisition.crawler: Downloading -> data/raw/images/trome/2021/03/25/trome_2021-03-25_1.jpg
2026-07-15 18:43:55,327 [INFO] src.corpus_acquisition.downloader: Downloading page 2 from https://t.prcdn.co/img?file=eag82021032500000000001001&page=2&scale=80
2026-07-15 18:43:55,328 [INFO] src.corpus_acquisition.crawler: Downloading -> data/raw/images/trome/2021/03/25/trome_2021-03-25_2.jpg
2026-07-15 18:43:59,069 [INFO] src.corpus_acquisition.downloader: Downloading page 3 from https://t.prcdn.co/img?file=eag82021032500000000001001&page=3&scale=80
2026-07-15 18:43:59,070 [INFO] src.corpus_acquisition.crawler: Downloading -> data/raw/images/trome/2021/03/25/trome_2021-03-25_3.jpg
2026-07-15 18:44:01,425 [INFO] src.corpus_acquisition.downloader: Downloading page 4 from https://t.prcdn.co/img?file=eag82021032500000000001001&page=4&scale=80
2026-07-15 18:44:01,426 [INFO] src.corpus_acquisition.crawler: Downloading -> data/raw/images/trome/2021/03/25/trome_2021-03-25_4.jpg
2026-07-15 18:44:05,012 [INFO] src.corpus_acquisition.downloader: Downloading page 5 from https://t.prcdn.co/img?file=eag82021032500000000001001&page=5&scale=80
2026-07-15 18:44:05,023 [INFO] src.corpus_acquisition.crawler: Downloading -> data/raw/images/trome/2021/03/25/trome_2021-03-25_5.jpg
2026-07-15 18:44:08,038 [INFO] src.corpus_acquisition.downloader: Downloading page 6 from https://t.prcdn.co/img?file=eag82021032500000000001001&page=6&scale=80
2026-07-15 18:44:08,039 [INFO] src.corpus_acquisition.crawler: Downloading -> data/raw/images/trome/2021/03/25/trome_2021-03-25_6.jpg
2026-07-15 18:44:11,022 [INFO] src.corpus_acquisition.downloader: Downloading page 7 from https://t.prcdn.co/img?file=eag82021032500000000001001&page=7&scale=80
2026-07-15 18:44:11,022 [INFO] src.corpus_acquisition.crawler: Downloading -> data/raw/images/trome/2021/03/25/trome_2021-03-25_7.jpg
2026-07-15 18:44:14,119 [INFO] src.corpus_acquisition.downloader: Downloading page 8 from https://t.prcdn.co/img?file=eag82021032500000000001001&page=8&scale=80
2026-07-15 18:44:14,130 [INFO] src.corpus_acquisition.crawler: Downloading -> data/raw/images/trome/2021/03/25/trome_2021-03-25_8.jpg
2026-07-15 18:44:16,594 [INFO] src.corpus_acquisition.downloader: Downloading page 9 from https://t.prcdn.co/img?file=eag82021032500000000001001&page=9&scale=80
2026-07-15 18:44:16,595 [INFO] src.corpus_acquisition.crawler: Downloading -> data/raw/images/trome/2021/03/25/trome_2021-03-25_9.jpg
2026-07-15 18:44:19,376 [INFO] src.corpus_acquisition.downloader: Downloading page 10 from https://t.prcdn.co/img?file=eag82021032500000000001001&page=10&scale=80
2026-07-15 18:44:19,376 [INFO] src.corpus_acquisition.crawler: Downloading -> data/raw/images/trome/2021/03/25/trome_2021-03-25_10.jpg
2026-07-15 18:44:21,674 [INFO] src.corpus_acquisition.downloader: Downloading page 11 from https://t.prcdn.co/img?file=eag82021032500000000001001&page=11&scale=80
2026-07-15 18:44:21,675 [INFO] src.corpus_acquisition.crawler: Downloading -> data/raw/images/trome/2021/03/25/trome_2021-03-25_11.jpg
2026-07-15 18:44:24,683 [INFO] src.corpus_acquisition.downloader: Downloading page 12 from https://t.prcdn.co/img?file=eag82021032500000000001001&page=12&scale=80
2026-07-15 18:44:24,683 [INFO] src.corpus_acquisition.crawler: Downloading -> data/raw/images/trome/2021/03/25/trome_2021-03-25_12.jpg
2026-07-15 18:44:28,005 [INFO] src.corpus_acquisition.downloader: Downloading page 13 from https://t.prcdn.co/img?file=eag82021032500000000001001&page=13&scale=80
2026-07-15 18:44:28,005 [INFO] src.corpus_acquisition.crawler: Downloading -> data/raw/images/trome/2021/03/25/trome_2021-03-25_13.jpg
2026-07-15 18:44:30,870 [INFO] src.corpus_acquisition.downloader: Downloading page 14 from https://t.prcdn.co/img?file=eag82021032500000000001001&page=14&scale=80
2026-07-15 18:44:30,870 [INFO] src.corpus_acquisition.crawler: Downloading -> data/raw/images/trome/2021/03/25/trome_2021-03-25_14.jpg
2026-07-15 18:44:33,921 [INFO] src.corpus_acquisition.downloader: Downloading page 15 from https://t.prcdn.co/img?file=eag82021032500000000001001&page=15&scale=80
2026-07-15 18:44:33,921 [INFO] src.corpus_acquisition.crawler: Downloading -> data/raw/images/trome/2021/03/25/trome_2021-03-25_15.jpg
2026-07-15 18:44:36,576 [INFO] src.corpus_acquisition.downloader: Downloading page 16 from https://t.prcdn.co/img?file=eag82021032500000000001001&page=16&scale=80
2026-07-15 18:44:36,587 [INFO] src.corpus_acquisition.crawler: Downloading -> data/raw/images/trome/2021/03/25/trome_2021-03-25_16.jpg
2026-07-15 18:44:38,978 [INFO] src.corpus_acquisition.downloader: Downloading page 17 from https://t.prcdn.co/img?file=eag82021032500000000001001&page=17&scale=80
2026-07-15 18:44:38,978 [INFO] src.corpus_acquisition.crawler: Downloading -> data/raw/images/trome/2021/03/25/trome_2021-03-25_17.jpg
2026-07-15 18:44:42,247 [INFO] src.corpus_acquisition.downloader: Downloading page 18 from https://t.prcdn.co/img?file=eag82021032500000000001001&page=18&scale=80
2026-07-15 18:44:42,247 [INFO] src.corpus_acquisition.crawler: Downloading -> data/raw/images/trome/2021/03/25/trome_2021-03-25_18.jpg
2026-07-15 18:44:45,356 [INFO] src.corpus_acquisition.downloader: Downloading page 19 from https://t.prcdn.co/img?file=eag82021032500000000001001&page=19&scale=80
2026-07-15 18:44:45,356 [INFO] src.corpus_acquisition.crawler: Downloading -> data/raw/images/trome/2021/03/25/trome_2021-03-25_19.jpg
2026-07-15 18:44:48,574 [INFO] src.corpus_acquisition.downloader: Downloading page 20 from https://t.prcdn.co/img?file=eag82021032500000000001001&page=20&scale=80
2026-07-15 18:44:48,585 [INFO] src.corpus_acquisition.crawler: Downloading -> data/raw/images/trome/2021/03/25/trome_2021-03-25_20.jpg
2026-07-15 18:44:51,509 [INFO] src.corpus_acquisition.downloader: Downloading page 21 from https://t.prcdn.co/img?file=eag82021032500000000001001&page=21&scale=80
2026-07-15 18:44:51,510 [INFO] src.corpus_acquisition.crawler: Downloading -> data/raw/images/trome/2021/03/25/trome_2021-03-25_21.jpg
2026-07-15 18:44:54,101 [INFO] src.corpus_acquisition.downloader: Downloading page 22 from https://t.prcdn.co/img?file=eag82021032500000000001001&page=22&scale=80
2026-07-15 18:44:54,112 [INFO] src.corpus_acquisition.crawler: Downloading -> data/raw/images/trome/2021/03/25/trome_2021-03-25_22.jpg
2026-07-15 18:44:56,501 [INFO] src.corpus_acquisition.downloader: Downloading page 23 from https://t.prcdn.co/img?file=eag82021032500000000001001&page=23&scale=80
2026-07-15 18:44:56,501 [INFO] src.corpus_acquisition.crawler: Downloading -> data/raw/images/trome/2021/03/25/trome_2021-03-25_23.jpg
2026-07-15 18:44:59,514 [INFO] src.corpus_acquisition.downloader: Downloading page 24 from https://t.prcdn.co/img?file=eag82021032500000000001001&page=24&scale=80
2026-07-15 18:44:59,525 [INFO] src.corpus_acquisition.crawler: Downloading -> data/raw/images/trome/2021/03/25/trome_2021-03-25_24.jpg
2026-07-15 18:45:03,532 [INFO] src.corpus_acquisition.downloader: Downloading page 25 from https://t.prcdn.co/img?file=eag82021032500000000001001&page=25&scale=80
2026-07-15 18:45:03,532 [INFO] src.corpus_acquisition.crawler: Downloading -> data/raw/images/trome/2021/03/25/trome_2021-03-25_25.jpg
2026-07-15 18:45:06,042 [INFO] src.corpus_acquisition.downloader: Downloading page 26 from https://t.prcdn.co/img?file=eag82021032500000000001001&page=26&scale=80
2026-07-15 18:45:06,042 [INFO] src.corpus_acquisition.crawler: Downloading -> data/raw/images/trome/2021/03/25/trome_2021-03-25_26.jpg
2026-07-15 18:45:08,469 [INFO] src.corpus_acquisition.downloader: Downloading page 27 from https://t.prcdn.co/img?file=eag82021032500000000001001&page=27&scale=80
2026-07-15 18:45:08,479 [INFO] src.corpus_acquisition.crawler: Downloading -> data/raw/images/trome/2021/03/25/trome_2021-03-25_27.jpg
2026-07-15 18:45:10,939 [INFO] src.corpus_acquisition.downloader: Downloading page 28 from https://t.prcdn.co/img?file=eag82021032500000000001001&page=28&scale=80
2026-07-15 18:45:10,939 [INFO] src.corpus_acquisition.crawler: Downloading -> data/raw/images/trome/2021/03/25/trome_2021-03-25_28.jpg
2026-07-15 18:45:13,312 [INFO] src.corpus_acquisition.downloader: Downloading page 29 from https://t.prcdn.co/img?file=eag82021032500000000001001&page=29&scale=80
2026-07-15 18:45:13,313 [INFO] src.corpus_acquisition.crawler: Downloading -> data/raw/images/trome/2021/03/25/trome_2021-03-25_29.jpg
2026-07-15 18:45:13,542 [WARNING] src.corpus_acquisition.downloader: Page 29 not found (1/3).
2026-07-15 18:45:13,543 [INFO] src.corpus_acquisition.downloader: Downloading page 30 from https://t.prcdn.co/img?file=eag82021032500000000001001&page=30&scale=80
2026-07-15 18:45:13,543 [INFO] src.corpus_acquisition.crawler: Downloading -> data/raw/images/trome/2021/03/25/trome_2021-03-25_30.jpg
2026-07-15 18:45:13,849 [WARNING] src.corpus_acquisition.downloader: Page 30 not found (2/3).
2026-07-15 18:45:13,849 [INFO] src.corpus_acquisition.downloader: Downloading page 31 from https://t.prcdn.co/img?file=eag82021032500000000001001&page=31&scale=80
2026-07-15 18:45:13,850 [INFO] src.corpus_acquisition.crawler: Downloading -> data/raw/images/trome/2021/03/25/trome_2021-03-25_31.jpg
2026-07-15 18:45:14,109 [WARNING] src.corpus_acquisition.downloader: Page 31 not found (3/3).
2026-07-15 18:45:14,109 [WARNING] src.corpus_acquisition.downloader: No new pages found after 3 attempts; stopping with 28 page(s).
2026-07-15 18:45:14,138 [INFO] src.corpus_acquisition.metadata_extractor: Saved metadata for 28 page(s) -> data/raw/metadata/trome_metadata.parquet (total rows: 9663)
2026-07-15 18:45:14,149 [INFO] src.corpus_acquisition.metadata_extractor: Saved crawl log -> data/raw/crawl_logs/trome_2021-03-25.json (status=success)
2026-07-15 18:45:14,868 [INFO] src.corpus_acquisition.downloader: Downloading page 1 from https://t.prcdn.co/img?file=eag82021032600000000001001&page=1&scale=80
2026-07-15 18:45:14,871 [INFO] src.corpus_acquisition.crawler: Downloading -> data/raw/images/trome/2021/03/26/trome_2021-03-26_1.jpg
2026-07-15 18:45:17,202 [INFO] src.corpus_acquisition.downloader: Downloading page 2 from https://t.prcdn.co/img?file=eag82021032600000000001001&page=2&scale=80
2026-07-15 18:45:17,203 [INFO] src.corpus_acquisition.crawler: Downloading -> data/raw/images/trome/2021/03/26/trome_2021-03-26_2.jpg
2026-07-15 18:45:20,861 [INFO] src.corpus_acquisition.downloader: Downloading page 3 from https://t.prcdn.co/img?file=eag82021032600000000001001&page=3&scale=80
2026-07-15 18:45:20,861 [INFO] src.corpus_acquisition.crawler: Downloading -> data/raw/images/trome/2021/03/26/trome_2021-03-26_3.jpg
2026-07-15 18:45:23,845 [INFO] src.corpus_acquisition.downloader: Downloading page 4 from https://t.prcdn.co/img?file=eag82021032600000000001001&page=4&scale=80
2026-07-15 18:45:23,845 [INFO] src.corpus_acquisition.crawler: Downloading -> data/raw/images/trome/2021/03/26/trome_2021-03-26_4.jpg
2026-07-15 18:45:26,291 [INFO] src.corpus_acquisition.downloader: Downloading page 5 from https://t.prcdn.co/img?file=eag82021032600000000001001&page=5&scale=80
2026-07-15 18:45:26,302 [INFO] src.corpus_acquisition.crawler: Downloading -> data/raw/images/trome/2021/03/26/trome_2021-03-26_5.jpg
2026-07-15 18:45:29,210 [INFO] src.corpus_acquisition.downloader: Downloading page 6 from https://t.prcdn.co/img?file=eag82021032600000000001001&page=6&scale=80
2026-07-15 18:45:29,210 [INFO] src.corpus_acquisition.crawler: Downloading -> data/raw/images/trome/2021/03/26/trome_2021-03-26_6.jpg
2026-07-15 18:45:32,246 [INFO] src.corpus_acquisition.downloader: Downloading page 7 from https://t.prcdn.co/img?file=eag82021032600000000001001&page=7&scale=80
2026-07-15 18:45:32,247 [INFO] src.corpus_acquisition.crawler: Downloading -> data/raw/images/trome/2021/03/26/trome_2021-03-26_7.jpg
2026-07-15 18:45:35,211 [INFO] src.corpus_acquisition.downloader: Downloading page 8 from https://t.prcdn.co/img?file=eag82021032600000000001001&page=8&scale=80
2026-07-15 18:45:35,212 [INFO] src.corpus_acquisition.crawler: Downloading -> data/raw/images/trome/2021/03/26/trome_2021-03-26_8.jpg
2026-07-15 18:45:38,347 [INFO] src.corpus_acquisition.downloader: Downloading page 9 from https://t.prcdn.co/img?file=eag82021032600000000001001&page=9&scale=80
2026-07-15 18:45:38,358 [INFO] src.corpus_acquisition.crawler: Downloading -> data/raw/images/trome/2021/03/26/trome_2021-03-26_9.jpg
2026-07-15 18:45:41,043 [INFO] src.corpus_acquisition.downloader: Downloading page 10 from https://t.prcdn.co/img?file=eag82021032600000000001001&page=10&scale=80
2026-07-15 18:45:41,044 [INFO] src.corpus_acquisition.crawler: Downloading -> data/raw/images/trome/2021/03/26/trome_2021-03-26_10.jpg
2026-07-15 18:45:43,606 [INFO] src.corpus_acquisition.downloader: Downloading page 11 from https://t.prcdn.co/img?file=eag82021032600000000001001&page=11&scale=80
2026-07-15 18:45:43,606 [INFO] src.corpus_acquisition.crawler: Downloading -> data/raw/images/trome/2021/03/26/trome_2021-03-26_11.jpg
2026-07-15 18:45:45,698 [INFO] src.corpus_acquisition.downloader: Downloading page 12 from https://t.prcdn.co/img?file=eag82021032600000000001001&page=12&scale=80
2026-07-15 18:45:45,699 [INFO] src.corpus_acquisition.crawler: Downloading -> data/raw/images/trome/2021/03/26/trome_2021-03-26_12.jpg
2026-07-15 18:45:49,122 [INFO] src.corpus_acquisition.downloader: Downloading page 13 from https://t.prcdn.co/img?file=eag82021032600000000001001&page=13&scale=80
2026-07-15 18:45:49,122 [INFO] src.corpus_acquisition.crawler: Downloading -> data/raw/images/trome/2021/03/26/trome_2021-03-26_13.jpg
2026-07-15 18:45:51,998 [INFO] src.corpus_acquisition.downloader: Downloading page 14 from https://t.prcdn.co/img?file=eag82021032600000000001001&page=14&scale=80
2026-07-15 18:45:52,001 [INFO] src.corpus_acquisition.crawler: Downloading -> data/raw/images/trome/2021/03/26/trome_2021-03-26_14.jpg
2026-07-15 18:45:55,022 [INFO] src.corpus_acquisition.downloader: Downloading page 15 from https://t.prcdn.co/img?file=eag82021032600000000001001&page=15&scale=80
2026-07-15 18:45:55,033 [INFO] src.corpus_acquisition.crawler: Downloading -> data/raw/images/trome/2021/03/26/trome_2021-03-26_15.jpg
2026-07-15 18:45:56,947 [INFO] src.corpus_acquisition.downloader: Downloading page 16 from https://t.prcdn.co/img?file=eag82021032600000000001001&page=16&scale=80
2026-07-15 18:45:56,947 [INFO] src.corpus_acquisition.crawler: Downloading -> data/raw/images/trome/2021/03/26/trome_2021-03-26_16.jpg
2026-07-15 18:45:59,832 [INFO] src.corpus_acquisition.downloader: Downloading page 17 from https://t.prcdn.co/img?file=eag82021032600000000001001&page=17&scale=80
2026-07-15 18:45:59,832 [INFO] src.corpus_acquisition.crawler: Downloading -> data/raw/images/trome/2021/03/26/trome_2021-03-26_17.jpg
2026-07-15 18:46:02,568 [INFO] src.corpus_acquisition.downloader: Downloading page 18 from https://t.prcdn.co/img?file=eag82021032600000000001001&page=18&scale=80
2026-07-15 18:46:02,568 [INFO] src.corpus_acquisition.crawler: Downloading -> data/raw/images/trome/2021/03/26/trome_2021-03-26_18.jpg
2026-07-15 18:46:05,452 [INFO] src.corpus_acquisition.downloader: Downloading page 19 from https://t.prcdn.co/img?file=eag82021032600000000001001&page=19&scale=80
2026-07-15 18:46:05,463 [INFO] src.corpus_acquisition.crawler: Downloading -> data/raw/images/trome/2021/03/26/trome_2021-03-26_19.jpg
2026-07-15 18:46:08,371 [INFO] src.corpus_acquisition.downloader: Downloading page 20 from https://t.prcdn.co/img?file=eag82021032600000000001001&page=20&scale=80
2026-07-15 18:46:08,382 [INFO] src.corpus_acquisition.crawler: Downloading -> data/raw/images/trome/2021/03/26/trome_2021-03-26_20.jpg
2026-07-15 18:46:11,572 [INFO] src.corpus_acquisition.downloader: Downloading page 21 from https://t.prcdn.co/img?file=eag82021032600000000001001&page=21&scale=80
2026-07-15 18:46:11,580 [INFO] src.corpus_acquisition.crawler: Downloading -> data/raw/images/trome/2021/03/26/trome_2021-03-26_21.jpg
2026-07-15 18:46:14,387 [INFO] src.corpus_acquisition.downloader: Downloading page 22 from https://t.prcdn.co/img?file=eag82021032600000000001001&page=22&scale=80
2026-07-15 18:46:14,398 [INFO] src.corpus_acquisition.crawler: Downloading -> data/raw/images/trome/2021/03/26/trome_2021-03-26_22.jpg
2026-07-15 18:46:18,011 [INFO] src.corpus_acquisition.downloader: Downloading page 23 from https://t.prcdn.co/img?file=eag82021032600000000001001&page=23&scale=80
2026-07-15 18:46:18,012 [INFO] src.corpus_acquisition.crawler: Downloading -> data/raw/images/trome/2021/03/26/trome_2021-03-26_23.jpg
2026-07-15 18:46:20,821 [INFO] src.corpus_acquisition.downloader: Downloading page 24 from https://t.prcdn.co/img?file=eag82021032600000000001001&page=24&scale=80
2026-07-15 18:46:20,823 [INFO] src.corpus_acquisition.crawler: Downloading -> data/raw/images/trome/2021/03/26/trome_2021-03-26_24.jpg
2026-07-15 18:46:23,269 [INFO] src.corpus_acquisition.downloader: Downloading page 25 from https://t.prcdn.co/img?file=eag82021032600000000001001&page=25&scale=80
2026-07-15 18:46:23,280 [INFO] src.corpus_acquisition.crawler: Downloading -> data/raw/images/trome/2021/03/26/trome_2021-03-26_25.jpg
2026-07-15 18:46:26,095 [INFO] src.corpus_acquisition.downloader: Downloading page 26 from https://t.prcdn.co/img?file=eag82021032600000000001001&page=26&scale=80
2026-07-15 18:46:26,106 [INFO] src.corpus_acquisition.crawler: Downloading -> data/raw/images/trome/2021/03/26/trome_2021-03-26_26.jpg
2026-07-15 18:46:28,701 [INFO] src.corpus_acquisition.downloader: Downloading page 27 from https://t.prcdn.co/img?file=eag82021032600000000001001&page=27&scale=80
2026-07-15 18:46:28,701 [INFO] src.corpus_acquisition.crawler: Downloading -> data/raw/images/trome/2021/03/26/trome_2021-03-26_27.jpg
2026-07-15 18:46:31,905 [INFO] src.corpus_acquisition.downloader: Downloading page 28 from https://t.prcdn.co/img?file=eag82021032600000000001001&page=28&scale=80
2026-07-15 18:46:31,916 [INFO] src.corpus_acquisition.crawler: Downloading -> data/raw/images/trome/2021/03/26/trome_2021-03-26_28.jpg
2026-07-15 18:46:34,326 [INFO] src.corpus_acquisition.downloader: Downloading page 29 from https://t.prcdn.co/img?file=eag82021032600000000001001&page=29&scale=80
2026-07-15 18:46:34,326 [INFO] src.corpus_acquisition.crawler: Downloading -> data/raw/images/trome/2021/03/26/trome_2021-03-26_29.jpg
2026-07-15 18:46:34,657 [WARNING] src.corpus_acquisition.downloader: Page 29 not found (1/3).
2026-07-15 18:46:34,657 [INFO] src.corpus_acquisition.downloader: Downloading page 30 from https://t.prcdn.co/img?file=eag82021032600000000001001&page=30&scale=80
2026-07-15 18:46:34,657 [INFO] src.corpus_acquisition.crawler: Downloading -> data/raw/images/trome/2021/03/26/trome_2021-03-26_30.jpg
2026-07-15 18:46:34,895 [WARNING] src.corpus_acquisition.downloader: Page 30 not found (2/3).
2026-07-15 18:46:34,901 [INFO] src.corpus_acquisition.downloader: Downloading page 31 from https://t.prcdn.co/img?file=eag82021032600000000001001&page=31&scale=80
2026-07-15 18:46:34,902 [INFO] src.corpus_acquisition.crawler: Downloading -> data/raw/images/trome/2021/03/26/trome_2021-03-26_31.jpg
2026-07-15 18:46:35,119 [WARNING] src.corpus_acquisition.downloader: Page 31 not found (3/3).
2026-07-15 18:46:35,119 [WARNING] src.corpus_acquisition.downloader: No new pages found after 3 attempts; stopping with 28 page(s).
2026-07-15 18:46:35,163 [INFO] src.corpus_acquisition.metadata_extractor: Saved metadata for 28 page(s) -> data/raw/metadata/trome_metadata.parquet (total rows: 9691)
2026-07-15 18:46:35,167 [INFO] src.corpus_acquisition.metadata_extractor: Saved crawl log -> data/raw/crawl_logs/trome_2021-03-26.json (status=success)
2026-07-15 18:46:36,016 [INFO] src.corpus_acquisition.downloader: Downloading page 1 from https://t.prcdn.co/img?file=eag82021032700000000001001&page=1&scale=80
2026-07-15 18:46:36,017 [INFO] src.corpus_acquisition.crawler: Downloading -> data/raw/images/trome/2021/03/27/trome_2021-03-27_1.jpg
2026-07-15 18:46:38,293 [INFO] src.corpus_acquisition.downloader: Downloading page 2 from https://t.prcdn.co/img?file=eag82021032700000000001001&page=2&scale=80
2026-07-15 18:46:38,293 [INFO] src.corpus_acquisition.crawler: Downloading -> data/raw/images/trome/2021/03/27/trome_2021-03-27_2.jpg
2026-07-15 18:46:40,834 [INFO] src.corpus_acquisition.downloader: Downloading page 3 from https://t.prcdn.co/img?file=eag82021032700000000001001&page=3&scale=80
2026-07-15 18:46:40,834 [INFO] src.corpus_acquisition.crawler: Downloading -> data/raw/images/trome/2021/03/27/trome_2021-03-27_3.jpg
2026-07-15 18:46:44,023 [INFO] src.corpus_acquisition.downloader: Downloading page 4 from https://t.prcdn.co/img?file=eag82021032700000000001001&page=4&scale=80
2026-07-15 18:46:44,023 [INFO] src.corpus_acquisition.crawler: Downloading -> data/raw/images/trome/2021/03/27/trome_2021-03-27_4.jpg
2026-07-15 18:46:46,507 [INFO] src.corpus_acquisition.downloader: Downloading page 5 from https://t.prcdn.co/img?file=eag82021032700000000001001&page=5&scale=80
2026-07-15 18:46:46,513 [INFO] src.corpus_acquisition.crawler: Downloading -> data/raw/images/trome/2021/03/27/trome_2021-03-27_5.jpg
2026-07-15 18:46:49,471 [INFO] src.corpus_acquisition.downloader: Downloading page 6 from https://t.prcdn.co/img?file=eag82021032700000000001001&page=6&scale=80
2026-07-15 18:46:49,471 [INFO] src.corpus_acquisition.crawler: Downloading -> data/raw/images/trome/2021/03/27/trome_2021-03-27_6.jpg
2026-07-15 18:46:52,418 [INFO] src.corpus_acquisition.downloader: Downloading page 7 from https://t.prcdn.co/img?file=eag82021032700000000001001&page=7&scale=80
2026-07-15 18:46:52,419 [INFO] src.corpus_acquisition.crawler: Downloading -> data/raw/images/trome/2021/03/27/trome_2021-03-27_7.jpg
2026-07-15 18:46:54,632 [INFO] src.corpus_acquisition.downloader: Downloading page 8 from https://t.prcdn.co/img?file=eag82021032700000000001001&page=8&scale=80
2026-07-15 18:46:54,632 [INFO] src.corpus_acquisition.crawler: Downloading -> data/raw/images/trome/2021/03/27/trome_2021-03-27_8.jpg
2026-07-15 18:46:57,525 [INFO] src.corpus_acquisition.downloader: Downloading page 9 from https://t.prcdn.co/img?file=eag82021032700000000001001&page=9&scale=80
2026-07-15 18:46:57,525 [INFO] src.corpus_acquisition.crawler: Downloading -> data/raw/images/trome/2021/03/27/trome_2021-03-27_9.jpg
2026-07-15 18:46:59,745 [INFO] src.corpus_acquisition.downloader: Downloading page 10 from https://t.prcdn.co/img?file=eag82021032700000000001001&page=10&scale=80
2026-07-15 18:46:59,746 [INFO] src.corpus_acquisition.crawler: Downloading -> data/raw/images/trome/2021/03/27/trome_2021-03-27_10.jpg
2026-07-15 18:47:02,335 [INFO] src.corpus_acquisition.downloader: Downloading page 11 from https://t.prcdn.co/img?file=eag82021032700000000001001&page=11&scale=80
2026-07-15 18:47:02,335 [INFO] src.corpus_acquisition.crawler: Downloading -> data/raw/images/trome/2021/03/27/trome_2021-03-27_11.jpg
2026-07-15 18:47:04,564 [INFO] src.corpus_acquisition.downloader: Downloading page 12 from https://t.prcdn.co/img?file=eag82021032700000000001001&page=12&scale=80
2026-07-15 18:47:04,564 [INFO] src.corpus_acquisition.crawler: Downloading -> data/raw/images/trome/2021/03/27/trome_2021-03-27_12.jpg
2026-07-15 18:47:06,975 [INFO] src.corpus_acquisition.downloader: Downloading page 13 from https://t.prcdn.co/img?file=eag82021032700000000001001&page=13&scale=80
2026-07-15 18:47:06,975 [INFO] src.corpus_acquisition.crawler: Downloading -> data/raw/images/trome/2021/03/27/trome_2021-03-27_13.jpg
2026-07-15 18:47:10,452 [INFO] src.corpus_acquisition.downloader: Downloading page 14 from https://t.prcdn.co/img?file=eag82021032700000000001001&page=14&scale=80
2026-07-15 18:47:10,453 [INFO] src.corpus_acquisition.crawler: Downloading -> data/raw/images/trome/2021/03/27/trome_2021-03-27_14.jpg
2026-07-15 18:47:13,003 [INFO] src.corpus_acquisition.downloader: Downloading page 15 from https://t.prcdn.co/img?file=eag82021032700000000001001&page=15&scale=80
2026-07-15 18:47:13,003 [INFO] src.corpus_acquisition.crawler: Downloading -> data/raw/images/trome/2021/03/27/trome_2021-03-27_15.jpg
2026-07-15 18:47:16,240 [INFO] src.corpus_acquisition.downloader: Downloading page 16 from https://t.prcdn.co/img?file=eag82021032700000000001001&page=16&scale=80
2026-07-15 18:47:16,240 [INFO] src.corpus_acquisition.crawler: Downloading -> data/raw/images/trome/2021/03/27/trome_2021-03-27_16.jpg
2026-07-15 18:47:18,864 [INFO] src.corpus_acquisition.downloader: Downloading page 17 from https://t.prcdn.co/img?file=eag82021032700000000001001&page=17&scale=80
2026-07-15 18:47:18,865 [INFO] src.corpus_acquisition.crawler: Downloading -> data/raw/images/trome/2021/03/27/trome_2021-03-27_17.jpg
2026-07-15 18:47:21,934 [INFO] src.corpus_acquisition.downloader: Downloading page 18 from https://t.prcdn.co/img?file=eag82021032700000000001001&page=18&scale=80
2026-07-15 18:47:21,944 [INFO] src.corpus_acquisition.crawler: Downloading -> data/raw/images/trome/2021/03/27/trome_2021-03-27_18.jpg
2026-07-15 18:47:24,242 [INFO] src.corpus_acquisition.downloader: Downloading page 19 from https://t.prcdn.co/img?file=eag82021032700000000001001&page=19&scale=80
2026-07-15 18:47:24,244 [INFO] src.corpus_acquisition.crawler: Downloading -> data/raw/images/trome/2021/03/27/trome_2021-03-27_19.jpg
2026-07-15 18:47:26,966 [INFO] src.corpus_acquisition.downloader: Downloading page 20 from https://t.prcdn.co/img?file=eag82021032700000000001001&page=20&scale=80
2026-07-15 18:47:26,966 [INFO] src.corpus_acquisition.crawler: Downloading -> data/raw/images/trome/2021/03/27/trome_2021-03-27_20.jpg
2026-07-15 18:47:29,429 [INFO] src.corpus_acquisition.downloader: Downloading page 21 from https://t.prcdn.co/img?file=eag82021032700000000001001&page=21&scale=80
2026-07-15 18:47:29,432 [INFO] src.corpus_acquisition.crawler: Downloading -> data/raw/images/trome/2021/03/27/trome_2021-03-27_21.jpg
2026-07-15 18:47:32,960 [INFO] src.corpus_acquisition.downloader: Downloading page 22 from https://t.prcdn.co/img?file=eag82021032700000000001001&page=22&scale=80
2026-07-15 18:47:32,961 [INFO] src.corpus_acquisition.crawler: Downloading -> data/raw/images/trome/2021/03/27/trome_2021-03-27_22.jpg
2026-07-15 18:47:35,827 [INFO] src.corpus_acquisition.downloader: Downloading page 23 from https://t.prcdn.co/img?file=eag82021032700000000001001&page=23&scale=80
2026-07-15 18:47:35,838 [INFO] src.corpus_acquisition.crawler: Downloading -> data/raw/images/trome/2021/03/27/trome_2021-03-27_23.jpg
2026-07-15 18:47:38,972 [INFO] src.corpus_acquisition.downloader: Downloading page 24 from https://t.prcdn.co/img?file=eag82021032700000000001001&page=24&scale=80
2026-07-15 18:47:38,973 [INFO] src.corpus_acquisition.crawler: Downloading -> data/raw/images/trome/2021/03/27/trome_2021-03-27_24.jpg
2026-07-15 18:47:42,159 [INFO] src.corpus_acquisition.downloader: Downloading page 25 from https://t.prcdn.co/img?file=eag82021032700000000001001&page=25&scale=80
2026-07-15 18:47:42,170 [INFO] src.corpus_acquisition.crawler: Downloading -> data/raw/images/trome/2021/03/27/trome_2021-03-27_25.jpg
2026-07-15 18:47:44,892 [INFO] src.corpus_acquisition.downloader: Downloading page 26 from https://t.prcdn.co/img?file=eag82021032700000000001001&page=26&scale=80
2026-07-15 18:47:44,892 [INFO] src.corpus_acquisition.crawler: Downloading -> data/raw/images/trome/2021/03/27/trome_2021-03-27_26.jpg
2026-07-15 18:47:45,137 [WARNING] src.corpus_acquisition.downloader: Page 26 not found (1/3).
2026-07-15 18:47:45,138 [INFO] src.corpus_acquisition.downloader: Downloading page 27 from https://t.prcdn.co/img?file=eag82021032700000000001001&page=27&scale=80
2026-07-15 18:47:45,138 [INFO] src.corpus_acquisition.crawler: Downloading -> data/raw/images/trome/2021/03/27/trome_2021-03-27_27.jpg
2026-07-15 18:47:45,381 [WARNING] src.corpus_acquisition.downloader: Page 27 not found (2/3).
2026-07-15 18:47:45,381 [INFO] src.corpus_acquisition.downloader: Downloading page 28 from https://t.prcdn.co/img?file=eag82021032700000000001001&page=28&scale=80
2026-07-15 18:47:45,382 [INFO] src.corpus_acquisition.crawler: Downloading -> data/raw/images/trome/2021/03/27/trome_2021-03-27_28.jpg
2026-07-15 18:47:45,625 [WARNING] src.corpus_acquisition.downloader: Page 28 not found (3/3).
2026-07-15 18:47:45,625 [WARNING] src.corpus_acquisition.downloader: No new pages found after 3 attempts; stopping with 25 page(s).
2026-07-15 18:47:45,663 [INFO] src.corpus_acquisition.metadata_extractor: Saved metadata for 25 page(s) -> data/raw/metadata/trome_metadata.parquet (total rows: 9716)
2026-07-15 18:47:45,667 [INFO] src.corpus_acquisition.metadata_extractor: Saved crawl log -> data/raw/crawl_logs/trome_2021-03-27.json (status=success)
2026-07-15 18:47:46,370 [INFO] src.corpus_acquisition.downloader: Downloading page 1 from https://t.prcdn.co/img?file=eag82021032800000000001001&page=1&scale=80
2026-07-15 18:47:46,371 [INFO] src.corpus_acquisition.crawler: Downloading -> data/raw/images/trome/2021/03/28/trome_2021-03-28_1.jpg
2026-07-15 18:47:48,498 [INFO] src.corpus_acquisition.downloader: Downloading page 2 from https://t.prcdn.co/img?file=eag82021032800000000001001&page=2&scale=80
2026-07-15 18:47:48,498 [INFO] src.corpus_acquisition.crawler: Downloading -> data/raw/images/trome/2021/03/28/trome_2021-03-28_2.jpg
2026-07-15 18:47:51,646 [INFO] src.corpus_acquisition.downloader: Downloading page 3 from https://t.prcdn.co/img?file=eag82021032800000000001001&page=3&scale=80
2026-07-15 18:47:51,646 [INFO] src.corpus_acquisition.crawler: Downloading -> data/raw/images/trome/2021/03/28/trome_2021-03-28_3.jpg
2026-07-15 18:47:54,122 [INFO] src.corpus_acquisition.downloader: Downloading page 4 from https://t.prcdn.co/img?file=eag82021032800000000001001&page=4&scale=80
2026-07-15 18:47:54,123 [INFO] src.corpus_acquisition.crawler: Downloading -> data/raw/images/trome/2021/03/28/trome_2021-03-28_4.jpg
2026-07-15 18:47:57,353 [INFO] src.corpus_acquisition.downloader: Downloading page 5 from https://t.prcdn.co/img?file=eag82021032800000000001001&page=5&scale=80
2026-07-15 18:47:57,364 [INFO] src.corpus_acquisition.crawler: Downloading -> data/raw/images/trome/2021/03/28/trome_2021-03-28_5.jpg
2026-07-15 18:47:59,217 [INFO] src.corpus_acquisition.downloader: Downloading page 6 from https://t.prcdn.co/img?file=eag82021032800000000001001&page=6&scale=80
2026-07-15 18:47:59,228 [INFO] src.corpus_acquisition.crawler: Downloading -> data/raw/images/trome/2021/03/28/trome_2021-03-28_6.jpg
2026-07-15 18:48:02,633 [INFO] src.corpus_acquisition.downloader: Downloading page 7 from https://t.prcdn.co/img?file=eag82021032800000000001001&page=7&scale=80
2026-07-15 18:48:02,633 [INFO] src.corpus_acquisition.crawler: Downloading -> data/raw/images/trome/2021/03/28/trome_2021-03-28_7.jpg
2026-07-15 18:48:05,271 [INFO] src.corpus_acquisition.downloader: Downloading page 8 from https://t.prcdn.co/img?file=eag82021032800000000001001&page=8&scale=80
2026-07-15 18:48:05,271 [INFO] src.corpus_acquisition.crawler: Downloading -> data/raw/images/trome/2021/03/28/trome_2021-03-28_8.jpg
2026-07-15 18:48:07,954 [INFO] src.corpus_acquisition.downloader: Downloading page 9 from https://t.prcdn.co/img?file=eag82021032800000000001001&page=9&scale=80
2026-07-15 18:48:07,955 [INFO] src.corpus_acquisition.crawler: Downloading -> data/raw/images/trome/2021/03/28/trome_2021-03-28_9.jpg
2026-07-15 18:48:10,874 [INFO] src.corpus_acquisition.downloader: Downloading page 10 from https://t.prcdn.co/img?file=eag82021032800000000001001&page=10&scale=80
2026-07-15 18:48:10,874 [INFO] src.corpus_acquisition.crawler: Downloading -> data/raw/images/trome/2021/03/28/trome_2021-03-28_10.jpg
2026-07-15 18:48:13,429 [INFO] src.corpus_acquisition.downloader: Downloading page 11 from https://t.prcdn.co/img?file=eag82021032800000000001001&page=11&scale=80
2026-07-15 18:48:13,433 [INFO] src.corpus_acquisition.crawler: Downloading -> data/raw/images/trome/2021/03/28/trome_2021-03-28_11.jpg
2026-07-15 18:48:16,603 [INFO] src.corpus_acquisition.downloader: Downloading page 12 from https://t.prcdn.co/img?file=eag82021032800000000001001&page=12&scale=80
2026-07-15 18:48:16,603 [INFO] src.corpus_acquisition.crawler: Downloading -> data/raw/images/trome/2021/03/28/trome_2021-03-28_12.jpg
2026-07-15 18:48:19,185 [INFO] src.corpus_acquisition.downloader: Downloading page 13 from https://t.prcdn.co/img?file=eag82021032800000000001001&page=13&scale=80
2026-07-15 18:48:19,186 [INFO] src.corpus_acquisition.crawler: Downloading -> data/raw/images/trome/2021/03/28/trome_2021-03-28_13.jpg
2026-07-15 18:48:22,059 [INFO] src.corpus_acquisition.downloader: Downloading page 14 from https://t.prcdn.co/img?file=eag82021032800000000001001&page=14&scale=80
2026-07-15 18:48:22,059 [INFO] src.corpus_acquisition.crawler: Downloading -> data/raw/images/trome/2021/03/28/trome_2021-03-28_14.jpg
2026-07-15 18:48:25,091 [INFO] src.corpus_acquisition.downloader: Downloading page 15 from https://t.prcdn.co/img?file=eag82021032800000000001001&page=15&scale=80
2026-07-15 18:48:25,092 [INFO] src.corpus_acquisition.crawler: Downloading -> data/raw/images/trome/2021/03/28/trome_2021-03-28_15.jpg
2026-07-15 18:48:27,791 [INFO] src.corpus_acquisition.downloader: Downloading page 16 from https://t.prcdn.co/img?file=eag82021032800000000001001&page=16&scale=80
2026-07-15 18:48:27,792 [INFO] src.corpus_acquisition.crawler: Downloading -> data/raw/images/trome/2021/03/28/trome_2021-03-28_16.jpg
2026-07-15 18:48:30,949 [INFO] src.corpus_acquisition.downloader: Downloading page 17 from https://t.prcdn.co/img?file=eag82021032800000000001001&page=17&scale=80
2026-07-15 18:48:30,950 [INFO] src.corpus_acquisition.crawler: Downloading -> data/raw/images/trome/2021/03/28/trome_2021-03-28_17.jpg
2026-07-15 18:48:34,191 [INFO] src.corpus_acquisition.downloader: Downloading page 18 from https://t.prcdn.co/img?file=eag82021032800000000001001&page=18&scale=80
2026-07-15 18:48:34,191 [INFO] src.corpus_acquisition.crawler: Downloading -> data/raw/images/trome/2021/03/28/trome_2021-03-28_18.jpg
2026-07-15 18:48:37,084 [INFO] src.corpus_acquisition.downloader: Downloading page 19 from https://t.prcdn.co/img?file=eag82021032800000000001001&page=19&scale=80
2026-07-15 18:48:37,085 [INFO] src.corpus_acquisition.crawler: Downloading -> data/raw/images/trome/2021/03/28/trome_2021-03-28_19.jpg
2026-07-15 18:48:39,926 [INFO] src.corpus_acquisition.downloader: Downloading page 20 from https://t.prcdn.co/img?file=eag82021032800000000001001&page=20&scale=80
2026-07-15 18:48:39,936 [INFO] src.corpus_acquisition.crawler: Downloading -> data/raw/images/trome/2021/03/28/trome_2021-03-28_20.jpg
2026-07-15 18:48:42,824 [INFO] src.corpus_acquisition.downloader: Downloading page 21 from https://t.prcdn.co/img?file=eag82021032800000000001001&page=21&scale=80
2026-07-15 18:48:42,835 [INFO] src.corpus_acquisition.crawler: Downloading -> data/raw/images/trome/2021/03/28/trome_2021-03-28_21.jpg
2026-07-15 18:48:46,330 [INFO] src.corpus_acquisition.downloader: Downloading page 22 from https://t.prcdn.co/img?file=eag82021032800000000001001&page=22&scale=80
2026-07-15 18:48:46,331 [INFO] src.corpus_acquisition.crawler: Downloading -> data/raw/images/trome/2021/03/28/trome_2021-03-28_22.jpg
2026-07-15 18:48:49,099 [INFO] src.corpus_acquisition.downloader: Downloading page 23 from https://t.prcdn.co/img?file=eag82021032800000000001001&page=23&scale=80
2026-07-15 18:48:49,100 [INFO] src.corpus_acquisition.crawler: Downloading -> data/raw/images/trome/2021/03/28/trome_2021-03-28_23.jpg
2026-07-15 18:48:51,559 [INFO] src.corpus_acquisition.downloader: Downloading page 24 from https://t.prcdn.co/img?file=eag82021032800000000001001&page=24&scale=80
2026-07-15 18:48:51,559 [INFO] src.corpus_acquisition.crawler: Downloading -> data/raw/images/trome/2021/03/28/trome_2021-03-28_24.jpg
2026-07-15 18:48:54,316 [INFO] src.corpus_acquisition.downloader: Downloading page 25 from https://t.prcdn.co/img?file=eag82021032800000000001001&page=25&scale=80
2026-07-15 18:48:54,326 [INFO] src.corpus_acquisition.crawler: Downloading -> data/raw/images/trome/2021/03/28/trome_2021-03-28_25.jpg
2026-07-15 18:48:57,924 [INFO] src.corpus_acquisition.downloader: Downloading page 26 from https://t.prcdn.co/img?file=eag82021032800000000001001&page=26&scale=80
2026-07-15 18:48:57,925 [INFO] src.corpus_acquisition.crawler: Downloading -> data/raw/images/trome/2021/03/28/trome_2021-03-28_26.jpg
2026-07-15 18:49:01,142 [INFO] src.corpus_acquisition.downloader: Downloading page 27 from https://t.prcdn.co/img?file=eag82021032800000000001001&page=27&scale=80
2026-07-15 18:49:01,153 [INFO] src.corpus_acquisition.crawler: Downloading -> data/raw/images/trome/2021/03/28/trome_2021-03-28_27.jpg
2026-07-15 18:49:03,368 [INFO] src.corpus_acquisition.downloader: Downloading page 28 from https://t.prcdn.co/img?file=eag82021032800000000001001&page=28&scale=80
2026-07-15 18:49:03,369 [INFO] src.corpus_acquisition.crawler: Downloading -> data/raw/images/trome/2021/03/28/trome_2021-03-28_28.jpg
2026-07-15 18:49:06,340 [INFO] src.corpus_acquisition.downloader: Downloading page 29 from https://t.prcdn.co/img?file=eag82021032800000000001001&page=29&scale=80
2026-07-15 18:49:06,341 [INFO] src.corpus_acquisition.crawler: Downloading -> data/raw/images/trome/2021/03/28/trome_2021-03-28_29.jpg
2026-07-15 18:49:06,587 [WARNING] src.corpus_acquisition.downloader: Page 29 not found (1/3).
2026-07-15 18:49:06,588 [INFO] src.corpus_acquisition.downloader: Downloading page 30 from https://t.prcdn.co/img?file=eag82021032800000000001001&page=30&scale=80
2026-07-15 18:49:06,588 [INFO] src.corpus_acquisition.crawler: Downloading -> data/raw/images/trome/2021/03/28/trome_2021-03-28_30.jpg
2026-07-15 18:49:06,841 [WARNING] src.corpus_acquisition.downloader: Page 30 not found (2/3).
2026-07-15 18:49:06,842 [INFO] src.corpus_acquisition.downloader: Downloading page 31 from https://t.prcdn.co/img?file=eag82021032800000000001001&page=31&scale=80
2026-07-15 18:49:06,853 [INFO] src.corpus_acquisition.crawler: Downloading -> data/raw/images/trome/2021/03/28/trome_2021-03-28_31.jpg
2026-07-15 18:49:07,117 [WARNING] src.corpus_acquisition.downloader: Page 31 not found (3/3).
2026-07-15 18:49:07,117 [WARNING] src.corpus_acquisition.downloader: No new pages found after 3 attempts; stopping with 28 page(s).
2026-07-15 18:49:07,141 [INFO] src.corpus_acquisition.metadata_extractor: Saved metadata for 28 page(s) -> data/raw/metadata/trome_metadata.parquet (total rows: 9744)
2026-07-15 18:49:07,144 [INFO] src.corpus_acquisition.metadata_extractor: Saved crawl log -> data/raw/crawl_logs/trome_2021-03-28.json (status=success)
2026-07-15 18:49:08,653 [INFO] src.corpus_acquisition.downloader: Downloading page 1 from https://t.prcdn.co/img?file=eag82021032900000000001001&page=1&scale=80
2026-07-15 18:49:08,654 [INFO] src.corpus_acquisition.crawler: Downloading -> data/raw/images/trome/2021/03/29/trome_2021-03-29_1.jpg
2026-07-15 18:49:10,861 [INFO] src.corpus_acquisition.downloader: Downloading page 2 from https://t.prcdn.co/img?file=eag82021032900000000001001&page=2&scale=80
2026-07-15 18:49:10,861 [INFO] src.corpus_acquisition.crawler: Downloading -> data/raw/images/trome/2021/03/29/trome_2021-03-29_2.jpg
2026-07-15 18:49:14,325 [INFO] src.corpus_acquisition.downloader: Downloading page 3 from https://t.prcdn.co/img?file=eag82021032900000000001001&page=3&scale=80
2026-07-15 18:49:14,328 [INFO] src.corpus_acquisition.crawler: Downloading -> data/raw/images/trome/2021/03/29/trome_2021-03-29_3.jpg
2026-07-15 18:49:17,106 [INFO] src.corpus_acquisition.downloader: Downloading page 4 from https://t.prcdn.co/img?file=eag82021032900000000001001&page=4&scale=80
2026-07-15 18:49:17,117 [INFO] src.corpus_acquisition.crawler: Downloading -> data/raw/images/trome/2021/03/29/trome_2021-03-29_4.jpg
2026-07-15 18:49:20,278 [INFO] src.corpus_acquisition.downloader: Downloading page 5 from https://t.prcdn.co/img?file=eag82021032900000000001001&page=5&scale=80
2026-07-15 18:49:20,278 [INFO] src.corpus_acquisition.crawler: Downloading -> data/raw/images/trome/2021/03/29/trome_2021-03-29_5.jpg
2026-07-15 18:49:23,327 [INFO] src.corpus_acquisition.downloader: Downloading page 6 from https://t.prcdn.co/img?file=eag82021032900000000001001&page=6&scale=80
2026-07-15 18:49:23,328 [INFO] src.corpus_acquisition.crawler: Downloading -> data/raw/images/trome/2021/03/29/trome_2021-03-29_6.jpg
2026-07-15 18:49:26,318 [INFO] src.corpus_acquisition.downloader: Downloading page 7 from https://t.prcdn.co/img?file=eag82021032900000000001001&page=7&scale=80
2026-07-15 18:49:26,329 [INFO] src.corpus_acquisition.crawler: Downloading -> data/raw/images/trome/2021/03/29/trome_2021-03-29_7.jpg
2026-07-15 18:49:29,526 [INFO] src.corpus_acquisition.downloader: Downloading page 8 from https://t.prcdn.co/img?file=eag82021032900000000001001&page=8&scale=80
2026-07-15 18:49:29,527 [INFO] src.corpus_acquisition.crawler: Downloading -> data/raw/images/trome/2021/03/29/trome_2021-03-29_8.jpg
2026-07-15 18:49:32,254 [INFO] src.corpus_acquisition.downloader: Downloading page 9 from https://t.prcdn.co/img?file=eag82021032900000000001001&page=9&scale=80
2026-07-15 18:49:32,255 [INFO] src.corpus_acquisition.crawler: Downloading -> data/raw/images/trome/2021/03/29/trome_2021-03-29_9.jpg
2026-07-15 18:49:34,779 [INFO] src.corpus_acquisition.downloader: Downloading page 10 from https://t.prcdn.co/img?file=eag82021032900000000001001&page=10&scale=80
2026-07-15 18:49:34,794 [INFO] src.corpus_acquisition.crawler: Downloading -> data/raw/images/trome/2021/03/29/trome_2021-03-29_10.jpg
2026-07-15 18:49:37,531 [INFO] src.corpus_acquisition.downloader: Downloading page 11 from https://t.prcdn.co/img?file=eag82021032900000000001001&page=11&scale=80
2026-07-15 18:49:37,532 [INFO] src.corpus_acquisition.crawler: Downloading -> data/raw/images/trome/2021/03/29/trome_2021-03-29_11.jpg
