2026-07-05 05:06:38,903 [INFO] __main__: Logging in to portal...
2026-07-05 05:06:57,251 [INFO] __main__: Login successful!
2026-07-05 05:06:57,254 [INFO] src.corpus_acquisition.downloader: Skipping elcomercio on 2023-04-01: already crawled successfully.
2026-07-05 05:06:57,256 [INFO] src.corpus_acquisition.downloader: Skipping elcomercio on 2023-04-02: already crawled successfully.
2026-07-05 05:06:57,257 [INFO] src.corpus_acquisition.downloader: Skipping elcomercio on 2023-04-03: already crawled successfully.
2026-07-05 05:06:57,258 [INFO] src.corpus_acquisition.downloader: Skipping elcomercio on 2023-04-04: already crawled successfully.
2026-07-05 05:06:57,259 [INFO] src.corpus_acquisition.downloader: Skipping elcomercio on 2023-04-05: already crawled successfully.
2026-07-05 05:06:57,259 [INFO] src.corpus_acquisition.downloader: Skipping elcomercio on 2023-04-06: already crawled successfully.
2026-07-05 05:06:57,260 [INFO] src.corpus_acquisition.downloader: Skipping elcomercio on 2023-04-07: already crawled successfully.
2026-07-05 05:06:57,261 [INFO] src.corpus_acquisition.downloader: Skipping elcomercio on 2023-04-08: already crawled successfully.
2026-07-05 05:06:57,262 [INFO] src.corpus_acquisition.downloader: Skipping elcomercio on 2023-04-09: already crawled successfully.
2026-07-05 05:06:57,263 [INFO] src.corpus_acquisition.downloader: Skipping elcomercio on 2023-04-10: already crawled successfully.
2026-07-05 05:06:57,264 [INFO] src.corpus_acquisition.downloader: Skipping elcomercio on 2023-04-11: already crawled successfully.
2026-07-05 05:06:57,264 [INFO] src.corpus_acquisition.downloader: Skipping elcomercio on 2023-04-12: already crawled successfully.
2026-07-05 05:06:57,265 [INFO] src.corpus_acquisition.downloader: Skipping elcomercio on 2023-04-13: already crawled successfully.
2026-07-05 05:06:57,266 [INFO] src.corpus_acquisition.downloader: Skipping elcomercio on 2023-04-14: already crawled successfully.
2026-07-05 05:06:57,267 [INFO] src.corpus_acquisition.downloader: Skipping elcomercio on 2023-04-15: already crawled successfully.
2026-07-05 05:06:57,268 [INFO] src.corpus_acquisition.downloader: Skipping elcomercio on 2023-04-16: already crawled successfully.
2026-07-05 05:06:57,269 [INFO] src.corpus_acquisition.downloader: Skipping elcomercio on 2023-04-17: already crawled successfully.
2026-07-05 05:06:57,270 [INFO] src.corpus_acquisition.downloader: Skipping elcomercio on 2023-04-18: already crawled successfully.
2026-07-05 05:06:57,271 [INFO] src.corpus_acquisition.downloader: Skipping elcomercio on 2023-04-19: already crawled successfully.
2026-07-05 05:06:57,272 [INFO] src.corpus_acquisition.downloader: Skipping elcomercio on 2023-04-20: already crawled successfully.
2026-07-05 05:06:57,273 [INFO] src.corpus_acquisition.downloader: Skipping elcomercio on 2023-04-21: already crawled successfully.
2026-07-05 05:06:57,274 [INFO] src.corpus_acquisition.downloader: Skipping elcomercio on 2023-04-22: already crawled successfully.
2026-07-05 05:06:57,278 [INFO] src.corpus_acquisition.downloader: Opening archive for elcomercio on 2023-04-23
2026-07-05 05:07:03,079 [INFO] src.corpus_acquisition.downloader: Collected 7 / 60 pages
2026-07-05 05:07:07,260 [INFO] src.corpus_acquisition.downloader: Collected 9 / 60 pages
2026-07-05 05:07:09,345 [INFO] src.corpus_acquisition.downloader: Collected 11 / 60 pages
2026-07-05 05:07:11,426 [INFO] src.corpus_acquisition.downloader: Collected 13 / 60 pages
2026-07-05 05:07:13,511 [INFO] src.corpus_acquisition.downloader: Collected 15 / 60 pages
2026-07-05 05:07:15,598 [INFO] src.corpus_acquisition.downloader: Collected 17 / 60 pages
2026-07-05 05:07:17,692 [INFO] src.corpus_acquisition.downloader: Collected 19 / 60 pages
2026-07-05 05:07:19,786 [INFO] src.corpus_acquisition.downloader: Collected 21 / 60 pages
2026-07-05 05:07:21,882 [INFO] src.corpus_acquisition.downloader: Collected 23 / 60 pages
2026-07-05 05:07:23,974 [INFO] src.corpus_acquisition.downloader: Collected 25 / 60 pages
2026-07-05 05:07:26,078 [INFO] src.corpus_acquisition.downloader: Collected 27 / 60 pages
2026-07-05 05:07:28,161 [INFO] src.corpus_acquisition.downloader: Collected 29 / 60 pages
2026-07-05 05:07:30,240 [INFO] src.corpus_acquisition.downloader: Collected 31 / 60 pages
2026-07-05 05:07:32,326 [INFO] src.corpus_acquisition.downloader: Collected 33 / 60 pages
2026-07-05 05:07:34,405 [INFO] src.corpus_acquisition.downloader: Collected 35 / 60 pages
2026-07-05 05:07:36,498 [INFO] src.corpus_acquisition.downloader: Collected 37 / 60 pages
2026-07-05 05:07:38,604 [INFO] src.corpus_acquisition.downloader: Collected 39 / 60 pages
2026-07-05 05:07:40,688 [INFO] src.corpus_acquisition.downloader: Collected 41 / 60 pages
2026-07-05 05:07:42,777 [INFO] src.corpus_acquisition.downloader: Collected 43 / 60 pages
2026-07-05 05:07:44,854 [INFO] src.corpus_acquisition.downloader: Collected 45 / 60 pages
2026-07-05 05:07:47,067 [INFO] src.corpus_acquisition.downloader: Collected 47 / 60 pages
2026-07-05 05:07:49,158 [INFO] src.corpus_acquisition.downloader: Collected 49 / 60 pages
2026-07-05 05:07:51,239 [INFO] src.corpus_acquisition.downloader: Collected 51 / 60 pages
2026-07-05 05:07:53,318 [INFO] src.corpus_acquisition.downloader: Collected 52 / 60 pages
2026-07-05 05:07:59,591 [WARNING] src.corpus_acquisition.downloader: No new pages found after 3 attempts; stopping with 52 page(s).
2026-07-05 05:08:00,453 [INFO] src.corpus_acquisition.downloader: Page 1 already downloaded, skipping.
2026-07-05 05:08:00,453 [INFO] src.corpus_acquisition.downloader: Page 2 already downloaded, skipping.
2026-07-05 05:08:00,454 [INFO] src.corpus_acquisition.downloader: Page 3 already downloaded, skipping.
2026-07-05 05:08:00,454 [INFO] src.corpus_acquisition.downloader: Page 4 already downloaded, skipping.
2026-07-05 05:08:00,454 [INFO] src.corpus_acquisition.downloader: Page 5 already downloaded, skipping.
2026-07-05 05:08:00,454 [INFO] src.corpus_acquisition.downloader: Page 6 already downloaded, skipping.
2026-07-05 05:08:00,455 [INFO] src.corpus_acquisition.downloader: Page 7 already downloaded, skipping.
2026-07-05 05:08:00,455 [INFO] src.corpus_acquisition.downloader: Page 8 already downloaded, skipping.
2026-07-05 05:08:00,455 [INFO] src.corpus_acquisition.downloader: Page 9 already downloaded, skipping.
2026-07-05 05:08:00,456 [INFO] src.corpus_acquisition.downloader: Page 10 already downloaded, skipping.
2026-07-05 05:08:00,456 [INFO] src.corpus_acquisition.downloader: Page 11 already downloaded, skipping.
2026-07-05 05:08:00,456 [INFO] src.corpus_acquisition.downloader: Page 12 already downloaded, skipping.
2026-07-05 05:08:00,457 [INFO] src.corpus_acquisition.downloader: Page 13 already downloaded, skipping.
2026-07-05 05:08:00,457 [INFO] src.corpus_acquisition.downloader: Page 14 already downloaded, skipping.
2026-07-05 05:08:00,457 [INFO] src.corpus_acquisition.downloader: Page 15 already downloaded, skipping.
2026-07-05 05:08:00,457 [INFO] src.corpus_acquisition.downloader: Page 16 already downloaded, skipping.
2026-07-05 05:08:00,458 [INFO] src.corpus_acquisition.downloader: Page 17 already downloaded, skipping.
2026-07-05 05:08:00,458 [INFO] src.corpus_acquisition.downloader: Page 18 already downloaded, skipping.
2026-07-05 05:08:00,458 [INFO] src.corpus_acquisition.downloader: Page 19 already downloaded, skipping.
2026-07-05 05:08:00,459 [INFO] src.corpus_acquisition.downloader: Page 20 already downloaded, skipping.
2026-07-05 05:08:00,459 [INFO] src.corpus_acquisition.downloader: Downloading page 21 from https://t.prcdn.co/img?file=eaaj2023042300000051001001&page=21&scale=200
2026-07-05 05:08:00,459 [INFO] src.corpus_acquisition.crawler: Downloading -> data/raw/images/elcomercio/2023/04/23/elcomercio_2023-04-23_21.jpg
2026-07-05 05:08:01,177 [ERROR] src.corpus_acquisition.downloader: Rate-limited (403) on page 21 for elcomercio on 2023-04-23; aborting run.
2026-07-05 05:08:01,181 [INFO] src.corpus_acquisition.metadata_extractor: Saved crawl log -> data/raw/crawl_logs/elcomercio_2023-04-23.json (status=failed)
2026-07-05 05:08:01,181 [ERROR] __main__: Stopped due to rate limiting (403): Received 403 while downloading page 21 from https://t.prcdn.co/img?file=eaaj2023042300000051001001&page=21&scale=200
Warning: failed to close context cleanly: Cannot switch to a different thread
	Current:  <greenlet.greenlet object at 0x15552ff73000 (otid=0x1554e4000b90) current active started main>
	Expected: <greenlet.greenlet object at 0x155545762000 (otid=0x7f9540) suspended active started main>
Warning: failed to stop playwright cleanly: Cannot switch to a different thread
	Current:  <greenlet.greenlet object at 0x15552ff73000 (otid=0x1554e4000b90) current active started main>
	Expected: <greenlet.greenlet object at 0x155545762000 (otid=0x7f9540) suspended active started main>
Rate-limited (403). Resubmitting in 40 minutes...
Submitted batch job 26015571
