2026-07-05 02:37:40,560 [INFO] __main__: Logging in to portal...
2026-07-05 02:38:01,660 [INFO] __main__: Login successful!
2026-07-05 02:38:01,665 [INFO] src.corpus_acquisition.downloader: Skipping elcomercio on 2022-03-01: already crawled successfully.
2026-07-05 02:38:01,667 [INFO] src.corpus_acquisition.downloader: Skipping elcomercio on 2022-03-02: already crawled successfully.
2026-07-05 02:38:01,669 [INFO] src.corpus_acquisition.downloader: Skipping elcomercio on 2022-03-03: already crawled successfully.
2026-07-05 02:38:01,670 [INFO] src.corpus_acquisition.downloader: Skipping elcomercio on 2022-03-04: already crawled successfully.
2026-07-05 02:38:01,674 [INFO] src.corpus_acquisition.downloader: Skipping elcomercio on 2022-03-05: already crawled successfully.
2026-07-05 02:38:01,678 [INFO] src.corpus_acquisition.downloader: Skipping elcomercio on 2022-03-06: already crawled successfully.
2026-07-05 02:38:01,683 [INFO] src.corpus_acquisition.downloader: Skipping elcomercio on 2022-03-07: already crawled successfully.
2026-07-05 02:38:01,687 [INFO] src.corpus_acquisition.downloader: Skipping elcomercio on 2022-03-08: already crawled successfully.
2026-07-05 02:38:01,692 [INFO] src.corpus_acquisition.downloader: Skipping elcomercio on 2022-03-09: already crawled successfully.
2026-07-05 02:38:01,696 [INFO] src.corpus_acquisition.downloader: Skipping elcomercio on 2022-03-10: already crawled successfully.
2026-07-05 02:38:01,698 [INFO] src.corpus_acquisition.downloader: Skipping elcomercio on 2022-03-11: already crawled successfully.
2026-07-05 02:38:01,699 [INFO] src.corpus_acquisition.downloader: Skipping elcomercio on 2022-03-12: already crawled successfully.
2026-07-05 02:38:01,700 [INFO] src.corpus_acquisition.downloader: Skipping elcomercio on 2022-03-13: already crawled successfully.
2026-07-05 02:38:01,701 [INFO] src.corpus_acquisition.downloader: Skipping elcomercio on 2022-03-14: already crawled successfully.
2026-07-05 02:38:01,702 [INFO] src.corpus_acquisition.downloader: Skipping elcomercio on 2022-03-15: already crawled successfully.
2026-07-05 02:38:01,703 [INFO] src.corpus_acquisition.downloader: Skipping elcomercio on 2022-03-16: already crawled successfully.
2026-07-05 02:38:01,704 [INFO] src.corpus_acquisition.downloader: Skipping elcomercio on 2022-03-17: already crawled successfully.
2026-07-05 02:38:01,705 [INFO] src.corpus_acquisition.downloader: Skipping elcomercio on 2022-03-18: already crawled successfully.
2026-07-05 02:38:01,706 [INFO] src.corpus_acquisition.downloader: Skipping elcomercio on 2022-03-19: already crawled successfully.
2026-07-05 02:38:01,707 [INFO] src.corpus_acquisition.downloader: Skipping elcomercio on 2022-03-20: already crawled successfully.
2026-07-05 02:38:01,708 [INFO] src.corpus_acquisition.downloader: Skipping elcomercio on 2022-03-21: already crawled successfully.
2026-07-05 02:38:01,709 [INFO] src.corpus_acquisition.downloader: Skipping elcomercio on 2022-03-22: already crawled successfully.
2026-07-05 02:38:01,710 [INFO] src.corpus_acquisition.downloader: Skipping elcomercio on 2022-03-23: already crawled successfully.
2026-07-05 02:38:01,711 [INFO] src.corpus_acquisition.downloader: Skipping elcomercio on 2022-03-24: already crawled successfully.
2026-07-05 02:38:01,713 [INFO] src.corpus_acquisition.downloader: Skipping elcomercio on 2022-03-25: already crawled successfully.
2026-07-05 02:38:01,714 [INFO] src.corpus_acquisition.downloader: Skipping elcomercio on 2022-03-26: already crawled successfully.
2026-07-05 02:38:01,715 [INFO] src.corpus_acquisition.downloader: Skipping elcomercio on 2022-03-27: already crawled successfully.
2026-07-05 02:38:01,716 [INFO] src.corpus_acquisition.downloader: Skipping elcomercio on 2022-03-28: already crawled successfully.
2026-07-05 02:38:01,717 [INFO] src.corpus_acquisition.downloader: Skipping elcomercio on 2022-03-29: already crawled successfully.
2026-07-05 02:38:01,718 [INFO] src.corpus_acquisition.downloader: Skipping elcomercio on 2022-03-30: already crawled successfully.
2026-07-05 02:38:01,719 [INFO] src.corpus_acquisition.downloader: Skipping elcomercio on 2022-03-31: already crawled successfully.
2026-07-05 02:38:01,720 [INFO] src.corpus_acquisition.downloader: Skipping elcomercio on 2022-04-01: already crawled successfully.
2026-07-05 02:38:01,721 [INFO] src.corpus_acquisition.downloader: Skipping elcomercio on 2022-04-02: already crawled successfully.
2026-07-05 02:38:01,722 [INFO] src.corpus_acquisition.downloader: Skipping elcomercio on 2022-04-03: already crawled successfully.
2026-07-05 02:38:01,723 [INFO] src.corpus_acquisition.downloader: Skipping elcomercio on 2022-04-04: already crawled successfully.
2026-07-05 02:38:01,724 [INFO] src.corpus_acquisition.downloader: Skipping elcomercio on 2022-04-05: already crawled successfully.
2026-07-05 02:38:01,725 [INFO] src.corpus_acquisition.downloader: Skipping elcomercio on 2022-04-06: already crawled successfully.
2026-07-05 02:38:01,726 [INFO] src.corpus_acquisition.downloader: Skipping elcomercio on 2022-04-07: already crawled successfully.
2026-07-05 02:38:01,727 [INFO] src.corpus_acquisition.downloader: Skipping elcomercio on 2022-04-08: already crawled successfully.
2026-07-05 02:38:01,728 [INFO] src.corpus_acquisition.downloader: Skipping elcomercio on 2022-04-09: already crawled successfully.
2026-07-05 02:38:01,729 [INFO] src.corpus_acquisition.downloader: Skipping elcomercio on 2022-04-10: already crawled successfully.
2026-07-05 02:38:01,730 [INFO] src.corpus_acquisition.downloader: Skipping elcomercio on 2022-04-11: already crawled successfully.
2026-07-05 02:38:01,731 [INFO] src.corpus_acquisition.downloader: Skipping elcomercio on 2022-04-12: already crawled successfully.
2026-07-05 02:38:01,732 [INFO] src.corpus_acquisition.downloader: Skipping elcomercio on 2022-04-13: already crawled successfully.
2026-07-05 02:38:01,733 [INFO] src.corpus_acquisition.downloader: Skipping elcomercio on 2022-04-14: already crawled successfully.
2026-07-05 02:38:01,734 [INFO] src.corpus_acquisition.downloader: Skipping elcomercio on 2022-04-15: already crawled successfully.
2026-07-05 02:38:01,735 [INFO] src.corpus_acquisition.downloader: Skipping elcomercio on 2022-04-16: already crawled successfully.
2026-07-05 02:38:01,736 [INFO] src.corpus_acquisition.downloader: Skipping elcomercio on 2022-04-17: already crawled successfully.
2026-07-05 02:38:01,737 [INFO] src.corpus_acquisition.downloader: Skipping elcomercio on 2022-04-18: already crawled successfully.
2026-07-05 02:38:01,738 [INFO] src.corpus_acquisition.downloader: Skipping elcomercio on 2022-04-19: already crawled successfully.
2026-07-05 02:38:01,739 [INFO] src.corpus_acquisition.downloader: Skipping elcomercio on 2022-04-20: already crawled successfully.
2026-07-05 02:38:01,740 [INFO] src.corpus_acquisition.downloader: Skipping elcomercio on 2022-04-21: already crawled successfully.
2026-07-05 02:38:01,741 [INFO] src.corpus_acquisition.downloader: Skipping elcomercio on 2022-04-22: already crawled successfully.
2026-07-05 02:38:01,742 [INFO] src.corpus_acquisition.downloader: Skipping elcomercio on 2022-04-23: already crawled successfully.
2026-07-05 02:38:01,742 [INFO] src.corpus_acquisition.downloader: Skipping elcomercio on 2022-04-24: already crawled successfully.
2026-07-05 02:38:01,743 [INFO] src.corpus_acquisition.downloader: Skipping elcomercio on 2022-04-25: already crawled successfully.
2026-07-05 02:38:01,744 [INFO] src.corpus_acquisition.downloader: Skipping elcomercio on 2022-04-26: already crawled successfully.
2026-07-05 02:38:01,746 [INFO] src.corpus_acquisition.downloader: Skipping elcomercio on 2022-04-27: already crawled successfully.
2026-07-05 02:38:01,746 [INFO] src.corpus_acquisition.downloader: Skipping elcomercio on 2022-04-28: already crawled successfully.
2026-07-05 02:38:01,748 [INFO] src.corpus_acquisition.downloader: Skipping elcomercio on 2022-04-29: already crawled successfully.
2026-07-05 02:38:01,748 [INFO] src.corpus_acquisition.downloader: Skipping elcomercio on 2022-04-30: already crawled successfully.
2026-07-05 02:38:01,750 [INFO] src.corpus_acquisition.downloader: Skipping elcomercio on 2022-05-01: already crawled successfully.
2026-07-05 02:38:01,751 [INFO] src.corpus_acquisition.downloader: Skipping elcomercio on 2022-05-02: already crawled successfully.
2026-07-05 02:38:01,751 [INFO] src.corpus_acquisition.downloader: Skipping elcomercio on 2022-05-03: already crawled successfully.
2026-07-05 02:38:01,752 [INFO] src.corpus_acquisition.downloader: Skipping elcomercio on 2022-05-04: already crawled successfully.
2026-07-05 02:38:01,753 [INFO] src.corpus_acquisition.downloader: Skipping elcomercio on 2022-05-05: already crawled successfully.
2026-07-05 02:38:01,754 [INFO] src.corpus_acquisition.downloader: Skipping elcomercio on 2022-05-06: already crawled successfully.
2026-07-05 02:38:01,756 [INFO] src.corpus_acquisition.downloader: Skipping elcomercio on 2022-05-07: already crawled successfully.
2026-07-05 02:38:01,757 [INFO] src.corpus_acquisition.downloader: Skipping elcomercio on 2022-05-08: already crawled successfully.
2026-07-05 02:38:01,758 [INFO] src.corpus_acquisition.downloader: Skipping elcomercio on 2022-05-09: already crawled successfully.
2026-07-05 02:38:01,758 [INFO] src.corpus_acquisition.downloader: Skipping elcomercio on 2022-05-10: already crawled successfully.
2026-07-05 02:38:01,760 [INFO] src.corpus_acquisition.downloader: Skipping elcomercio on 2022-05-11: already crawled successfully.
2026-07-05 02:38:01,761 [INFO] src.corpus_acquisition.downloader: Skipping elcomercio on 2022-05-12: already crawled successfully.
2026-07-05 02:38:01,762 [INFO] src.corpus_acquisition.downloader: Skipping elcomercio on 2022-05-13: already crawled successfully.
2026-07-05 02:38:01,763 [INFO] src.corpus_acquisition.downloader: Skipping elcomercio on 2022-05-14: already crawled successfully.
2026-07-05 02:38:01,764 [INFO] src.corpus_acquisition.downloader: Skipping elcomercio on 2022-05-15: already crawled successfully.
2026-07-05 02:38:01,764 [INFO] src.corpus_acquisition.downloader: Skipping elcomercio on 2022-05-16: already crawled successfully.
2026-07-05 02:38:01,765 [INFO] src.corpus_acquisition.downloader: Skipping elcomercio on 2022-05-17: already crawled successfully.
2026-07-05 02:38:01,766 [INFO] src.corpus_acquisition.downloader: Skipping elcomercio on 2022-05-18: already crawled successfully.
2026-07-05 02:38:01,767 [INFO] src.corpus_acquisition.downloader: Skipping elcomercio on 2022-05-19: already crawled successfully.
2026-07-05 02:38:01,768 [INFO] src.corpus_acquisition.downloader: Skipping elcomercio on 2022-05-20: already crawled successfully.
2026-07-05 02:38:01,769 [INFO] src.corpus_acquisition.downloader: Skipping elcomercio on 2022-05-21: already crawled successfully.
2026-07-05 02:38:01,770 [INFO] src.corpus_acquisition.downloader: Skipping elcomercio on 2022-05-22: already crawled successfully.
2026-07-05 02:38:01,771 [INFO] src.corpus_acquisition.downloader: Skipping elcomercio on 2022-05-23: already crawled successfully.
2026-07-05 02:38:01,772 [INFO] src.corpus_acquisition.downloader: Skipping elcomercio on 2022-05-24: already crawled successfully.
2026-07-05 02:38:01,773 [INFO] src.corpus_acquisition.downloader: Skipping elcomercio on 2022-05-25: already crawled successfully.
2026-07-05 02:38:01,774 [INFO] src.corpus_acquisition.downloader: Skipping elcomercio on 2022-05-26: already crawled successfully.
2026-07-05 02:38:01,775 [INFO] src.corpus_acquisition.downloader: Skipping elcomercio on 2022-05-27: already crawled successfully.
2026-07-05 02:38:01,776 [INFO] src.corpus_acquisition.downloader: Skipping elcomercio on 2022-05-28: already crawled successfully.
2026-07-05 02:38:01,777 [INFO] src.corpus_acquisition.downloader: Skipping elcomercio on 2022-05-29: already crawled successfully.
2026-07-05 02:38:01,778 [INFO] src.corpus_acquisition.downloader: Skipping elcomercio on 2022-05-30: already crawled successfully.
2026-07-05 02:38:01,779 [INFO] src.corpus_acquisition.downloader: Skipping elcomercio on 2022-05-31: already crawled successfully.
2026-07-05 02:38:01,780 [INFO] src.corpus_acquisition.downloader: Skipping elcomercio on 2022-06-01: already crawled successfully.
2026-07-05 02:38:01,781 [INFO] src.corpus_acquisition.downloader: Skipping elcomercio on 2022-06-02: already crawled successfully.
2026-07-05 02:38:01,782 [INFO] src.corpus_acquisition.downloader: Skipping elcomercio on 2022-06-03: already crawled successfully.
2026-07-05 02:38:01,784 [INFO] src.corpus_acquisition.downloader: Skipping elcomercio on 2022-06-04: already crawled successfully.
2026-07-05 02:38:01,785 [INFO] src.corpus_acquisition.downloader: Skipping elcomercio on 2022-06-05: already crawled successfully.
2026-07-05 02:38:01,786 [INFO] src.corpus_acquisition.downloader: Skipping elcomercio on 2022-06-06: already crawled successfully.
2026-07-05 02:38:01,787 [INFO] src.corpus_acquisition.downloader: Skipping elcomercio on 2022-06-07: already crawled successfully.
2026-07-05 02:38:01,788 [INFO] src.corpus_acquisition.downloader: Skipping elcomercio on 2022-06-08: already crawled successfully.
2026-07-05 02:38:01,789 [INFO] src.corpus_acquisition.downloader: Skipping elcomercio on 2022-06-09: already crawled successfully.
2026-07-05 02:38:01,790 [INFO] src.corpus_acquisition.downloader: Skipping elcomercio on 2022-06-10: already crawled successfully.
2026-07-05 02:38:01,791 [INFO] src.corpus_acquisition.downloader: Skipping elcomercio on 2022-06-11: already crawled successfully.
2026-07-05 02:38:01,792 [INFO] src.corpus_acquisition.downloader: Skipping elcomercio on 2022-06-12: already crawled successfully.
2026-07-05 02:38:01,793 [INFO] src.corpus_acquisition.downloader: Skipping elcomercio on 2022-06-13: already crawled successfully.
2026-07-05 02:38:01,794 [INFO] src.corpus_acquisition.downloader: Skipping elcomercio on 2022-06-14: already crawled successfully.
2026-07-05 02:38:01,795 [INFO] src.corpus_acquisition.downloader: Skipping elcomercio on 2022-06-15: already crawled successfully.
2026-07-05 02:38:01,796 [INFO] src.corpus_acquisition.downloader: Skipping elcomercio on 2022-06-16: already crawled successfully.
2026-07-05 02:38:01,797 [INFO] src.corpus_acquisition.downloader: Skipping elcomercio on 2022-06-17: already crawled successfully.
2026-07-05 02:38:01,798 [INFO] src.corpus_acquisition.downloader: Skipping elcomercio on 2022-06-18: already crawled successfully.
2026-07-05 02:38:01,799 [INFO] src.corpus_acquisition.downloader: Skipping elcomercio on 2022-06-19: already crawled successfully.
2026-07-05 02:38:01,800 [INFO] src.corpus_acquisition.downloader: Skipping elcomercio on 2022-06-20: already crawled successfully.
2026-07-05 02:38:01,801 [INFO] src.corpus_acquisition.downloader: Skipping elcomercio on 2022-06-21: already crawled successfully.
2026-07-05 02:38:01,802 [INFO] src.corpus_acquisition.downloader: Skipping elcomercio on 2022-06-22: already crawled successfully.
2026-07-05 02:38:01,803 [INFO] src.corpus_acquisition.downloader: Skipping elcomercio on 2022-06-23: already crawled successfully.
2026-07-05 02:38:01,804 [INFO] src.corpus_acquisition.downloader: Skipping elcomercio on 2022-06-24: already crawled successfully.
2026-07-05 02:38:01,805 [INFO] src.corpus_acquisition.downloader: Skipping elcomercio on 2022-06-25: already crawled successfully.
2026-07-05 02:38:01,806 [INFO] src.corpus_acquisition.downloader: Skipping elcomercio on 2022-06-26: already crawled successfully.
2026-07-05 02:38:01,807 [INFO] src.corpus_acquisition.downloader: Skipping elcomercio on 2022-06-27: already crawled successfully.
2026-07-05 02:38:01,808 [INFO] src.corpus_acquisition.downloader: Skipping elcomercio on 2022-06-28: already crawled successfully.
2026-07-05 02:38:01,809 [INFO] src.corpus_acquisition.downloader: Skipping elcomercio on 2022-06-29: already crawled successfully.
2026-07-05 02:38:01,810 [INFO] src.corpus_acquisition.downloader: Skipping elcomercio on 2022-06-30: already crawled successfully.
2026-07-05 02:38:01,811 [INFO] src.corpus_acquisition.downloader: Skipping elcomercio on 2022-07-01: already crawled successfully.
2026-07-05 02:38:01,812 [INFO] src.corpus_acquisition.downloader: Skipping elcomercio on 2022-07-02: already crawled successfully.
2026-07-05 02:38:01,813 [INFO] src.corpus_acquisition.downloader: Skipping elcomercio on 2022-07-03: already crawled successfully.
2026-07-05 02:38:01,814 [INFO] src.corpus_acquisition.downloader: Skipping elcomercio on 2022-07-04: already crawled successfully.
2026-07-05 02:38:01,815 [INFO] src.corpus_acquisition.downloader: Skipping elcomercio on 2022-07-05: already crawled successfully.
2026-07-05 02:38:01,816 [INFO] src.corpus_acquisition.downloader: Skipping elcomercio on 2022-07-06: already crawled successfully.
2026-07-05 02:38:01,817 [INFO] src.corpus_acquisition.downloader: Skipping elcomercio on 2022-07-07: already crawled successfully.
2026-07-05 02:38:01,818 [INFO] src.corpus_acquisition.downloader: Skipping elcomercio on 2022-07-08: already crawled successfully.
2026-07-05 02:38:01,819 [INFO] src.corpus_acquisition.downloader: Skipping elcomercio on 2022-07-09: already crawled successfully.
2026-07-05 02:38:01,820 [INFO] src.corpus_acquisition.downloader: Skipping elcomercio on 2022-07-10: already crawled successfully.
2026-07-05 02:38:01,821 [INFO] src.corpus_acquisition.downloader: Skipping elcomercio on 2022-07-11: already crawled successfully.
2026-07-05 02:38:01,822 [INFO] src.corpus_acquisition.downloader: Skipping elcomercio on 2022-07-12: already crawled successfully.
2026-07-05 02:38:01,823 [INFO] src.corpus_acquisition.downloader: Skipping elcomercio on 2022-07-13: already crawled successfully.
2026-07-05 02:38:01,824 [INFO] src.corpus_acquisition.downloader: Skipping elcomercio on 2022-07-14: already crawled successfully.
2026-07-05 02:38:01,825 [INFO] src.corpus_acquisition.downloader: Skipping elcomercio on 2022-07-15: already crawled successfully.
2026-07-05 02:38:01,826 [INFO] src.corpus_acquisition.downloader: Skipping elcomercio on 2022-07-16: already crawled successfully.
2026-07-05 02:38:01,827 [INFO] src.corpus_acquisition.downloader: Skipping elcomercio on 2022-07-17: already crawled successfully.
2026-07-05 02:38:01,828 [INFO] src.corpus_acquisition.downloader: Skipping elcomercio on 2022-07-18: already crawled successfully.
2026-07-05 02:38:01,829 [INFO] src.corpus_acquisition.downloader: Skipping elcomercio on 2022-07-19: already crawled successfully.
2026-07-05 02:38:01,830 [INFO] src.corpus_acquisition.downloader: Skipping elcomercio on 2022-07-20: already crawled successfully.
2026-07-05 02:38:01,831 [INFO] src.corpus_acquisition.downloader: Skipping elcomercio on 2022-07-21: already crawled successfully.
2026-07-05 02:38:01,832 [INFO] src.corpus_acquisition.downloader: Skipping elcomercio on 2022-07-22: already crawled successfully.
2026-07-05 02:38:01,833 [INFO] src.corpus_acquisition.downloader: Skipping elcomercio on 2022-07-23: already crawled successfully.
2026-07-05 02:38:01,834 [INFO] src.corpus_acquisition.downloader: Skipping elcomercio on 2022-07-24: already crawled successfully.
2026-07-05 02:38:01,835 [INFO] src.corpus_acquisition.downloader: Skipping elcomercio on 2022-07-25: already crawled successfully.
2026-07-05 02:38:01,837 [INFO] src.corpus_acquisition.downloader: Skipping elcomercio on 2022-07-26: already crawled successfully.
2026-07-05 02:38:01,838 [INFO] src.corpus_acquisition.downloader: Skipping elcomercio on 2022-07-27: already crawled successfully.
2026-07-05 02:38:01,839 [INFO] src.corpus_acquisition.downloader: Skipping elcomercio on 2022-07-28: already crawled successfully.
2026-07-05 02:38:01,839 [INFO] src.corpus_acquisition.downloader: Skipping elcomercio on 2022-07-29: already crawled successfully.
2026-07-05 02:38:01,840 [INFO] src.corpus_acquisition.downloader: Skipping elcomercio on 2022-07-30: already crawled successfully.
2026-07-05 02:38:01,841 [INFO] src.corpus_acquisition.downloader: Skipping elcomercio on 2022-07-31: already crawled successfully.
2026-07-05 02:38:01,842 [INFO] src.corpus_acquisition.downloader: Skipping elcomercio on 2022-08-01: already crawled successfully.
2026-07-05 02:38:01,843 [INFO] src.corpus_acquisition.downloader: Skipping elcomercio on 2022-08-02: already crawled successfully.
2026-07-05 02:38:01,844 [INFO] src.corpus_acquisition.downloader: Skipping elcomercio on 2022-08-03: already crawled successfully.
2026-07-05 02:38:01,845 [INFO] src.corpus_acquisition.downloader: Skipping elcomercio on 2022-08-04: already crawled successfully.
2026-07-05 02:38:01,846 [INFO] src.corpus_acquisition.downloader: Skipping elcomercio on 2022-08-05: already crawled successfully.
2026-07-05 02:38:01,847 [INFO] src.corpus_acquisition.downloader: Skipping elcomercio on 2022-08-06: already crawled successfully.
2026-07-05 02:38:01,848 [INFO] src.corpus_acquisition.downloader: Skipping elcomercio on 2022-08-07: already crawled successfully.
2026-07-05 02:38:01,849 [INFO] src.corpus_acquisition.downloader: Skipping elcomercio on 2022-08-08: already crawled successfully.
2026-07-05 02:38:01,850 [INFO] src.corpus_acquisition.downloader: Skipping elcomercio on 2022-08-09: already crawled successfully.
2026-07-05 02:38:01,851 [INFO] src.corpus_acquisition.downloader: Skipping elcomercio on 2022-08-10: already crawled successfully.
2026-07-05 02:38:01,852 [INFO] src.corpus_acquisition.downloader: Skipping elcomercio on 2022-08-11: already crawled successfully.
2026-07-05 02:38:01,853 [INFO] src.corpus_acquisition.downloader: Skipping elcomercio on 2022-08-12: already crawled successfully.
2026-07-05 02:38:01,854 [INFO] src.corpus_acquisition.downloader: Skipping elcomercio on 2022-08-13: already crawled successfully.
2026-07-05 02:38:01,855 [INFO] src.corpus_acquisition.downloader: Skipping elcomercio on 2022-08-14: already crawled successfully.
2026-07-05 02:38:01,856 [INFO] src.corpus_acquisition.downloader: Skipping elcomercio on 2022-08-15: already crawled successfully.
2026-07-05 02:38:01,857 [INFO] src.corpus_acquisition.downloader: Skipping elcomercio on 2022-08-16: already crawled successfully.
2026-07-05 02:38:01,858 [INFO] src.corpus_acquisition.downloader: Skipping elcomercio on 2022-08-17: already crawled successfully.
2026-07-05 02:38:01,859 [INFO] src.corpus_acquisition.downloader: Skipping elcomercio on 2022-08-18: already crawled successfully.
2026-07-05 02:38:01,860 [INFO] src.corpus_acquisition.downloader: Skipping elcomercio on 2022-08-19: already crawled successfully.
2026-07-05 02:38:01,861 [INFO] src.corpus_acquisition.downloader: Skipping elcomercio on 2022-08-20: already crawled successfully.
2026-07-05 02:38:01,862 [INFO] src.corpus_acquisition.downloader: Skipping elcomercio on 2022-08-21: already crawled successfully.
2026-07-05 02:38:01,863 [INFO] src.corpus_acquisition.downloader: Skipping elcomercio on 2022-08-22: already crawled successfully.
2026-07-05 02:38:01,864 [INFO] src.corpus_acquisition.downloader: Skipping elcomercio on 2022-08-23: already crawled successfully.
2026-07-05 02:38:01,865 [INFO] src.corpus_acquisition.downloader: Skipping elcomercio on 2022-08-24: already crawled successfully.
2026-07-05 02:38:01,866 [INFO] src.corpus_acquisition.downloader: Skipping elcomercio on 2022-08-25: already crawled successfully.
2026-07-05 02:38:01,867 [INFO] src.corpus_acquisition.downloader: Skipping elcomercio on 2022-08-26: already crawled successfully.
2026-07-05 02:38:01,868 [INFO] src.corpus_acquisition.downloader: Skipping elcomercio on 2022-08-27: already crawled successfully.
2026-07-05 02:38:01,869 [INFO] src.corpus_acquisition.downloader: Skipping elcomercio on 2022-08-28: already crawled successfully.
2026-07-05 02:38:01,870 [INFO] src.corpus_acquisition.downloader: Skipping elcomercio on 2022-08-29: already crawled successfully.
2026-07-05 02:38:01,871 [INFO] src.corpus_acquisition.downloader: Skipping elcomercio on 2022-08-30: already crawled successfully.
2026-07-05 02:38:01,871 [INFO] src.corpus_acquisition.downloader: Skipping elcomercio on 2022-08-31: already crawled successfully.
2026-07-05 02:38:01,872 [INFO] src.corpus_acquisition.downloader: Skipping elcomercio on 2022-09-01: already crawled successfully.
2026-07-05 02:38:01,873 [INFO] src.corpus_acquisition.downloader: Skipping elcomercio on 2022-09-02: already crawled successfully.
2026-07-05 02:38:01,875 [INFO] src.corpus_acquisition.downloader: Skipping elcomercio on 2022-09-03: already crawled successfully.
2026-07-05 02:38:01,875 [INFO] src.corpus_acquisition.downloader: Skipping elcomercio on 2022-09-04: already crawled successfully.
2026-07-05 02:38:01,894 [INFO] src.corpus_acquisition.downloader: Opening archive for elcomercio on 2022-09-05
2026-07-05 02:38:07,736 [INFO] src.corpus_acquisition.downloader: Collected 7 / 60 pages
2026-07-05 02:38:11,900 [INFO] src.corpus_acquisition.downloader: Collected 9 / 60 pages
2026-07-05 02:38:13,983 [INFO] src.corpus_acquisition.downloader: Collected 11 / 60 pages
2026-07-05 02:38:16,069 [INFO] src.corpus_acquisition.downloader: Collected 13 / 60 pages
2026-07-05 02:38:18,155 [INFO] src.corpus_acquisition.downloader: Collected 15 / 60 pages
2026-07-05 02:38:20,261 [INFO] src.corpus_acquisition.downloader: Collected 17 / 60 pages
2026-07-05 02:38:22,359 [INFO] src.corpus_acquisition.downloader: Collected 19 / 60 pages
2026-07-05 02:38:24,454 [INFO] src.corpus_acquisition.downloader: Collected 21 / 60 pages
2026-07-05 02:38:26,562 [INFO] src.corpus_acquisition.downloader: Collected 23 / 60 pages
2026-07-05 02:38:28,651 [INFO] src.corpus_acquisition.downloader: Collected 25 / 60 pages
2026-07-05 02:38:30,756 [INFO] src.corpus_acquisition.downloader: Collected 27 / 60 pages
2026-07-05 02:38:32,852 [INFO] src.corpus_acquisition.downloader: Collected 29 / 60 pages
2026-07-05 02:38:34,939 [INFO] src.corpus_acquisition.downloader: Collected 31 / 60 pages
2026-07-05 02:38:37,036 [INFO] src.corpus_acquisition.downloader: Collected 33 / 60 pages
2026-07-05 02:38:39,118 [INFO] src.corpus_acquisition.downloader: Collected 35 / 60 pages
2026-07-05 02:38:41,201 [INFO] src.corpus_acquisition.downloader: Collected 37 / 60 pages
2026-07-05 02:38:43,286 [INFO] src.corpus_acquisition.downloader: Collected 39 / 60 pages
2026-07-05 02:38:45,365 [INFO] src.corpus_acquisition.downloader: Collected 40 / 60 pages
2026-07-05 02:38:51,636 [WARNING] src.corpus_acquisition.downloader: No new pages found after 3 attempts; stopping with 40 page(s).
2026-07-05 02:38:59,248 [INFO] src.corpus_acquisition.downloader: Page 1 already downloaded, skipping.
2026-07-05 02:38:59,248 [INFO] src.corpus_acquisition.downloader: Page 2 already downloaded, skipping.
2026-07-05 02:38:59,248 [INFO] src.corpus_acquisition.downloader: Page 3 already downloaded, skipping.
2026-07-05 02:38:59,248 [INFO] src.corpus_acquisition.downloader: Page 4 already downloaded, skipping.
2026-07-05 02:38:59,248 [INFO] src.corpus_acquisition.downloader: Page 5 already downloaded, skipping.
2026-07-05 02:38:59,248 [INFO] src.corpus_acquisition.downloader: Page 6 already downloaded, skipping.
2026-07-05 02:38:59,248 [INFO] src.corpus_acquisition.downloader: Page 7 already downloaded, skipping.
2026-07-05 02:38:59,248 [INFO] src.corpus_acquisition.downloader: Page 8 already downloaded, skipping.
2026-07-05 02:38:59,248 [INFO] src.corpus_acquisition.downloader: Page 9 already downloaded, skipping.
2026-07-05 02:38:59,248 [INFO] src.corpus_acquisition.downloader: Page 10 already downloaded, skipping.
2026-07-05 02:38:59,248 [INFO] src.corpus_acquisition.downloader: Page 11 already downloaded, skipping.
2026-07-05 02:38:59,248 [INFO] src.corpus_acquisition.downloader: Page 12 already downloaded, skipping.
2026-07-05 02:38:59,249 [INFO] src.corpus_acquisition.downloader: Page 13 already downloaded, skipping.
2026-07-05 02:38:59,249 [INFO] src.corpus_acquisition.downloader: Page 14 already downloaded, skipping.
2026-07-05 02:38:59,249 [INFO] src.corpus_acquisition.downloader: Page 15 already downloaded, skipping.
2026-07-05 02:38:59,249 [INFO] src.corpus_acquisition.downloader: Page 16 already downloaded, skipping.
2026-07-05 02:38:59,249 [INFO] src.corpus_acquisition.downloader: Page 17 already downloaded, skipping.
2026-07-05 02:38:59,249 [INFO] src.corpus_acquisition.downloader: Page 18 already downloaded, skipping.
2026-07-05 02:38:59,249 [INFO] src.corpus_acquisition.downloader: Page 19 already downloaded, skipping.
2026-07-05 02:38:59,249 [INFO] src.corpus_acquisition.downloader: Page 20 already downloaded, skipping.
2026-07-05 02:38:59,250 [INFO] src.corpus_acquisition.downloader: Downloading page 21 from https://i.prcdn.co/img?file=eaaj2022090500000051001001&page=21&scale=200&ticket=APFsplPnQ%2Ff%2F%2FbTz0jZ3Puc%3D
2026-07-05 02:38:59,250 [INFO] src.corpus_acquisition.crawler: Downloading -> data/raw/images/elcomercio/2022/09/05/elcomercio_2022-09-05_21.jpg
2026-07-05 02:39:01,931 [INFO] src.corpus_acquisition.downloader: Page 22 already downloaded, skipping.
2026-07-05 02:39:01,932 [INFO] src.corpus_acquisition.downloader: Page 23 already downloaded, skipping.
2026-07-05 02:39:01,932 [INFO] src.corpus_acquisition.downloader: Page 24 already downloaded, skipping.
2026-07-05 02:39:01,932 [INFO] src.corpus_acquisition.downloader: Page 25 already downloaded, skipping.
2026-07-05 02:39:01,932 [INFO] src.corpus_acquisition.downloader: Page 26 already downloaded, skipping.
2026-07-05 02:39:01,932 [INFO] src.corpus_acquisition.downloader: Page 27 already downloaded, skipping.
2026-07-05 02:39:01,932 [INFO] src.corpus_acquisition.downloader: Page 28 already downloaded, skipping.
2026-07-05 02:39:01,932 [INFO] src.corpus_acquisition.downloader: Page 29 already downloaded, skipping.
2026-07-05 02:39:01,932 [INFO] src.corpus_acquisition.downloader: Page 30 already downloaded, skipping.
2026-07-05 02:39:01,932 [INFO] src.corpus_acquisition.downloader: Page 31 already downloaded, skipping.
2026-07-05 02:39:01,932 [INFO] src.corpus_acquisition.downloader: Page 32 already downloaded, skipping.
2026-07-05 02:39:01,932 [INFO] src.corpus_acquisition.downloader: Page 33 already downloaded, skipping.
2026-07-05 02:39:01,932 [INFO] src.corpus_acquisition.downloader: Page 34 already downloaded, skipping.
2026-07-05 02:39:01,932 [INFO] src.corpus_acquisition.downloader: Page 35 already downloaded, skipping.
2026-07-05 02:39:01,932 [INFO] src.corpus_acquisition.downloader: Page 36 already downloaded, skipping.
2026-07-05 02:39:01,932 [INFO] src.corpus_acquisition.downloader: Page 37 already downloaded, skipping.
2026-07-05 02:39:01,932 [INFO] src.corpus_acquisition.downloader: Page 38 already downloaded, skipping.
2026-07-05 02:39:01,933 [INFO] src.corpus_acquisition.downloader: Page 39 already downloaded, skipping.
2026-07-05 02:39:01,933 [INFO] src.corpus_acquisition.downloader: Page 40 already downloaded, skipping.
2026-07-05 02:39:02,084 [INFO] src.corpus_acquisition.metadata_extractor: Saved metadata for 1 page(s) -> data/raw/metadata/raw_metadata.parquet (total rows: 57589)
2026-07-05 02:39:02,087 [INFO] src.corpus_acquisition.metadata_extractor: Saved crawl log -> data/raw/crawl_logs/elcomercio_2022-09-05.json (status=success)
2026-07-05 02:39:06,626 [INFO] src.corpus_acquisition.downloader: Skipping elcomercio on 2022-09-06: already crawled successfully.
2026-07-05 02:39:06,627 [INFO] src.corpus_acquisition.downloader: Skipping elcomercio on 2022-09-07: already crawled successfully.
2026-07-05 02:39:06,628 [INFO] src.corpus_acquisition.downloader: Skipping elcomercio on 2022-09-08: already crawled successfully.
2026-07-05 02:39:06,629 [INFO] src.corpus_acquisition.downloader: Skipping elcomercio on 2022-09-09: already crawled successfully.
2026-07-05 02:39:06,630 [INFO] src.corpus_acquisition.downloader: Skipping elcomercio on 2022-09-10: already crawled successfully.
2026-07-05 02:39:06,631 [INFO] src.corpus_acquisition.downloader: Skipping elcomercio on 2022-09-11: already crawled successfully.
2026-07-05 02:39:06,632 [INFO] src.corpus_acquisition.downloader: Skipping elcomercio on 2022-09-12: already crawled successfully.
2026-07-05 02:39:06,633 [INFO] src.corpus_acquisition.downloader: Skipping elcomercio on 2022-09-13: already crawled successfully.
2026-07-05 02:39:06,634 [INFO] src.corpus_acquisition.downloader: Skipping elcomercio on 2022-09-14: already crawled successfully.
2026-07-05 02:39:06,635 [INFO] src.corpus_acquisition.downloader: Skipping elcomercio on 2022-09-15: already crawled successfully.
2026-07-05 02:39:06,636 [INFO] src.corpus_acquisition.downloader: Skipping elcomercio on 2022-09-16: already crawled successfully.
2026-07-05 02:39:06,637 [INFO] src.corpus_acquisition.downloader: Skipping elcomercio on 2022-09-17: already crawled successfully.
2026-07-05 02:39:06,638 [INFO] src.corpus_acquisition.downloader: Skipping elcomercio on 2022-09-18: already crawled successfully.
2026-07-05 02:39:06,639 [INFO] src.corpus_acquisition.downloader: Skipping elcomercio on 2022-09-19: already crawled successfully.
2026-07-05 02:39:06,640 [INFO] src.corpus_acquisition.downloader: Skipping elcomercio on 2022-09-20: already crawled successfully.
2026-07-05 02:39:06,641 [INFO] src.corpus_acquisition.downloader: Skipping elcomercio on 2022-09-21: already crawled successfully.
2026-07-05 02:39:06,642 [INFO] src.corpus_acquisition.downloader: Skipping elcomercio on 2022-09-22: already crawled successfully.
2026-07-05 02:39:06,643 [INFO] src.corpus_acquisition.downloader: Skipping elcomercio on 2022-09-23: already crawled successfully.
2026-07-05 02:39:06,644 [INFO] src.corpus_acquisition.downloader: Skipping elcomercio on 2022-09-24: already crawled successfully.
2026-07-05 02:39:06,645 [INFO] src.corpus_acquisition.downloader: Skipping elcomercio on 2022-09-25: already crawled successfully.
2026-07-05 02:39:06,646 [INFO] src.corpus_acquisition.downloader: Skipping elcomercio on 2022-09-26: already crawled successfully.
2026-07-05 02:39:06,648 [INFO] src.corpus_acquisition.downloader: Skipping elcomercio on 2022-09-27: already crawled successfully.
2026-07-05 02:39:06,649 [INFO] src.corpus_acquisition.downloader: Skipping elcomercio on 2022-09-28: already crawled successfully.
2026-07-05 02:39:06,650 [INFO] src.corpus_acquisition.downloader: Skipping elcomercio on 2022-09-29: already crawled successfully.
2026-07-05 02:39:06,651 [INFO] src.corpus_acquisition.downloader: Skipping elcomercio on 2022-09-30: already crawled successfully.
2026-07-05 02:39:06,652 [INFO] src.corpus_acquisition.downloader: Skipping elcomercio on 2022-10-01: already crawled successfully.
2026-07-05 02:39:06,653 [INFO] src.corpus_acquisition.downloader: Skipping elcomercio on 2022-10-02: already crawled successfully.
2026-07-05 02:39:06,654 [INFO] src.corpus_acquisition.downloader: Skipping elcomercio on 2022-10-03: already crawled successfully.
2026-07-05 02:39:06,655 [INFO] src.corpus_acquisition.downloader: Skipping elcomercio on 2022-10-04: already crawled successfully.
2026-07-05 02:39:06,656 [INFO] src.corpus_acquisition.downloader: Skipping elcomercio on 2022-10-05: already crawled successfully.
2026-07-05 02:39:06,656 [INFO] src.corpus_acquisition.downloader: Skipping elcomercio on 2022-10-06: already crawled successfully.
2026-07-05 02:39:06,657 [INFO] src.corpus_acquisition.downloader: Skipping elcomercio on 2022-10-07: already crawled successfully.
2026-07-05 02:39:06,658 [INFO] src.corpus_acquisition.downloader: Skipping elcomercio on 2022-10-08: already crawled successfully.
2026-07-05 02:39:06,659 [INFO] src.corpus_acquisition.downloader: Skipping elcomercio on 2022-10-09: already crawled successfully.
2026-07-05 02:39:06,660 [INFO] src.corpus_acquisition.downloader: Skipping elcomercio on 2022-10-10: already crawled successfully.
2026-07-05 02:39:06,661 [INFO] src.corpus_acquisition.downloader: Skipping elcomercio on 2022-10-11: already crawled successfully.
2026-07-05 02:39:06,662 [INFO] src.corpus_acquisition.downloader: Skipping elcomercio on 2022-10-12: already crawled successfully.
2026-07-05 02:39:06,663 [INFO] src.corpus_acquisition.downloader: Skipping elcomercio on 2022-10-13: already crawled successfully.
2026-07-05 02:39:06,664 [INFO] src.corpus_acquisition.downloader: Skipping elcomercio on 2022-10-14: already crawled successfully.
2026-07-05 02:39:06,665 [INFO] src.corpus_acquisition.downloader: Skipping elcomercio on 2022-10-15: already crawled successfully.
2026-07-05 02:39:06,666 [INFO] src.corpus_acquisition.downloader: Skipping elcomercio on 2022-10-16: already crawled successfully.
2026-07-05 02:39:06,667 [INFO] src.corpus_acquisition.downloader: Skipping elcomercio on 2022-10-17: already crawled successfully.
2026-07-05 02:39:06,668 [INFO] src.corpus_acquisition.downloader: Skipping elcomercio on 2022-10-18: already crawled successfully.
2026-07-05 02:39:06,669 [INFO] src.corpus_acquisition.downloader: Skipping elcomercio on 2022-10-19: already crawled successfully.
2026-07-05 02:39:06,670 [INFO] src.corpus_acquisition.downloader: Skipping elcomercio on 2022-10-20: already crawled successfully.
2026-07-05 02:39:06,671 [INFO] src.corpus_acquisition.downloader: Skipping elcomercio on 2022-10-21: already crawled successfully.
2026-07-05 02:39:06,672 [INFO] src.corpus_acquisition.downloader: Skipping elcomercio on 2022-10-22: already crawled successfully.
2026-07-05 02:39:06,673 [INFO] src.corpus_acquisition.downloader: Skipping elcomercio on 2022-10-23: already crawled successfully.
2026-07-05 02:39:06,674 [INFO] src.corpus_acquisition.downloader: Skipping elcomercio on 2022-10-24: already crawled successfully.
2026-07-05 02:39:06,675 [INFO] src.corpus_acquisition.downloader: Skipping elcomercio on 2022-10-25: already crawled successfully.
2026-07-05 02:39:06,676 [INFO] src.corpus_acquisition.downloader: Skipping elcomercio on 2022-10-26: already crawled successfully.
2026-07-05 02:39:06,676 [INFO] src.corpus_acquisition.downloader: Skipping elcomercio on 2022-10-27: already crawled successfully.
2026-07-05 02:39:06,677 [INFO] src.corpus_acquisition.downloader: Skipping elcomercio on 2022-10-28: already crawled successfully.
2026-07-05 02:39:06,678 [INFO] src.corpus_acquisition.downloader: Skipping elcomercio on 2022-10-29: already crawled successfully.
2026-07-05 02:39:06,679 [INFO] src.corpus_acquisition.downloader: Skipping elcomercio on 2022-10-30: already crawled successfully.
2026-07-05 02:39:06,680 [INFO] src.corpus_acquisition.downloader: Skipping elcomercio on 2022-10-31: already crawled successfully.
2026-07-05 02:39:06,681 [INFO] src.corpus_acquisition.downloader: Skipping elcomercio on 2022-11-01: already crawled successfully.
2026-07-05 02:39:06,682 [INFO] src.corpus_acquisition.downloader: Skipping elcomercio on 2022-11-02: already crawled successfully.
2026-07-05 02:39:06,683 [INFO] src.corpus_acquisition.downloader: Skipping elcomercio on 2022-11-03: already crawled successfully.
2026-07-05 02:39:06,684 [INFO] src.corpus_acquisition.downloader: Skipping elcomercio on 2022-11-04: already crawled successfully.
2026-07-05 02:39:06,685 [INFO] src.corpus_acquisition.downloader: Skipping elcomercio on 2022-11-05: already crawled successfully.
2026-07-05 02:39:06,686 [INFO] src.corpus_acquisition.downloader: Skipping elcomercio on 2022-11-06: already crawled successfully.
2026-07-05 02:39:06,687 [INFO] src.corpus_acquisition.downloader: Skipping elcomercio on 2022-11-07: already crawled successfully.
2026-07-05 02:39:06,687 [INFO] src.corpus_acquisition.downloader: Skipping elcomercio on 2022-11-08: already crawled successfully.
2026-07-05 02:39:06,688 [INFO] src.corpus_acquisition.downloader: Skipping elcomercio on 2022-11-09: already crawled successfully.
2026-07-05 02:39:06,689 [INFO] src.corpus_acquisition.downloader: Skipping elcomercio on 2022-11-10: already crawled successfully.
2026-07-05 02:39:06,690 [INFO] src.corpus_acquisition.downloader: Skipping elcomercio on 2022-11-11: already crawled successfully.
2026-07-05 02:39:06,691 [INFO] src.corpus_acquisition.downloader: Skipping elcomercio on 2022-11-12: already crawled successfully.
2026-07-05 02:39:06,692 [INFO] src.corpus_acquisition.downloader: Skipping elcomercio on 2022-11-13: already crawled successfully.
2026-07-05 02:39:06,693 [INFO] src.corpus_acquisition.downloader: Skipping elcomercio on 2022-11-14: already crawled successfully.
2026-07-05 02:39:06,695 [INFO] src.corpus_acquisition.downloader: Skipping elcomercio on 2022-11-15: already crawled successfully.
2026-07-05 02:39:06,696 [INFO] src.corpus_acquisition.downloader: Skipping elcomercio on 2022-11-16: already crawled successfully.
2026-07-05 02:39:06,711 [INFO] src.corpus_acquisition.downloader: Skipping elcomercio on 2022-11-17: already crawled successfully.
2026-07-05 02:39:06,712 [INFO] src.corpus_acquisition.downloader: Skipping elcomercio on 2022-11-18: already crawled successfully.
2026-07-05 02:39:06,713 [INFO] src.corpus_acquisition.downloader: Skipping elcomercio on 2022-11-19: already crawled successfully.
2026-07-05 02:39:06,714 [INFO] src.corpus_acquisition.downloader: Skipping elcomercio on 2022-11-20: already crawled successfully.
2026-07-05 02:39:06,715 [INFO] src.corpus_acquisition.downloader: Skipping elcomercio on 2022-11-21: already crawled successfully.
2026-07-05 02:39:06,716 [INFO] src.corpus_acquisition.downloader: Skipping elcomercio on 2022-11-22: already crawled successfully.
2026-07-05 02:39:06,717 [INFO] src.corpus_acquisition.downloader: Skipping elcomercio on 2022-11-23: already crawled successfully.
2026-07-05 02:39:06,718 [INFO] src.corpus_acquisition.downloader: Skipping elcomercio on 2022-11-24: already crawled successfully.
2026-07-05 02:39:06,719 [INFO] src.corpus_acquisition.downloader: Skipping elcomercio on 2022-11-25: already crawled successfully.
2026-07-05 02:39:06,720 [INFO] src.corpus_acquisition.downloader: Skipping elcomercio on 2022-11-26: already crawled successfully.
2026-07-05 02:39:06,721 [INFO] src.corpus_acquisition.downloader: Skipping elcomercio on 2022-11-27: already crawled successfully.
2026-07-05 02:39:06,722 [INFO] src.corpus_acquisition.downloader: Skipping elcomercio on 2022-11-28: already crawled successfully.
2026-07-05 02:39:06,723 [INFO] src.corpus_acquisition.downloader: Skipping elcomercio on 2022-11-29: already crawled successfully.
2026-07-05 02:39:06,724 [INFO] src.corpus_acquisition.downloader: Skipping elcomercio on 2022-11-30: already crawled successfully.
2026-07-05 02:39:06,725 [INFO] src.corpus_acquisition.downloader: Skipping elcomercio on 2022-12-01: already crawled successfully.
2026-07-05 02:39:06,726 [INFO] src.corpus_acquisition.downloader: Skipping elcomercio on 2022-12-02: already crawled successfully.
2026-07-05 02:39:06,727 [INFO] src.corpus_acquisition.downloader: Skipping elcomercio on 2022-12-03: already crawled successfully.
2026-07-05 02:39:06,728 [INFO] src.corpus_acquisition.downloader: Skipping elcomercio on 2022-12-04: already crawled successfully.
2026-07-05 02:39:06,728 [INFO] src.corpus_acquisition.downloader: Skipping elcomercio on 2022-12-05: already crawled successfully.
2026-07-05 02:39:06,729 [INFO] src.corpus_acquisition.downloader: Skipping elcomercio on 2022-12-06: already crawled successfully.
2026-07-05 02:39:06,730 [INFO] src.corpus_acquisition.downloader: Skipping elcomercio on 2022-12-07: already crawled successfully.
2026-07-05 02:39:06,731 [INFO] src.corpus_acquisition.downloader: Skipping elcomercio on 2022-12-08: already crawled successfully.
2026-07-05 02:39:06,732 [INFO] src.corpus_acquisition.downloader: Skipping elcomercio on 2022-12-09: already crawled successfully.
2026-07-05 02:39:06,733 [INFO] src.corpus_acquisition.downloader: Skipping elcomercio on 2022-12-10: already crawled successfully.
2026-07-05 02:39:06,734 [INFO] src.corpus_acquisition.downloader: Skipping elcomercio on 2022-12-11: already crawled successfully.
2026-07-05 02:39:06,735 [INFO] src.corpus_acquisition.downloader: Skipping elcomercio on 2022-12-12: already crawled successfully.
2026-07-05 02:39:06,737 [INFO] src.corpus_acquisition.downloader: Skipping elcomercio on 2022-12-13: already crawled successfully.
2026-07-05 02:39:06,738 [INFO] src.corpus_acquisition.downloader: Skipping elcomercio on 2022-12-14: already crawled successfully.
2026-07-05 02:39:06,739 [INFO] src.corpus_acquisition.downloader: Skipping elcomercio on 2022-12-15: already crawled successfully.
2026-07-05 02:39:06,740 [INFO] src.corpus_acquisition.downloader: Skipping elcomercio on 2022-12-16: already crawled successfully.
2026-07-05 02:39:06,741 [INFO] src.corpus_acquisition.downloader: Skipping elcomercio on 2022-12-17: already crawled successfully.
2026-07-05 02:39:06,742 [INFO] src.corpus_acquisition.downloader: Skipping elcomercio on 2022-12-18: already crawled successfully.
2026-07-05 02:39:06,743 [INFO] src.corpus_acquisition.downloader: Skipping elcomercio on 2022-12-19: already crawled successfully.
2026-07-05 02:39:06,744 [INFO] src.corpus_acquisition.downloader: Skipping elcomercio on 2022-12-20: already crawled successfully.
2026-07-05 02:39:06,745 [INFO] src.corpus_acquisition.downloader: Skipping elcomercio on 2022-12-21: already crawled successfully.
2026-07-05 02:39:06,746 [INFO] src.corpus_acquisition.downloader: Skipping elcomercio on 2022-12-22: already crawled successfully.
2026-07-05 02:39:06,747 [INFO] src.corpus_acquisition.downloader: Skipping elcomercio on 2022-12-23: already crawled successfully.
2026-07-05 02:39:06,748 [INFO] src.corpus_acquisition.downloader: Skipping elcomercio on 2022-12-24: already crawled successfully.
2026-07-05 02:39:06,749 [INFO] src.corpus_acquisition.downloader: Skipping elcomercio on 2022-12-25: already crawled successfully.
2026-07-05 02:39:06,750 [INFO] src.corpus_acquisition.downloader: Skipping elcomercio on 2022-12-26: already crawled successfully.
2026-07-05 02:39:06,751 [INFO] src.corpus_acquisition.downloader: Skipping elcomercio on 2022-12-27: already crawled successfully.
2026-07-05 02:39:06,752 [INFO] src.corpus_acquisition.downloader: Skipping elcomercio on 2022-12-28: already crawled successfully.
2026-07-05 02:39:06,753 [INFO] src.corpus_acquisition.downloader: Skipping elcomercio on 2022-12-29: already crawled successfully.
2026-07-05 02:39:06,754 [INFO] src.corpus_acquisition.downloader: Skipping elcomercio on 2022-12-30: already crawled successfully.
2026-07-05 02:39:06,755 [INFO] src.corpus_acquisition.downloader: Skipping elcomercio on 2022-12-31: already crawled successfully.
2026-07-05 02:39:06,756 [INFO] src.corpus_acquisition.downloader: Skipping elcomercio on 2023-01-01: already crawled successfully.
2026-07-05 02:39:06,757 [INFO] src.corpus_acquisition.downloader: Skipping elcomercio on 2023-01-02: already crawled successfully.
2026-07-05 02:39:06,758 [INFO] src.corpus_acquisition.downloader: Skipping elcomercio on 2023-01-03: already crawled successfully.
2026-07-05 02:39:06,759 [INFO] src.corpus_acquisition.downloader: Skipping elcomercio on 2023-01-04: already crawled successfully.
2026-07-05 02:39:06,760 [INFO] src.corpus_acquisition.downloader: Skipping elcomercio on 2023-01-05: already crawled successfully.
2026-07-05 02:39:06,761 [INFO] src.corpus_acquisition.downloader: Skipping elcomercio on 2023-01-06: already crawled successfully.
2026-07-05 02:39:06,762 [INFO] src.corpus_acquisition.downloader: Skipping elcomercio on 2023-01-07: already crawled successfully.
2026-07-05 02:39:06,763 [INFO] src.corpus_acquisition.downloader: Skipping elcomercio on 2023-01-08: already crawled successfully.
2026-07-05 02:39:06,764 [INFO] src.corpus_acquisition.downloader: Skipping elcomercio on 2023-01-09: already crawled successfully.
2026-07-05 02:39:06,764 [INFO] src.corpus_acquisition.downloader: Skipping elcomercio on 2023-01-10: already crawled successfully.
2026-07-05 02:39:06,765 [INFO] src.corpus_acquisition.downloader: Skipping elcomercio on 2023-01-11: already crawled successfully.
2026-07-05 02:39:06,766 [INFO] src.corpus_acquisition.downloader: Skipping elcomercio on 2023-01-12: already crawled successfully.
2026-07-05 02:39:06,767 [INFO] src.corpus_acquisition.downloader: Skipping elcomercio on 2023-01-13: already crawled successfully.
2026-07-05 02:39:06,768 [INFO] src.corpus_acquisition.downloader: Skipping elcomercio on 2023-01-14: already crawled successfully.
2026-07-05 02:39:06,769 [INFO] src.corpus_acquisition.downloader: Skipping elcomercio on 2023-01-15: already crawled successfully.
2026-07-05 02:39:06,770 [INFO] src.corpus_acquisition.downloader: Skipping elcomercio on 2023-01-16: already crawled successfully.
2026-07-05 02:39:06,771 [INFO] src.corpus_acquisition.downloader: Skipping elcomercio on 2023-01-17: already crawled successfully.
2026-07-05 02:39:06,772 [INFO] src.corpus_acquisition.downloader: Skipping elcomercio on 2023-01-18: already crawled successfully.
2026-07-05 02:39:06,773 [INFO] src.corpus_acquisition.downloader: Skipping elcomercio on 2023-01-19: already crawled successfully.
2026-07-05 02:39:06,774 [INFO] src.corpus_acquisition.downloader: Skipping elcomercio on 2023-01-20: already crawled successfully.
2026-07-05 02:39:06,775 [INFO] src.corpus_acquisition.downloader: Skipping elcomercio on 2023-01-21: already crawled successfully.
2026-07-05 02:39:06,776 [INFO] src.corpus_acquisition.downloader: Skipping elcomercio on 2023-01-22: already crawled successfully.
2026-07-05 02:39:06,777 [INFO] src.corpus_acquisition.downloader: Skipping elcomercio on 2023-01-23: already crawled successfully.
2026-07-05 02:39:06,778 [INFO] src.corpus_acquisition.downloader: Skipping elcomercio on 2023-01-24: already crawled successfully.
2026-07-05 02:39:06,779 [INFO] src.corpus_acquisition.downloader: Skipping elcomercio on 2023-01-25: already crawled successfully.
2026-07-05 02:39:06,781 [INFO] src.corpus_acquisition.downloader: Skipping elcomercio on 2023-01-26: already crawled successfully.
2026-07-05 02:39:06,782 [INFO] src.corpus_acquisition.downloader: Skipping elcomercio on 2023-01-27: already crawled successfully.
2026-07-05 02:39:06,783 [INFO] src.corpus_acquisition.downloader: Skipping elcomercio on 2023-01-28: already crawled successfully.
2026-07-05 02:39:06,784 [INFO] src.corpus_acquisition.downloader: Skipping elcomercio on 2023-01-29: already crawled successfully.
2026-07-05 02:39:06,785 [INFO] src.corpus_acquisition.downloader: Skipping elcomercio on 2023-01-30: already crawled successfully.
2026-07-05 02:39:06,786 [INFO] src.corpus_acquisition.downloader: Skipping elcomercio on 2023-01-31: already crawled successfully.
2026-07-05 02:39:06,786 [INFO] src.corpus_acquisition.downloader: Skipping elcomercio on 2023-02-01: already crawled successfully.
2026-07-05 02:39:06,787 [INFO] src.corpus_acquisition.downloader: Skipping elcomercio on 2023-02-02: already crawled successfully.
2026-07-05 02:39:06,788 [INFO] src.corpus_acquisition.downloader: Skipping elcomercio on 2023-02-03: already crawled successfully.
2026-07-05 02:39:06,789 [INFO] src.corpus_acquisition.downloader: Skipping elcomercio on 2023-02-04: already crawled successfully.
2026-07-05 02:39:06,790 [INFO] src.corpus_acquisition.downloader: Skipping elcomercio on 2023-02-05: already crawled successfully.
2026-07-05 02:39:06,791 [INFO] src.corpus_acquisition.downloader: Skipping elcomercio on 2023-02-06: already crawled successfully.
2026-07-05 02:39:06,792 [INFO] src.corpus_acquisition.downloader: Skipping elcomercio on 2023-02-07: already crawled successfully.
2026-07-05 02:39:06,793 [INFO] src.corpus_acquisition.downloader: Skipping elcomercio on 2023-02-08: already crawled successfully.
2026-07-05 02:39:06,794 [INFO] src.corpus_acquisition.downloader: Skipping elcomercio on 2023-02-09: already crawled successfully.
2026-07-05 02:39:06,795 [INFO] src.corpus_acquisition.downloader: Skipping elcomercio on 2023-02-10: already crawled successfully.
2026-07-05 02:39:06,796 [INFO] src.corpus_acquisition.downloader: Skipping elcomercio on 2023-02-11: already crawled successfully.
2026-07-05 02:39:06,797 [INFO] src.corpus_acquisition.downloader: Skipping elcomercio on 2023-02-12: already crawled successfully.
2026-07-05 02:39:06,798 [INFO] src.corpus_acquisition.downloader: Skipping elcomercio on 2023-02-13: already crawled successfully.
2026-07-05 02:39:06,799 [INFO] src.corpus_acquisition.downloader: Skipping elcomercio on 2023-02-14: already crawled successfully.
2026-07-05 02:39:06,800 [INFO] src.corpus_acquisition.downloader: Skipping elcomercio on 2023-02-15: already crawled successfully.
2026-07-05 02:39:06,801 [INFO] src.corpus_acquisition.downloader: Skipping elcomercio on 2023-02-16: already crawled successfully.
2026-07-05 02:39:06,802 [INFO] src.corpus_acquisition.downloader: Skipping elcomercio on 2023-02-17: already crawled successfully.
2026-07-05 02:39:06,802 [INFO] src.corpus_acquisition.downloader: Skipping elcomercio on 2023-02-18: already crawled successfully.
2026-07-05 02:39:06,803 [INFO] src.corpus_acquisition.downloader: Skipping elcomercio on 2023-02-19: already crawled successfully.
2026-07-05 02:39:06,804 [INFO] src.corpus_acquisition.downloader: Skipping elcomercio on 2023-02-20: already crawled successfully.
2026-07-05 02:39:06,805 [INFO] src.corpus_acquisition.downloader: Skipping elcomercio on 2023-02-21: already crawled successfully.
2026-07-05 02:39:06,806 [INFO] src.corpus_acquisition.downloader: Skipping elcomercio on 2023-02-22: already crawled successfully.
2026-07-05 02:39:06,807 [INFO] src.corpus_acquisition.downloader: Skipping elcomercio on 2023-02-23: already crawled successfully.
2026-07-05 02:39:06,808 [INFO] src.corpus_acquisition.downloader: Skipping elcomercio on 2023-02-24: already crawled successfully.
2026-07-05 02:39:06,809 [INFO] src.corpus_acquisition.downloader: Skipping elcomercio on 2023-02-25: already crawled successfully.
2026-07-05 02:39:06,810 [INFO] src.corpus_acquisition.downloader: Skipping elcomercio on 2023-02-26: already crawled successfully.
2026-07-05 02:39:06,811 [INFO] src.corpus_acquisition.downloader: Skipping elcomercio on 2023-02-27: already crawled successfully.
2026-07-05 02:39:06,812 [INFO] src.corpus_acquisition.downloader: Skipping elcomercio on 2023-02-28: already crawled successfully.
2026-07-05 02:39:06,813 [INFO] src.corpus_acquisition.downloader: Skipping elcomercio on 2023-03-01: already crawled successfully.
2026-07-05 02:39:06,814 [INFO] src.corpus_acquisition.downloader: Skipping elcomercio on 2023-03-02: already crawled successfully.
2026-07-05 02:39:06,815 [INFO] src.corpus_acquisition.downloader: Skipping elcomercio on 2023-03-03: already crawled successfully.
2026-07-05 02:39:06,816 [INFO] src.corpus_acquisition.downloader: Skipping elcomercio on 2023-03-04: already crawled successfully.
2026-07-05 02:39:06,817 [INFO] src.corpus_acquisition.downloader: Skipping elcomercio on 2023-03-05: already crawled successfully.
2026-07-05 02:39:06,818 [INFO] src.corpus_acquisition.downloader: Skipping elcomercio on 2023-03-06: already crawled successfully.
2026-07-05 02:39:06,819 [INFO] src.corpus_acquisition.downloader: Skipping elcomercio on 2023-03-07: already crawled successfully.
2026-07-05 02:39:06,820 [INFO] src.corpus_acquisition.downloader: Skipping elcomercio on 2023-03-08: already crawled successfully.
2026-07-05 02:39:06,821 [INFO] src.corpus_acquisition.downloader: Skipping elcomercio on 2023-03-09: already crawled successfully.
2026-07-05 02:39:06,822 [INFO] src.corpus_acquisition.downloader: Skipping elcomercio on 2023-03-10: already crawled successfully.
2026-07-05 02:39:06,822 [INFO] src.corpus_acquisition.downloader: Skipping elcomercio on 2023-03-11: already crawled successfully.
2026-07-05 02:39:06,823 [INFO] src.corpus_acquisition.downloader: Skipping elcomercio on 2023-03-12: already crawled successfully.
2026-07-05 02:39:06,824 [INFO] src.corpus_acquisition.downloader: Skipping elcomercio on 2023-03-13: already crawled successfully.
2026-07-05 02:39:06,825 [INFO] src.corpus_acquisition.downloader: Skipping elcomercio on 2023-03-14: already crawled successfully.
2026-07-05 02:39:06,826 [INFO] src.corpus_acquisition.downloader: Skipping elcomercio on 2023-03-15: already crawled successfully.
2026-07-05 02:39:06,827 [INFO] src.corpus_acquisition.downloader: Skipping elcomercio on 2023-03-16: already crawled successfully.
2026-07-05 02:39:06,828 [INFO] src.corpus_acquisition.downloader: Skipping elcomercio on 2023-03-17: already crawled successfully.
2026-07-05 02:39:06,829 [INFO] src.corpus_acquisition.downloader: Skipping elcomercio on 2023-03-18: already crawled successfully.
2026-07-05 02:39:06,830 [INFO] src.corpus_acquisition.downloader: Skipping elcomercio on 2023-03-19: already crawled successfully.
2026-07-05 02:39:06,831 [INFO] src.corpus_acquisition.downloader: Skipping elcomercio on 2023-03-20: already crawled successfully.
2026-07-05 02:39:06,832 [INFO] src.corpus_acquisition.downloader: Skipping elcomercio on 2023-03-21: already crawled successfully.
2026-07-05 02:39:06,833 [INFO] src.corpus_acquisition.downloader: Skipping elcomercio on 2023-03-22: already crawled successfully.
2026-07-05 02:39:06,834 [INFO] src.corpus_acquisition.downloader: Skipping elcomercio on 2023-03-23: already crawled successfully.
2026-07-05 02:39:06,834 [INFO] src.corpus_acquisition.downloader: Skipping elcomercio on 2023-03-24: already crawled successfully.
2026-07-05 02:39:06,836 [INFO] src.corpus_acquisition.downloader: Skipping elcomercio on 2023-03-25: already crawled successfully.
2026-07-05 02:39:06,836 [INFO] src.corpus_acquisition.downloader: Skipping elcomercio on 2023-03-26: already crawled successfully.
2026-07-05 02:39:06,837 [INFO] src.corpus_acquisition.downloader: Skipping elcomercio on 2023-03-27: already crawled successfully.
2026-07-05 02:39:06,838 [INFO] src.corpus_acquisition.downloader: Skipping elcomercio on 2023-03-28: already crawled successfully.
2026-07-05 02:39:06,839 [INFO] src.corpus_acquisition.downloader: Skipping elcomercio on 2023-03-29: already crawled successfully.
2026-07-05 02:39:06,840 [INFO] src.corpus_acquisition.downloader: Skipping elcomercio on 2023-03-30: already crawled successfully.
2026-07-05 02:39:06,841 [INFO] src.corpus_acquisition.downloader: Skipping elcomercio on 2023-03-31: already crawled successfully.
2026-07-05 02:39:06,842 [INFO] src.corpus_acquisition.downloader: Skipping elcomercio on 2023-04-01: already crawled successfully.
2026-07-05 02:39:06,843 [INFO] src.corpus_acquisition.downloader: Skipping elcomercio on 2023-04-02: already crawled successfully.
2026-07-05 02:39:06,860 [INFO] src.corpus_acquisition.downloader: Opening archive for elcomercio on 2023-04-03
2026-07-05 02:39:12,746 [INFO] src.corpus_acquisition.downloader: Collected 7 / 60 pages
2026-07-05 02:39:16,940 [INFO] src.corpus_acquisition.downloader: Collected 9 / 60 pages
2026-07-05 02:39:19,044 [INFO] src.corpus_acquisition.downloader: Collected 11 / 60 pages
2026-07-05 02:39:21,144 [INFO] src.corpus_acquisition.downloader: Collected 13 / 60 pages
2026-07-05 02:39:23,370 [INFO] src.corpus_acquisition.downloader: Collected 15 / 60 pages
2026-07-05 02:39:25,505 [INFO] src.corpus_acquisition.downloader: Collected 17 / 60 pages
2026-07-05 02:39:27,609 [INFO] src.corpus_acquisition.downloader: Collected 19 / 60 pages
2026-07-05 02:39:29,707 [INFO] src.corpus_acquisition.downloader: Collected 21 / 60 pages
2026-07-05 02:39:31,813 [INFO] src.corpus_acquisition.downloader: Collected 23 / 60 pages
2026-07-05 02:39:33,916 [INFO] src.corpus_acquisition.downloader: Collected 25 / 60 pages
2026-07-05 02:39:36,137 [INFO] src.corpus_acquisition.downloader: Collected 27 / 60 pages
2026-07-05 02:39:38,241 [INFO] src.corpus_acquisition.downloader: Collected 28 / 60 pages
2026-07-05 02:39:44,567 [WARNING] src.corpus_acquisition.downloader: No new pages found after 3 attempts; stopping with 28 page(s).
2026-07-05 02:39:44,595 [INFO] src.corpus_acquisition.downloader: Page 1 already downloaded, skipping.
2026-07-05 02:39:44,595 [INFO] src.corpus_acquisition.downloader: Page 2 already downloaded, skipping.
2026-07-05 02:39:44,595 [INFO] src.corpus_acquisition.downloader: Page 3 already downloaded, skipping.
2026-07-05 02:39:44,595 [INFO] src.corpus_acquisition.downloader: Page 4 already downloaded, skipping.
2026-07-05 02:39:44,595 [INFO] src.corpus_acquisition.downloader: Page 5 already downloaded, skipping.
2026-07-05 02:39:44,595 [INFO] src.corpus_acquisition.downloader: Page 6 already downloaded, skipping.
2026-07-05 02:39:44,595 [INFO] src.corpus_acquisition.downloader: Page 7 already downloaded, skipping.
2026-07-05 02:39:44,595 [INFO] src.corpus_acquisition.downloader: Page 8 already downloaded, skipping.
2026-07-05 02:39:44,595 [INFO] src.corpus_acquisition.downloader: Page 9 already downloaded, skipping.
2026-07-05 02:39:44,595 [INFO] src.corpus_acquisition.downloader: Page 10 already downloaded, skipping.
2026-07-05 02:39:44,596 [INFO] src.corpus_acquisition.downloader: Page 11 already downloaded, skipping.
2026-07-05 02:39:44,596 [INFO] src.corpus_acquisition.downloader: Page 12 already downloaded, skipping.
2026-07-05 02:39:44,596 [INFO] src.corpus_acquisition.downloader: Downloading page 13 from https://i.prcdn.co/img?file=eaaj2023040300000000001001&page=13&scale=200&ticket=AHk3X0vzZ2ty7%2BP5P8n8KOA%3D
2026-07-05 02:39:44,597 [INFO] src.corpus_acquisition.crawler: Downloading -> data/raw/images/elcomercio/2023/04/03/elcomercio_2023-04-03_13.jpg
2026-07-05 02:39:47,049 [INFO] src.corpus_acquisition.downloader: Page 14 already downloaded, skipping.
2026-07-05 02:39:47,049 [INFO] src.corpus_acquisition.downloader: Page 15 already downloaded, skipping.
2026-07-05 02:39:47,049 [INFO] src.corpus_acquisition.downloader: Page 16 already downloaded, skipping.
2026-07-05 02:39:47,049 [INFO] src.corpus_acquisition.downloader: Page 17 already downloaded, skipping.
2026-07-05 02:39:47,049 [INFO] src.corpus_acquisition.downloader: Page 18 already downloaded, skipping.
2026-07-05 02:39:47,049 [INFO] src.corpus_acquisition.downloader: Page 19 already downloaded, skipping.
2026-07-05 02:39:47,049 [INFO] src.corpus_acquisition.downloader: Page 20 already downloaded, skipping.
2026-07-05 02:39:47,049 [INFO] src.corpus_acquisition.downloader: Page 21 already downloaded, skipping.
2026-07-05 02:39:47,049 [INFO] src.corpus_acquisition.downloader: Page 22 already downloaded, skipping.
2026-07-05 02:39:47,049 [INFO] src.corpus_acquisition.downloader: Page 23 already downloaded, skipping.
2026-07-05 02:39:47,049 [INFO] src.corpus_acquisition.downloader: Page 24 already downloaded, skipping.
2026-07-05 02:39:47,049 [INFO] src.corpus_acquisition.downloader: Page 25 already downloaded, skipping.
2026-07-05 02:39:47,049 [INFO] src.corpus_acquisition.downloader: Page 26 already downloaded, skipping.
2026-07-05 02:39:47,049 [INFO] src.corpus_acquisition.downloader: Page 27 already downloaded, skipping.
2026-07-05 02:39:47,049 [INFO] src.corpus_acquisition.downloader: Page 28 already downloaded, skipping.
2026-07-05 02:39:47,159 [INFO] src.corpus_acquisition.metadata_extractor: Saved metadata for 1 page(s) -> data/raw/metadata/raw_metadata.parquet (total rows: 57590)
2026-07-05 02:39:47,161 [INFO] src.corpus_acquisition.metadata_extractor: Saved crawl log -> data/raw/crawl_logs/elcomercio_2023-04-03.json (status=success)
2026-07-05 02:39:50,357 [INFO] src.corpus_acquisition.downloader: Skipping elcomercio on 2023-04-04: already crawled successfully.
2026-07-05 02:39:50,358 [INFO] src.corpus_acquisition.downloader: Skipping elcomercio on 2023-04-05: already crawled successfully.
2026-07-05 02:39:50,359 [INFO] src.corpus_acquisition.downloader: Skipping elcomercio on 2023-04-06: already crawled successfully.
2026-07-05 02:39:50,360 [INFO] src.corpus_acquisition.downloader: Skipping elcomercio on 2023-04-07: already crawled successfully.
2026-07-05 02:39:50,361 [INFO] src.corpus_acquisition.downloader: Skipping elcomercio on 2023-04-08: already crawled successfully.
2026-07-05 02:39:50,362 [INFO] src.corpus_acquisition.downloader: Skipping elcomercio on 2023-04-09: already crawled successfully.
2026-07-05 02:39:50,363 [INFO] src.corpus_acquisition.downloader: Skipping elcomercio on 2023-04-10: already crawled successfully.
2026-07-05 02:39:50,364 [INFO] src.corpus_acquisition.downloader: Skipping elcomercio on 2023-04-11: already crawled successfully.
2026-07-05 02:39:50,365 [INFO] src.corpus_acquisition.downloader: Skipping elcomercio on 2023-04-12: already crawled successfully.
2026-07-05 02:39:50,366 [INFO] src.corpus_acquisition.downloader: Skipping elcomercio on 2023-04-13: already crawled successfully.
2026-07-05 02:39:50,367 [INFO] src.corpus_acquisition.downloader: Skipping elcomercio on 2023-04-14: already crawled successfully.
2026-07-05 02:39:50,399 [INFO] src.corpus_acquisition.downloader: Opening archive for elcomercio on 2023-04-15
2026-07-05 02:39:56,234 [INFO] src.corpus_acquisition.downloader: Collected 7 / 60 pages
2026-07-05 02:40:00,421 [INFO] src.corpus_acquisition.downloader: Collected 9 / 60 pages
2026-07-05 02:40:02,529 [INFO] src.corpus_acquisition.downloader: Collected 11 / 60 pages
2026-07-05 02:40:04,622 [INFO] src.corpus_acquisition.downloader: Collected 13 / 60 pages
2026-07-05 02:40:06,731 [INFO] src.corpus_acquisition.downloader: Collected 15 / 60 pages
2026-07-05 02:40:08,831 [INFO] src.corpus_acquisition.downloader: Collected 17 / 60 pages
2026-07-05 02:40:10,924 [INFO] src.corpus_acquisition.downloader: Collected 19 / 60 pages
2026-07-05 02:40:13,028 [INFO] src.corpus_acquisition.downloader: Collected 21 / 60 pages
2026-07-05 02:40:15,132 [INFO] src.corpus_acquisition.downloader: Collected 23 / 60 pages
2026-07-05 02:40:17,245 [INFO] src.corpus_acquisition.downloader: Collected 24 / 60 pages
2026-07-05 02:40:23,683 [WARNING] src.corpus_acquisition.downloader: No new pages found after 3 attempts; stopping with 24 page(s).
2026-07-05 02:40:23,725 [INFO] src.corpus_acquisition.downloader: Page 1 already downloaded, skipping.
2026-07-05 02:40:23,725 [INFO] src.corpus_acquisition.downloader: Page 2 already downloaded, skipping.
2026-07-05 02:40:23,725 [INFO] src.corpus_acquisition.downloader: Page 3 already downloaded, skipping.
2026-07-05 02:40:23,725 [INFO] src.corpus_acquisition.downloader: Page 4 already downloaded, skipping.
2026-07-05 02:40:23,725 [INFO] src.corpus_acquisition.downloader: Page 5 already downloaded, skipping.
2026-07-05 02:40:23,725 [INFO] src.corpus_acquisition.downloader: Page 6 already downloaded, skipping.
2026-07-05 02:40:23,725 [INFO] src.corpus_acquisition.downloader: Page 7 already downloaded, skipping.
2026-07-05 02:40:23,725 [INFO] src.corpus_acquisition.downloader: Page 8 already downloaded, skipping.
2026-07-05 02:40:23,725 [INFO] src.corpus_acquisition.downloader: Page 9 already downloaded, skipping.
2026-07-05 02:40:23,725 [INFO] src.corpus_acquisition.downloader: Page 10 already downloaded, skipping.
2026-07-05 02:40:23,725 [INFO] src.corpus_acquisition.downloader: Page 11 already downloaded, skipping.
2026-07-05 02:40:23,726 [INFO] src.corpus_acquisition.downloader: Page 12 already downloaded, skipping.
2026-07-05 02:40:23,726 [INFO] src.corpus_acquisition.downloader: Page 13 already downloaded, skipping.
2026-07-05 02:40:23,726 [INFO] src.corpus_acquisition.downloader: Page 14 already downloaded, skipping.
2026-07-05 02:40:23,726 [INFO] src.corpus_acquisition.downloader: Page 15 already downloaded, skipping.
2026-07-05 02:40:23,726 [INFO] src.corpus_acquisition.downloader: Page 16 already downloaded, skipping.
2026-07-05 02:40:23,726 [INFO] src.corpus_acquisition.downloader: Page 17 already downloaded, skipping.
2026-07-05 02:40:23,726 [INFO] src.corpus_acquisition.downloader: Page 18 already downloaded, skipping.
2026-07-05 02:40:23,726 [INFO] src.corpus_acquisition.downloader: Page 19 already downloaded, skipping.
2026-07-05 02:40:23,726 [INFO] src.corpus_acquisition.downloader: Page 20 already downloaded, skipping.
2026-07-05 02:40:23,726 [INFO] src.corpus_acquisition.downloader: Page 21 already downloaded, skipping.
2026-07-05 02:40:23,727 [INFO] src.corpus_acquisition.downloader: Downloading page 22 from https://i.prcdn.co/img?file=eaaj2023041500000000001001&page=22&scale=200&ticket=ANSQGpUwgxm9I%2Fdg08fpN6o%3D
2026-07-05 02:40:23,727 [INFO] src.corpus_acquisition.crawler: Downloading -> data/raw/images/elcomercio/2023/04/15/elcomercio_2023-04-15_22.jpg
2026-07-05 02:40:26,479 [INFO] src.corpus_acquisition.downloader: Page 23 already downloaded, skipping.
2026-07-05 02:40:26,479 [INFO] src.corpus_acquisition.downloader: Page 24 already downloaded, skipping.
2026-07-05 02:40:26,582 [INFO] src.corpus_acquisition.metadata_extractor: Saved metadata for 1 page(s) -> data/raw/metadata/raw_metadata.parquet (total rows: 57591)
2026-07-05 02:40:26,585 [INFO] src.corpus_acquisition.metadata_extractor: Saved crawl log -> data/raw/crawl_logs/elcomercio_2023-04-15.json (status=success)
2026-07-05 02:40:29,848 [INFO] src.corpus_acquisition.downloader: Skipping elcomercio on 2023-04-16: already crawled successfully.
2026-07-05 02:40:29,849 [INFO] src.corpus_acquisition.downloader: Skipping elcomercio on 2023-04-17: already crawled successfully.
2026-07-05 02:40:29,850 [INFO] src.corpus_acquisition.downloader: Skipping elcomercio on 2023-04-18: already crawled successfully.
2026-07-05 02:40:29,852 [INFO] src.corpus_acquisition.downloader: Skipping elcomercio on 2023-04-19: already crawled successfully.
2026-07-05 02:40:29,853 [INFO] src.corpus_acquisition.downloader: Skipping elcomercio on 2023-04-20: already crawled successfully.
2026-07-05 02:40:29,854 [INFO] src.corpus_acquisition.downloader: Skipping elcomercio on 2023-04-21: already crawled successfully.
2026-07-05 02:40:29,855 [INFO] src.corpus_acquisition.downloader: Skipping elcomercio on 2023-04-22: already crawled successfully.
2026-07-05 02:40:29,863 [INFO] src.corpus_acquisition.downloader: Opening archive for elcomercio on 2023-04-23
2026-07-05 02:40:35,765 [INFO] src.corpus_acquisition.downloader: Collected 7 / 60 pages
2026-07-05 02:40:39,954 [INFO] src.corpus_acquisition.downloader: Collected 9 / 60 pages
2026-07-05 02:40:42,054 [INFO] src.corpus_acquisition.downloader: Collected 11 / 60 pages
2026-07-05 02:40:44,156 [INFO] src.corpus_acquisition.downloader: Collected 13 / 60 pages
2026-07-05 02:40:46,366 [INFO] src.corpus_acquisition.downloader: Collected 15 / 60 pages
2026-07-05 02:40:48,479 [INFO] src.corpus_acquisition.downloader: Collected 17 / 60 pages
2026-07-05 02:40:50,582 [INFO] src.corpus_acquisition.downloader: Collected 19 / 60 pages
2026-07-05 02:40:52,693 [INFO] src.corpus_acquisition.downloader: Collected 21 / 60 pages
2026-07-05 02:40:54,786 [INFO] src.corpus_acquisition.downloader: Collected 23 / 60 pages
2026-07-05 02:40:56,889 [INFO] src.corpus_acquisition.downloader: Collected 25 / 60 pages
2026-07-05 02:40:58,985 [INFO] src.corpus_acquisition.downloader: Collected 27 / 60 pages
2026-07-05 02:41:01,092 [INFO] src.corpus_acquisition.downloader: Collected 29 / 60 pages
2026-07-05 02:41:03,191 [INFO] src.corpus_acquisition.downloader: Collected 31 / 60 pages
2026-07-05 02:41:05,292 [INFO] src.corpus_acquisition.downloader: Collected 33 / 60 pages
2026-07-05 02:41:07,398 [INFO] src.corpus_acquisition.downloader: Collected 35 / 60 pages
2026-07-05 02:41:09,507 [INFO] src.corpus_acquisition.downloader: Collected 37 / 60 pages
2026-07-05 02:41:11,608 [INFO] src.corpus_acquisition.downloader: Collected 39 / 60 pages
2026-07-05 02:41:13,707 [INFO] src.corpus_acquisition.downloader: Collected 41 / 60 pages
2026-07-05 02:41:15,805 [INFO] src.corpus_acquisition.downloader: Collected 43 / 60 pages
2026-07-05 02:41:17,999 [INFO] src.corpus_acquisition.downloader: Collected 45 / 60 pages
2026-07-05 02:41:20,108 [INFO] src.corpus_acquisition.downloader: Collected 47 / 60 pages
2026-07-05 02:41:22,208 [INFO] src.corpus_acquisition.downloader: Collected 49 / 60 pages
2026-07-05 02:41:24,308 [INFO] src.corpus_acquisition.downloader: Collected 51 / 60 pages
2026-07-05 02:41:26,405 [INFO] src.corpus_acquisition.downloader: Collected 52 / 60 pages
2026-07-05 02:41:32,764 [WARNING] src.corpus_acquisition.downloader: No new pages found after 3 attempts; stopping with 52 page(s).
2026-07-05 02:41:32,797 [INFO] src.corpus_acquisition.downloader: Page 1 already downloaded, skipping.
2026-07-05 02:41:32,797 [INFO] src.corpus_acquisition.downloader: Page 2 already downloaded, skipping.
2026-07-05 02:41:32,797 [INFO] src.corpus_acquisition.downloader: Page 3 already downloaded, skipping.
2026-07-05 02:41:32,798 [INFO] src.corpus_acquisition.downloader: Page 4 already downloaded, skipping.
2026-07-05 02:41:32,798 [INFO] src.corpus_acquisition.downloader: Page 5 already downloaded, skipping.
2026-07-05 02:41:32,798 [INFO] src.corpus_acquisition.downloader: Page 6 already downloaded, skipping.
2026-07-05 02:41:32,798 [INFO] src.corpus_acquisition.downloader: Page 7 already downloaded, skipping.
2026-07-05 02:41:32,799 [INFO] src.corpus_acquisition.downloader: Page 8 already downloaded, skipping.
2026-07-05 02:41:32,799 [INFO] src.corpus_acquisition.downloader: Page 9 already downloaded, skipping.
2026-07-05 02:41:32,799 [INFO] src.corpus_acquisition.downloader: Page 10 already downloaded, skipping.
2026-07-05 02:41:32,799 [INFO] src.corpus_acquisition.downloader: Page 11 already downloaded, skipping.
2026-07-05 02:41:32,800 [INFO] src.corpus_acquisition.downloader: Page 12 already downloaded, skipping.
2026-07-05 02:41:32,800 [INFO] src.corpus_acquisition.downloader: Page 13 already downloaded, skipping.
2026-07-05 02:41:32,800 [INFO] src.corpus_acquisition.downloader: Page 14 already downloaded, skipping.
2026-07-05 02:41:32,800 [INFO] src.corpus_acquisition.downloader: Page 15 already downloaded, skipping.
2026-07-05 02:41:32,801 [INFO] src.corpus_acquisition.downloader: Page 16 already downloaded, skipping.
2026-07-05 02:41:32,801 [INFO] src.corpus_acquisition.downloader: Page 17 already downloaded, skipping.
2026-07-05 02:41:32,801 [INFO] src.corpus_acquisition.downloader: Page 18 already downloaded, skipping.
2026-07-05 02:41:32,801 [INFO] src.corpus_acquisition.downloader: Page 19 already downloaded, skipping.
2026-07-05 02:41:32,802 [INFO] src.corpus_acquisition.downloader: Page 20 already downloaded, skipping.
2026-07-05 02:41:32,802 [INFO] src.corpus_acquisition.downloader: Downloading page 21 from https://i.prcdn.co/img?file=eaaj2023042300000051001001&page=21&scale=200&ticket=ACS9Sj7uXqZAZ2MAciAk3KE%3D
2026-07-05 02:41:32,802 [INFO] src.corpus_acquisition.crawler: Downloading -> data/raw/images/elcomercio/2023/04/23/elcomercio_2023-04-23_21.jpg
2026-07-05 02:41:33,071 [ERROR] src.corpus_acquisition.downloader: Rate-limited (403) on page 21 for elcomercio on 2023-04-23; aborting run.
2026-07-05 02:41:33,074 [INFO] src.corpus_acquisition.metadata_extractor: Saved crawl log -> data/raw/crawl_logs/elcomercio_2023-04-23.json (status=failed)
2026-07-05 02:41:33,074 [ERROR] __main__: Stopped due to rate limiting (403): Received 403 while downloading page 21 from https://i.prcdn.co/img?file=eaaj2023042300000051001001&page=21&scale=200&ticket=ACS9Sj7uXqZAZ2MAciAk3KE%3D
Warning: failed to close context cleanly: Cannot switch to a different thread
	Current:  <greenlet.greenlet object at 0x15552ff73000 (otid=0x1554e4000b90) current active started main>
	Expected: <greenlet.greenlet object at 0x155545741fc0 (otid=0x7f9540) suspended active started main>
Warning: failed to stop playwright cleanly: Cannot switch to a different thread
	Current:  <greenlet.greenlet object at 0x15552ff73000 (otid=0x1554e4000b90) current active started main>
	Expected: <greenlet.greenlet object at 0x155545741fc0 (otid=0x7f9540) suspended active started main>
Rate-limited (403). Resubmitting in 40 minutes...
Submitted batch job 26015427
