2026-07-15 18:46:37,926 [INFO] __main__: Logging in to portal...
2026-07-15 18:46:37,926 [WARNING] __main__: PressReader login is currently disabled. Proceeding without login.
2026-07-15 18:46:37,932 [INFO] src.corpus_acquisition.downloader: Skipping ojo on 2021-07-23: already crawled successfully.
2026-07-15 18:46:39,142 [INFO] src.corpus_acquisition.downloader: Page 1 already downloaded, skipping.
2026-07-15 18:46:39,143 [INFO] src.corpus_acquisition.downloader: Page 2 already downloaded, skipping.
2026-07-15 18:46:39,145 [INFO] src.corpus_acquisition.downloader: Page 3 already downloaded, skipping.
2026-07-15 18:46:39,156 [INFO] src.corpus_acquisition.downloader: Page 4 already downloaded, skipping.
2026-07-15 18:46:39,167 [INFO] src.corpus_acquisition.downloader: Page 5 already downloaded, skipping.
2026-07-15 18:46:39,178 [INFO] src.corpus_acquisition.downloader: Page 6 already downloaded, skipping.
2026-07-15 18:46:39,188 [INFO] src.corpus_acquisition.downloader: Page 7 already downloaded, skipping.
2026-07-15 18:46:39,188 [INFO] src.corpus_acquisition.downloader: Page 8 already downloaded, skipping.
2026-07-15 18:46:39,189 [INFO] src.corpus_acquisition.downloader: Page 9 already downloaded, skipping.
2026-07-15 18:46:39,189 [INFO] src.corpus_acquisition.downloader: Downloading page 10 from https://t.prcdn.co/img?file=eags2021072400000000001001&page=10&scale=80
2026-07-15 18:46:39,189 [INFO] src.corpus_acquisition.crawler: Downloading -> data/raw/images/ojo/2021/07/24/ojo_2021-07-24_10.jpg
2026-07-15 18:46:43,073 [INFO] src.corpus_acquisition.downloader: Downloading page 11 from https://t.prcdn.co/img?file=eags2021072400000000001001&page=11&scale=80
2026-07-15 18:46:43,074 [INFO] src.corpus_acquisition.crawler: Downloading -> data/raw/images/ojo/2021/07/24/ojo_2021-07-24_11.jpg
2026-07-15 18:46:45,490 [INFO] src.corpus_acquisition.downloader: Downloading page 12 from https://t.prcdn.co/img?file=eags2021072400000000001001&page=12&scale=80
2026-07-15 18:46:45,491 [INFO] src.corpus_acquisition.crawler: Downloading -> data/raw/images/ojo/2021/07/24/ojo_2021-07-24_12.jpg
2026-07-15 18:46:48,132 [INFO] src.corpus_acquisition.downloader: Downloading page 13 from https://t.prcdn.co/img?file=eags2021072400000000001001&page=13&scale=80
2026-07-15 18:46:48,132 [INFO] src.corpus_acquisition.crawler: Downloading -> data/raw/images/ojo/2021/07/24/ojo_2021-07-24_13.jpg
2026-07-15 18:46:51,065 [INFO] src.corpus_acquisition.downloader: Downloading page 14 from https://t.prcdn.co/img?file=eags2021072400000000001001&page=14&scale=80
2026-07-15 18:46:51,076 [INFO] src.corpus_acquisition.crawler: Downloading -> data/raw/images/ojo/2021/07/24/ojo_2021-07-24_14.jpg
2026-07-15 18:46:53,942 [INFO] src.corpus_acquisition.downloader: Downloading page 15 from https://t.prcdn.co/img?file=eags2021072400000000001001&page=15&scale=80
2026-07-15 18:46:53,942 [INFO] src.corpus_acquisition.crawler: Downloading -> data/raw/images/ojo/2021/07/24/ojo_2021-07-24_15.jpg
2026-07-15 18:46:56,909 [INFO] src.corpus_acquisition.downloader: Downloading page 16 from https://t.prcdn.co/img?file=eags2021072400000000001001&page=16&scale=80
2026-07-15 18:46:56,909 [INFO] src.corpus_acquisition.crawler: Downloading -> data/raw/images/ojo/2021/07/24/ojo_2021-07-24_16.jpg
2026-07-15 18:47:00,129 [INFO] src.corpus_acquisition.downloader: Downloading page 17 from https://t.prcdn.co/img?file=eags2021072400000000001001&page=17&scale=80
2026-07-15 18:47:00,129 [INFO] src.corpus_acquisition.crawler: Downloading -> data/raw/images/ojo/2021/07/24/ojo_2021-07-24_17.jpg
2026-07-15 18:47:02,911 [INFO] src.corpus_acquisition.downloader: Downloading page 18 from https://t.prcdn.co/img?file=eags2021072400000000001001&page=18&scale=80
2026-07-15 18:47:02,914 [INFO] src.corpus_acquisition.crawler: Downloading -> data/raw/images/ojo/2021/07/24/ojo_2021-07-24_18.jpg
2026-07-15 18:47:06,047 [INFO] src.corpus_acquisition.downloader: Downloading page 19 from https://t.prcdn.co/img?file=eags2021072400000000001001&page=19&scale=80
2026-07-15 18:47:06,056 [INFO] src.corpus_acquisition.crawler: Downloading -> data/raw/images/ojo/2021/07/24/ojo_2021-07-24_19.jpg
2026-07-15 18:47:08,764 [INFO] src.corpus_acquisition.downloader: Downloading page 20 from https://t.prcdn.co/img?file=eags2021072400000000001001&page=20&scale=80
2026-07-15 18:47:08,775 [INFO] src.corpus_acquisition.crawler: Downloading -> data/raw/images/ojo/2021/07/24/ojo_2021-07-24_20.jpg
2026-07-15 18:47:10,823 [INFO] src.corpus_acquisition.downloader: Downloading page 21 from https://t.prcdn.co/img?file=eags2021072400000000001001&page=21&scale=80
2026-07-15 18:47:10,823 [INFO] src.corpus_acquisition.crawler: Downloading -> data/raw/images/ojo/2021/07/24/ojo_2021-07-24_21.jpg
2026-07-15 18:47:11,051 [WARNING] src.corpus_acquisition.downloader: Page 21 not found (1/3).
2026-07-15 18:47:11,052 [INFO] src.corpus_acquisition.downloader: Downloading page 22 from https://t.prcdn.co/img?file=eags2021072400000000001001&page=22&scale=80
2026-07-15 18:47:11,052 [INFO] src.corpus_acquisition.crawler: Downloading -> data/raw/images/ojo/2021/07/24/ojo_2021-07-24_22.jpg
2026-07-15 18:47:11,273 [WARNING] src.corpus_acquisition.downloader: Page 22 not found (2/3).
2026-07-15 18:47:11,273 [INFO] src.corpus_acquisition.downloader: Downloading page 23 from https://t.prcdn.co/img?file=eags2021072400000000001001&page=23&scale=80
2026-07-15 18:47:11,273 [INFO] src.corpus_acquisition.crawler: Downloading -> data/raw/images/ojo/2021/07/24/ojo_2021-07-24_23.jpg
2026-07-15 18:47:11,501 [WARNING] src.corpus_acquisition.downloader: Page 23 not found (3/3).
2026-07-15 18:47:11,501 [WARNING] src.corpus_acquisition.downloader: No new pages found after 3 attempts; stopping with 11 page(s).
2026-07-15 18:47:11,550 [INFO] src.corpus_acquisition.metadata_extractor: Saved metadata for 11 page(s) -> data/raw/metadata/ojo_metadata.parquet (total rows: 9685)
2026-07-15 18:47:11,557 [INFO] src.corpus_acquisition.metadata_extractor: Saved crawl log -> data/raw/crawl_logs/ojo_2021-07-24.json (status=success)
2026-07-15 18:47:12,069 [INFO] src.corpus_acquisition.downloader: Downloading page 1 from https://t.prcdn.co/img?file=eags2021072500000000001001&page=1&scale=80
2026-07-15 18:47:12,075 [INFO] src.corpus_acquisition.crawler: Downloading -> data/raw/images/ojo/2021/07/25/ojo_2021-07-25_1.jpg
2026-07-15 18:47:14,434 [INFO] src.corpus_acquisition.downloader: Downloading page 2 from https://t.prcdn.co/img?file=eags2021072500000000001001&page=2&scale=80
2026-07-15 18:47:14,435 [INFO] src.corpus_acquisition.crawler: Downloading -> data/raw/images/ojo/2021/07/25/ojo_2021-07-25_2.jpg
2026-07-15 18:47:17,983 [INFO] src.corpus_acquisition.downloader: Downloading page 3 from https://t.prcdn.co/img?file=eags2021072500000000001001&page=3&scale=80
2026-07-15 18:47:17,983 [INFO] src.corpus_acquisition.crawler: Downloading -> data/raw/images/ojo/2021/07/25/ojo_2021-07-25_3.jpg
2026-07-15 18:47:20,991 [INFO] src.corpus_acquisition.downloader: Downloading page 4 from https://t.prcdn.co/img?file=eags2021072500000000001001&page=4&scale=80
2026-07-15 18:47:20,991 [INFO] src.corpus_acquisition.crawler: Downloading -> data/raw/images/ojo/2021/07/25/ojo_2021-07-25_4.jpg
2026-07-15 18:47:24,361 [INFO] src.corpus_acquisition.downloader: Downloading page 5 from https://t.prcdn.co/img?file=eags2021072500000000001001&page=5&scale=80
2026-07-15 18:47:24,361 [INFO] src.corpus_acquisition.crawler: Downloading -> data/raw/images/ojo/2021/07/25/ojo_2021-07-25_5.jpg
2026-07-15 18:47:26,925 [INFO] src.corpus_acquisition.downloader: Downloading page 6 from https://t.prcdn.co/img?file=eags2021072500000000001001&page=6&scale=80
2026-07-15 18:47:26,926 [INFO] src.corpus_acquisition.crawler: Downloading -> data/raw/images/ojo/2021/07/25/ojo_2021-07-25_6.jpg
2026-07-15 18:47:29,213 [INFO] src.corpus_acquisition.downloader: Downloading page 7 from https://t.prcdn.co/img?file=eags2021072500000000001001&page=7&scale=80
2026-07-15 18:47:29,213 [INFO] src.corpus_acquisition.crawler: Downloading -> data/raw/images/ojo/2021/07/25/ojo_2021-07-25_7.jpg
2026-07-15 18:47:31,751 [INFO] src.corpus_acquisition.downloader: Downloading page 8 from https://t.prcdn.co/img?file=eags2021072500000000001001&page=8&scale=80
2026-07-15 18:47:31,751 [INFO] src.corpus_acquisition.crawler: Downloading -> data/raw/images/ojo/2021/07/25/ojo_2021-07-25_8.jpg
2026-07-15 18:47:34,171 [INFO] src.corpus_acquisition.downloader: Downloading page 9 from https://t.prcdn.co/img?file=eags2021072500000000001001&page=9&scale=80
2026-07-15 18:47:34,171 [INFO] src.corpus_acquisition.crawler: Downloading -> data/raw/images/ojo/2021/07/25/ojo_2021-07-25_9.jpg
2026-07-15 18:47:37,767 [INFO] src.corpus_acquisition.downloader: Downloading page 10 from https://t.prcdn.co/img?file=eags2021072500000000001001&page=10&scale=80
2026-07-15 18:47:37,767 [INFO] src.corpus_acquisition.crawler: Downloading -> data/raw/images/ojo/2021/07/25/ojo_2021-07-25_10.jpg
2026-07-15 18:47:40,463 [INFO] src.corpus_acquisition.downloader: Downloading page 11 from https://t.prcdn.co/img?file=eags2021072500000000001001&page=11&scale=80
2026-07-15 18:47:40,464 [INFO] src.corpus_acquisition.crawler: Downloading -> data/raw/images/ojo/2021/07/25/ojo_2021-07-25_11.jpg
2026-07-15 18:47:43,306 [INFO] src.corpus_acquisition.downloader: Downloading page 12 from https://t.prcdn.co/img?file=eags2021072500000000001001&page=12&scale=80
2026-07-15 18:47:43,306 [INFO] src.corpus_acquisition.crawler: Downloading -> data/raw/images/ojo/2021/07/25/ojo_2021-07-25_12.jpg
2026-07-15 18:47:46,517 [INFO] src.corpus_acquisition.downloader: Downloading page 13 from https://t.prcdn.co/img?file=eags2021072500000000001001&page=13&scale=80
2026-07-15 18:47:46,518 [INFO] src.corpus_acquisition.crawler: Downloading -> data/raw/images/ojo/2021/07/25/ojo_2021-07-25_13.jpg
2026-07-15 18:47:49,402 [INFO] src.corpus_acquisition.downloader: Downloading page 14 from https://t.prcdn.co/img?file=eags2021072500000000001001&page=14&scale=80
2026-07-15 18:47:49,403 [INFO] src.corpus_acquisition.crawler: Downloading -> data/raw/images/ojo/2021/07/25/ojo_2021-07-25_14.jpg
2026-07-15 18:47:52,193 [INFO] src.corpus_acquisition.downloader: Downloading page 15 from https://t.prcdn.co/img?file=eags2021072500000000001001&page=15&scale=80
2026-07-15 18:47:52,196 [INFO] src.corpus_acquisition.crawler: Downloading -> data/raw/images/ojo/2021/07/25/ojo_2021-07-25_15.jpg
2026-07-15 18:47:54,613 [INFO] src.corpus_acquisition.downloader: Downloading page 16 from https://t.prcdn.co/img?file=eags2021072500000000001001&page=16&scale=80
2026-07-15 18:47:54,614 [INFO] src.corpus_acquisition.crawler: Downloading -> data/raw/images/ojo/2021/07/25/ojo_2021-07-25_16.jpg
2026-07-15 18:47:56,924 [INFO] src.corpus_acquisition.downloader: Downloading page 17 from https://t.prcdn.co/img?file=eags2021072500000000001001&page=17&scale=80
2026-07-15 18:47:56,924 [INFO] src.corpus_acquisition.crawler: Downloading -> data/raw/images/ojo/2021/07/25/ojo_2021-07-25_17.jpg
2026-07-15 18:48:00,136 [INFO] src.corpus_acquisition.downloader: Downloading page 18 from https://t.prcdn.co/img?file=eags2021072500000000001001&page=18&scale=80
2026-07-15 18:48:00,144 [INFO] src.corpus_acquisition.crawler: Downloading -> data/raw/images/ojo/2021/07/25/ojo_2021-07-25_18.jpg
2026-07-15 18:48:03,009 [INFO] src.corpus_acquisition.downloader: Downloading page 19 from https://t.prcdn.co/img?file=eags2021072500000000001001&page=19&scale=80
2026-07-15 18:48:03,009 [INFO] src.corpus_acquisition.crawler: Downloading -> data/raw/images/ojo/2021/07/25/ojo_2021-07-25_19.jpg
2026-07-15 18:48:05,662 [INFO] src.corpus_acquisition.downloader: Downloading page 20 from https://t.prcdn.co/img?file=eags2021072500000000001001&page=20&scale=80
2026-07-15 18:48:05,673 [INFO] src.corpus_acquisition.crawler: Downloading -> data/raw/images/ojo/2021/07/25/ojo_2021-07-25_20.jpg
2026-07-15 18:48:09,622 [INFO] src.corpus_acquisition.downloader: Downloading page 21 from https://t.prcdn.co/img?file=eags2021072500000000001001&page=21&scale=80
2026-07-15 18:48:09,622 [INFO] src.corpus_acquisition.crawler: Downloading -> data/raw/images/ojo/2021/07/25/ojo_2021-07-25_21.jpg
2026-07-15 18:48:09,870 [WARNING] src.corpus_acquisition.downloader: Page 21 not found (1/3).
2026-07-15 18:48:09,871 [INFO] src.corpus_acquisition.downloader: Downloading page 22 from https://t.prcdn.co/img?file=eags2021072500000000001001&page=22&scale=80
2026-07-15 18:48:09,872 [INFO] src.corpus_acquisition.crawler: Downloading -> data/raw/images/ojo/2021/07/25/ojo_2021-07-25_22.jpg
2026-07-15 18:48:10,117 [WARNING] src.corpus_acquisition.downloader: Page 22 not found (2/3).
2026-07-15 18:48:10,118 [INFO] src.corpus_acquisition.downloader: Downloading page 23 from https://t.prcdn.co/img?file=eags2021072500000000001001&page=23&scale=80
2026-07-15 18:48:10,118 [INFO] src.corpus_acquisition.crawler: Downloading -> data/raw/images/ojo/2021/07/25/ojo_2021-07-25_23.jpg
2026-07-15 18:48:10,366 [WARNING] src.corpus_acquisition.downloader: Page 23 not found (3/3).
2026-07-15 18:48:10,367 [WARNING] src.corpus_acquisition.downloader: No new pages found after 3 attempts; stopping with 20 page(s).
2026-07-15 18:48:10,393 [INFO] src.corpus_acquisition.metadata_extractor: Saved metadata for 20 page(s) -> data/raw/metadata/ojo_metadata.parquet (total rows: 9705)
2026-07-15 18:48:10,396 [INFO] src.corpus_acquisition.metadata_extractor: Saved crawl log -> data/raw/crawl_logs/ojo_2021-07-25.json (status=success)
2026-07-15 18:48:11,201 [INFO] src.corpus_acquisition.downloader: Downloading page 1 from https://t.prcdn.co/img?file=eags2021072600000000001001&page=1&scale=80
2026-07-15 18:48:11,202 [INFO] src.corpus_acquisition.crawler: Downloading -> data/raw/images/ojo/2021/07/26/ojo_2021-07-26_1.jpg
2026-07-15 18:48:12,979 [INFO] src.corpus_acquisition.downloader: Downloading page 2 from https://t.prcdn.co/img?file=eags2021072600000000001001&page=2&scale=80
2026-07-15 18:48:12,980 [INFO] src.corpus_acquisition.crawler: Downloading -> data/raw/images/ojo/2021/07/26/ojo_2021-07-26_2.jpg
2026-07-15 18:48:15,578 [INFO] src.corpus_acquisition.downloader: Downloading page 3 from https://t.prcdn.co/img?file=eags2021072600000000001001&page=3&scale=80
2026-07-15 18:48:15,579 [INFO] src.corpus_acquisition.crawler: Downloading -> data/raw/images/ojo/2021/07/26/ojo_2021-07-26_3.jpg
2026-07-15 18:48:18,557 [INFO] src.corpus_acquisition.downloader: Downloading page 4 from https://t.prcdn.co/img?file=eags2021072600000000001001&page=4&scale=80
2026-07-15 18:48:18,557 [INFO] src.corpus_acquisition.crawler: Downloading -> data/raw/images/ojo/2021/07/26/ojo_2021-07-26_4.jpg
2026-07-15 18:48:21,894 [INFO] src.corpus_acquisition.downloader: Downloading page 5 from https://t.prcdn.co/img?file=eags2021072600000000001001&page=5&scale=80
2026-07-15 18:48:21,894 [INFO] src.corpus_acquisition.crawler: Downloading -> data/raw/images/ojo/2021/07/26/ojo_2021-07-26_5.jpg
2026-07-15 18:48:24,380 [INFO] src.corpus_acquisition.downloader: Downloading page 6 from https://t.prcdn.co/img?file=eags2021072600000000001001&page=6&scale=80
2026-07-15 18:48:24,381 [INFO] src.corpus_acquisition.crawler: Downloading -> data/raw/images/ojo/2021/07/26/ojo_2021-07-26_6.jpg
2026-07-15 18:48:27,572 [INFO] src.corpus_acquisition.downloader: Downloading page 7 from https://t.prcdn.co/img?file=eags2021072600000000001001&page=7&scale=80
2026-07-15 18:48:27,572 [INFO] src.corpus_acquisition.crawler: Downloading -> data/raw/images/ojo/2021/07/26/ojo_2021-07-26_7.jpg
2026-07-15 18:48:30,798 [INFO] src.corpus_acquisition.downloader: Downloading page 8 from https://t.prcdn.co/img?file=eags2021072600000000001001&page=8&scale=80
2026-07-15 18:48:30,809 [INFO] src.corpus_acquisition.crawler: Downloading -> data/raw/images/ojo/2021/07/26/ojo_2021-07-26_8.jpg
2026-07-15 18:48:33,712 [INFO] src.corpus_acquisition.downloader: Downloading page 9 from https://t.prcdn.co/img?file=eags2021072600000000001001&page=9&scale=80
2026-07-15 18:48:33,712 [INFO] src.corpus_acquisition.crawler: Downloading -> data/raw/images/ojo/2021/07/26/ojo_2021-07-26_9.jpg
2026-07-15 18:48:36,884 [INFO] src.corpus_acquisition.downloader: Downloading page 10 from https://t.prcdn.co/img?file=eags2021072600000000001001&page=10&scale=80
2026-07-15 18:48:36,885 [INFO] src.corpus_acquisition.crawler: Downloading -> data/raw/images/ojo/2021/07/26/ojo_2021-07-26_10.jpg
2026-07-15 18:48:39,915 [INFO] src.corpus_acquisition.downloader: Downloading page 11 from https://t.prcdn.co/img?file=eags2021072600000000001001&page=11&scale=80
2026-07-15 18:48:39,926 [INFO] src.corpus_acquisition.crawler: Downloading -> data/raw/images/ojo/2021/07/26/ojo_2021-07-26_11.jpg
2026-07-15 18:48:42,408 [INFO] src.corpus_acquisition.downloader: Downloading page 12 from https://t.prcdn.co/img?file=eags2021072600000000001001&page=12&scale=80
2026-07-15 18:48:42,408 [INFO] src.corpus_acquisition.crawler: Downloading -> data/raw/images/ojo/2021/07/26/ojo_2021-07-26_12.jpg
2026-07-15 18:48:44,928 [INFO] src.corpus_acquisition.downloader: Downloading page 13 from https://t.prcdn.co/img?file=eags2021072600000000001001&page=13&scale=80
2026-07-15 18:48:44,929 [INFO] src.corpus_acquisition.crawler: Downloading -> data/raw/images/ojo/2021/07/26/ojo_2021-07-26_13.jpg
2026-07-15 18:48:47,722 [INFO] src.corpus_acquisition.downloader: Downloading page 14 from https://t.prcdn.co/img?file=eags2021072600000000001001&page=14&scale=80
2026-07-15 18:48:47,722 [INFO] src.corpus_acquisition.crawler: Downloading -> data/raw/images/ojo/2021/07/26/ojo_2021-07-26_14.jpg
2026-07-15 18:48:50,563 [INFO] src.corpus_acquisition.downloader: Downloading page 15 from https://t.prcdn.co/img?file=eags2021072600000000001001&page=15&scale=80
2026-07-15 18:48:50,574 [INFO] src.corpus_acquisition.crawler: Downloading -> data/raw/images/ojo/2021/07/26/ojo_2021-07-26_15.jpg
2026-07-15 18:48:53,722 [INFO] src.corpus_acquisition.downloader: Downloading page 16 from https://t.prcdn.co/img?file=eags2021072600000000001001&page=16&scale=80
2026-07-15 18:48:53,724 [INFO] src.corpus_acquisition.crawler: Downloading -> data/raw/images/ojo/2021/07/26/ojo_2021-07-26_16.jpg
2026-07-15 18:48:56,215 [INFO] src.corpus_acquisition.downloader: Downloading page 17 from https://t.prcdn.co/img?file=eags2021072600000000001001&page=17&scale=80
2026-07-15 18:48:56,226 [INFO] src.corpus_acquisition.crawler: Downloading -> data/raw/images/ojo/2021/07/26/ojo_2021-07-26_17.jpg
2026-07-15 18:48:59,118 [INFO] src.corpus_acquisition.downloader: Downloading page 18 from https://t.prcdn.co/img?file=eags2021072600000000001001&page=18&scale=80
2026-07-15 18:48:59,123 [INFO] src.corpus_acquisition.crawler: Downloading -> data/raw/images/ojo/2021/07/26/ojo_2021-07-26_18.jpg
2026-07-15 18:49:01,390 [INFO] src.corpus_acquisition.downloader: Downloading page 19 from https://t.prcdn.co/img?file=eags2021072600000000001001&page=19&scale=80
2026-07-15 18:49:01,391 [INFO] src.corpus_acquisition.crawler: Downloading -> data/raw/images/ojo/2021/07/26/ojo_2021-07-26_19.jpg
2026-07-15 18:49:04,173 [INFO] src.corpus_acquisition.downloader: Downloading page 20 from https://t.prcdn.co/img?file=eags2021072600000000001001&page=20&scale=80
2026-07-15 18:49:04,174 [INFO] src.corpus_acquisition.crawler: Downloading -> data/raw/images/ojo/2021/07/26/ojo_2021-07-26_20.jpg
2026-07-15 18:49:06,676 [INFO] src.corpus_acquisition.downloader: Downloading page 21 from https://t.prcdn.co/img?file=eags2021072600000000001001&page=21&scale=80
2026-07-15 18:49:06,687 [INFO] src.corpus_acquisition.crawler: Downloading -> data/raw/images/ojo/2021/07/26/ojo_2021-07-26_21.jpg
2026-07-15 18:49:06,926 [WARNING] src.corpus_acquisition.downloader: Page 21 not found (1/3).
2026-07-15 18:49:06,927 [INFO] src.corpus_acquisition.downloader: Downloading page 22 from https://t.prcdn.co/img?file=eags2021072600000000001001&page=22&scale=80
2026-07-15 18:49:06,938 [INFO] src.corpus_acquisition.crawler: Downloading -> data/raw/images/ojo/2021/07/26/ojo_2021-07-26_22.jpg
2026-07-15 18:49:07,189 [WARNING] src.corpus_acquisition.downloader: Page 22 not found (2/3).
2026-07-15 18:49:07,189 [INFO] src.corpus_acquisition.downloader: Downloading page 23 from https://t.prcdn.co/img?file=eags2021072600000000001001&page=23&scale=80
2026-07-15 18:49:07,190 [INFO] src.corpus_acquisition.crawler: Downloading -> data/raw/images/ojo/2021/07/26/ojo_2021-07-26_23.jpg
2026-07-15 18:49:07,413 [WARNING] src.corpus_acquisition.downloader: Page 23 not found (3/3).
2026-07-15 18:49:07,413 [WARNING] src.corpus_acquisition.downloader: No new pages found after 3 attempts; stopping with 20 page(s).
2026-07-15 18:49:07,455 [INFO] src.corpus_acquisition.metadata_extractor: Saved metadata for 20 page(s) -> data/raw/metadata/ojo_metadata.parquet (total rows: 9725)
2026-07-15 18:49:07,459 [INFO] src.corpus_acquisition.metadata_extractor: Saved crawl log -> data/raw/crawl_logs/ojo_2021-07-26.json (status=success)
2026-07-15 18:49:08,231 [INFO] src.corpus_acquisition.downloader: Downloading page 1 from https://t.prcdn.co/img?file=eags2021072700000000001001&page=1&scale=80
2026-07-15 18:49:08,239 [INFO] src.corpus_acquisition.crawler: Downloading -> data/raw/images/ojo/2021/07/27/ojo_2021-07-27_1.jpg
2026-07-15 18:49:10,689 [INFO] src.corpus_acquisition.downloader: Downloading page 2 from https://t.prcdn.co/img?file=eags2021072700000000001001&page=2&scale=80
2026-07-15 18:49:10,700 [INFO] src.corpus_acquisition.crawler: Downloading -> data/raw/images/ojo/2021/07/27/ojo_2021-07-27_2.jpg
2026-07-15 18:49:14,530 [INFO] src.corpus_acquisition.downloader: Downloading page 3 from https://t.prcdn.co/img?file=eags2021072700000000001001&page=3&scale=80
2026-07-15 18:49:14,531 [INFO] src.corpus_acquisition.crawler: Downloading -> data/raw/images/ojo/2021/07/27/ojo_2021-07-27_3.jpg
2026-07-15 18:49:17,580 [INFO] src.corpus_acquisition.downloader: Downloading page 4 from https://t.prcdn.co/img?file=eags2021072700000000001001&page=4&scale=80
2026-07-15 18:49:17,590 [INFO] src.corpus_acquisition.crawler: Downloading -> data/raw/images/ojo/2021/07/27/ojo_2021-07-27_4.jpg
2026-07-15 18:49:20,845 [INFO] src.corpus_acquisition.downloader: Downloading page 5 from https://t.prcdn.co/img?file=eags2021072700000000001001&page=5&scale=80
2026-07-15 18:49:20,846 [INFO] src.corpus_acquisition.crawler: Downloading -> data/raw/images/ojo/2021/07/27/ojo_2021-07-27_5.jpg
2026-07-15 18:49:23,048 [INFO] src.corpus_acquisition.downloader: Downloading page 6 from https://t.prcdn.co/img?file=eags2021072700000000001001&page=6&scale=80
2026-07-15 18:49:23,059 [INFO] src.corpus_acquisition.crawler: Downloading -> data/raw/images/ojo/2021/07/27/ojo_2021-07-27_6.jpg
2026-07-15 18:49:25,869 [INFO] src.corpus_acquisition.downloader: Downloading page 7 from https://t.prcdn.co/img?file=eags2021072700000000001001&page=7&scale=80
2026-07-15 18:49:25,869 [INFO] src.corpus_acquisition.crawler: Downloading -> data/raw/images/ojo/2021/07/27/ojo_2021-07-27_7.jpg
2026-07-15 18:49:28,447 [INFO] src.corpus_acquisition.downloader: Downloading page 8 from https://t.prcdn.co/img?file=eags2021072700000000001001&page=8&scale=80
2026-07-15 18:49:28,448 [INFO] src.corpus_acquisition.crawler: Downloading -> data/raw/images/ojo/2021/07/27/ojo_2021-07-27_8.jpg
2026-07-15 18:49:32,033 [INFO] src.corpus_acquisition.downloader: Downloading page 9 from https://t.prcdn.co/img?file=eags2021072700000000001001&page=9&scale=80
2026-07-15 18:49:32,044 [INFO] src.corpus_acquisition.crawler: Downloading -> data/raw/images/ojo/2021/07/27/ojo_2021-07-27_9.jpg
2026-07-15 18:49:35,040 [INFO] src.corpus_acquisition.downloader: Downloading page 10 from https://t.prcdn.co/img?file=eags2021072700000000001001&page=10&scale=80
2026-07-15 18:49:35,041 [INFO] src.corpus_acquisition.crawler: Downloading -> data/raw/images/ojo/2021/07/27/ojo_2021-07-27_10.jpg
2026-07-15 18:49:37,121 [INFO] src.corpus_acquisition.downloader: Downloading page 11 from https://t.prcdn.co/img?file=eags2021072700000000001001&page=11&scale=80
2026-07-15 18:49:37,132 [INFO] src.corpus_acquisition.crawler: Downloading -> data/raw/images/ojo/2021/07/27/ojo_2021-07-27_11.jpg
2026-07-15 18:49:39,103 [INFO] src.corpus_acquisition.downloader: Downloading page 12 from https://t.prcdn.co/img?file=eags2021072700000000001001&page=12&scale=80
2026-07-15 18:49:39,115 [INFO] src.corpus_acquisition.crawler: Downloading -> data/raw/images/ojo/2021/07/27/ojo_2021-07-27_12.jpg
