2026-06-22 14:44:14,397 [INFO] __main__: Logging in to portal...
2026-06-22 14:44:33,711 [INFO] __main__: Login successful!
2026-06-22 14:44:33,716 [INFO] src.corpus_acquisition.downloader: Opening archive for elcomercio on 2026-01-01
2026-06-22 14:44:39,543 [INFO] src.corpus_acquisition.downloader: Collected 7 / 20 pages
2026-06-22 14:44:43,683 [INFO] src.corpus_acquisition.downloader: Collected 9 / 20 pages
2026-06-22 14:44:45,762 [INFO] src.corpus_acquisition.downloader: Collected 11 / 20 pages
2026-06-22 14:44:47,832 [INFO] src.corpus_acquisition.downloader: Collected 13 / 20 pages
2026-06-22 14:44:49,913 [INFO] src.corpus_acquisition.downloader: Collected 15 / 20 pages
2026-06-22 14:44:52,001 [INFO] src.corpus_acquisition.downloader: Collected 17 / 20 pages
2026-06-22 14:44:54,081 [INFO] src.corpus_acquisition.downloader: Collected 19 / 20 pages
2026-06-22 14:44:56,163 [INFO] src.corpus_acquisition.downloader: Collected 20 / 20 pages
2026-06-22 14:44:56,874 [INFO] src.corpus_acquisition.downloader: Downloading page 1 from https://t.prcdn.co/img?file=eaaj2026010100000000001001&page=1&scale=200
2026-06-22 14:44:57,360 [INFO] src.corpus_acquisition.downloader: Downloading page 2 from https://t.prcdn.co/img?file=eaaj2026010100000000001001&page=2&scale=200
2026-06-22 14:44:57,586 [ERROR] src.corpus_acquisition.downloader: Failed to download page 2: Failed to download page 2: 403
2026-06-22 14:44:57,587 [INFO] src.corpus_acquisition.downloader: Downloading page 3 from https://t.prcdn.co/img?file=eaaj2026010100000000001001&page=3&scale=200
2026-06-22 14:44:57,871 [ERROR] src.corpus_acquisition.downloader: Failed to download page 3: Failed to download page 3: 403
2026-06-22 14:44:57,872 [INFO] src.corpus_acquisition.downloader: Downloading page 4 from https://t.prcdn.co/img?file=eaaj2026010100000000001001&page=4&scale=200
2026-06-22 14:44:58,068 [ERROR] src.corpus_acquisition.downloader: Failed to download page 4: Failed to download page 4: 403
2026-06-22 14:44:58,069 [INFO] src.corpus_acquisition.downloader: Downloading page 5 from https://t.prcdn.co/img?file=eaaj2026010100000000001001&page=5&scale=200
2026-06-22 14:44:58,402 [ERROR] src.corpus_acquisition.downloader: Failed to download page 5: Failed to download page 5: 403
2026-06-22 14:44:58,403 [INFO] src.corpus_acquisition.downloader: Downloading page 6 from https://t.prcdn.co/img?file=eaaj2026010100000000001001&page=6&scale=200
2026-06-22 14:44:58,534 [ERROR] src.corpus_acquisition.downloader: Failed to download page 6: Failed to download page 6: 403
2026-06-22 14:44:58,535 [INFO] src.corpus_acquisition.downloader: Downloading page 7 from https://t.prcdn.co/img?file=eaaj2026010100000000001001&page=7&scale=200
2026-06-22 14:44:58,779 [ERROR] src.corpus_acquisition.downloader: Failed to download page 7: Failed to download page 7: 403
2026-06-22 14:44:58,780 [INFO] src.corpus_acquisition.downloader: Downloading page 8 from https://t.prcdn.co/img?file=eaaj2026010100000000001001&page=8&scale=200
2026-06-22 14:44:59,089 [ERROR] src.corpus_acquisition.downloader: Failed to download page 8: Failed to download page 8: 403
2026-06-22 14:44:59,089 [INFO] src.corpus_acquisition.downloader: Downloading page 9 from https://t.prcdn.co/img?file=eaaj2026010100000000001001&page=9&scale=200
2026-06-22 14:44:59,287 [ERROR] src.corpus_acquisition.downloader: Failed to download page 9: Failed to download page 9: 403
2026-06-22 14:44:59,288 [INFO] src.corpus_acquisition.downloader: Downloading page 10 from https://t.prcdn.co/img?file=eaaj2026010100000000001001&page=10&scale=200
2026-06-22 14:44:59,540 [ERROR] src.corpus_acquisition.downloader: Failed to download page 10: Failed to download page 10: 403
2026-06-22 14:44:59,540 [INFO] src.corpus_acquisition.downloader: Downloading page 11 from https://t.prcdn.co/img?file=eaaj2026010100000000001001&page=11&scale=200
2026-06-22 14:44:59,869 [ERROR] src.corpus_acquisition.downloader: Failed to download page 11: Failed to download page 11: 403
2026-06-22 14:44:59,870 [INFO] src.corpus_acquisition.downloader: Downloading page 12 from https://t.prcdn.co/img?file=eaaj2026010100000000001001&page=12&scale=200
2026-06-22 14:45:00,013 [ERROR] src.corpus_acquisition.downloader: Failed to download page 12: Failed to download page 12: 403
2026-06-22 14:45:00,013 [INFO] src.corpus_acquisition.downloader: Downloading page 13 from https://t.prcdn.co/img?file=eaaj2026010100000000001001&page=13&scale=200
2026-06-22 14:45:00,224 [ERROR] src.corpus_acquisition.downloader: Failed to download page 13: Failed to download page 13: 403
2026-06-22 14:45:00,224 [INFO] src.corpus_acquisition.downloader: Downloading page 14 from https://t.prcdn.co/img?file=eaaj2026010100000000001001&page=14&scale=200
2026-06-22 14:45:00,369 [ERROR] src.corpus_acquisition.downloader: Failed to download page 14: Failed to download page 14: 403
2026-06-22 14:45:00,370 [INFO] src.corpus_acquisition.downloader: Downloading page 15 from https://t.prcdn.co/img?file=eaaj2026010100000000001001&page=15&scale=200
2026-06-22 14:45:00,604 [ERROR] src.corpus_acquisition.downloader: Failed to download page 15: Failed to download page 15: 403
2026-06-22 14:45:00,605 [INFO] src.corpus_acquisition.downloader: Downloading page 16 from https://t.prcdn.co/img?file=eaaj2026010100000000001001&page=16&scale=200
2026-06-22 14:45:00,747 [ERROR] src.corpus_acquisition.downloader: Failed to download page 16: Failed to download page 16: 403
2026-06-22 14:45:00,747 [INFO] src.corpus_acquisition.downloader: Downloading page 17 from https://t.prcdn.co/img?file=eaaj2026010100000000001001&page=17&scale=200
2026-06-22 14:45:00,997 [ERROR] src.corpus_acquisition.downloader: Failed to download page 17: Failed to download page 17: 403
2026-06-22 14:45:00,997 [INFO] src.corpus_acquisition.downloader: Downloading page 18 from https://t.prcdn.co/img?file=eaaj2026010100000000001001&page=18&scale=200
2026-06-22 14:45:01,239 [ERROR] src.corpus_acquisition.downloader: Failed to download page 18: Failed to download page 18: 403
2026-06-22 14:45:01,240 [INFO] src.corpus_acquisition.downloader: Downloading page 19 from https://t.prcdn.co/img?file=eaaj2026010100000000001001&page=19&scale=200
2026-06-22 14:45:01,377 [ERROR] src.corpus_acquisition.downloader: Failed to download page 19: Failed to download page 19: 403
2026-06-22 14:45:01,377 [INFO] src.corpus_acquisition.downloader: Downloading page 20 from https://t.prcdn.co/img?file=eaaj2026010100000000001001&page=20&scale=200
2026-06-22 14:45:01,739 [ERROR] src.corpus_acquisition.downloader: Failed to download page 20: Failed to download page 20: 403
2026-06-22 14:45:01,767 [INFO] src.corpus_acquisition.metadata_extractor: Saved metadata for 1 page(s) -> data/raw/metadata/raw_metadata.parquet (total rows: 1)
2026-06-22 14:45:01,769 [INFO] src.corpus_acquisition.metadata_extractor: Saved crawl log -> data/raw/crawl_logs/elcomercio_2026-01-01.json (status=partial)
2026-06-22 14:45:01,770 [INFO] src.corpus_acquisition.downloader: Opening archive for elcomercio on 2026-01-02
2026-06-22 14:45:07,545 [INFO] src.corpus_acquisition.downloader: Collected 7 / 20 pages
2026-06-22 14:45:11,734 [INFO] src.corpus_acquisition.downloader: Collected 9 / 20 pages
2026-06-22 14:45:13,832 [INFO] src.corpus_acquisition.downloader: Collected 11 / 20 pages
2026-06-22 14:45:15,924 [INFO] src.corpus_acquisition.downloader: Collected 13 / 20 pages
2026-06-22 14:45:18,016 [INFO] src.corpus_acquisition.downloader: Collected 15 / 20 pages
2026-06-22 14:45:20,109 [INFO] src.corpus_acquisition.downloader: Collected 17 / 20 pages
2026-06-22 14:45:22,193 [INFO] src.corpus_acquisition.downloader: Collected 19 / 20 pages
2026-06-22 14:45:24,273 [INFO] src.corpus_acquisition.downloader: Collected 20 / 20 pages
2026-06-22 14:45:24,306 [INFO] src.corpus_acquisition.downloader: Downloading page 1 from https://t.prcdn.co/img?file=eaaj2026010200000000001001&page=1&scale=200
2026-06-22 14:45:24,375 [INFO] src.corpus_acquisition.downloader: Downloading page 2 from https://t.prcdn.co/img?file=eaaj2026010200000000001001&page=2&scale=200
2026-06-22 14:45:24,618 [ERROR] src.corpus_acquisition.downloader: Failed to download page 2: Failed to download page 2: 403
2026-06-22 14:45:24,618 [INFO] src.corpus_acquisition.downloader: Downloading page 3 from https://t.prcdn.co/img?file=eaaj2026010200000000001001&page=3&scale=200
2026-06-22 14:45:24,889 [ERROR] src.corpus_acquisition.downloader: Failed to download page 3: Failed to download page 3: 403
2026-06-22 14:45:24,889 [INFO] src.corpus_acquisition.downloader: Downloading page 4 from https://t.prcdn.co/img?file=eaaj2026010200000000001001&page=4&scale=200
2026-06-22 14:45:25,031 [ERROR] src.corpus_acquisition.downloader: Failed to download page 4: Failed to download page 4: 403
2026-06-22 14:45:25,031 [INFO] src.corpus_acquisition.downloader: Downloading page 5 from https://t.prcdn.co/img?file=eaaj2026010200000000001001&page=5&scale=200
2026-06-22 14:45:25,278 [ERROR] src.corpus_acquisition.downloader: Failed to download page 5: Failed to download page 5: 403
2026-06-22 14:45:25,278 [INFO] src.corpus_acquisition.downloader: Downloading page 6 from https://t.prcdn.co/img?file=eaaj2026010200000000001001&page=6&scale=200
2026-06-22 14:45:25,503 [ERROR] src.corpus_acquisition.downloader: Failed to download page 6: Failed to download page 6: 403
2026-06-22 14:45:25,504 [INFO] src.corpus_acquisition.downloader: Downloading page 7 from https://t.prcdn.co/img?file=eaaj2026010200000000001001&page=7&scale=200
2026-06-22 14:45:25,711 [ERROR] src.corpus_acquisition.downloader: Failed to download page 7: Failed to download page 7: 403
2026-06-22 14:45:25,711 [INFO] src.corpus_acquisition.downloader: Downloading page 8 from https://t.prcdn.co/img?file=eaaj2026010200000000001001&page=8&scale=200
2026-06-22 14:45:25,960 [ERROR] src.corpus_acquisition.downloader: Failed to download page 8: Failed to download page 8: 403
2026-06-22 14:45:25,961 [INFO] src.corpus_acquisition.downloader: Downloading page 9 from https://t.prcdn.co/img?file=eaaj2026010200000000001001&page=9&scale=200
2026-06-22 14:45:26,100 [ERROR] src.corpus_acquisition.downloader: Failed to download page 9: Failed to download page 9: 403
2026-06-22 14:45:26,100 [INFO] src.corpus_acquisition.downloader: Downloading page 10 from https://t.prcdn.co/img?file=eaaj2026010200000000001001&page=10&scale=200
2026-06-22 14:45:26,225 [ERROR] src.corpus_acquisition.downloader: Failed to download page 10: Failed to download page 10: 403
2026-06-22 14:45:26,225 [INFO] src.corpus_acquisition.downloader: Downloading page 11 from https://t.prcdn.co/img?file=eaaj2026010200000000001001&page=11&scale=200
2026-06-22 14:45:26,369 [ERROR] src.corpus_acquisition.downloader: Failed to download page 11: Failed to download page 11: 403
2026-06-22 14:45:26,370 [INFO] src.corpus_acquisition.downloader: Downloading page 12 from https://t.prcdn.co/img?file=eaaj2026010200000000001001&page=12&scale=200
2026-06-22 14:45:26,586 [ERROR] src.corpus_acquisition.downloader: Failed to download page 12: Failed to download page 12: 403
2026-06-22 14:45:26,586 [INFO] src.corpus_acquisition.downloader: Downloading page 13 from https://t.prcdn.co/img?file=eaaj2026010200000000001001&page=13&scale=200
2026-06-22 14:45:26,806 [ERROR] src.corpus_acquisition.downloader: Failed to download page 13: Failed to download page 13: 403
2026-06-22 14:45:26,807 [INFO] src.corpus_acquisition.downloader: Downloading page 14 from https://t.prcdn.co/img?file=eaaj2026010200000000001001&page=14&scale=200
2026-06-22 14:45:27,105 [ERROR] src.corpus_acquisition.downloader: Failed to download page 14: Failed to download page 14: 403
2026-06-22 14:45:27,106 [INFO] src.corpus_acquisition.downloader: Downloading page 15 from https://t.prcdn.co/img?file=eaaj2026010200000000001001&page=15&scale=200
2026-06-22 14:45:27,454 [ERROR] src.corpus_acquisition.downloader: Failed to download page 15: Failed to download page 15: 403
2026-06-22 14:45:27,455 [INFO] src.corpus_acquisition.downloader: Downloading page 16 from https://t.prcdn.co/img?file=eaaj2026010200000000001001&page=16&scale=200
2026-06-22 14:45:27,805 [ERROR] src.corpus_acquisition.downloader: Failed to download page 16: Failed to download page 16: 403
2026-06-22 14:45:27,805 [INFO] src.corpus_acquisition.downloader: Downloading page 17 from https://t.prcdn.co/img?file=eaaj2026010200000000001001&page=17&scale=200
2026-06-22 14:45:27,949 [ERROR] src.corpus_acquisition.downloader: Failed to download page 17: Failed to download page 17: 403
2026-06-22 14:45:27,949 [INFO] src.corpus_acquisition.downloader: Downloading page 18 from https://t.prcdn.co/img?file=eaaj2026010200000000001001&page=18&scale=200
2026-06-22 14:45:28,179 [ERROR] src.corpus_acquisition.downloader: Failed to download page 18: Failed to download page 18: 403
2026-06-22 14:45:28,179 [INFO] src.corpus_acquisition.downloader: Downloading page 19 from https://t.prcdn.co/img?file=eaaj2026010200000000001001&page=19&scale=200
2026-06-22 14:45:28,424 [ERROR] src.corpus_acquisition.downloader: Failed to download page 19: Failed to download page 19: 403
2026-06-22 14:45:28,425 [INFO] src.corpus_acquisition.downloader: Downloading page 20 from https://t.prcdn.co/img?file=eaaj2026010200000000001001&page=20&scale=200
2026-06-22 14:45:28,563 [ERROR] src.corpus_acquisition.downloader: Failed to download page 20: Failed to download page 20: 403
2026-06-22 14:45:28,576 [INFO] src.corpus_acquisition.metadata_extractor: Saved metadata for 1 page(s) -> data/raw/metadata/raw_metadata.parquet (total rows: 2)
2026-06-22 14:45:28,578 [INFO] src.corpus_acquisition.metadata_extractor: Saved crawl log -> data/raw/crawl_logs/elcomercio_2026-01-02.json (status=partial)
2026-06-22 14:45:28,579 [INFO] src.corpus_acquisition.downloader: Opening archive for elcomercio on 2026-01-03
2026-06-22 14:45:34,365 [INFO] src.corpus_acquisition.downloader: Collected 7 / 20 pages
2026-06-22 14:45:38,519 [INFO] src.corpus_acquisition.downloader: Collected 9 / 20 pages
2026-06-22 14:45:40,602 [INFO] src.corpus_acquisition.downloader: Collected 11 / 20 pages
2026-06-22 14:45:42,694 [INFO] src.corpus_acquisition.downloader: Collected 13 / 20 pages
2026-06-22 14:45:44,777 [INFO] src.corpus_acquisition.downloader: Collected 15 / 20 pages
2026-06-22 14:45:46,858 [INFO] src.corpus_acquisition.downloader: Collected 17 / 20 pages
[2026-06-22T14:45:46.927] error: *** JOB 25911000 ON c003 CANCELLED AT 2026-06-22T14:45:46 DUE to SIGNAL Terminated ***
