2026-06-22 14:07:14,003 [INFO] __main__: Logging in to portal...
2026-06-22 14:07:39,512 [INFO] __main__: Login successful!
2026-06-22 14:07:39,515 [INFO] src.corpus_acquisition.downloader: Skipping elcomercio on 2026-01-01: already crawled successfully.
2026-06-22 14:07:39,517 [INFO] src.corpus_acquisition.downloader: Skipping elcomercio on 2026-01-02: already crawled successfully.
2026-06-22 14:07:39,518 [INFO] src.corpus_acquisition.downloader: Skipping elcomercio on 2026-01-03: already crawled successfully.
2026-06-22 14:07:39,520 [INFO] src.corpus_acquisition.downloader: Opening archive for elcomercio on 2026-01-04
2026-06-22 14:07:45,342 [INFO] src.corpus_acquisition.downloader: Collected 7 / 20 pages
2026-06-22 14:07:49,482 [INFO] src.corpus_acquisition.downloader: Collected 9 / 20 pages
2026-06-22 14:08:00,143 [INFO] src.corpus_acquisition.downloader: Collected 11 / 20 pages
2026-06-22 14:08:02,226 [INFO] src.corpus_acquisition.downloader: Collected 12 / 20 pages
2026-06-22 14:08:04,307 [INFO] src.corpus_acquisition.downloader: Collected 15 / 20 pages
2026-06-22 14:08:06,396 [INFO] src.corpus_acquisition.downloader: Collected 17 / 20 pages
2026-06-22 14:08:08,475 [INFO] src.corpus_acquisition.downloader: Collected 19 / 20 pages
2026-06-22 14:08:10,561 [INFO] src.corpus_acquisition.downloader: Collected 20 / 20 pages
2026-06-22 14:08:18,906 [INFO] src.corpus_acquisition.downloader: Downloading page 1 from https://t.prcdn.co/img?file=eaaj2026010400000000001001&page=1&scale=200
2026-06-22 14:08:20,101 [INFO] src.corpus_acquisition.downloader: Downloading page 2 from https://i.prcdn.co/img?file=eaaj2026010400000000001001&page=2&scale=200&ticket=AC9CK87KMwH8Zz%2BbwF0KyWE%3D
2026-06-22 14:08:22,249 [INFO] src.corpus_acquisition.downloader: Downloading page 3 from https://i.prcdn.co/img?file=eaaj2026010400000000001001&page=3&scale=200&ticket=AEE6VJ68v4YWdOA4Bh1DDzk%3D
2026-06-22 14:08:24,342 [INFO] src.corpus_acquisition.downloader: Downloading page 4 from https://i.prcdn.co/img?file=eaaj2026010400000000001001&page=4&scale=200&ticket=AD8gLJYtNQp%2BhI1kwq4NwNU%3D
2026-06-22 14:08:25,014 [INFO] src.corpus_acquisition.downloader: Downloading page 5 from https://i.prcdn.co/img?file=eaaj2026010400000000001001&page=5&scale=200&ticket=AFaXXfi3rpRrZxCx79GjIrQ%3D
2026-06-22 14:08:26,095 [INFO] src.corpus_acquisition.downloader: Downloading page 6 from https://i.prcdn.co/img?file=eaaj2026010400000000001001&page=6&scale=200&ticket=ADgXEReJFYbFPKpZFdlBx4U%3D
2026-06-22 14:08:27,302 [INFO] src.corpus_acquisition.downloader: Downloading page 7 from https://i.prcdn.co/img?file=eaaj2026010400000000001001&page=7&scale=200&ticket=AHr0r89IFZD77uKjSHelFjg%3D
2026-06-22 14:08:28,564 [INFO] src.corpus_acquisition.downloader: Downloading page 8 from https://i.prcdn.co/img?file=eaaj2026010400000000001001&page=8&scale=200&ticket=AKQhz2kFC9sJdq%2BYgDfNiK4%3D
2026-06-22 14:08:29,649 [INFO] src.corpus_acquisition.downloader: Downloading page 9 from https://i.prcdn.co/img?file=eaaj2026010400000000001001&page=9&scale=200&ticket=AH082q%2BjklLvcd75RmwqXTw%3D
2026-06-22 14:08:31,433 [INFO] src.corpus_acquisition.downloader: Downloading page 10 from https://i.prcdn.co/img?file=eaaj2026010400000000001001&page=10&scale=200&ticket=ADUruLQlRqKga9rj4ARINCA%3D
2026-06-22 14:08:32,368 [INFO] src.corpus_acquisition.downloader: Downloading page 11 from https://i.prcdn.co/img?file=eaaj2026010400000000001001&page=11&scale=200&ticket=AP6CU%2BnjbjzhibImRsx5csQ%3D
2026-06-22 14:08:33,154 [INFO] src.corpus_acquisition.downloader: Downloading page 12 from https://i.prcdn.co/img?file=eaaj2026010400000000001001&page=12&scale=200&ticket=AHJhbPuALFgj4XUz%2Fol1%2FXg%3D
2026-06-22 14:08:34,092 [INFO] src.corpus_acquisition.downloader: Downloading page 13 from https://i.prcdn.co/img?file=eaaj2026010400000000001001&page=13&scale=200&ticket=AG1miAiBtiVaYoHhEF19ecI%3D
2026-06-22 14:08:35,212 [INFO] src.corpus_acquisition.downloader: Downloading page 14 from https://i.prcdn.co/img?file=eaaj2026010400000000001001&page=14&scale=200&ticket=AOl0G3ZBA%2FuR02EUJzK%2BFdY%3D
2026-06-22 14:08:35,867 [INFO] src.corpus_acquisition.downloader: Downloading page 15 from https://i.prcdn.co/img?file=eaaj2026010400000000001001&page=15&scale=200&ticket=AA1CCrivPCm68NOmudP%2BI1I%3D
2026-06-22 14:08:36,630 [INFO] src.corpus_acquisition.downloader: Downloading page 16 from https://i.prcdn.co/img?file=eaaj2026010400000000001001&page=16&scale=200&ticket=AMVz8%2FBWn7qj%2FvzkLDZXkUM%3D
2026-06-22 14:08:37,237 [INFO] src.corpus_acquisition.downloader: Downloading page 17 from https://i.prcdn.co/img?file=eaaj2026010400000000001001&page=17&scale=200&ticket=APCOxE1heJIGf2jH%2FG1%2BIXA%3D
2026-06-22 14:08:37,698 [INFO] src.corpus_acquisition.downloader: Downloading page 18 from https://i.prcdn.co/img?file=eaaj2026010400000000001001&page=18&scale=200&ticket=AA2arPdXY0ZKLbWxZXKqbZQ%3D
2026-06-22 14:08:38,849 [INFO] src.corpus_acquisition.downloader: Downloading page 19 from https://i.prcdn.co/img?file=eaaj2026010400000000001001&page=19&scale=200&ticket=AF862k4LfzRRnC40TX1MgvI%3D
2026-06-22 14:08:39,997 [INFO] src.corpus_acquisition.downloader: Downloading page 21 from https://i.prcdn.co/img?file=eaaj2026010400000000001001&page=21&scale=200&ticket=ANn9lYvWD9zJMd1dypN4O88%3D
2026-06-22 14:08:41,091 [INFO] src.corpus_acquisition.metadata_extractor: Saved metadata for 20 page(s) -> data/raw/metadata/raw_metadata.parquet (total rows: 102)
2026-06-22 14:08:41,095 [INFO] src.corpus_acquisition.metadata_extractor: Saved crawl log -> data/raw/crawl_logs/elcomercio_2026-01-04.json (status=success)
2026-06-22 14:08:41,096 [INFO] src.corpus_acquisition.downloader: Opening archive for elcomercio on 2026-01-05
2026-06-22 14:08:46,921 [INFO] src.corpus_acquisition.downloader: Collected 7 / 20 pages
2026-06-22 14:08:51,134 [INFO] src.corpus_acquisition.downloader: Collected 9 / 20 pages
2026-06-22 14:08:53,231 [INFO] src.corpus_acquisition.downloader: Collected 11 / 20 pages
2026-06-22 14:08:55,311 [INFO] src.corpus_acquisition.downloader: Collected 13 / 20 pages
2026-06-22 14:08:57,467 [INFO] src.corpus_acquisition.downloader: Collected 15 / 20 pages
2026-06-22 14:08:59,575 [INFO] src.corpus_acquisition.downloader: Collected 17 / 20 pages
2026-06-22 14:09:01,664 [INFO] src.corpus_acquisition.downloader: Collected 19 / 20 pages
2026-06-22 14:09:15,351 [INFO] src.corpus_acquisition.downloader: Collected 21 / 20 pages
2026-06-22 14:09:15,357 [INFO] src.corpus_acquisition.downloader: Downloading page 1 from https://t.prcdn.co/img?file=eaaj2026010500000000001001&page=1&scale=200
2026-06-22 14:09:16,071 [INFO] src.corpus_acquisition.downloader: Downloading page 2 from https://i.prcdn.co/img?file=eaaj2026010500000000001001&page=2&scale=200&ticket=AFu3l2aLLDYZlDwDcG98afw%3D
2026-06-22 14:09:17,203 [INFO] src.corpus_acquisition.downloader: Downloading page 3 from https://i.prcdn.co/img?file=eaaj2026010500000000001001&page=3&scale=200&ticket=AMwjJbzXS890f7U4AyYFCTo%3D
2026-06-22 14:09:18,117 [INFO] src.corpus_acquisition.downloader: Downloading page 4 from https://i.prcdn.co/img?file=eaaj2026010500000000001001&page=4&scale=200&ticket=AD%2FrOa8qEpblfLUWoMDKhJo%3D
2026-06-22 14:09:19,528 [INFO] src.corpus_acquisition.downloader: Downloading page 5 from https://i.prcdn.co/img?file=eaaj2026010500000000001001&page=5&scale=200&ticket=AKlMgvrOwZRFWm0U8iFrsHI%3D
2026-06-22 14:09:20,310 [INFO] src.corpus_acquisition.downloader: Downloading page 6 from https://i.prcdn.co/img?file=eaaj2026010500000000001001&page=6&scale=200&ticket=AL0HDICD7gNZLv3QcR39i5A%3D
2026-06-22 14:09:22,363 [INFO] src.corpus_acquisition.downloader: Downloading page 7 from https://i.prcdn.co/img?file=eaaj2026010500000000001001&page=7&scale=200&ticket=AOfXkW2y4GF6W%2FkWzPonL0c%3D
2026-06-22 14:09:23,095 [INFO] src.corpus_acquisition.downloader: Downloading page 8 from https://i.prcdn.co/img?file=eaaj2026010500000000001001&page=8&scale=200&ticket=AGUi0y6bO73jOUxrFcwhX3Y%3D
2026-06-22 14:09:24,190 [INFO] src.corpus_acquisition.downloader: Downloading page 9 from https://i.prcdn.co/img?file=eaaj2026010500000000001001&page=9&scale=200&ticket=AAc5PnJTaqwcprv6fYVP7Bk%3D
2026-06-22 14:09:25,287 [INFO] src.corpus_acquisition.downloader: Downloading page 10 from https://i.prcdn.co/img?file=eaaj2026010500000000001001&page=10&scale=200&ticket=AHxG0mebqEx9qJL5k5Vm36g%3D
2026-06-22 14:09:25,950 [INFO] src.corpus_acquisition.downloader: Downloading page 11 from https://i.prcdn.co/img?file=eaaj2026010500000000001001&page=11&scale=200&ticket=AA0QV3qvoyudn2PZucaU%2BIM%3D
2026-06-22 14:09:26,827 [INFO] src.corpus_acquisition.downloader: Downloading page 12 from https://i.prcdn.co/img?file=eaaj2026010500000000001001&page=12&scale=200&ticket=AMTgtfK%2F9WW6g9Ji%2BkkoqNs%3D
2026-06-22 14:09:27,780 [INFO] src.corpus_acquisition.downloader: Downloading page 13 from https://i.prcdn.co/img?file=eaaj2026010500000000001001&page=13&scale=200&ticket=ALtL9nQLiUMaD6wH9RpnFYQ%3D
2026-06-22 14:09:28,421 [INFO] src.corpus_acquisition.downloader: Downloading page 14 from https://i.prcdn.co/img?file=eaaj2026010500000000001001&page=14&scale=200&ticket=AJYppVLdgeNWb%2FroGgANbas%3D
2026-06-22 14:09:29,101 [INFO] src.corpus_acquisition.downloader: Downloading page 15 from https://i.prcdn.co/img?file=eaaj2026010500000000001001&page=15&scale=200&ticket=AO3dp8chd%2BoeCbj9HqancLY%3D
2026-06-22 14:09:29,625 [INFO] src.corpus_acquisition.downloader: Downloading page 16 from https://i.prcdn.co/img?file=eaaj2026010500000000001001&page=16&scale=200&ticket=ADnb5nT%2Fn4hf1FaSXo9oe4k%3D
2026-06-22 14:09:30,378 [INFO] src.corpus_acquisition.downloader: Downloading page 17 from https://i.prcdn.co/img?file=eaaj2026010500000000001001&page=17&scale=200&ticket=AFqoenlsYB99yZ6IhRyojpE%3D
2026-06-22 14:09:38,597 [INFO] src.corpus_acquisition.downloader: Downloading page 18 from https://i.prcdn.co/img?file=eaaj2026010500000000001001&page=18&scale=200&ticket=ANkEWA8b%2F%2FFQqdNpNZCYeQM%3D
2026-06-22 14:09:39,360 [INFO] src.corpus_acquisition.downloader: Downloading page 19 from https://i.prcdn.co/img?file=eaaj2026010500000000001001&page=19&scale=200&ticket=AKRgAx8%2FWugrfxu5u0ei7xI%3D
2026-06-22 14:09:40,122 [INFO] src.corpus_acquisition.downloader: Downloading page 20 from https://i.prcdn.co/img?file=eaaj2026010500000000001001&page=20&scale=200&ticket=ADMvS98RzibBMOoc8uiEIwg%3D
2026-06-22 14:09:41,157 [INFO] src.corpus_acquisition.downloader: Downloading page 21 from https://i.prcdn.co/img?file=eaaj2026010500000000001001&page=21&scale=200&ticket=AAzq0FXg8hbvzQN%2FJ7vZMts%3D
2026-06-22 14:09:41,913 [INFO] src.corpus_acquisition.metadata_extractor: Saved metadata for 21 page(s) -> data/raw/metadata/raw_metadata.parquet (total rows: 123)
2026-06-22 14:09:41,916 [INFO] src.corpus_acquisition.metadata_extractor: Saved crawl log -> data/raw/crawl_logs/elcomercio_2026-01-05.json (status=success)
2026-06-22 14:09:41,916 [INFO] src.corpus_acquisition.downloader: Opening archive for elcomercio on 2026-01-06
2026-06-22 14:09:47,725 [INFO] src.corpus_acquisition.downloader: Collected 7 / 20 pages
2026-06-22 14:09:51,884 [INFO] src.corpus_acquisition.downloader: Collected 9 / 20 pages
2026-06-22 14:09:53,981 [INFO] src.corpus_acquisition.downloader: Collected 11 / 20 pages
2026-06-22 14:09:56,074 [INFO] src.corpus_acquisition.downloader: Collected 13 / 20 pages
2026-06-22 14:09:58,224 [INFO] src.corpus_acquisition.downloader: Collected 14 / 20 pages
2026-06-22 14:10:00,318 [INFO] src.corpus_acquisition.downloader: Collected 17 / 20 pages
