2026-07-05 02:58:23,479 [INFO] __main__: Logging in to portal...
2026-07-05 02:58:43,964 [INFO] __main__: Login successful!
2026-07-05 02:58:43,966 [INFO] src.corpus_acquisition.downloader: Skipping elcomercio on 2023-04-01: already crawled successfully.
2026-07-05 02:58:43,967 [INFO] src.corpus_acquisition.downloader: Skipping elcomercio on 2023-04-02: already crawled successfully.
2026-07-05 02:58:43,968 [INFO] src.corpus_acquisition.downloader: Skipping elcomercio on 2023-04-03: already crawled successfully.
2026-07-05 02:58:43,970 [INFO] src.corpus_acquisition.downloader: Skipping elcomercio on 2023-04-04: already crawled successfully.
2026-07-05 02:58:43,970 [INFO] src.corpus_acquisition.downloader: Skipping elcomercio on 2023-04-05: already crawled successfully.
2026-07-05 02:58:43,971 [INFO] src.corpus_acquisition.downloader: Skipping elcomercio on 2023-04-06: already crawled successfully.
2026-07-05 02:58:43,972 [INFO] src.corpus_acquisition.downloader: Skipping elcomercio on 2023-04-07: already crawled successfully.
2026-07-05 02:58:43,973 [INFO] src.corpus_acquisition.downloader: Skipping elcomercio on 2023-04-08: already crawled successfully.
2026-07-05 02:58:43,974 [INFO] src.corpus_acquisition.downloader: Skipping elcomercio on 2023-04-09: already crawled successfully.
2026-07-05 02:58:43,975 [INFO] src.corpus_acquisition.downloader: Skipping elcomercio on 2023-04-10: already crawled successfully.
2026-07-05 02:58:43,976 [INFO] src.corpus_acquisition.downloader: Skipping elcomercio on 2023-04-11: already crawled successfully.
2026-07-05 02:58:43,977 [INFO] src.corpus_acquisition.downloader: Skipping elcomercio on 2023-04-12: already crawled successfully.
2026-07-05 02:58:43,978 [INFO] src.corpus_acquisition.downloader: Skipping elcomercio on 2023-04-13: already crawled successfully.
2026-07-05 02:58:43,979 [INFO] src.corpus_acquisition.downloader: Skipping elcomercio on 2023-04-14: already crawled successfully.
2026-07-05 02:58:43,980 [INFO] src.corpus_acquisition.downloader: Skipping elcomercio on 2023-04-15: already crawled successfully.
2026-07-05 02:58:43,981 [INFO] src.corpus_acquisition.downloader: Skipping elcomercio on 2023-04-16: already crawled successfully.
2026-07-05 02:58:43,982 [INFO] src.corpus_acquisition.downloader: Skipping elcomercio on 2023-04-17: already crawled successfully.
2026-07-05 02:58:43,983 [INFO] src.corpus_acquisition.downloader: Skipping elcomercio on 2023-04-18: already crawled successfully.
2026-07-05 02:58:43,983 [INFO] src.corpus_acquisition.downloader: Skipping elcomercio on 2023-04-19: already crawled successfully.
2026-07-05 02:58:43,984 [INFO] src.corpus_acquisition.downloader: Skipping elcomercio on 2023-04-20: already crawled successfully.
2026-07-05 02:58:43,985 [INFO] src.corpus_acquisition.downloader: Skipping elcomercio on 2023-04-21: already crawled successfully.
2026-07-05 02:58:43,986 [INFO] src.corpus_acquisition.downloader: Skipping elcomercio on 2023-04-22: already crawled successfully.
2026-07-05 02:58:43,990 [INFO] src.corpus_acquisition.downloader: Opening archive for elcomercio on 2023-04-23
2026-07-05 02:58:49,843 [INFO] src.corpus_acquisition.downloader: Collected 7 / 60 pages
2026-07-05 02:58:54,013 [INFO] src.corpus_acquisition.downloader: Collected 9 / 60 pages
2026-07-05 02:58:56,104 [INFO] src.corpus_acquisition.downloader: Collected 11 / 60 pages
2026-07-05 02:58:58,189 [INFO] src.corpus_acquisition.downloader: Collected 13 / 60 pages
2026-07-05 02:59:00,273 [INFO] src.corpus_acquisition.downloader: Collected 15 / 60 pages
2026-07-05 02:59:02,355 [INFO] src.corpus_acquisition.downloader: Collected 17 / 60 pages
2026-07-05 02:59:04,446 [INFO] src.corpus_acquisition.downloader: Collected 19 / 60 pages
2026-07-05 02:59:06,530 [INFO] src.corpus_acquisition.downloader: Collected 21 / 60 pages
2026-07-05 02:59:08,628 [INFO] src.corpus_acquisition.downloader: Collected 23 / 60 pages
2026-07-05 02:59:10,724 [INFO] src.corpus_acquisition.downloader: Collected 25 / 60 pages
2026-07-05 02:59:12,815 [INFO] src.corpus_acquisition.downloader: Collected 27 / 60 pages
2026-07-05 02:59:14,909 [INFO] src.corpus_acquisition.downloader: Collected 29 / 60 pages
2026-07-05 02:59:16,993 [INFO] src.corpus_acquisition.downloader: Collected 31 / 60 pages
2026-07-05 02:59:19,205 [INFO] src.corpus_acquisition.downloader: Collected 33 / 60 pages
2026-07-05 02:59:21,290 [INFO] src.corpus_acquisition.downloader: Collected 35 / 60 pages
2026-07-05 02:59:23,370 [INFO] src.corpus_acquisition.downloader: Collected 37 / 60 pages
2026-07-05 02:59:25,460 [INFO] src.corpus_acquisition.downloader: Collected 39 / 60 pages
2026-07-05 02:59:27,551 [INFO] src.corpus_acquisition.downloader: Collected 41 / 60 pages
2026-07-05 02:59:29,632 [INFO] src.corpus_acquisition.downloader: Collected 43 / 60 pages
2026-07-05 02:59:31,724 [INFO] src.corpus_acquisition.downloader: Collected 45 / 60 pages
2026-07-05 02:59:33,806 [INFO] src.corpus_acquisition.downloader: Collected 47 / 60 pages
2026-07-05 02:59:35,888 [INFO] src.corpus_acquisition.downloader: Collected 49 / 60 pages
2026-07-05 02:59:37,969 [INFO] src.corpus_acquisition.downloader: Collected 51 / 60 pages
2026-07-05 02:59:40,056 [INFO] src.corpus_acquisition.downloader: Collected 52 / 60 pages
2026-07-05 02:59:46,404 [WARNING] src.corpus_acquisition.downloader: No new pages found after 3 attempts; stopping with 52 page(s).
2026-07-05 02:59:52,509 [INFO] src.corpus_acquisition.downloader: Page 1 already downloaded, skipping.
2026-07-05 02:59:52,510 [INFO] src.corpus_acquisition.downloader: Page 2 already downloaded, skipping.
2026-07-05 02:59:52,510 [INFO] src.corpus_acquisition.downloader: Page 3 already downloaded, skipping.
2026-07-05 02:59:52,510 [INFO] src.corpus_acquisition.downloader: Page 4 already downloaded, skipping.
2026-07-05 02:59:52,510 [INFO] src.corpus_acquisition.downloader: Page 5 already downloaded, skipping.
2026-07-05 02:59:52,510 [INFO] src.corpus_acquisition.downloader: Page 6 already downloaded, skipping.
2026-07-05 02:59:52,511 [INFO] src.corpus_acquisition.downloader: Page 7 already downloaded, skipping.
2026-07-05 02:59:52,511 [INFO] src.corpus_acquisition.downloader: Page 8 already downloaded, skipping.
2026-07-05 02:59:52,511 [INFO] src.corpus_acquisition.downloader: Page 9 already downloaded, skipping.
2026-07-05 02:59:52,511 [INFO] src.corpus_acquisition.downloader: Page 10 already downloaded, skipping.
2026-07-05 02:59:52,512 [INFO] src.corpus_acquisition.downloader: Page 11 already downloaded, skipping.
2026-07-05 02:59:52,512 [INFO] src.corpus_acquisition.downloader: Page 12 already downloaded, skipping.
2026-07-05 02:59:52,512 [INFO] src.corpus_acquisition.downloader: Page 13 already downloaded, skipping.
2026-07-05 02:59:52,513 [INFO] src.corpus_acquisition.downloader: Page 14 already downloaded, skipping.
2026-07-05 02:59:52,513 [INFO] src.corpus_acquisition.downloader: Page 15 already downloaded, skipping.
2026-07-05 02:59:52,513 [INFO] src.corpus_acquisition.downloader: Page 16 already downloaded, skipping.
2026-07-05 02:59:52,513 [INFO] src.corpus_acquisition.downloader: Page 17 already downloaded, skipping.
2026-07-05 02:59:52,513 [INFO] src.corpus_acquisition.downloader: Page 18 already downloaded, skipping.
2026-07-05 02:59:52,514 [INFO] src.corpus_acquisition.downloader: Page 19 already downloaded, skipping.
2026-07-05 02:59:52,514 [INFO] src.corpus_acquisition.downloader: Page 20 already downloaded, skipping.
2026-07-05 02:59:52,514 [INFO] src.corpus_acquisition.downloader: Downloading page 21 from https://i.prcdn.co/img?file=eaaj2023042300000051001001&page=21&scale=200&ticket=ACS9Sj7uXqZAZ2MAciAk3KE%3D
2026-07-05 02:59:52,514 [INFO] src.corpus_acquisition.crawler: Downloading -> data/raw/images/elcomercio/2023/04/23/elcomercio_2023-04-23_21.jpg
2026-07-05 02:59:53,264 [ERROR] src.corpus_acquisition.downloader: Rate-limited (403) on page 21 for elcomercio on 2023-04-23; aborting run.
2026-07-05 02:59:53,270 [INFO] src.corpus_acquisition.metadata_extractor: Saved crawl log -> data/raw/crawl_logs/elcomercio_2023-04-23.json (status=failed)
2026-07-05 02:59:53,270 [ERROR] __main__: Stopped due to rate limiting (403): Received 403 while downloading page 21 from https://i.prcdn.co/img?file=eaaj2023042300000051001001&page=21&scale=200&ticket=ACS9Sj7uXqZAZ2MAciAk3KE%3D
Warning: failed to close context cleanly: Cannot switch to a different thread
	Current:  <greenlet.greenlet object at 0x15553418b000 (otid=0x1554e4000b90) current active started main>
	Expected: <greenlet.greenlet object at 0x155545762000 (otid=0x448d10) suspended active started main>
Warning: failed to stop playwright cleanly: Cannot switch to a different thread
	Current:  <greenlet.greenlet object at 0x15553418b000 (otid=0x1554e4000b90) current active started main>
	Expected: <greenlet.greenlet object at 0x155545762000 (otid=0x448d10) suspended active started main>
Rate-limited (403). Resubmitting in 40 minutes...
Submitted batch job 26015442
