
================================================================================
                              Slurm Job Statistics                              
================================================================================
         Job ID: 26210495
   User/Account: nicolasal97/agfritz
       Job Name: correo
          State: COMPLETED
          Nodes: 1
      CPU Cores: 2
     CPU Memory: 10GB (5GB per CPU-core)
           GPUs: 1
  QOS/Partition: standard/scavenger
        Cluster: curta
     Start Time: Wed Aug 5, 2026 at 4:43 PM
       Run Time: 00:14:23
     Time Limit: 01:00:00

                              Overall Utilization                               
================================================================================
  CPU utilization  [|||||||||||||||||||||||||||||||||||||||        79%]
  CPU memory usage [||||||||                                       17%]
  GPU utilization  [||                                              4%]
  GPU memory usage [||                                              4%]

                              Detailed Utilization                              
================================================================================
  CPU utilization per node (CPU time used/run time)
      g009.curta.zedat.fu-berlin.de: 00:22:51/00:28:46 (efficiency=79.5%)

  CPU memory usage per node - used/allocated
      g009.curta.zedat.fu-berlin.de: 1.7GB/10GB (873.3MB/5GB per core of 2)

  GPU utilization per node
      g009.curta.zedat.fu-berlin.de (GPU 2): 3.6%

  GPU memory usage per node - maximum used/total
      g009.curta.zedat.fu-berlin.de (GPU 2): 1.1GB/24GB (4.4%)

                                     Notes                                      
================================================================================
  * The overall GPU utilization of this job is only 4%. This value is low.
    Please investigate the reason for the low utilization. For more info:
      https://www.fu-berlin.de/en/sites/high-performance-computing/Dokumentation/Ressourcennutzung

  * This job only used 17% of the 10GB of total allocated CPU memory. For
    future jobs, please allocate less memory by using a Slurm directive such
    as --mem-per-cpu=2G or --mem=3G. This will reduce your queue times and
    make the resources available to other users. For more info:
      https://www.fu-berlin.de/en/sites/high-performance-computing/Dokumentation/Ressourcen-Manager/Hauptspeicher/

  * Have a nice day!


