2026-08-05 14:06:34,178 [INFO] src.corpus_construction.enhance_images.pipeline: Saved 54 configurations to data/corpus_construction/enhance_images/results/correo/configurations.txt
2026-08-05 14:06:34,181 [INFO] src.corpus_construction.enhance_images.pipeline: Found 10 image(s) under data/corpus_construction/enhance_images/correo
2026-08-05 14:06:34,202 [INFO] src.corpus_construction.enhance_images.pipeline: [correo_2015-09-11_1.jpg] Config 1/54 | contrast=none | denoising=none | sharpening=none
2026-08-05 14:06:34,216 [INFO] src.corpus_construction.enhance_images.pipeline: [correo_2015-09-11_1.jpg] Config 0 finished in 0.014s
2026-08-05 14:06:34,216 [INFO] src.corpus_construction.enhance_images.pipeline: [correo_2015-09-11_1.jpg] Config 2/54 | contrast=none | denoising=none | sharpening=unsharp_masking
2026-08-05 14:06:34,239 [INFO] src.corpus_construction.enhance_images.pipeline: [correo_2015-09-11_1.jpg] Config 1 finished in 0.022s
2026-08-05 14:06:34,239 [INFO] src.corpus_construction.enhance_images.pipeline: [correo_2015-09-11_1.jpg] Config 3/54 | contrast=none | denoising=none | sharpening=stroke_width_enhancement
2026-08-05 14:06:34,274 [INFO] src.corpus_construction.enhance_images.pipeline: [correo_2015-09-11_1.jpg] Config 2 finished in 0.035s
2026-08-05 14:06:34,274 [INFO] src.corpus_construction.enhance_images.pipeline: [correo_2015-09-11_1.jpg] Config 4/54 | contrast=none | denoising=mean_filter | sharpening=none
2026-08-05 14:06:34,283 [INFO] src.corpus_construction.enhance_images.pipeline: [correo_2015-09-11_1.jpg] Config 3 finished in 0.009s
2026-08-05 14:06:34,283 [INFO] src.corpus_construction.enhance_images.pipeline: [correo_2015-09-11_1.jpg] Config 5/54 | contrast=none | denoising=mean_filter | sharpening=unsharp_masking
2026-08-05 14:06:34,305 [INFO] src.corpus_construction.enhance_images.pipeline: [correo_2015-09-11_1.jpg] Config 4 finished in 0.021s
2026-08-05 14:06:34,305 [INFO] src.corpus_construction.enhance_images.pipeline: [correo_2015-09-11_1.jpg] Config 6/54 | contrast=none | denoising=mean_filter | sharpening=stroke_width_enhancement
2026-08-05 14:06:34,334 [INFO] src.corpus_construction.enhance_images.pipeline: [correo_2015-09-11_1.jpg] Config 5 finished in 0.029s
2026-08-05 14:06:34,334 [INFO] src.corpus_construction.enhance_images.pipeline: [correo_2015-09-11_1.jpg] Config 7/54 | contrast=none | denoising=gaussian_filter | sharpening=none
2026-08-05 14:06:34,347 [INFO] src.corpus_construction.enhance_images.pipeline: [correo_2015-09-11_1.jpg] Config 6 finished in 0.013s
2026-08-05 14:06:34,348 [INFO] src.corpus_construction.enhance_images.pipeline: [correo_2015-09-11_1.jpg] Config 8/54 | contrast=none | denoising=gaussian_filter | sharpening=unsharp_masking
2026-08-05 14:06:34,375 [INFO] src.corpus_construction.enhance_images.pipeline: [correo_2015-09-11_1.jpg] Config 7 finished in 0.027s
2026-08-05 14:06:34,375 [INFO] src.corpus_construction.enhance_images.pipeline: [correo_2015-09-11_1.jpg] Config 9/54 | contrast=none | denoising=gaussian_filter | sharpening=stroke_width_enhancement
2026-08-05 14:06:34,409 [INFO] src.corpus_construction.enhance_images.pipeline: [correo_2015-09-11_1.jpg] Config 8 finished in 0.034s
2026-08-05 14:06:34,409 [INFO] src.corpus_construction.enhance_images.pipeline: [correo_2015-09-11_1.jpg] Config 10/54 | contrast=none | denoising=median_filter | sharpening=none
2026-08-05 14:06:34,419 [INFO] src.corpus_construction.enhance_images.pipeline: [correo_2015-09-11_1.jpg] Config 9 finished in 0.009s
2026-08-05 14:06:34,419 [INFO] src.corpus_construction.enhance_images.pipeline: [correo_2015-09-11_1.jpg] Config 11/54 | contrast=none | denoising=median_filter | sharpening=unsharp_masking
2026-08-05 14:06:34,441 [INFO] src.corpus_construction.enhance_images.pipeline: [correo_2015-09-11_1.jpg] Config 10 finished in 0.022s
2026-08-05 14:06:34,441 [INFO] src.corpus_construction.enhance_images.pipeline: [correo_2015-09-11_1.jpg] Config 12/54 | contrast=none | denoising=median_filter | sharpening=stroke_width_enhancement
2026-08-05 14:06:34,477 [INFO] src.corpus_construction.enhance_images.pipeline: [correo_2015-09-11_1.jpg] Config 11 finished in 0.035s
2026-08-05 14:06:34,477 [INFO] src.corpus_construction.enhance_images.pipeline: [correo_2015-09-11_1.jpg] Config 13/54 | contrast=none | denoising=conservative_filter | sharpening=none
