2026-09-11 23:58:52,817 [INFO] src.corpus_construction.enhance_images.pipeline: Saved 54 configurations to data/corpus_construction/enhance_images/results/publimetro/configurations.txt
2026-09-11 23:58:52,825 [INFO] src.corpus_construction.enhance_images.pipeline: Found 10 image(s) under data/corpus_construction/enhance_images/publimetro
2026-09-11 23:58:52,872 [INFO] src.corpus_construction.enhance_images.pipeline: [publimetro_2013-08-14_12.jpg] Config 1/54 | contrast=none | denoising=none | sharpening=none
2026-09-11 23:58:52,877 [INFO] src.corpus_construction.enhance_images.pipeline: [publimetro_2013-08-14_12.jpg] Config 0 finished in 0.005s
2026-09-11 23:58:52,877 [INFO] src.corpus_construction.enhance_images.pipeline: [publimetro_2013-08-14_12.jpg] Config 2/54 | contrast=none | denoising=none | sharpening=unsharp_masking
2026-09-11 23:58:52,889 [INFO] src.corpus_construction.enhance_images.pipeline: [publimetro_2013-08-14_12.jpg] Config 1 finished in 0.012s
2026-09-11 23:58:52,889 [INFO] src.corpus_construction.enhance_images.pipeline: [publimetro_2013-08-14_12.jpg] Config 3/54 | contrast=none | denoising=none | sharpening=stroke_width_enhancement
2026-09-11 23:58:52,903 [INFO] src.corpus_construction.enhance_images.pipeline: [publimetro_2013-08-14_12.jpg] Config 2 finished in 0.014s
2026-09-11 23:58:52,903 [INFO] src.corpus_construction.enhance_images.pipeline: [publimetro_2013-08-14_12.jpg] Config 4/54 | contrast=none | denoising=mean_filter | sharpening=none
2026-09-11 23:58:52,907 [INFO] src.corpus_construction.enhance_images.pipeline: [publimetro_2013-08-14_12.jpg] Config 3 finished in 0.004s
2026-09-11 23:58:52,907 [INFO] src.corpus_construction.enhance_images.pipeline: [publimetro_2013-08-14_12.jpg] Config 5/54 | contrast=none | denoising=mean_filter | sharpening=unsharp_masking
2026-09-11 23:58:52,918 [INFO] src.corpus_construction.enhance_images.pipeline: [publimetro_2013-08-14_12.jpg] Config 4 finished in 0.010s
2026-09-11 23:58:52,918 [INFO] src.corpus_construction.enhance_images.pipeline: [publimetro_2013-08-14_12.jpg] Config 6/54 | contrast=none | denoising=mean_filter | sharpening=stroke_width_enhancement
2026-09-11 23:58:52,930 [INFO] src.corpus_construction.enhance_images.pipeline: [publimetro_2013-08-14_12.jpg] Config 5 finished in 0.012s
2026-09-11 23:58:52,930 [INFO] src.corpus_construction.enhance_images.pipeline: [publimetro_2013-08-14_12.jpg] Config 7/54 | contrast=none | denoising=gaussian_filter | sharpening=none
2026-09-11 23:58:52,934 [INFO] src.corpus_construction.enhance_images.pipeline: [publimetro_2013-08-14_12.jpg] Config 6 finished in 0.005s
2026-09-11 23:58:52,935 [INFO] src.corpus_construction.enhance_images.pipeline: [publimetro_2013-08-14_12.jpg] Config 8/54 | contrast=none | denoising=gaussian_filter | sharpening=unsharp_masking
2026-09-11 23:58:52,947 [INFO] src.corpus_construction.enhance_images.pipeline: [publimetro_2013-08-14_12.jpg] Config 7 finished in 0.013s
2026-09-11 23:58:52,947 [INFO] src.corpus_construction.enhance_images.pipeline: [publimetro_2013-08-14_12.jpg] Config 9/54 | contrast=none | denoising=gaussian_filter | sharpening=stroke_width_enhancement
2026-09-11 23:58:52,960 [INFO] src.corpus_construction.enhance_images.pipeline: [publimetro_2013-08-14_12.jpg] Config 8 finished in 0.012s
2026-09-11 23:58:52,960 [INFO] src.corpus_construction.enhance_images.pipeline: [publimetro_2013-08-14_12.jpg] Config 10/54 | contrast=none | denoising=median_filter | sharpening=none
2026-09-11 23:58:52,963 [INFO] src.corpus_construction.enhance_images.pipeline: [publimetro_2013-08-14_12.jpg] Config 9 finished in 0.003s
2026-09-11 23:58:52,963 [INFO] src.corpus_construction.enhance_images.pipeline: [publimetro_2013-08-14_12.jpg] Config 11/54 | contrast=none | denoising=median_filter | sharpening=unsharp_masking
2026-09-11 23:58:52,975 [INFO] src.corpus_construction.enhance_images.pipeline: [publimetro_2013-08-14_12.jpg] Config 10 finished in 0.012s
2026-09-11 23:58:52,975 [INFO] src.corpus_construction.enhance_images.pipeline: [publimetro_2013-08-14_12.jpg] Config 12/54 | contrast=none | denoising=median_filter | sharpening=stroke_width_enhancement
2026-09-11 23:58:52,985 [INFO] src.corpus_construction.enhance_images.pipeline: [publimetro_2013-08-14_12.jpg] Config 11 finished in 0.010s
2026-09-11 23:58:52,986 [INFO] src.corpus_construction.enhance_images.pipeline: [publimetro_2013-08-14_12.jpg] Config 13/54 | contrast=none | denoising=conservative_filter | sharpening=none
2026-09-11 23:59:31,354 [INFO] src.corpus_construction.enhance_images.pipeline: [publimetro_2013-08-14_12.jpg] Config 12 finished in 38.368s
2026-09-11 23:59:31,354 [INFO] src.corpus_construction.enhance_images.pipeline: [publimetro_2013-08-14_12.jpg] Config 14/54 | contrast=none | denoising=conservative_filter | sharpening=unsharp_masking
2026-09-12 00:00:10,585 [INFO] src.corpus_construction.enhance_images.pipeline: [publimetro_2013-08-14_12.jpg] Config 13 finished in 39.230s
2026-09-12 00:00:10,585 [INFO] src.corpus_construction.enhance_images.pipeline: [publimetro_2013-08-14_12.jpg] Config 15/54 | contrast=none | denoising=conservative_filter | sharpening=stroke_width_enhancement
2026-09-12 00:00:50,086 [INFO] src.corpus_construction.enhance_images.pipeline: [publimetro_2013-08-14_12.jpg] Config 14 finished in 39.501s
2026-09-12 00:00:50,086 [INFO] src.corpus_construction.enhance_images.pipeline: [publimetro_2013-08-14_12.jpg] Config 16/54 | contrast=none | denoising=laplacian_filter | sharpening=none
2026-09-12 00:00:50,096 [INFO] src.corpus_construction.enhance_images.pipeline: [publimetro_2013-08-14_12.jpg] Config 15 finished in 0.010s
2026-09-12 00:00:50,097 [INFO] src.corpus_construction.enhance_images.pipeline: [publimetro_2013-08-14_12.jpg] Config 17/54 | contrast=none | denoising=laplacian_filter | sharpening=unsharp_masking
2026-09-12 00:00:50,113 [INFO] src.corpus_construction.enhance_images.pipeline: [publimetro_2013-08-14_12.jpg] Config 16 finished in 0.016s
2026-09-12 00:00:50,113 [INFO] src.corpus_construction.enhance_images.pipeline: [publimetro_2013-08-14_12.jpg] Config 18/54 | contrast=none | denoising=laplacian_filter | sharpening=stroke_width_enhancement
2026-09-12 00:00:50,130 [INFO] src.corpus_construction.enhance_images.pipeline: [publimetro_2013-08-14_12.jpg] Config 17 finished in 0.017s
2026-09-12 00:00:50,130 [INFO] src.corpus_construction.enhance_images.pipeline: [publimetro_2013-08-14_12.jpg] Config 19/54 | contrast=none | denoising=frequency_filter | sharpening=none
2026-09-12 00:00:50,355 [INFO] src.corpus_construction.enhance_images.pipeline: [publimetro_2013-08-14_12.jpg] Config 18 finished in 0.225s
2026-09-12 00:00:50,355 [INFO] src.corpus_construction.enhance_images.pipeline: [publimetro_2013-08-14_12.jpg] Config 20/54 | contrast=none | denoising=frequency_filter | sharpening=unsharp_masking
2026-09-12 00:00:50,556 [INFO] src.corpus_construction.enhance_images.pipeline: [publimetro_2013-08-14_12.jpg] Config 19 finished in 0.201s
2026-09-12 00:00:50,556 [INFO] src.corpus_construction.enhance_images.pipeline: [publimetro_2013-08-14_12.jpg] Config 21/54 | contrast=none | denoising=frequency_filter | sharpening=stroke_width_enhancement
2026-09-12 00:00:50,759 [INFO] src.corpus_construction.enhance_images.pipeline: [publimetro_2013-08-14_12.jpg] Config 20 finished in 0.203s
2026-09-12 00:00:50,760 [INFO] src.corpus_construction.enhance_images.pipeline: [publimetro_2013-08-14_12.jpg] Config 22/54 | contrast=none | denoising=crimmins_speckle_removal | sharpening=none
2026-09-12 00:02:34,536 [INFO] src.corpus_construction.enhance_images.pipeline: [publimetro_2013-08-14_12.jpg] Config 21 finished in 103.776s
2026-09-12 00:02:34,537 [INFO] src.corpus_construction.enhance_images.pipeline: [publimetro_2013-08-14_12.jpg] Config 23/54 | contrast=none | denoising=crimmins_speckle_removal | sharpening=unsharp_masking
2026-09-12 00:04:12,310 [INFO] src.corpus_construction.enhance_images.pipeline: [publimetro_2013-08-14_12.jpg] Config 22 finished in 97.774s
2026-09-12 00:04:12,311 [INFO] src.corpus_construction.enhance_images.pipeline: [publimetro_2013-08-14_12.jpg] Config 24/54 | contrast=none | denoising=crimmins_speckle_removal | sharpening=stroke_width_enhancement
2026-09-12 00:05:51,188 [INFO] src.corpus_construction.enhance_images.pipeline: [publimetro_2013-08-14_12.jpg] Config 23 finished in 98.877s
2026-09-12 00:05:51,188 [INFO] src.corpus_construction.enhance_images.pipeline: [publimetro_2013-08-14_12.jpg] Config 25/54 | contrast=none | denoising=unsharp_filter | sharpening=none
2026-09-12 00:05:51,258 [INFO] src.corpus_construction.enhance_images.pipeline: [publimetro_2013-08-14_12.jpg] Config 24 finished in 0.069s
2026-09-12 00:05:51,258 [INFO] src.corpus_construction.enhance_images.pipeline: [publimetro_2013-08-14_12.jpg] Config 26/54 | contrast=none | denoising=unsharp_filter | sharpening=unsharp_masking
2026-09-12 00:05:51,331 [INFO] src.corpus_construction.enhance_images.pipeline: [publimetro_2013-08-14_12.jpg] Config 25 finished in 0.073s
2026-09-12 00:05:51,331 [INFO] src.corpus_construction.enhance_images.pipeline: [publimetro_2013-08-14_12.jpg] Config 27/54 | contrast=none | denoising=unsharp_filter | sharpening=stroke_width_enhancement
2026-09-12 00:05:51,406 [INFO] src.corpus_construction.enhance_images.pipeline: [publimetro_2013-08-14_12.jpg] Config 26 finished in 0.074s
2026-09-12 00:05:51,406 [INFO] src.corpus_construction.enhance_images.pipeline: [publimetro_2013-08-14_12.jpg] Config 28/54 | contrast=clahe | denoising=none | sharpening=none
2026-09-12 00:05:51,570 [INFO] src.corpus_construction.enhance_images.pipeline: [publimetro_2013-08-14_12.jpg] Config 27 finished in 0.164s
2026-09-12 00:05:51,570 [INFO] src.corpus_construction.enhance_images.pipeline: [publimetro_2013-08-14_12.jpg] Config 29/54 | contrast=clahe | denoising=none | sharpening=unsharp_masking
2026-09-12 00:05:51,626 [INFO] src.corpus_construction.enhance_images.pipeline: [publimetro_2013-08-14_12.jpg] Config 28 finished in 0.056s
2026-09-12 00:05:51,626 [INFO] src.corpus_construction.enhance_images.pipeline: [publimetro_2013-08-14_12.jpg] Config 30/54 | contrast=clahe | denoising=none | sharpening=stroke_width_enhancement
2026-09-12 00:05:51,683 [INFO] src.corpus_construction.enhance_images.pipeline: [publimetro_2013-08-14_12.jpg] Config 29 finished in 0.057s
2026-09-12 00:05:51,684 [INFO] src.corpus_construction.enhance_images.pipeline: [publimetro_2013-08-14_12.jpg] Config 31/54 | contrast=clahe | denoising=mean_filter | sharpening=none
2026-09-12 00:05:51,734 [INFO] src.corpus_construction.enhance_images.pipeline: [publimetro_2013-08-14_12.jpg] Config 30 finished in 0.050s
2026-09-12 00:05:51,734 [INFO] src.corpus_construction.enhance_images.pipeline: [publimetro_2013-08-14_12.jpg] Config 32/54 | contrast=clahe | denoising=mean_filter | sharpening=unsharp_masking
2026-09-12 00:05:51,789 [INFO] src.corpus_construction.enhance_images.pipeline: [publimetro_2013-08-14_12.jpg] Config 31 finished in 0.055s
2026-09-12 00:05:51,790 [INFO] src.corpus_construction.enhance_images.pipeline: [publimetro_2013-08-14_12.jpg] Config 33/54 | contrast=clahe | denoising=mean_filter | sharpening=stroke_width_enhancement
2026-09-12 00:05:51,847 [INFO] src.corpus_construction.enhance_images.pipeline: [publimetro_2013-08-14_12.jpg] Config 32 finished in 0.058s
2026-09-12 00:05:51,847 [INFO] src.corpus_construction.enhance_images.pipeline: [publimetro_2013-08-14_12.jpg] Config 34/54 | contrast=clahe | denoising=gaussian_filter | sharpening=none
2026-09-12 00:05:51,897 [INFO] src.corpus_construction.enhance_images.pipeline: [publimetro_2013-08-14_12.jpg] Config 33 finished in 0.050s
2026-09-12 00:05:51,897 [INFO] src.corpus_construction.enhance_images.pipeline: [publimetro_2013-08-14_12.jpg] Config 35/54 | contrast=clahe | denoising=gaussian_filter | sharpening=unsharp_masking
2026-09-12 00:05:51,955 [INFO] src.corpus_construction.enhance_images.pipeline: [publimetro_2013-08-14_12.jpg] Config 34 finished in 0.057s
2026-09-12 00:05:51,955 [INFO] src.corpus_construction.enhance_images.pipeline: [publimetro_2013-08-14_12.jpg] Config 36/54 | contrast=clahe | denoising=gaussian_filter | sharpening=stroke_width_enhancement
2026-09-12 00:05:52,014 [INFO] src.corpus_construction.enhance_images.pipeline: [publimetro_2013-08-14_12.jpg] Config 35 finished in 0.059s
2026-09-12 00:05:52,014 [INFO] src.corpus_construction.enhance_images.pipeline: [publimetro_2013-08-14_12.jpg] Config 37/54 | contrast=clahe | denoising=median_filter | sharpening=none
2026-09-12 00:05:52,064 [INFO] src.corpus_construction.enhance_images.pipeline: [publimetro_2013-08-14_12.jpg] Config 36 finished in 0.050s
2026-09-12 00:05:52,064 [INFO] src.corpus_construction.enhance_images.pipeline: [publimetro_2013-08-14_12.jpg] Config 38/54 | contrast=clahe | denoising=median_filter | sharpening=unsharp_masking
2026-09-12 00:05:52,119 [INFO] src.corpus_construction.enhance_images.pipeline: [publimetro_2013-08-14_12.jpg] Config 37 finished in 0.055s
2026-09-12 00:05:52,119 [INFO] src.corpus_construction.enhance_images.pipeline: [publimetro_2013-08-14_12.jpg] Config 39/54 | contrast=clahe | denoising=median_filter | sharpening=stroke_width_enhancement
2026-09-12 00:05:52,177 [INFO] src.corpus_construction.enhance_images.pipeline: [publimetro_2013-08-14_12.jpg] Config 38 finished in 0.057s
2026-09-12 00:05:52,177 [INFO] src.corpus_construction.enhance_images.pipeline: [publimetro_2013-08-14_12.jpg] Config 40/54 | contrast=clahe | denoising=conservative_filter | sharpening=none
2026-09-12 00:06:31,543 [INFO] src.corpus_construction.enhance_images.pipeline: [publimetro_2013-08-14_12.jpg] Config 39 finished in 39.366s
2026-09-12 00:06:31,543 [INFO] src.corpus_construction.enhance_images.pipeline: [publimetro_2013-08-14_12.jpg] Config 41/54 | contrast=clahe | denoising=conservative_filter | sharpening=unsharp_masking
2026-09-12 00:07:11,449 [INFO] src.corpus_construction.enhance_images.pipeline: [publimetro_2013-08-14_12.jpg] Config 40 finished in 39.905s
2026-09-12 00:07:11,449 [INFO] src.corpus_construction.enhance_images.pipeline: [publimetro_2013-08-14_12.jpg] Config 42/54 | contrast=clahe | denoising=conservative_filter | sharpening=stroke_width_enhancement
2026-09-12 00:07:52,117 [INFO] src.corpus_construction.enhance_images.pipeline: [publimetro_2013-08-14_12.jpg] Config 41 finished in 40.668s
2026-09-12 00:07:52,117 [INFO] src.corpus_construction.enhance_images.pipeline: [publimetro_2013-08-14_12.jpg] Config 43/54 | contrast=clahe | denoising=laplacian_filter | sharpening=none
2026-09-12 00:07:52,172 [INFO] src.corpus_construction.enhance_images.pipeline: [publimetro_2013-08-14_12.jpg] Config 42 finished in 0.054s
2026-09-12 00:07:52,172 [INFO] src.corpus_construction.enhance_images.pipeline: [publimetro_2013-08-14_12.jpg] Config 44/54 | contrast=clahe | denoising=laplacian_filter | sharpening=unsharp_masking
2026-09-12 00:07:52,230 [INFO] src.corpus_construction.enhance_images.pipeline: [publimetro_2013-08-14_12.jpg] Config 43 finished in 0.058s
2026-09-12 00:07:52,230 [INFO] src.corpus_construction.enhance_images.pipeline: [publimetro_2013-08-14_12.jpg] Config 45/54 | contrast=clahe | denoising=laplacian_filter | sharpening=stroke_width_enhancement
2026-09-12 00:07:52,291 [INFO] src.corpus_construction.enhance_images.pipeline: [publimetro_2013-08-14_12.jpg] Config 44 finished in 0.061s
2026-09-12 00:07:52,291 [INFO] src.corpus_construction.enhance_images.pipeline: [publimetro_2013-08-14_12.jpg] Config 46/54 | contrast=clahe | denoising=frequency_filter | sharpening=none
2026-09-12 00:07:52,537 [INFO] src.corpus_construction.enhance_images.pipeline: [publimetro_2013-08-14_12.jpg] Config 45 finished in 0.246s
2026-09-12 00:07:52,537 [INFO] src.corpus_construction.enhance_images.pipeline: [publimetro_2013-08-14_12.jpg] Config 47/54 | contrast=clahe | denoising=frequency_filter | sharpening=unsharp_masking
2026-09-12 00:07:52,800 [INFO] src.corpus_construction.enhance_images.pipeline: [publimetro_2013-08-14_12.jpg] Config 46 finished in 0.263s
2026-09-12 00:07:52,800 [INFO] src.corpus_construction.enhance_images.pipeline: [publimetro_2013-08-14_12.jpg] Config 48/54 | contrast=clahe | denoising=frequency_filter | sharpening=stroke_width_enhancement
2026-09-12 00:07:53,092 [INFO] src.corpus_construction.enhance_images.pipeline: [publimetro_2013-08-14_12.jpg] Config 47 finished in 0.292s
2026-09-12 00:07:53,092 [INFO] src.corpus_construction.enhance_images.pipeline: [publimetro_2013-08-14_12.jpg] Config 49/54 | contrast=clahe | denoising=crimmins_speckle_removal | sharpening=none
2026-09-12 00:09:47,416 [INFO] src.corpus_construction.enhance_images.pipeline: [publimetro_2013-08-14_12.jpg] Config 48 finished in 114.324s
2026-09-12 00:09:47,417 [INFO] src.corpus_construction.enhance_images.pipeline: [publimetro_2013-08-14_12.jpg] Config 50/54 | contrast=clahe | denoising=crimmins_speckle_removal | sharpening=unsharp_masking
2026-09-12 00:11:44,292 [INFO] src.corpus_construction.enhance_images.pipeline: [publimetro_2013-08-14_12.jpg] Config 49 finished in 116.875s
2026-09-12 00:11:44,293 [INFO] src.corpus_construction.enhance_images.pipeline: [publimetro_2013-08-14_12.jpg] Config 51/54 | contrast=clahe | denoising=crimmins_speckle_removal | sharpening=stroke_width_enhancement
2026-09-12 00:13:36,144 [INFO] src.corpus_construction.enhance_images.pipeline: [publimetro_2013-08-14_12.jpg] Config 50 finished in 111.851s
2026-09-12 00:13:36,144 [INFO] src.corpus_construction.enhance_images.pipeline: [publimetro_2013-08-14_12.jpg] Config 52/54 | contrast=clahe | denoising=unsharp_filter | sharpening=none
2026-09-12 00:13:36,261 [INFO] src.corpus_construction.enhance_images.pipeline: [publimetro_2013-08-14_12.jpg] Config 51 finished in 0.116s
2026-09-12 00:13:36,261 [INFO] src.corpus_construction.enhance_images.pipeline: [publimetro_2013-08-14_12.jpg] Config 53/54 | contrast=clahe | denoising=unsharp_filter | sharpening=unsharp_masking
2026-09-12 00:13:36,381 [INFO] src.corpus_construction.enhance_images.pipeline: [publimetro_2013-08-14_12.jpg] Config 52 finished in 0.120s
2026-09-12 00:13:36,381 [INFO] src.corpus_construction.enhance_images.pipeline: [publimetro_2013-08-14_12.jpg] Config 54/54 | contrast=clahe | denoising=unsharp_filter | sharpening=stroke_width_enhancement
2026-09-12 00:13:36,502 [INFO] src.corpus_construction.enhance_images.pipeline: [publimetro_2013-08-14_12.jpg] Config 53 finished in 0.121s
2026-09-12 00:13:36,530 [INFO] src.corpus_construction.enhance_images.pipeline: Saved 54 metadata records to data/corpus_construction/enhance_images/results/publimetro/enhance_images.parquet
2026-09-12 00:13:40,082 [INFO] src.corpus_construction.enhance_images.pipeline: [publimetro_2014-01-20_1.jpg] Config 1/54 | contrast=none | denoising=none | sharpening=none
2026-09-12 00:13:40,086 [INFO] src.corpus_construction.enhance_images.pipeline: [publimetro_2014-01-20_1.jpg] Config 0 finished in 0.004s
2026-09-12 00:13:40,086 [INFO] src.corpus_construction.enhance_images.pipeline: [publimetro_2014-01-20_1.jpg] Config 2/54 | contrast=none | denoising=none | sharpening=unsharp_masking
2026-09-12 00:13:40,098 [INFO] src.corpus_construction.enhance_images.pipeline: [publimetro_2014-01-20_1.jpg] Config 1 finished in 0.013s
2026-09-12 00:13:40,098 [INFO] src.corpus_construction.enhance_images.pipeline: [publimetro_2014-01-20_1.jpg] Config 3/54 | contrast=none | denoising=none | sharpening=stroke_width_enhancement
2026-09-12 00:13:40,109 [INFO] src.corpus_construction.enhance_images.pipeline: [publimetro_2014-01-20_1.jpg] Config 2 finished in 0.011s
2026-09-12 00:13:40,109 [INFO] src.corpus_construction.enhance_images.pipeline: [publimetro_2014-01-20_1.jpg] Config 4/54 | contrast=none | denoising=mean_filter | sharpening=none
2026-09-12 00:13:40,118 [INFO] src.corpus_construction.enhance_images.pipeline: [publimetro_2014-01-20_1.jpg] Config 3 finished in 0.009s
2026-09-12 00:13:40,118 [INFO] src.corpus_construction.enhance_images.pipeline: [publimetro_2014-01-20_1.jpg] Config 5/54 | contrast=none | denoising=mean_filter | sharpening=unsharp_masking
2026-09-12 00:13:40,133 [INFO] src.corpus_construction.enhance_images.pipeline: [publimetro_2014-01-20_1.jpg] Config 4 finished in 0.015s
2026-09-12 00:13:40,133 [INFO] src.corpus_construction.enhance_images.pipeline: [publimetro_2014-01-20_1.jpg] Config 6/54 | contrast=none | denoising=mean_filter | sharpening=stroke_width_enhancement
2026-09-12 00:13:40,145 [INFO] src.corpus_construction.enhance_images.pipeline: [publimetro_2014-01-20_1.jpg] Config 5 finished in 0.012s
2026-09-12 00:13:40,145 [INFO] src.corpus_construction.enhance_images.pipeline: [publimetro_2014-01-20_1.jpg] Config 7/54 | contrast=none | denoising=gaussian_filter | sharpening=none
2026-09-12 00:13:40,150 [INFO] src.corpus_construction.enhance_images.pipeline: [publimetro_2014-01-20_1.jpg] Config 6 finished in 0.004s
2026-09-12 00:13:40,150 [INFO] src.corpus_construction.enhance_images.pipeline: [publimetro_2014-01-20_1.jpg] Config 8/54 | contrast=none | denoising=gaussian_filter | sharpening=unsharp_masking
2026-09-12 00:13:40,164 [INFO] src.corpus_construction.enhance_images.pipeline: [publimetro_2014-01-20_1.jpg] Config 7 finished in 0.014s
2026-09-12 00:13:40,164 [INFO] src.corpus_construction.enhance_images.pipeline: [publimetro_2014-01-20_1.jpg] Config 9/54 | contrast=none | denoising=gaussian_filter | sharpening=stroke_width_enhancement
2026-09-12 00:13:40,175 [INFO] src.corpus_construction.enhance_images.pipeline: [publimetro_2014-01-20_1.jpg] Config 8 finished in 0.012s
2026-09-12 00:13:40,175 [INFO] src.corpus_construction.enhance_images.pipeline: [publimetro_2014-01-20_1.jpg] Config 10/54 | contrast=none | denoising=median_filter | sharpening=none
2026-09-12 00:13:40,181 [INFO] src.corpus_construction.enhance_images.pipeline: [publimetro_2014-01-20_1.jpg] Config 9 finished in 0.006s
2026-09-12 00:13:40,181 [INFO] src.corpus_construction.enhance_images.pipeline: [publimetro_2014-01-20_1.jpg] Config 11/54 | contrast=none | denoising=median_filter | sharpening=unsharp_masking
2026-09-12 00:13:40,195 [INFO] src.corpus_construction.enhance_images.pipeline: [publimetro_2014-01-20_1.jpg] Config 10 finished in 0.014s
2026-09-12 00:13:40,195 [INFO] src.corpus_construction.enhance_images.pipeline: [publimetro_2014-01-20_1.jpg] Config 12/54 | contrast=none | denoising=median_filter | sharpening=stroke_width_enhancement
2026-09-12 00:13:40,208 [INFO] src.corpus_construction.enhance_images.pipeline: [publimetro_2014-01-20_1.jpg] Config 11 finished in 0.012s
2026-09-12 00:13:40,208 [INFO] src.corpus_construction.enhance_images.pipeline: [publimetro_2014-01-20_1.jpg] Config 13/54 | contrast=none | denoising=conservative_filter | sharpening=none
2026-09-12 00:14:17,939 [INFO] src.corpus_construction.enhance_images.pipeline: [publimetro_2014-01-20_1.jpg] Config 12 finished in 37.732s
2026-09-12 00:14:17,939 [INFO] src.corpus_construction.enhance_images.pipeline: [publimetro_2014-01-20_1.jpg] Config 14/54 | contrast=none | denoising=conservative_filter | sharpening=unsharp_masking
2026-09-12 00:14:55,125 [INFO] src.corpus_construction.enhance_images.pipeline: [publimetro_2014-01-20_1.jpg] Config 13 finished in 37.186s
2026-09-12 00:14:55,125 [INFO] src.corpus_construction.enhance_images.pipeline: [publimetro_2014-01-20_1.jpg] Config 15/54 | contrast=none | denoising=conservative_filter | sharpening=stroke_width_enhancement
2026-09-12 00:15:33,488 [INFO] src.corpus_construction.enhance_images.pipeline: [publimetro_2014-01-20_1.jpg] Config 14 finished in 38.363s
2026-09-12 00:15:33,489 [INFO] src.corpus_construction.enhance_images.pipeline: [publimetro_2014-01-20_1.jpg] Config 16/54 | contrast=none | denoising=laplacian_filter | sharpening=none
2026-09-12 00:15:33,500 [INFO] src.corpus_construction.enhance_images.pipeline: [publimetro_2014-01-20_1.jpg] Config 15 finished in 0.011s
2026-09-12 00:15:33,500 [INFO] src.corpus_construction.enhance_images.pipeline: [publimetro_2014-01-20_1.jpg] Config 17/54 | contrast=none | denoising=laplacian_filter | sharpening=unsharp_masking
2026-09-12 00:15:33,516 [INFO] src.corpus_construction.enhance_images.pipeline: [publimetro_2014-01-20_1.jpg] Config 16 finished in 0.016s
2026-09-12 00:15:33,516 [INFO] src.corpus_construction.enhance_images.pipeline: [publimetro_2014-01-20_1.jpg] Config 18/54 | contrast=none | denoising=laplacian_filter | sharpening=stroke_width_enhancement
2026-09-12 00:15:33,535 [INFO] src.corpus_construction.enhance_images.pipeline: [publimetro_2014-01-20_1.jpg] Config 17 finished in 0.018s
2026-09-12 00:15:33,535 [INFO] src.corpus_construction.enhance_images.pipeline: [publimetro_2014-01-20_1.jpg] Config 19/54 | contrast=none | denoising=frequency_filter | sharpening=none
2026-09-12 00:15:33,777 [INFO] src.corpus_construction.enhance_images.pipeline: [publimetro_2014-01-20_1.jpg] Config 18 finished in 0.242s
2026-09-12 00:15:33,777 [INFO] src.corpus_construction.enhance_images.pipeline: [publimetro_2014-01-20_1.jpg] Config 20/54 | contrast=none | denoising=frequency_filter | sharpening=unsharp_masking
2026-09-12 00:15:34,022 [INFO] src.corpus_construction.enhance_images.pipeline: [publimetro_2014-01-20_1.jpg] Config 19 finished in 0.244s
2026-09-12 00:15:34,022 [INFO] src.corpus_construction.enhance_images.pipeline: [publimetro_2014-01-20_1.jpg] Config 21/54 | contrast=none | denoising=frequency_filter | sharpening=stroke_width_enhancement
2026-09-12 00:15:34,272 [INFO] src.corpus_construction.enhance_images.pipeline: [publimetro_2014-01-20_1.jpg] Config 20 finished in 0.251s
2026-09-12 00:15:34,272 [INFO] src.corpus_construction.enhance_images.pipeline: [publimetro_2014-01-20_1.jpg] Config 22/54 | contrast=none | denoising=crimmins_speckle_removal | sharpening=none
2026-09-12 00:17:21,305 [INFO] src.corpus_construction.enhance_images.pipeline: [publimetro_2014-01-20_1.jpg] Config 21 finished in 107.033s
2026-09-12 00:17:21,306 [INFO] src.corpus_construction.enhance_images.pipeline: [publimetro_2014-01-20_1.jpg] Config 23/54 | contrast=none | denoising=crimmins_speckle_removal | sharpening=unsharp_masking
2026-09-12 00:19:18,672 [INFO] src.corpus_construction.enhance_images.pipeline: [publimetro_2014-01-20_1.jpg] Config 22 finished in 117.365s
2026-09-12 00:19:18,672 [INFO] src.corpus_construction.enhance_images.pipeline: [publimetro_2014-01-20_1.jpg] Config 24/54 | contrast=none | denoising=crimmins_speckle_removal | sharpening=stroke_width_enhancement
2026-09-12 00:21:20,971 [INFO] src.corpus_construction.enhance_images.pipeline: [publimetro_2014-01-20_1.jpg] Config 23 finished in 122.299s
2026-09-12 00:21:20,971 [INFO] src.corpus_construction.enhance_images.pipeline: [publimetro_2014-01-20_1.jpg] Config 25/54 | contrast=none | denoising=unsharp_filter | sharpening=none
2026-09-12 00:21:21,041 [INFO] src.corpus_construction.enhance_images.pipeline: [publimetro_2014-01-20_1.jpg] Config 24 finished in 0.070s
2026-09-12 00:21:21,041 [INFO] src.corpus_construction.enhance_images.pipeline: [publimetro_2014-01-20_1.jpg] Config 26/54 | contrast=none | denoising=unsharp_filter | sharpening=unsharp_masking
2026-09-12 00:21:21,116 [INFO] src.corpus_construction.enhance_images.pipeline: [publimetro_2014-01-20_1.jpg] Config 25 finished in 0.074s
2026-09-12 00:21:21,116 [INFO] src.corpus_construction.enhance_images.pipeline: [publimetro_2014-01-20_1.jpg] Config 27/54 | contrast=none | denoising=unsharp_filter | sharpening=stroke_width_enhancement
2026-09-12 00:21:21,191 [INFO] src.corpus_construction.enhance_images.pipeline: [publimetro_2014-01-20_1.jpg] Config 26 finished in 0.075s
2026-09-12 00:21:21,191 [INFO] src.corpus_construction.enhance_images.pipeline: [publimetro_2014-01-20_1.jpg] Config 28/54 | contrast=clahe | denoising=none | sharpening=none
2026-09-12 00:21:21,243 [INFO] src.corpus_construction.enhance_images.pipeline: [publimetro_2014-01-20_1.jpg] Config 27 finished in 0.052s
2026-09-12 00:21:21,243 [INFO] src.corpus_construction.enhance_images.pipeline: [publimetro_2014-01-20_1.jpg] Config 29/54 | contrast=clahe | denoising=none | sharpening=unsharp_masking
2026-09-12 00:21:21,298 [INFO] src.corpus_construction.enhance_images.pipeline: [publimetro_2014-01-20_1.jpg] Config 28 finished in 0.055s
2026-09-12 00:21:21,298 [INFO] src.corpus_construction.enhance_images.pipeline: [publimetro_2014-01-20_1.jpg] Config 30/54 | contrast=clahe | denoising=none | sharpening=stroke_width_enhancement
2026-09-12 00:21:21,355 [INFO] src.corpus_construction.enhance_images.pipeline: [publimetro_2014-01-20_1.jpg] Config 29 finished in 0.057s
2026-09-12 00:21:21,356 [INFO] src.corpus_construction.enhance_images.pipeline: [publimetro_2014-01-20_1.jpg] Config 31/54 | contrast=clahe | denoising=mean_filter | sharpening=none
2026-09-12 00:21:21,407 [INFO] src.corpus_construction.enhance_images.pipeline: [publimetro_2014-01-20_1.jpg] Config 30 finished in 0.051s
2026-09-12 00:21:21,407 [INFO] src.corpus_construction.enhance_images.pipeline: [publimetro_2014-01-20_1.jpg] Config 32/54 | contrast=clahe | denoising=mean_filter | sharpening=unsharp_masking
2026-09-12 00:21:21,464 [INFO] src.corpus_construction.enhance_images.pipeline: [publimetro_2014-01-20_1.jpg] Config 31 finished in 0.057s
2026-09-12 00:21:22,016 [INFO] src.corpus_construction.enhance_images.pipeline: [publimetro_2014-01-20_1.jpg] Config 33/54 | contrast=clahe | denoising=mean_filter | sharpening=stroke_width_enhancement
2026-09-12 00:21:22,074 [INFO] src.corpus_construction.enhance_images.pipeline: [publimetro_2014-01-20_1.jpg] Config 32 finished in 0.058s
2026-09-12 00:21:22,074 [INFO] src.corpus_construction.enhance_images.pipeline: [publimetro_2014-01-20_1.jpg] Config 34/54 | contrast=clahe | denoising=gaussian_filter | sharpening=none
2026-09-12 00:21:22,125 [INFO] src.corpus_construction.enhance_images.pipeline: [publimetro_2014-01-20_1.jpg] Config 33 finished in 0.051s
2026-09-12 00:21:22,125 [INFO] src.corpus_construction.enhance_images.pipeline: [publimetro_2014-01-20_1.jpg] Config 35/54 | contrast=clahe | denoising=gaussian_filter | sharpening=unsharp_masking
2026-09-12 00:21:22,182 [INFO] src.corpus_construction.enhance_images.pipeline: [publimetro_2014-01-20_1.jpg] Config 34 finished in 0.057s
2026-09-12 00:21:22,182 [INFO] src.corpus_construction.enhance_images.pipeline: [publimetro_2014-01-20_1.jpg] Config 36/54 | contrast=clahe | denoising=gaussian_filter | sharpening=stroke_width_enhancement
2026-09-12 00:21:22,240 [INFO] src.corpus_construction.enhance_images.pipeline: [publimetro_2014-01-20_1.jpg] Config 35 finished in 0.058s
2026-09-12 00:21:22,240 [INFO] src.corpus_construction.enhance_images.pipeline: [publimetro_2014-01-20_1.jpg] Config 37/54 | contrast=clahe | denoising=median_filter | sharpening=none
2026-09-12 00:21:22,291 [INFO] src.corpus_construction.enhance_images.pipeline: [publimetro_2014-01-20_1.jpg] Config 36 finished in 0.051s
2026-09-12 00:21:22,291 [INFO] src.corpus_construction.enhance_images.pipeline: [publimetro_2014-01-20_1.jpg] Config 38/54 | contrast=clahe | denoising=median_filter | sharpening=unsharp_masking
2026-09-12 00:21:22,347 [INFO] src.corpus_construction.enhance_images.pipeline: [publimetro_2014-01-20_1.jpg] Config 37 finished in 0.056s
2026-09-12 00:21:22,347 [INFO] src.corpus_construction.enhance_images.pipeline: [publimetro_2014-01-20_1.jpg] Config 39/54 | contrast=clahe | denoising=median_filter | sharpening=stroke_width_enhancement
2026-09-12 00:21:22,404 [INFO] src.corpus_construction.enhance_images.pipeline: [publimetro_2014-01-20_1.jpg] Config 38 finished in 0.057s
2026-09-12 00:21:22,404 [INFO] src.corpus_construction.enhance_images.pipeline: [publimetro_2014-01-20_1.jpg] Config 40/54 | contrast=clahe | denoising=conservative_filter | sharpening=none
2026-09-12 00:22:01,877 [INFO] src.corpus_construction.enhance_images.pipeline: [publimetro_2014-01-20_1.jpg] Config 39 finished in 39.472s
2026-09-12 00:22:01,877 [INFO] src.corpus_construction.enhance_images.pipeline: [publimetro_2014-01-20_1.jpg] Config 41/54 | contrast=clahe | denoising=conservative_filter | sharpening=unsharp_masking
2026-09-12 00:22:41,340 [INFO] src.corpus_construction.enhance_images.pipeline: [publimetro_2014-01-20_1.jpg] Config 40 finished in 39.463s
2026-09-12 00:22:41,341 [INFO] src.corpus_construction.enhance_images.pipeline: [publimetro_2014-01-20_1.jpg] Config 42/54 | contrast=clahe | denoising=conservative_filter | sharpening=stroke_width_enhancement
2026-09-12 00:23:20,732 [INFO] src.corpus_construction.enhance_images.pipeline: [publimetro_2014-01-20_1.jpg] Config 41 finished in 39.391s
2026-09-12 00:23:20,732 [INFO] src.corpus_construction.enhance_images.pipeline: [publimetro_2014-01-20_1.jpg] Config 43/54 | contrast=clahe | denoising=laplacian_filter | sharpening=none
2026-09-12 00:23:20,798 [INFO] src.corpus_construction.enhance_images.pipeline: [publimetro_2014-01-20_1.jpg] Config 42 finished in 0.065s
2026-09-12 00:23:20,798 [INFO] src.corpus_construction.enhance_images.pipeline: [publimetro_2014-01-20_1.jpg] Config 44/54 | contrast=clahe | denoising=laplacian_filter | sharpening=unsharp_masking
2026-09-12 00:23:20,868 [INFO] src.corpus_construction.enhance_images.pipeline: [publimetro_2014-01-20_1.jpg] Config 43 finished in 0.070s
2026-09-12 00:23:20,868 [INFO] src.corpus_construction.enhance_images.pipeline: [publimetro_2014-01-20_1.jpg] Config 45/54 | contrast=clahe | denoising=laplacian_filter | sharpening=stroke_width_enhancement
2026-09-12 00:23:20,942 [INFO] src.corpus_construction.enhance_images.pipeline: [publimetro_2014-01-20_1.jpg] Config 44 finished in 0.073s
2026-09-12 00:23:20,942 [INFO] src.corpus_construction.enhance_images.pipeline: [publimetro_2014-01-20_1.jpg] Config 46/54 | contrast=clahe | denoising=frequency_filter | sharpening=none
2026-09-12 00:23:21,236 [INFO] src.corpus_construction.enhance_images.pipeline: [publimetro_2014-01-20_1.jpg] Config 45 finished in 0.294s
2026-09-12 00:23:21,236 [INFO] src.corpus_construction.enhance_images.pipeline: [publimetro_2014-01-20_1.jpg] Config 47/54 | contrast=clahe | denoising=frequency_filter | sharpening=unsharp_masking
2026-09-12 00:23:21,524 [INFO] src.corpus_construction.enhance_images.pipeline: [publimetro_2014-01-20_1.jpg] Config 46 finished in 0.288s
2026-09-12 00:23:21,524 [INFO] src.corpus_construction.enhance_images.pipeline: [publimetro_2014-01-20_1.jpg] Config 48/54 | contrast=clahe | denoising=frequency_filter | sharpening=stroke_width_enhancement
2026-09-12 00:23:21,806 [INFO] src.corpus_construction.enhance_images.pipeline: [publimetro_2014-01-20_1.jpg] Config 47 finished in 0.282s
2026-09-12 00:23:21,806 [INFO] src.corpus_construction.enhance_images.pipeline: [publimetro_2014-01-20_1.jpg] Config 49/54 | contrast=clahe | denoising=crimmins_speckle_removal | sharpening=none
2026-09-12 00:25:21,989 [INFO] src.corpus_construction.enhance_images.pipeline: [publimetro_2014-01-20_1.jpg] Config 48 finished in 120.183s
2026-09-12 00:25:21,989 [INFO] src.corpus_construction.enhance_images.pipeline: [publimetro_2014-01-20_1.jpg] Config 50/54 | contrast=clahe | denoising=crimmins_speckle_removal | sharpening=unsharp_masking
2026-09-12 00:27:16,500 [INFO] src.corpus_construction.enhance_images.pipeline: [publimetro_2014-01-20_1.jpg] Config 49 finished in 114.510s
2026-09-12 00:27:16,500 [INFO] src.corpus_construction.enhance_images.pipeline: [publimetro_2014-01-20_1.jpg] Config 51/54 | contrast=clahe | denoising=crimmins_speckle_removal | sharpening=stroke_width_enhancement
2026-09-12 00:29:11,531 [INFO] src.corpus_construction.enhance_images.pipeline: [publimetro_2014-01-20_1.jpg] Config 50 finished in 115.031s
2026-09-12 00:29:11,531 [INFO] src.corpus_construction.enhance_images.pipeline: [publimetro_2014-01-20_1.jpg] Config 52/54 | contrast=clahe | denoising=unsharp_filter | sharpening=none
2026-09-12 00:29:11,664 [INFO] src.corpus_construction.enhance_images.pipeline: [publimetro_2014-01-20_1.jpg] Config 51 finished in 0.132s
2026-09-12 00:29:11,664 [INFO] src.corpus_construction.enhance_images.pipeline: [publimetro_2014-01-20_1.jpg] Config 53/54 | contrast=clahe | denoising=unsharp_filter | sharpening=unsharp_masking
2026-09-12 00:29:11,801 [INFO] src.corpus_construction.enhance_images.pipeline: [publimetro_2014-01-20_1.jpg] Config 52 finished in 0.138s
2026-09-12 00:29:11,801 [INFO] src.corpus_construction.enhance_images.pipeline: [publimetro_2014-01-20_1.jpg] Config 54/54 | contrast=clahe | denoising=unsharp_filter | sharpening=stroke_width_enhancement
2026-09-12 00:29:11,940 [INFO] src.corpus_construction.enhance_images.pipeline: [publimetro_2014-01-20_1.jpg] Config 53 finished in 0.139s
2026-09-12 00:29:11,968 [INFO] src.corpus_construction.enhance_images.pipeline: Saved 108 metadata records to data/corpus_construction/enhance_images/results/publimetro/enhance_images.parquet
2026-09-12 00:29:15,749 [INFO] src.corpus_construction.enhance_images.pipeline: [publimetro_2015-04-15_1.jpg] Config 1/54 | contrast=none | denoising=none | sharpening=none
2026-09-12 00:29:15,752 [INFO] src.corpus_construction.enhance_images.pipeline: [publimetro_2015-04-15_1.jpg] Config 0 finished in 0.003s
2026-09-12 00:29:15,752 [INFO] src.corpus_construction.enhance_images.pipeline: [publimetro_2015-04-15_1.jpg] Config 2/54 | contrast=none | denoising=none | sharpening=unsharp_masking
2026-09-12 00:29:15,764 [INFO] src.corpus_construction.enhance_images.pipeline: [publimetro_2015-04-15_1.jpg] Config 1 finished in 0.012s
2026-09-12 00:29:15,764 [INFO] src.corpus_construction.enhance_images.pipeline: [publimetro_2015-04-15_1.jpg] Config 3/54 | contrast=none | denoising=none | sharpening=stroke_width_enhancement
2026-09-12 00:29:15,775 [INFO] src.corpus_construction.enhance_images.pipeline: [publimetro_2015-04-15_1.jpg] Config 2 finished in 0.011s
2026-09-12 00:29:15,775 [INFO] src.corpus_construction.enhance_images.pipeline: [publimetro_2015-04-15_1.jpg] Config 4/54 | contrast=none | denoising=mean_filter | sharpening=none
2026-09-12 00:29:15,780 [INFO] src.corpus_construction.enhance_images.pipeline: [publimetro_2015-04-15_1.jpg] Config 3 finished in 0.005s
2026-09-12 00:29:15,780 [INFO] src.corpus_construction.enhance_images.pipeline: [publimetro_2015-04-15_1.jpg] Config 5/54 | contrast=none | denoising=mean_filter | sharpening=unsharp_masking
2026-09-12 00:29:15,793 [INFO] src.corpus_construction.enhance_images.pipeline: [publimetro_2015-04-15_1.jpg] Config 4 finished in 0.013s
2026-09-12 00:29:15,793 [INFO] src.corpus_construction.enhance_images.pipeline: [publimetro_2015-04-15_1.jpg] Config 6/54 | contrast=none | denoising=mean_filter | sharpening=stroke_width_enhancement
2026-09-12 00:29:15,806 [INFO] src.corpus_construction.enhance_images.pipeline: [publimetro_2015-04-15_1.jpg] Config 5 finished in 0.013s
2026-09-12 00:29:15,806 [INFO] src.corpus_construction.enhance_images.pipeline: [publimetro_2015-04-15_1.jpg] Config 7/54 | contrast=none | denoising=gaussian_filter | sharpening=none
2026-09-12 00:29:15,810 [INFO] src.corpus_construction.enhance_images.pipeline: [publimetro_2015-04-15_1.jpg] Config 6 finished in 0.005s
2026-09-12 00:29:15,811 [INFO] src.corpus_construction.enhance_images.pipeline: [publimetro_2015-04-15_1.jpg] Config 8/54 | contrast=none | denoising=gaussian_filter | sharpening=unsharp_masking
2026-09-12 00:29:15,824 [INFO] src.corpus_construction.enhance_images.pipeline: [publimetro_2015-04-15_1.jpg] Config 7 finished in 0.014s
2026-09-12 00:29:15,824 [INFO] src.corpus_construction.enhance_images.pipeline: [publimetro_2015-04-15_1.jpg] Config 9/54 | contrast=none | denoising=gaussian_filter | sharpening=stroke_width_enhancement
2026-09-12 00:29:15,836 [INFO] src.corpus_construction.enhance_images.pipeline: [publimetro_2015-04-15_1.jpg] Config 8 finished in 0.012s
2026-09-12 00:29:15,836 [INFO] src.corpus_construction.enhance_images.pipeline: [publimetro_2015-04-15_1.jpg] Config 10/54 | contrast=none | denoising=median_filter | sharpening=none
2026-09-12 00:29:15,840 [INFO] src.corpus_construction.enhance_images.pipeline: [publimetro_2015-04-15_1.jpg] Config 9 finished in 0.004s
2026-09-12 00:29:15,840 [INFO] src.corpus_construction.enhance_images.pipeline: [publimetro_2015-04-15_1.jpg] Config 11/54 | contrast=none | denoising=median_filter | sharpening=unsharp_masking
2026-09-12 00:29:15,853 [INFO] src.corpus_construction.enhance_images.pipeline: [publimetro_2015-04-15_1.jpg] Config 10 finished in 0.012s
2026-09-12 00:29:15,853 [INFO] src.corpus_construction.enhance_images.pipeline: [publimetro_2015-04-15_1.jpg] Config 12/54 | contrast=none | denoising=median_filter | sharpening=stroke_width_enhancement
2026-09-12 00:29:15,864 [INFO] src.corpus_construction.enhance_images.pipeline: [publimetro_2015-04-15_1.jpg] Config 11 finished in 0.012s
2026-09-12 00:29:15,864 [INFO] src.corpus_construction.enhance_images.pipeline: [publimetro_2015-04-15_1.jpg] Config 13/54 | contrast=none | denoising=conservative_filter | sharpening=none
2026-09-12 00:29:58,740 [INFO] src.corpus_construction.enhance_images.pipeline: [publimetro_2015-04-15_1.jpg] Config 12 finished in 42.876s
2026-09-12 00:29:58,740 [INFO] src.corpus_construction.enhance_images.pipeline: [publimetro_2015-04-15_1.jpg] Config 14/54 | contrast=none | denoising=conservative_filter | sharpening=unsharp_masking
2026-09-12 00:30:40,809 [INFO] src.corpus_construction.enhance_images.pipeline: [publimetro_2015-04-15_1.jpg] Config 13 finished in 42.068s
2026-09-12 00:30:40,809 [INFO] src.corpus_construction.enhance_images.pipeline: [publimetro_2015-04-15_1.jpg] Config 15/54 | contrast=none | denoising=conservative_filter | sharpening=stroke_width_enhancement
2026-09-12 00:31:19,803 [INFO] src.corpus_construction.enhance_images.pipeline: [publimetro_2015-04-15_1.jpg] Config 14 finished in 38.994s
2026-09-12 00:31:19,803 [INFO] src.corpus_construction.enhance_images.pipeline: [publimetro_2015-04-15_1.jpg] Config 16/54 | contrast=none | denoising=laplacian_filter | sharpening=none
2026-09-12 00:31:19,812 [INFO] src.corpus_construction.enhance_images.pipeline: [publimetro_2015-04-15_1.jpg] Config 15 finished in 0.009s
2026-09-12 00:31:19,812 [INFO] src.corpus_construction.enhance_images.pipeline: [publimetro_2015-04-15_1.jpg] Config 17/54 | contrast=none | denoising=laplacian_filter | sharpening=unsharp_masking
2026-09-12 00:31:19,829 [INFO] src.corpus_construction.enhance_images.pipeline: [publimetro_2015-04-15_1.jpg] Config 16 finished in 0.016s
2026-09-12 00:31:19,829 [INFO] src.corpus_construction.enhance_images.pipeline: [publimetro_2015-04-15_1.jpg] Config 18/54 | contrast=none | denoising=laplacian_filter | sharpening=stroke_width_enhancement
2026-09-12 00:31:19,847 [INFO] src.corpus_construction.enhance_images.pipeline: [publimetro_2015-04-15_1.jpg] Config 17 finished in 0.018s
2026-09-12 00:31:19,847 [INFO] src.corpus_construction.enhance_images.pipeline: [publimetro_2015-04-15_1.jpg] Config 19/54 | contrast=none | denoising=frequency_filter | sharpening=none
2026-09-12 00:31:20,075 [INFO] src.corpus_construction.enhance_images.pipeline: [publimetro_2015-04-15_1.jpg] Config 18 finished in 0.228s
2026-09-12 00:31:20,075 [INFO] src.corpus_construction.enhance_images.pipeline: [publimetro_2015-04-15_1.jpg] Config 20/54 | contrast=none | denoising=frequency_filter | sharpening=unsharp_masking
2026-09-12 00:31:20,314 [INFO] src.corpus_construction.enhance_images.pipeline: [publimetro_2015-04-15_1.jpg] Config 19 finished in 0.238s
2026-09-12 00:31:20,314 [INFO] src.corpus_construction.enhance_images.pipeline: [publimetro_2015-04-15_1.jpg] Config 21/54 | contrast=none | denoising=frequency_filter | sharpening=stroke_width_enhancement
2026-09-12 00:31:20,547 [INFO] src.corpus_construction.enhance_images.pipeline: [publimetro_2015-04-15_1.jpg] Config 20 finished in 0.233s
2026-09-12 00:31:20,547 [INFO] src.corpus_construction.enhance_images.pipeline: [publimetro_2015-04-15_1.jpg] Config 22/54 | contrast=none | denoising=crimmins_speckle_removal | sharpening=none
