2026-09-11 23:58:41,307 [INFO] src.corpus_construction.enhance_images.pipeline: Saved 54 configurations to data/corpus_construction/enhance_images/results/gestion/configurations.txt
2026-09-11 23:58:41,315 [INFO] src.corpus_construction.enhance_images.pipeline: Found 10 image(s) under data/corpus_construction/enhance_images/gestion
2026-09-11 23:58:41,351 [INFO] src.corpus_construction.enhance_images.pipeline: [gestion_2013-08-22_32.jpg] Config 1/54 | contrast=none | denoising=none | sharpening=none
2026-09-11 23:58:41,357 [INFO] src.corpus_construction.enhance_images.pipeline: [gestion_2013-08-22_32.jpg] Config 0 finished in 0.006s
2026-09-11 23:58:41,357 [INFO] src.corpus_construction.enhance_images.pipeline: [gestion_2013-08-22_32.jpg] Config 2/54 | contrast=none | denoising=none | sharpening=unsharp_masking
2026-09-11 23:58:41,370 [INFO] src.corpus_construction.enhance_images.pipeline: [gestion_2013-08-22_32.jpg] Config 1 finished in 0.013s
2026-09-11 23:58:41,370 [INFO] src.corpus_construction.enhance_images.pipeline: [gestion_2013-08-22_32.jpg] Config 3/54 | contrast=none | denoising=none | sharpening=stroke_width_enhancement
2026-09-11 23:58:41,385 [INFO] src.corpus_construction.enhance_images.pipeline: [gestion_2013-08-22_32.jpg] Config 2 finished in 0.014s
2026-09-11 23:58:41,385 [INFO] src.corpus_construction.enhance_images.pipeline: [gestion_2013-08-22_32.jpg] Config 4/54 | contrast=none | denoising=mean_filter | sharpening=none
2026-09-11 23:58:41,389 [INFO] src.corpus_construction.enhance_images.pipeline: [gestion_2013-08-22_32.jpg] Config 3 finished in 0.004s
2026-09-11 23:58:41,389 [INFO] src.corpus_construction.enhance_images.pipeline: [gestion_2013-08-22_32.jpg] Config 5/54 | contrast=none | denoising=mean_filter | sharpening=unsharp_masking
2026-09-11 23:58:41,400 [INFO] src.corpus_construction.enhance_images.pipeline: [gestion_2013-08-22_32.jpg] Config 4 finished in 0.011s
2026-09-11 23:58:41,400 [INFO] src.corpus_construction.enhance_images.pipeline: [gestion_2013-08-22_32.jpg] Config 6/54 | contrast=none | denoising=mean_filter | sharpening=stroke_width_enhancement
2026-09-11 23:58:41,414 [INFO] src.corpus_construction.enhance_images.pipeline: [gestion_2013-08-22_32.jpg] Config 5 finished in 0.014s
2026-09-11 23:58:41,414 [INFO] src.corpus_construction.enhance_images.pipeline: [gestion_2013-08-22_32.jpg] Config 7/54 | contrast=none | denoising=gaussian_filter | sharpening=none
2026-09-11 23:58:41,418 [INFO] src.corpus_construction.enhance_images.pipeline: [gestion_2013-08-22_32.jpg] Config 6 finished in 0.004s
2026-09-11 23:58:41,418 [INFO] src.corpus_construction.enhance_images.pipeline: [gestion_2013-08-22_32.jpg] Config 8/54 | contrast=none | denoising=gaussian_filter | sharpening=unsharp_masking
2026-09-11 23:58:41,432 [INFO] src.corpus_construction.enhance_images.pipeline: [gestion_2013-08-22_32.jpg] Config 7 finished in 0.013s
2026-09-11 23:58:41,432 [INFO] src.corpus_construction.enhance_images.pipeline: [gestion_2013-08-22_32.jpg] Config 9/54 | contrast=none | denoising=gaussian_filter | sharpening=stroke_width_enhancement
2026-09-11 23:58:41,445 [INFO] src.corpus_construction.enhance_images.pipeline: [gestion_2013-08-22_32.jpg] Config 8 finished in 0.013s
2026-09-11 23:58:41,445 [INFO] src.corpus_construction.enhance_images.pipeline: [gestion_2013-08-22_32.jpg] Config 10/54 | contrast=none | denoising=median_filter | sharpening=none
2026-09-11 23:58:41,448 [INFO] src.corpus_construction.enhance_images.pipeline: [gestion_2013-08-22_32.jpg] Config 9 finished in 0.004s
2026-09-11 23:58:41,449 [INFO] src.corpus_construction.enhance_images.pipeline: [gestion_2013-08-22_32.jpg] Config 11/54 | contrast=none | denoising=median_filter | sharpening=unsharp_masking
2026-09-11 23:58:41,461 [INFO] src.corpus_construction.enhance_images.pipeline: [gestion_2013-08-22_32.jpg] Config 10 finished in 0.012s
2026-09-11 23:58:41,461 [INFO] src.corpus_construction.enhance_images.pipeline: [gestion_2013-08-22_32.jpg] Config 12/54 | contrast=none | denoising=median_filter | sharpening=stroke_width_enhancement
2026-09-11 23:58:41,473 [INFO] src.corpus_construction.enhance_images.pipeline: [gestion_2013-08-22_32.jpg] Config 11 finished in 0.012s
2026-09-11 23:58:41,473 [INFO] src.corpus_construction.enhance_images.pipeline: [gestion_2013-08-22_32.jpg] Config 13/54 | contrast=none | denoising=conservative_filter | sharpening=none
2026-09-11 23:59:23,359 [INFO] src.corpus_construction.enhance_images.pipeline: [gestion_2013-08-22_32.jpg] Config 12 finished in 41.885s
2026-09-11 23:59:23,359 [INFO] src.corpus_construction.enhance_images.pipeline: [gestion_2013-08-22_32.jpg] Config 14/54 | contrast=none | denoising=conservative_filter | sharpening=unsharp_masking
2026-09-12 00:00:06,162 [INFO] src.corpus_construction.enhance_images.pipeline: [gestion_2013-08-22_32.jpg] Config 13 finished in 42.802s
2026-09-12 00:00:06,162 [INFO] src.corpus_construction.enhance_images.pipeline: [gestion_2013-08-22_32.jpg] Config 15/54 | contrast=none | denoising=conservative_filter | sharpening=stroke_width_enhancement
2026-09-12 00:00:49,262 [INFO] src.corpus_construction.enhance_images.pipeline: [gestion_2013-08-22_32.jpg] Config 14 finished in 43.100s
2026-09-12 00:00:49,262 [INFO] src.corpus_construction.enhance_images.pipeline: [gestion_2013-08-22_32.jpg] Config 16/54 | contrast=none | denoising=laplacian_filter | sharpening=none
2026-09-12 00:00:49,272 [INFO] src.corpus_construction.enhance_images.pipeline: [gestion_2013-08-22_32.jpg] Config 15 finished in 0.010s
2026-09-12 00:00:49,272 [INFO] src.corpus_construction.enhance_images.pipeline: [gestion_2013-08-22_32.jpg] Config 17/54 | contrast=none | denoising=laplacian_filter | sharpening=unsharp_masking
2026-09-12 00:00:49,287 [INFO] src.corpus_construction.enhance_images.pipeline: [gestion_2013-08-22_32.jpg] Config 16 finished in 0.015s
2026-09-12 00:00:49,287 [INFO] src.corpus_construction.enhance_images.pipeline: [gestion_2013-08-22_32.jpg] Config 18/54 | contrast=none | denoising=laplacian_filter | sharpening=stroke_width_enhancement
2026-09-12 00:00:49,304 [INFO] src.corpus_construction.enhance_images.pipeline: [gestion_2013-08-22_32.jpg] Config 17 finished in 0.017s
2026-09-12 00:00:49,304 [INFO] src.corpus_construction.enhance_images.pipeline: [gestion_2013-08-22_32.jpg] Config 19/54 | contrast=none | denoising=frequency_filter | sharpening=none
2026-09-12 00:00:50,286 [INFO] src.corpus_construction.enhance_images.pipeline: [gestion_2013-08-22_32.jpg] Config 18 finished in 0.982s
2026-09-12 00:00:50,286 [INFO] src.corpus_construction.enhance_images.pipeline: [gestion_2013-08-22_32.jpg] Config 20/54 | contrast=none | denoising=frequency_filter | sharpening=unsharp_masking
2026-09-12 00:00:51,196 [INFO] src.corpus_construction.enhance_images.pipeline: [gestion_2013-08-22_32.jpg] Config 19 finished in 0.909s
2026-09-12 00:00:51,196 [INFO] src.corpus_construction.enhance_images.pipeline: [gestion_2013-08-22_32.jpg] Config 21/54 | contrast=none | denoising=frequency_filter | sharpening=stroke_width_enhancement
2026-09-12 00:00:52,111 [INFO] src.corpus_construction.enhance_images.pipeline: [gestion_2013-08-22_32.jpg] Config 20 finished in 0.916s
2026-09-12 00:00:52,111 [INFO] src.corpus_construction.enhance_images.pipeline: [gestion_2013-08-22_32.jpg] Config 22/54 | contrast=none | denoising=crimmins_speckle_removal | sharpening=none
2026-09-12 00:02:45,723 [INFO] src.corpus_construction.enhance_images.pipeline: [gestion_2013-08-22_32.jpg] Config 21 finished in 113.612s
2026-09-12 00:02:45,724 [INFO] src.corpus_construction.enhance_images.pipeline: [gestion_2013-08-22_32.jpg] Config 23/54 | contrast=none | denoising=crimmins_speckle_removal | sharpening=unsharp_masking
2026-09-12 00:04:33,509 [INFO] src.corpus_construction.enhance_images.pipeline: [gestion_2013-08-22_32.jpg] Config 22 finished in 107.785s
2026-09-12 00:04:33,509 [INFO] src.corpus_construction.enhance_images.pipeline: [gestion_2013-08-22_32.jpg] Config 24/54 | contrast=none | denoising=crimmins_speckle_removal | sharpening=stroke_width_enhancement
2026-09-12 00:06:27,392 [INFO] src.corpus_construction.enhance_images.pipeline: [gestion_2013-08-22_32.jpg] Config 23 finished in 113.882s
2026-09-12 00:06:27,392 [INFO] src.corpus_construction.enhance_images.pipeline: [gestion_2013-08-22_32.jpg] Config 25/54 | contrast=none | denoising=unsharp_filter | sharpening=none
2026-09-12 00:06:27,477 [INFO] src.corpus_construction.enhance_images.pipeline: [gestion_2013-08-22_32.jpg] Config 24 finished in 0.085s
2026-09-12 00:06:27,477 [INFO] src.corpus_construction.enhance_images.pipeline: [gestion_2013-08-22_32.jpg] Config 26/54 | contrast=none | denoising=unsharp_filter | sharpening=unsharp_masking
2026-09-12 00:06:27,569 [INFO] src.corpus_construction.enhance_images.pipeline: [gestion_2013-08-22_32.jpg] Config 25 finished in 0.092s
2026-09-12 00:06:27,569 [INFO] src.corpus_construction.enhance_images.pipeline: [gestion_2013-08-22_32.jpg] Config 27/54 | contrast=none | denoising=unsharp_filter | sharpening=stroke_width_enhancement
2026-09-12 00:06:27,661 [INFO] src.corpus_construction.enhance_images.pipeline: [gestion_2013-08-22_32.jpg] Config 26 finished in 0.092s
2026-09-12 00:06:27,662 [INFO] src.corpus_construction.enhance_images.pipeline: [gestion_2013-08-22_32.jpg] Config 28/54 | contrast=clahe | denoising=none | sharpening=none
2026-09-12 00:06:27,866 [INFO] src.corpus_construction.enhance_images.pipeline: [gestion_2013-08-22_32.jpg] Config 27 finished in 0.205s
2026-09-12 00:06:27,866 [INFO] src.corpus_construction.enhance_images.pipeline: [gestion_2013-08-22_32.jpg] Config 29/54 | contrast=clahe | denoising=none | sharpening=unsharp_masking
2026-09-12 00:06:27,940 [INFO] src.corpus_construction.enhance_images.pipeline: [gestion_2013-08-22_32.jpg] Config 28 finished in 0.074s
2026-09-12 00:06:27,940 [INFO] src.corpus_construction.enhance_images.pipeline: [gestion_2013-08-22_32.jpg] Config 30/54 | contrast=clahe | denoising=none | sharpening=stroke_width_enhancement
2026-09-12 00:06:28,015 [INFO] src.corpus_construction.enhance_images.pipeline: [gestion_2013-08-22_32.jpg] Config 29 finished in 0.075s
2026-09-12 00:06:28,016 [INFO] src.corpus_construction.enhance_images.pipeline: [gestion_2013-08-22_32.jpg] Config 31/54 | contrast=clahe | denoising=mean_filter | sharpening=none
2026-09-12 00:06:28,083 [INFO] src.corpus_construction.enhance_images.pipeline: [gestion_2013-08-22_32.jpg] Config 30 finished in 0.067s
2026-09-12 00:06:28,083 [INFO] src.corpus_construction.enhance_images.pipeline: [gestion_2013-08-22_32.jpg] Config 32/54 | contrast=clahe | denoising=mean_filter | sharpening=unsharp_masking
2026-09-12 00:06:28,160 [INFO] src.corpus_construction.enhance_images.pipeline: [gestion_2013-08-22_32.jpg] Config 31 finished in 0.076s
2026-09-12 00:06:28,160 [INFO] src.corpus_construction.enhance_images.pipeline: [gestion_2013-08-22_32.jpg] Config 33/54 | contrast=clahe | denoising=mean_filter | sharpening=stroke_width_enhancement
2026-09-12 00:06:28,237 [INFO] src.corpus_construction.enhance_images.pipeline: [gestion_2013-08-22_32.jpg] Config 32 finished in 0.077s
2026-09-12 00:06:28,237 [INFO] src.corpus_construction.enhance_images.pipeline: [gestion_2013-08-22_32.jpg] Config 34/54 | contrast=clahe | denoising=gaussian_filter | sharpening=none
2026-09-12 00:06:28,304 [INFO] src.corpus_construction.enhance_images.pipeline: [gestion_2013-08-22_32.jpg] Config 33 finished in 0.067s
2026-09-12 00:06:28,304 [INFO] src.corpus_construction.enhance_images.pipeline: [gestion_2013-08-22_32.jpg] Config 35/54 | contrast=clahe | denoising=gaussian_filter | sharpening=unsharp_masking
2026-09-12 00:06:28,379 [INFO] src.corpus_construction.enhance_images.pipeline: [gestion_2013-08-22_32.jpg] Config 34 finished in 0.075s
2026-09-12 00:06:28,379 [INFO] src.corpus_construction.enhance_images.pipeline: [gestion_2013-08-22_32.jpg] Config 36/54 | contrast=clahe | denoising=gaussian_filter | sharpening=stroke_width_enhancement
2026-09-12 00:06:28,457 [INFO] src.corpus_construction.enhance_images.pipeline: [gestion_2013-08-22_32.jpg] Config 35 finished in 0.078s
2026-09-12 00:06:28,457 [INFO] src.corpus_construction.enhance_images.pipeline: [gestion_2013-08-22_32.jpg] Config 37/54 | contrast=clahe | denoising=median_filter | sharpening=none
2026-09-12 00:06:28,523 [INFO] src.corpus_construction.enhance_images.pipeline: [gestion_2013-08-22_32.jpg] Config 36 finished in 0.066s
2026-09-12 00:06:28,523 [INFO] src.corpus_construction.enhance_images.pipeline: [gestion_2013-08-22_32.jpg] Config 38/54 | contrast=clahe | denoising=median_filter | sharpening=unsharp_masking
2026-09-12 00:06:28,598 [INFO] src.corpus_construction.enhance_images.pipeline: [gestion_2013-08-22_32.jpg] Config 37 finished in 0.074s
2026-09-12 00:06:28,598 [INFO] src.corpus_construction.enhance_images.pipeline: [gestion_2013-08-22_32.jpg] Config 39/54 | contrast=clahe | denoising=median_filter | sharpening=stroke_width_enhancement
2026-09-12 00:06:28,674 [INFO] src.corpus_construction.enhance_images.pipeline: [gestion_2013-08-22_32.jpg] Config 38 finished in 0.076s
2026-09-12 00:06:28,674 [INFO] src.corpus_construction.enhance_images.pipeline: [gestion_2013-08-22_32.jpg] Config 40/54 | contrast=clahe | denoising=conservative_filter | sharpening=none
2026-09-12 00:07:12,609 [INFO] src.corpus_construction.enhance_images.pipeline: [gestion_2013-08-22_32.jpg] Config 39 finished in 43.935s
2026-09-12 00:07:12,610 [INFO] src.corpus_construction.enhance_images.pipeline: [gestion_2013-08-22_32.jpg] Config 41/54 | contrast=clahe | denoising=conservative_filter | sharpening=unsharp_masking
2026-09-12 00:07:57,111 [INFO] src.corpus_construction.enhance_images.pipeline: [gestion_2013-08-22_32.jpg] Config 40 finished in 44.501s
2026-09-12 00:07:57,111 [INFO] src.corpus_construction.enhance_images.pipeline: [gestion_2013-08-22_32.jpg] Config 42/54 | contrast=clahe | denoising=conservative_filter | sharpening=stroke_width_enhancement
2026-09-12 00:08:39,521 [INFO] src.corpus_construction.enhance_images.pipeline: [gestion_2013-08-22_32.jpg] Config 41 finished in 42.409s
2026-09-12 00:08:39,521 [INFO] src.corpus_construction.enhance_images.pipeline: [gestion_2013-08-22_32.jpg] Config 43/54 | contrast=clahe | denoising=laplacian_filter | sharpening=none
2026-09-12 00:08:39,586 [INFO] src.corpus_construction.enhance_images.pipeline: [gestion_2013-08-22_32.jpg] Config 42 finished in 0.065s
2026-09-12 00:08:39,586 [INFO] src.corpus_construction.enhance_images.pipeline: [gestion_2013-08-22_32.jpg] Config 44/54 | contrast=clahe | denoising=laplacian_filter | sharpening=unsharp_masking
2026-09-12 00:08:39,658 [INFO] src.corpus_construction.enhance_images.pipeline: [gestion_2013-08-22_32.jpg] Config 43 finished in 0.072s
2026-09-12 00:08:39,658 [INFO] src.corpus_construction.enhance_images.pipeline: [gestion_2013-08-22_32.jpg] Config 45/54 | contrast=clahe | denoising=laplacian_filter | sharpening=stroke_width_enhancement
2026-09-12 00:08:39,733 [INFO] src.corpus_construction.enhance_images.pipeline: [gestion_2013-08-22_32.jpg] Config 44 finished in 0.075s
2026-09-12 00:08:39,733 [INFO] src.corpus_construction.enhance_images.pipeline: [gestion_2013-08-22_32.jpg] Config 46/54 | contrast=clahe | denoising=frequency_filter | sharpening=none
2026-09-12 00:08:40,687 [INFO] src.corpus_construction.enhance_images.pipeline: [gestion_2013-08-22_32.jpg] Config 45 finished in 0.953s
2026-09-12 00:08:40,687 [INFO] src.corpus_construction.enhance_images.pipeline: [gestion_2013-08-22_32.jpg] Config 47/54 | contrast=clahe | denoising=frequency_filter | sharpening=unsharp_masking
2026-09-12 00:08:41,716 [INFO] src.corpus_construction.enhance_images.pipeline: [gestion_2013-08-22_32.jpg] Config 46 finished in 1.029s
2026-09-12 00:08:41,717 [INFO] src.corpus_construction.enhance_images.pipeline: [gestion_2013-08-22_32.jpg] Config 48/54 | contrast=clahe | denoising=frequency_filter | sharpening=stroke_width_enhancement
2026-09-12 00:08:42,671 [INFO] src.corpus_construction.enhance_images.pipeline: [gestion_2013-08-22_32.jpg] Config 47 finished in 0.954s
2026-09-12 00:08:42,671 [INFO] src.corpus_construction.enhance_images.pipeline: [gestion_2013-08-22_32.jpg] Config 49/54 | contrast=clahe | denoising=crimmins_speckle_removal | sharpening=none
2026-09-12 00:10:52,117 [INFO] src.corpus_construction.enhance_images.pipeline: [gestion_2013-08-22_32.jpg] Config 48 finished in 129.445s
2026-09-12 00:10:52,118 [INFO] src.corpus_construction.enhance_images.pipeline: [gestion_2013-08-22_32.jpg] Config 50/54 | contrast=clahe | denoising=crimmins_speckle_removal | sharpening=unsharp_masking
2026-09-12 00:12:53,303 [INFO] src.corpus_construction.enhance_images.pipeline: [gestion_2013-08-22_32.jpg] Config 49 finished in 121.186s
2026-09-12 00:12:53,309 [INFO] src.corpus_construction.enhance_images.pipeline: [gestion_2013-08-22_32.jpg] Config 51/54 | contrast=clahe | denoising=crimmins_speckle_removal | sharpening=stroke_width_enhancement
2026-09-12 00:14:54,056 [INFO] src.corpus_construction.enhance_images.pipeline: [gestion_2013-08-22_32.jpg] Config 50 finished in 120.747s
2026-09-12 00:14:54,057 [INFO] src.corpus_construction.enhance_images.pipeline: [gestion_2013-08-22_32.jpg] Config 52/54 | contrast=clahe | denoising=unsharp_filter | sharpening=none
2026-09-12 00:14:54,184 [INFO] src.corpus_construction.enhance_images.pipeline: [gestion_2013-08-22_32.jpg] Config 51 finished in 0.128s
2026-09-12 00:14:54,184 [INFO] src.corpus_construction.enhance_images.pipeline: [gestion_2013-08-22_32.jpg] Config 53/54 | contrast=clahe | denoising=unsharp_filter | sharpening=unsharp_masking
2026-09-12 00:14:54,317 [INFO] src.corpus_construction.enhance_images.pipeline: [gestion_2013-08-22_32.jpg] Config 52 finished in 0.133s
2026-09-12 00:14:54,318 [INFO] src.corpus_construction.enhance_images.pipeline: [gestion_2013-08-22_32.jpg] Config 54/54 | contrast=clahe | denoising=unsharp_filter | sharpening=stroke_width_enhancement
2026-09-12 00:14:54,452 [INFO] src.corpus_construction.enhance_images.pipeline: [gestion_2013-08-22_32.jpg] Config 53 finished in 0.135s
2026-09-12 00:14:54,494 [INFO] src.corpus_construction.enhance_images.pipeline: Saved 54 metadata records to data/corpus_construction/enhance_images/results/gestion/enhance_images.parquet
2026-09-12 00:14:57,812 [INFO] src.corpus_construction.enhance_images.pipeline: [gestion_2015-01-30_1.jpg] Config 1/54 | contrast=none | denoising=none | sharpening=none
2026-09-12 00:14:57,815 [INFO] src.corpus_construction.enhance_images.pipeline: [gestion_2015-01-30_1.jpg] Config 0 finished in 0.003s
2026-09-12 00:14:57,815 [INFO] src.corpus_construction.enhance_images.pipeline: [gestion_2015-01-30_1.jpg] Config 2/54 | contrast=none | denoising=none | sharpening=unsharp_masking
2026-09-12 00:14:57,828 [INFO] src.corpus_construction.enhance_images.pipeline: [gestion_2015-01-30_1.jpg] Config 1 finished in 0.013s
2026-09-12 00:14:57,828 [INFO] src.corpus_construction.enhance_images.pipeline: [gestion_2015-01-30_1.jpg] Config 3/54 | contrast=none | denoising=none | sharpening=stroke_width_enhancement
2026-09-12 00:14:57,840 [INFO] src.corpus_construction.enhance_images.pipeline: [gestion_2015-01-30_1.jpg] Config 2 finished in 0.012s
2026-09-12 00:14:57,840 [INFO] src.corpus_construction.enhance_images.pipeline: [gestion_2015-01-30_1.jpg] Config 4/54 | contrast=none | denoising=mean_filter | sharpening=none
2026-09-12 00:14:57,845 [INFO] src.corpus_construction.enhance_images.pipeline: [gestion_2015-01-30_1.jpg] Config 3 finished in 0.005s
2026-09-12 00:14:57,845 [INFO] src.corpus_construction.enhance_images.pipeline: [gestion_2015-01-30_1.jpg] Config 5/54 | contrast=none | denoising=mean_filter | sharpening=unsharp_masking
2026-09-12 00:14:57,860 [INFO] src.corpus_construction.enhance_images.pipeline: [gestion_2015-01-30_1.jpg] Config 4 finished in 0.015s
2026-09-12 00:14:57,860 [INFO] src.corpus_construction.enhance_images.pipeline: [gestion_2015-01-30_1.jpg] Config 6/54 | contrast=none | denoising=mean_filter | sharpening=stroke_width_enhancement
2026-09-12 00:14:57,873 [INFO] src.corpus_construction.enhance_images.pipeline: [gestion_2015-01-30_1.jpg] Config 5 finished in 0.012s
2026-09-12 00:14:57,873 [INFO] src.corpus_construction.enhance_images.pipeline: [gestion_2015-01-30_1.jpg] Config 7/54 | contrast=none | denoising=gaussian_filter | sharpening=none
2026-09-12 00:14:57,877 [INFO] src.corpus_construction.enhance_images.pipeline: [gestion_2015-01-30_1.jpg] Config 6 finished in 0.004s
2026-09-12 00:14:57,877 [INFO] src.corpus_construction.enhance_images.pipeline: [gestion_2015-01-30_1.jpg] Config 8/54 | contrast=none | denoising=gaussian_filter | sharpening=unsharp_masking
2026-09-12 00:14:57,892 [INFO] src.corpus_construction.enhance_images.pipeline: [gestion_2015-01-30_1.jpg] Config 7 finished in 0.015s
2026-09-12 00:14:57,892 [INFO] src.corpus_construction.enhance_images.pipeline: [gestion_2015-01-30_1.jpg] Config 9/54 | contrast=none | denoising=gaussian_filter | sharpening=stroke_width_enhancement
2026-09-12 00:14:57,905 [INFO] src.corpus_construction.enhance_images.pipeline: [gestion_2015-01-30_1.jpg] Config 8 finished in 0.012s
2026-09-12 00:14:57,905 [INFO] src.corpus_construction.enhance_images.pipeline: [gestion_2015-01-30_1.jpg] Config 10/54 | contrast=none | denoising=median_filter | sharpening=none
2026-09-12 00:14:57,909 [INFO] src.corpus_construction.enhance_images.pipeline: [gestion_2015-01-30_1.jpg] Config 9 finished in 0.004s
2026-09-12 00:14:57,909 [INFO] src.corpus_construction.enhance_images.pipeline: [gestion_2015-01-30_1.jpg] Config 11/54 | contrast=none | denoising=median_filter | sharpening=unsharp_masking
2026-09-12 00:14:57,923 [INFO] src.corpus_construction.enhance_images.pipeline: [gestion_2015-01-30_1.jpg] Config 10 finished in 0.014s
2026-09-12 00:14:57,923 [INFO] src.corpus_construction.enhance_images.pipeline: [gestion_2015-01-30_1.jpg] Config 12/54 | contrast=none | denoising=median_filter | sharpening=stroke_width_enhancement
2026-09-12 00:14:57,934 [INFO] src.corpus_construction.enhance_images.pipeline: [gestion_2015-01-30_1.jpg] Config 11 finished in 0.011s
2026-09-12 00:14:57,934 [INFO] src.corpus_construction.enhance_images.pipeline: [gestion_2015-01-30_1.jpg] Config 13/54 | contrast=none | denoising=conservative_filter | sharpening=none
2026-09-12 00:15:36,433 [INFO] src.corpus_construction.enhance_images.pipeline: [gestion_2015-01-30_1.jpg] Config 12 finished in 38.499s
2026-09-12 00:15:36,434 [INFO] src.corpus_construction.enhance_images.pipeline: [gestion_2015-01-30_1.jpg] Config 14/54 | contrast=none | denoising=conservative_filter | sharpening=unsharp_masking
2026-09-12 00:16:14,014 [INFO] src.corpus_construction.enhance_images.pipeline: [gestion_2015-01-30_1.jpg] Config 13 finished in 37.580s
2026-09-12 00:16:14,014 [INFO] src.corpus_construction.enhance_images.pipeline: [gestion_2015-01-30_1.jpg] Config 15/54 | contrast=none | denoising=conservative_filter | sharpening=stroke_width_enhancement
2026-09-12 00:16:49,262 [INFO] src.corpus_construction.enhance_images.pipeline: [gestion_2015-01-30_1.jpg] Config 14 finished in 35.248s
2026-09-12 00:16:49,262 [INFO] src.corpus_construction.enhance_images.pipeline: [gestion_2015-01-30_1.jpg] Config 16/54 | contrast=none | denoising=laplacian_filter | sharpening=none
2026-09-12 00:16:49,270 [INFO] src.corpus_construction.enhance_images.pipeline: [gestion_2015-01-30_1.jpg] Config 15 finished in 0.008s
2026-09-12 00:16:49,270 [INFO] src.corpus_construction.enhance_images.pipeline: [gestion_2015-01-30_1.jpg] Config 17/54 | contrast=none | denoising=laplacian_filter | sharpening=unsharp_masking
2026-09-12 00:16:49,283 [INFO] src.corpus_construction.enhance_images.pipeline: [gestion_2015-01-30_1.jpg] Config 16 finished in 0.013s
2026-09-12 00:16:49,283 [INFO] src.corpus_construction.enhance_images.pipeline: [gestion_2015-01-30_1.jpg] Config 18/54 | contrast=none | denoising=laplacian_filter | sharpening=stroke_width_enhancement
2026-09-12 00:16:49,299 [INFO] src.corpus_construction.enhance_images.pipeline: [gestion_2015-01-30_1.jpg] Config 17 finished in 0.015s
2026-09-12 00:16:49,299 [INFO] src.corpus_construction.enhance_images.pipeline: [gestion_2015-01-30_1.jpg] Config 19/54 | contrast=none | denoising=frequency_filter | sharpening=none
2026-09-12 00:16:49,494 [INFO] src.corpus_construction.enhance_images.pipeline: [gestion_2015-01-30_1.jpg] Config 18 finished in 0.195s
2026-09-12 00:16:49,495 [INFO] src.corpus_construction.enhance_images.pipeline: [gestion_2015-01-30_1.jpg] Config 20/54 | contrast=none | denoising=frequency_filter | sharpening=unsharp_masking
2026-09-12 00:16:49,692 [INFO] src.corpus_construction.enhance_images.pipeline: [gestion_2015-01-30_1.jpg] Config 19 finished in 0.197s
2026-09-12 00:16:49,692 [INFO] src.corpus_construction.enhance_images.pipeline: [gestion_2015-01-30_1.jpg] Config 21/54 | contrast=none | denoising=frequency_filter | sharpening=stroke_width_enhancement
2026-09-12 00:16:49,894 [INFO] src.corpus_construction.enhance_images.pipeline: [gestion_2015-01-30_1.jpg] Config 20 finished in 0.202s
2026-09-12 00:16:49,894 [INFO] src.corpus_construction.enhance_images.pipeline: [gestion_2015-01-30_1.jpg] Config 22/54 | contrast=none | denoising=crimmins_speckle_removal | sharpening=none
2026-09-12 00:18:46,010 [INFO] src.corpus_construction.enhance_images.pipeline: [gestion_2015-01-30_1.jpg] Config 21 finished in 116.115s
2026-09-12 00:18:46,010 [INFO] src.corpus_construction.enhance_images.pipeline: [gestion_2015-01-30_1.jpg] Config 23/54 | contrast=none | denoising=crimmins_speckle_removal | sharpening=unsharp_masking
2026-09-12 00:20:45,518 [INFO] src.corpus_construction.enhance_images.pipeline: [gestion_2015-01-30_1.jpg] Config 22 finished in 119.508s
2026-09-12 00:20:45,519 [INFO] src.corpus_construction.enhance_images.pipeline: [gestion_2015-01-30_1.jpg] Config 24/54 | contrast=none | denoising=crimmins_speckle_removal | sharpening=stroke_width_enhancement
2026-09-12 00:22:44,340 [INFO] src.corpus_construction.enhance_images.pipeline: [gestion_2015-01-30_1.jpg] Config 23 finished in 118.821s
2026-09-12 00:22:44,340 [INFO] src.corpus_construction.enhance_images.pipeline: [gestion_2015-01-30_1.jpg] Config 25/54 | contrast=none | denoising=unsharp_filter | sharpening=none
2026-09-12 00:22:44,418 [INFO] src.corpus_construction.enhance_images.pipeline: [gestion_2015-01-30_1.jpg] Config 24 finished in 0.078s
2026-09-12 00:22:44,418 [INFO] src.corpus_construction.enhance_images.pipeline: [gestion_2015-01-30_1.jpg] Config 26/54 | contrast=none | denoising=unsharp_filter | sharpening=unsharp_masking
2026-09-12 00:22:44,500 [INFO] src.corpus_construction.enhance_images.pipeline: [gestion_2015-01-30_1.jpg] Config 25 finished in 0.082s
2026-09-12 00:22:44,500 [INFO] src.corpus_construction.enhance_images.pipeline: [gestion_2015-01-30_1.jpg] Config 27/54 | contrast=none | denoising=unsharp_filter | sharpening=stroke_width_enhancement
2026-09-12 00:22:44,582 [INFO] src.corpus_construction.enhance_images.pipeline: [gestion_2015-01-30_1.jpg] Config 26 finished in 0.082s
2026-09-12 00:22:44,583 [INFO] src.corpus_construction.enhance_images.pipeline: [gestion_2015-01-30_1.jpg] Config 28/54 | contrast=clahe | denoising=none | sharpening=none
2026-09-12 00:22:44,641 [INFO] src.corpus_construction.enhance_images.pipeline: [gestion_2015-01-30_1.jpg] Config 27 finished in 0.059s
2026-09-12 00:22:44,641 [INFO] src.corpus_construction.enhance_images.pipeline: [gestion_2015-01-30_1.jpg] Config 29/54 | contrast=clahe | denoising=none | sharpening=unsharp_masking
2026-09-12 00:22:44,706 [INFO] src.corpus_construction.enhance_images.pipeline: [gestion_2015-01-30_1.jpg] Config 28 finished in 0.064s
2026-09-12 00:22:44,706 [INFO] src.corpus_construction.enhance_images.pipeline: [gestion_2015-01-30_1.jpg] Config 30/54 | contrast=clahe | denoising=none | sharpening=stroke_width_enhancement
2026-09-12 00:22:44,770 [INFO] src.corpus_construction.enhance_images.pipeline: [gestion_2015-01-30_1.jpg] Config 29 finished in 0.064s
2026-09-12 00:22:44,770 [INFO] src.corpus_construction.enhance_images.pipeline: [gestion_2015-01-30_1.jpg] Config 31/54 | contrast=clahe | denoising=mean_filter | sharpening=none
2026-09-12 00:22:44,828 [INFO] src.corpus_construction.enhance_images.pipeline: [gestion_2015-01-30_1.jpg] Config 30 finished in 0.058s
2026-09-12 00:22:44,828 [INFO] src.corpus_construction.enhance_images.pipeline: [gestion_2015-01-30_1.jpg] Config 32/54 | contrast=clahe | denoising=mean_filter | sharpening=unsharp_masking
2026-09-12 00:22:44,892 [INFO] src.corpus_construction.enhance_images.pipeline: [gestion_2015-01-30_1.jpg] Config 31 finished in 0.064s
2026-09-12 00:22:44,892 [INFO] src.corpus_construction.enhance_images.pipeline: [gestion_2015-01-30_1.jpg] Config 33/54 | contrast=clahe | denoising=mean_filter | sharpening=stroke_width_enhancement
2026-09-12 00:22:44,952 [INFO] src.corpus_construction.enhance_images.pipeline: [gestion_2015-01-30_1.jpg] Config 32 finished in 0.060s
2026-09-12 00:22:44,952 [INFO] src.corpus_construction.enhance_images.pipeline: [gestion_2015-01-30_1.jpg] Config 34/54 | contrast=clahe | denoising=gaussian_filter | sharpening=none
2026-09-12 00:22:45,002 [INFO] src.corpus_construction.enhance_images.pipeline: [gestion_2015-01-30_1.jpg] Config 33 finished in 0.050s
2026-09-12 00:22:45,002 [INFO] src.corpus_construction.enhance_images.pipeline: [gestion_2015-01-30_1.jpg] Config 35/54 | contrast=clahe | denoising=gaussian_filter | sharpening=unsharp_masking
2026-09-12 00:22:45,065 [INFO] src.corpus_construction.enhance_images.pipeline: [gestion_2015-01-30_1.jpg] Config 34 finished in 0.063s
2026-09-12 00:22:45,065 [INFO] src.corpus_construction.enhance_images.pipeline: [gestion_2015-01-30_1.jpg] Config 36/54 | contrast=clahe | denoising=gaussian_filter | sharpening=stroke_width_enhancement
2026-09-12 00:22:45,132 [INFO] src.corpus_construction.enhance_images.pipeline: [gestion_2015-01-30_1.jpg] Config 35 finished in 0.067s
2026-09-12 00:22:45,132 [INFO] src.corpus_construction.enhance_images.pipeline: [gestion_2015-01-30_1.jpg] Config 37/54 | contrast=clahe | denoising=median_filter | sharpening=none
2026-09-12 00:22:45,193 [INFO] src.corpus_construction.enhance_images.pipeline: [gestion_2015-01-30_1.jpg] Config 36 finished in 0.061s
2026-09-12 00:22:45,193 [INFO] src.corpus_construction.enhance_images.pipeline: [gestion_2015-01-30_1.jpg] Config 38/54 | contrast=clahe | denoising=median_filter | sharpening=unsharp_masking
2026-09-12 00:22:45,260 [INFO] src.corpus_construction.enhance_images.pipeline: [gestion_2015-01-30_1.jpg] Config 37 finished in 0.067s
2026-09-12 00:22:45,260 [INFO] src.corpus_construction.enhance_images.pipeline: [gestion_2015-01-30_1.jpg] Config 39/54 | contrast=clahe | denoising=median_filter | sharpening=stroke_width_enhancement
2026-09-12 00:22:45,328 [INFO] src.corpus_construction.enhance_images.pipeline: [gestion_2015-01-30_1.jpg] Config 38 finished in 0.067s
2026-09-12 00:22:45,328 [INFO] src.corpus_construction.enhance_images.pipeline: [gestion_2015-01-30_1.jpg] Config 40/54 | contrast=clahe | denoising=conservative_filter | sharpening=none
2026-09-12 00:23:24,497 [INFO] src.corpus_construction.enhance_images.pipeline: [gestion_2015-01-30_1.jpg] Config 39 finished in 39.169s
2026-09-12 00:23:24,497 [INFO] src.corpus_construction.enhance_images.pipeline: [gestion_2015-01-30_1.jpg] Config 41/54 | contrast=clahe | denoising=conservative_filter | sharpening=unsharp_masking
2026-09-12 00:24:03,842 [INFO] src.corpus_construction.enhance_images.pipeline: [gestion_2015-01-30_1.jpg] Config 40 finished in 39.344s
2026-09-12 00:24:03,842 [INFO] src.corpus_construction.enhance_images.pipeline: [gestion_2015-01-30_1.jpg] Config 42/54 | contrast=clahe | denoising=conservative_filter | sharpening=stroke_width_enhancement
2026-09-12 00:24:44,955 [INFO] src.corpus_construction.enhance_images.pipeline: [gestion_2015-01-30_1.jpg] Config 41 finished in 41.112s
2026-09-12 00:24:44,955 [INFO] src.corpus_construction.enhance_images.pipeline: [gestion_2015-01-30_1.jpg] Config 43/54 | contrast=clahe | denoising=laplacian_filter | sharpening=none
2026-09-12 00:24:45,019 [INFO] src.corpus_construction.enhance_images.pipeline: [gestion_2015-01-30_1.jpg] Config 42 finished in 0.064s
2026-09-12 00:24:45,019 [INFO] src.corpus_construction.enhance_images.pipeline: [gestion_2015-01-30_1.jpg] Config 44/54 | contrast=clahe | denoising=laplacian_filter | sharpening=unsharp_masking
2026-09-12 00:24:45,089 [INFO] src.corpus_construction.enhance_images.pipeline: [gestion_2015-01-30_1.jpg] Config 43 finished in 0.070s
2026-09-12 00:24:45,089 [INFO] src.corpus_construction.enhance_images.pipeline: [gestion_2015-01-30_1.jpg] Config 45/54 | contrast=clahe | denoising=laplacian_filter | sharpening=stroke_width_enhancement
2026-09-12 00:24:45,160 [INFO] src.corpus_construction.enhance_images.pipeline: [gestion_2015-01-30_1.jpg] Config 44 finished in 0.071s
2026-09-12 00:24:45,160 [INFO] src.corpus_construction.enhance_images.pipeline: [gestion_2015-01-30_1.jpg] Config 46/54 | contrast=clahe | denoising=frequency_filter | sharpening=none
2026-09-12 00:24:45,413 [INFO] src.corpus_construction.enhance_images.pipeline: [gestion_2015-01-30_1.jpg] Config 45 finished in 0.253s
2026-09-12 00:24:45,413 [INFO] src.corpus_construction.enhance_images.pipeline: [gestion_2015-01-30_1.jpg] Config 47/54 | contrast=clahe | denoising=frequency_filter | sharpening=unsharp_masking
2026-09-12 00:24:45,661 [INFO] src.corpus_construction.enhance_images.pipeline: [gestion_2015-01-30_1.jpg] Config 46 finished in 0.247s
2026-09-12 00:24:45,661 [INFO] src.corpus_construction.enhance_images.pipeline: [gestion_2015-01-30_1.jpg] Config 48/54 | contrast=clahe | denoising=frequency_filter | sharpening=stroke_width_enhancement
2026-09-12 00:24:45,920 [INFO] src.corpus_construction.enhance_images.pipeline: [gestion_2015-01-30_1.jpg] Config 47 finished in 0.259s
2026-09-12 00:24:45,920 [INFO] src.corpus_construction.enhance_images.pipeline: [gestion_2015-01-30_1.jpg] Config 49/54 | contrast=clahe | denoising=crimmins_speckle_removal | sharpening=none
2026-09-12 00:26:42,260 [INFO] src.corpus_construction.enhance_images.pipeline: [gestion_2015-01-30_1.jpg] Config 48 finished in 116.340s
2026-09-12 00:26:42,261 [INFO] src.corpus_construction.enhance_images.pipeline: [gestion_2015-01-30_1.jpg] Config 50/54 | contrast=clahe | denoising=crimmins_speckle_removal | sharpening=unsharp_masking
2026-09-12 00:28:32,023 [INFO] src.corpus_construction.enhance_images.pipeline: [gestion_2015-01-30_1.jpg] Config 49 finished in 109.762s
2026-09-12 00:28:32,023 [INFO] src.corpus_construction.enhance_images.pipeline: [gestion_2015-01-30_1.jpg] Config 51/54 | contrast=clahe | denoising=crimmins_speckle_removal | sharpening=stroke_width_enhancement
2026-09-12 00:30:37,970 [INFO] src.corpus_construction.enhance_images.pipeline: [gestion_2015-01-30_1.jpg] Config 50 finished in 125.947s
2026-09-12 00:30:37,971 [INFO] src.corpus_construction.enhance_images.pipeline: [gestion_2015-01-30_1.jpg] Config 52/54 | contrast=clahe | denoising=unsharp_filter | sharpening=none
2026-09-12 00:30:38,104 [INFO] src.corpus_construction.enhance_images.pipeline: [gestion_2015-01-30_1.jpg] Config 51 finished in 0.133s
2026-09-12 00:30:38,104 [INFO] src.corpus_construction.enhance_images.pipeline: [gestion_2015-01-30_1.jpg] Config 53/54 | contrast=clahe | denoising=unsharp_filter | sharpening=unsharp_masking
2026-09-12 00:30:38,242 [INFO] src.corpus_construction.enhance_images.pipeline: [gestion_2015-01-30_1.jpg] Config 52 finished in 0.138s
2026-09-12 00:30:38,242 [INFO] src.corpus_construction.enhance_images.pipeline: [gestion_2015-01-30_1.jpg] Config 54/54 | contrast=clahe | denoising=unsharp_filter | sharpening=stroke_width_enhancement
2026-09-12 00:30:38,382 [INFO] src.corpus_construction.enhance_images.pipeline: [gestion_2015-01-30_1.jpg] Config 53 finished in 0.139s
2026-09-12 00:30:38,436 [INFO] src.corpus_construction.enhance_images.pipeline: Saved 108 metadata records to data/corpus_construction/enhance_images/results/gestion/enhance_images.parquet
2026-09-12 00:30:41,762 [INFO] src.corpus_construction.enhance_images.pipeline: [gestion_2016-01-04_32.jpg] Config 1/54 | contrast=none | denoising=none | sharpening=none
2026-09-12 00:30:41,766 [INFO] src.corpus_construction.enhance_images.pipeline: [gestion_2016-01-04_32.jpg] Config 0 finished in 0.004s
2026-09-12 00:30:41,766 [INFO] src.corpus_construction.enhance_images.pipeline: [gestion_2016-01-04_32.jpg] Config 2/54 | contrast=none | denoising=none | sharpening=unsharp_masking
2026-09-12 00:30:41,776 [INFO] src.corpus_construction.enhance_images.pipeline: [gestion_2016-01-04_32.jpg] Config 1 finished in 0.010s
2026-09-12 00:30:41,776 [INFO] src.corpus_construction.enhance_images.pipeline: [gestion_2016-01-04_32.jpg] Config 3/54 | contrast=none | denoising=none | sharpening=stroke_width_enhancement
2026-09-12 00:30:41,788 [INFO] src.corpus_construction.enhance_images.pipeline: [gestion_2016-01-04_32.jpg] Config 2 finished in 0.012s
2026-09-12 00:30:41,789 [INFO] src.corpus_construction.enhance_images.pipeline: [gestion_2016-01-04_32.jpg] Config 4/54 | contrast=none | denoising=mean_filter | sharpening=none
2026-09-12 00:30:41,793 [INFO] src.corpus_construction.enhance_images.pipeline: [gestion_2016-01-04_32.jpg] Config 3 finished in 0.005s
2026-09-12 00:30:41,793 [INFO] src.corpus_construction.enhance_images.pipeline: [gestion_2016-01-04_32.jpg] Config 5/54 | contrast=none | denoising=mean_filter | sharpening=unsharp_masking
2026-09-12 00:30:41,807 [INFO] src.corpus_construction.enhance_images.pipeline: [gestion_2016-01-04_32.jpg] Config 4 finished in 0.013s
2026-09-12 00:30:41,807 [INFO] src.corpus_construction.enhance_images.pipeline: [gestion_2016-01-04_32.jpg] Config 6/54 | contrast=none | denoising=mean_filter | sharpening=stroke_width_enhancement
2026-09-12 00:30:41,820 [INFO] src.corpus_construction.enhance_images.pipeline: [gestion_2016-01-04_32.jpg] Config 5 finished in 0.013s
2026-09-12 00:30:41,820 [INFO] src.corpus_construction.enhance_images.pipeline: [gestion_2016-01-04_32.jpg] Config 7/54 | contrast=none | denoising=gaussian_filter | sharpening=none
2026-09-12 00:30:41,825 [INFO] src.corpus_construction.enhance_images.pipeline: [gestion_2016-01-04_32.jpg] Config 6 finished in 0.005s
2026-09-12 00:30:41,825 [INFO] src.corpus_construction.enhance_images.pipeline: [gestion_2016-01-04_32.jpg] Config 8/54 | contrast=none | denoising=gaussian_filter | sharpening=unsharp_masking
2026-09-12 00:30:41,839 [INFO] src.corpus_construction.enhance_images.pipeline: [gestion_2016-01-04_32.jpg] Config 7 finished in 0.014s
2026-09-12 00:30:41,839 [INFO] src.corpus_construction.enhance_images.pipeline: [gestion_2016-01-04_32.jpg] Config 9/54 | contrast=none | denoising=gaussian_filter | sharpening=stroke_width_enhancement
2026-09-12 00:30:41,851 [INFO] src.corpus_construction.enhance_images.pipeline: [gestion_2016-01-04_32.jpg] Config 8 finished in 0.012s
2026-09-12 00:30:41,851 [INFO] src.corpus_construction.enhance_images.pipeline: [gestion_2016-01-04_32.jpg] Config 10/54 | contrast=none | denoising=median_filter | sharpening=none
2026-09-12 00:30:41,855 [INFO] src.corpus_construction.enhance_images.pipeline: [gestion_2016-01-04_32.jpg] Config 9 finished in 0.004s
2026-09-12 00:30:41,855 [INFO] src.corpus_construction.enhance_images.pipeline: [gestion_2016-01-04_32.jpg] Config 11/54 | contrast=none | denoising=median_filter | sharpening=unsharp_masking
2026-09-12 00:30:41,868 [INFO] src.corpus_construction.enhance_images.pipeline: [gestion_2016-01-04_32.jpg] Config 10 finished in 0.012s
2026-09-12 00:30:41,868 [INFO] src.corpus_construction.enhance_images.pipeline: [gestion_2016-01-04_32.jpg] Config 12/54 | contrast=none | denoising=median_filter | sharpening=stroke_width_enhancement
2026-09-12 00:30:41,880 [INFO] src.corpus_construction.enhance_images.pipeline: [gestion_2016-01-04_32.jpg] Config 11 finished in 0.012s
2026-09-12 00:30:41,880 [INFO] src.corpus_construction.enhance_images.pipeline: [gestion_2016-01-04_32.jpg] Config 13/54 | contrast=none | denoising=conservative_filter | sharpening=none
2026-09-12 00:31:20,302 [INFO] src.corpus_construction.enhance_images.pipeline: [gestion_2016-01-04_32.jpg] Config 12 finished in 38.422s
2026-09-12 00:31:20,302 [INFO] src.corpus_construction.enhance_images.pipeline: [gestion_2016-01-04_32.jpg] Config 14/54 | contrast=none | denoising=conservative_filter | sharpening=unsharp_masking
