2026-09-11 23:58:48,443 [INFO] src.corpus_construction.enhance_images.pipeline: Saved 54 configurations to data/corpus_construction/enhance_images/results/peru21/configurations.txt
2026-09-11 23:58:48,451 [INFO] src.corpus_construction.enhance_images.pipeline: Found 10 image(s) under data/corpus_construction/enhance_images/peru21
2026-09-11 23:58:48,485 [INFO] src.corpus_construction.enhance_images.pipeline: [peru21_2015-06-17_18.jpg] Config 1/54 | contrast=none | denoising=none | sharpening=none
2026-09-11 23:58:48,491 [INFO] src.corpus_construction.enhance_images.pipeline: [peru21_2015-06-17_18.jpg] Config 0 finished in 0.006s
2026-09-11 23:58:48,491 [INFO] src.corpus_construction.enhance_images.pipeline: [peru21_2015-06-17_18.jpg] Config 2/54 | contrast=none | denoising=none | sharpening=unsharp_masking
2026-09-11 23:58:48,505 [INFO] src.corpus_construction.enhance_images.pipeline: [peru21_2015-06-17_18.jpg] Config 1 finished in 0.014s
2026-09-11 23:58:48,505 [INFO] src.corpus_construction.enhance_images.pipeline: [peru21_2015-06-17_18.jpg] Config 3/54 | contrast=none | denoising=none | sharpening=stroke_width_enhancement
2026-09-11 23:58:48,520 [INFO] src.corpus_construction.enhance_images.pipeline: [peru21_2015-06-17_18.jpg] Config 2 finished in 0.015s
2026-09-11 23:58:48,520 [INFO] src.corpus_construction.enhance_images.pipeline: [peru21_2015-06-17_18.jpg] Config 4/54 | contrast=none | denoising=mean_filter | sharpening=none
2026-09-11 23:58:48,525 [INFO] src.corpus_construction.enhance_images.pipeline: [peru21_2015-06-17_18.jpg] Config 3 finished in 0.005s
2026-09-11 23:58:48,525 [INFO] src.corpus_construction.enhance_images.pipeline: [peru21_2015-06-17_18.jpg] Config 5/54 | contrast=none | denoising=mean_filter | sharpening=unsharp_masking
2026-09-11 23:58:48,538 [INFO] src.corpus_construction.enhance_images.pipeline: [peru21_2015-06-17_18.jpg] Config 4 finished in 0.013s
2026-09-11 23:58:48,538 [INFO] src.corpus_construction.enhance_images.pipeline: [peru21_2015-06-17_18.jpg] Config 6/54 | contrast=none | denoising=mean_filter | sharpening=stroke_width_enhancement
2026-09-11 23:58:48,552 [INFO] src.corpus_construction.enhance_images.pipeline: [peru21_2015-06-17_18.jpg] Config 5 finished in 0.014s
2026-09-11 23:58:48,552 [INFO] src.corpus_construction.enhance_images.pipeline: [peru21_2015-06-17_18.jpg] Config 7/54 | contrast=none | denoising=gaussian_filter | sharpening=none
2026-09-11 23:58:48,557 [INFO] src.corpus_construction.enhance_images.pipeline: [peru21_2015-06-17_18.jpg] Config 6 finished in 0.005s
2026-09-11 23:58:48,557 [INFO] src.corpus_construction.enhance_images.pipeline: [peru21_2015-06-17_18.jpg] Config 8/54 | contrast=none | denoising=gaussian_filter | sharpening=unsharp_masking
2026-09-11 23:58:48,573 [INFO] src.corpus_construction.enhance_images.pipeline: [peru21_2015-06-17_18.jpg] Config 7 finished in 0.015s
2026-09-11 23:58:48,573 [INFO] src.corpus_construction.enhance_images.pipeline: [peru21_2015-06-17_18.jpg] Config 9/54 | contrast=none | denoising=gaussian_filter | sharpening=stroke_width_enhancement
2026-09-11 23:58:48,586 [INFO] src.corpus_construction.enhance_images.pipeline: [peru21_2015-06-17_18.jpg] Config 8 finished in 0.014s
2026-09-11 23:58:48,587 [INFO] src.corpus_construction.enhance_images.pipeline: [peru21_2015-06-17_18.jpg] Config 10/54 | contrast=none | denoising=median_filter | sharpening=none
2026-09-11 23:58:48,591 [INFO] src.corpus_construction.enhance_images.pipeline: [peru21_2015-06-17_18.jpg] Config 9 finished in 0.004s
2026-09-11 23:58:48,591 [INFO] src.corpus_construction.enhance_images.pipeline: [peru21_2015-06-17_18.jpg] Config 11/54 | contrast=none | denoising=median_filter | sharpening=unsharp_masking
2026-09-11 23:58:48,605 [INFO] src.corpus_construction.enhance_images.pipeline: [peru21_2015-06-17_18.jpg] Config 10 finished in 0.014s
2026-09-11 23:58:48,605 [INFO] src.corpus_construction.enhance_images.pipeline: [peru21_2015-06-17_18.jpg] Config 12/54 | contrast=none | denoising=median_filter | sharpening=stroke_width_enhancement
2026-09-11 23:58:48,617 [INFO] src.corpus_construction.enhance_images.pipeline: [peru21_2015-06-17_18.jpg] Config 11 finished in 0.012s
2026-09-11 23:58:48,617 [INFO] src.corpus_construction.enhance_images.pipeline: [peru21_2015-06-17_18.jpg] Config 13/54 | contrast=none | denoising=conservative_filter | sharpening=none
2026-09-11 23:59:26,378 [INFO] src.corpus_construction.enhance_images.pipeline: [peru21_2015-06-17_18.jpg] Config 12 finished in 37.761s
2026-09-11 23:59:26,379 [INFO] src.corpus_construction.enhance_images.pipeline: [peru21_2015-06-17_18.jpg] Config 14/54 | contrast=none | denoising=conservative_filter | sharpening=unsharp_masking
2026-09-12 00:00:05,031 [INFO] src.corpus_construction.enhance_images.pipeline: [peru21_2015-06-17_18.jpg] Config 13 finished in 38.652s
2026-09-12 00:00:05,031 [INFO] src.corpus_construction.enhance_images.pipeline: [peru21_2015-06-17_18.jpg] Config 15/54 | contrast=none | denoising=conservative_filter | sharpening=stroke_width_enhancement
2026-09-12 00:00:43,512 [INFO] src.corpus_construction.enhance_images.pipeline: [peru21_2015-06-17_18.jpg] Config 14 finished in 38.480s
2026-09-12 00:00:43,512 [INFO] src.corpus_construction.enhance_images.pipeline: [peru21_2015-06-17_18.jpg] Config 16/54 | contrast=none | denoising=laplacian_filter | sharpening=none
2026-09-12 00:00:43,522 [INFO] src.corpus_construction.enhance_images.pipeline: [peru21_2015-06-17_18.jpg] Config 15 finished in 0.010s
2026-09-12 00:00:43,522 [INFO] src.corpus_construction.enhance_images.pipeline: [peru21_2015-06-17_18.jpg] Config 17/54 | contrast=none | denoising=laplacian_filter | sharpening=unsharp_masking
2026-09-12 00:00:43,539 [INFO] src.corpus_construction.enhance_images.pipeline: [peru21_2015-06-17_18.jpg] Config 16 finished in 0.017s
2026-09-12 00:00:43,539 [INFO] src.corpus_construction.enhance_images.pipeline: [peru21_2015-06-17_18.jpg] Config 18/54 | contrast=none | denoising=laplacian_filter | sharpening=stroke_width_enhancement
2026-09-12 00:00:43,557 [INFO] src.corpus_construction.enhance_images.pipeline: [peru21_2015-06-17_18.jpg] Config 17 finished in 0.018s
2026-09-12 00:00:43,557 [INFO] src.corpus_construction.enhance_images.pipeline: [peru21_2015-06-17_18.jpg] Config 19/54 | contrast=none | denoising=frequency_filter | sharpening=none
2026-09-12 00:00:43,838 [INFO] src.corpus_construction.enhance_images.pipeline: [peru21_2015-06-17_18.jpg] Config 18 finished in 0.281s
2026-09-12 00:00:43,838 [INFO] src.corpus_construction.enhance_images.pipeline: [peru21_2015-06-17_18.jpg] Config 20/54 | contrast=none | denoising=frequency_filter | sharpening=unsharp_masking
2026-09-12 00:00:44,023 [INFO] src.corpus_construction.enhance_images.pipeline: [peru21_2015-06-17_18.jpg] Config 19 finished in 0.185s
2026-09-12 00:00:44,023 [INFO] src.corpus_construction.enhance_images.pipeline: [peru21_2015-06-17_18.jpg] Config 21/54 | contrast=none | denoising=frequency_filter | sharpening=stroke_width_enhancement
2026-09-12 00:00:44,214 [INFO] src.corpus_construction.enhance_images.pipeline: [peru21_2015-06-17_18.jpg] Config 20 finished in 0.191s
2026-09-12 00:00:44,214 [INFO] src.corpus_construction.enhance_images.pipeline: [peru21_2015-06-17_18.jpg] Config 22/54 | contrast=none | denoising=crimmins_speckle_removal | sharpening=none
2026-09-12 00:02:28,902 [INFO] src.corpus_construction.enhance_images.pipeline: [peru21_2015-06-17_18.jpg] Config 21 finished in 104.688s
2026-09-12 00:02:28,903 [INFO] src.corpus_construction.enhance_images.pipeline: [peru21_2015-06-17_18.jpg] Config 23/54 | contrast=none | denoising=crimmins_speckle_removal | sharpening=unsharp_masking
2026-09-12 00:04:06,747 [INFO] src.corpus_construction.enhance_images.pipeline: [peru21_2015-06-17_18.jpg] Config 22 finished in 97.844s
2026-09-12 00:04:06,747 [INFO] src.corpus_construction.enhance_images.pipeline: [peru21_2015-06-17_18.jpg] Config 24/54 | contrast=none | denoising=crimmins_speckle_removal | sharpening=stroke_width_enhancement
2026-09-12 00:05:45,231 [INFO] src.corpus_construction.enhance_images.pipeline: [peru21_2015-06-17_18.jpg] Config 23 finished in 98.484s
2026-09-12 00:05:45,232 [INFO] src.corpus_construction.enhance_images.pipeline: [peru21_2015-06-17_18.jpg] Config 25/54 | contrast=none | denoising=unsharp_filter | sharpening=none
2026-09-12 00:05:45,300 [INFO] src.corpus_construction.enhance_images.pipeline: [peru21_2015-06-17_18.jpg] Config 24 finished in 0.068s
2026-09-12 00:05:45,300 [INFO] src.corpus_construction.enhance_images.pipeline: [peru21_2015-06-17_18.jpg] Config 26/54 | contrast=none | denoising=unsharp_filter | sharpening=unsharp_masking
2026-09-12 00:05:45,373 [INFO] src.corpus_construction.enhance_images.pipeline: [peru21_2015-06-17_18.jpg] Config 25 finished in 0.073s
2026-09-12 00:05:45,373 [INFO] src.corpus_construction.enhance_images.pipeline: [peru21_2015-06-17_18.jpg] Config 27/54 | contrast=none | denoising=unsharp_filter | sharpening=stroke_width_enhancement
2026-09-12 00:05:45,447 [INFO] src.corpus_construction.enhance_images.pipeline: [peru21_2015-06-17_18.jpg] Config 26 finished in 0.074s
2026-09-12 00:05:45,447 [INFO] src.corpus_construction.enhance_images.pipeline: [peru21_2015-06-17_18.jpg] Config 28/54 | contrast=clahe | denoising=none | sharpening=none
2026-09-12 00:05:45,610 [INFO] src.corpus_construction.enhance_images.pipeline: [peru21_2015-06-17_18.jpg] Config 27 finished in 0.163s
2026-09-12 00:05:45,610 [INFO] src.corpus_construction.enhance_images.pipeline: [peru21_2015-06-17_18.jpg] Config 29/54 | contrast=clahe | denoising=none | sharpening=unsharp_masking
2026-09-12 00:05:45,665 [INFO] src.corpus_construction.enhance_images.pipeline: [peru21_2015-06-17_18.jpg] Config 28 finished in 0.055s
2026-09-12 00:05:45,665 [INFO] src.corpus_construction.enhance_images.pipeline: [peru21_2015-06-17_18.jpg] Config 30/54 | contrast=clahe | denoising=none | sharpening=stroke_width_enhancement
2026-09-12 00:05:45,723 [INFO] src.corpus_construction.enhance_images.pipeline: [peru21_2015-06-17_18.jpg] Config 29 finished in 0.057s
2026-09-12 00:05:45,723 [INFO] src.corpus_construction.enhance_images.pipeline: [peru21_2015-06-17_18.jpg] Config 31/54 | contrast=clahe | denoising=mean_filter | sharpening=none
2026-09-12 00:05:45,774 [INFO] src.corpus_construction.enhance_images.pipeline: [peru21_2015-06-17_18.jpg] Config 30 finished in 0.051s
2026-09-12 00:05:45,774 [INFO] src.corpus_construction.enhance_images.pipeline: [peru21_2015-06-17_18.jpg] Config 32/54 | contrast=clahe | denoising=mean_filter | sharpening=unsharp_masking
2026-09-12 00:05:45,829 [INFO] src.corpus_construction.enhance_images.pipeline: [peru21_2015-06-17_18.jpg] Config 31 finished in 0.056s
2026-09-12 00:05:45,829 [INFO] src.corpus_construction.enhance_images.pipeline: [peru21_2015-06-17_18.jpg] Config 33/54 | contrast=clahe | denoising=mean_filter | sharpening=stroke_width_enhancement
2026-09-12 00:05:45,887 [INFO] src.corpus_construction.enhance_images.pipeline: [peru21_2015-06-17_18.jpg] Config 32 finished in 0.058s
2026-09-12 00:05:45,888 [INFO] src.corpus_construction.enhance_images.pipeline: [peru21_2015-06-17_18.jpg] Config 34/54 | contrast=clahe | denoising=gaussian_filter | sharpening=none
2026-09-12 00:05:45,938 [INFO] src.corpus_construction.enhance_images.pipeline: [peru21_2015-06-17_18.jpg] Config 33 finished in 0.050s
2026-09-12 00:05:45,938 [INFO] src.corpus_construction.enhance_images.pipeline: [peru21_2015-06-17_18.jpg] Config 35/54 | contrast=clahe | denoising=gaussian_filter | sharpening=unsharp_masking
2026-09-12 00:05:45,994 [INFO] src.corpus_construction.enhance_images.pipeline: [peru21_2015-06-17_18.jpg] Config 34 finished in 0.057s
2026-09-12 00:05:45,995 [INFO] src.corpus_construction.enhance_images.pipeline: [peru21_2015-06-17_18.jpg] Config 36/54 | contrast=clahe | denoising=gaussian_filter | sharpening=stroke_width_enhancement
2026-09-12 00:05:46,053 [INFO] src.corpus_construction.enhance_images.pipeline: [peru21_2015-06-17_18.jpg] Config 35 finished in 0.058s
2026-09-12 00:05:46,053 [INFO] src.corpus_construction.enhance_images.pipeline: [peru21_2015-06-17_18.jpg] Config 37/54 | contrast=clahe | denoising=median_filter | sharpening=none
2026-09-12 00:05:46,103 [INFO] src.corpus_construction.enhance_images.pipeline: [peru21_2015-06-17_18.jpg] Config 36 finished in 0.050s
2026-09-12 00:05:46,103 [INFO] src.corpus_construction.enhance_images.pipeline: [peru21_2015-06-17_18.jpg] Config 38/54 | contrast=clahe | denoising=median_filter | sharpening=unsharp_masking
2026-09-12 00:05:46,160 [INFO] src.corpus_construction.enhance_images.pipeline: [peru21_2015-06-17_18.jpg] Config 37 finished in 0.057s
2026-09-12 00:05:46,160 [INFO] src.corpus_construction.enhance_images.pipeline: [peru21_2015-06-17_18.jpg] Config 39/54 | contrast=clahe | denoising=median_filter | sharpening=stroke_width_enhancement
2026-09-12 00:05:46,217 [INFO] src.corpus_construction.enhance_images.pipeline: [peru21_2015-06-17_18.jpg] Config 38 finished in 0.057s
2026-09-12 00:05:46,217 [INFO] src.corpus_construction.enhance_images.pipeline: [peru21_2015-06-17_18.jpg] Config 40/54 | contrast=clahe | denoising=conservative_filter | sharpening=none
2026-09-12 00:06:23,872 [INFO] src.corpus_construction.enhance_images.pipeline: [peru21_2015-06-17_18.jpg] Config 39 finished in 37.655s
2026-09-12 00:06:23,872 [INFO] src.corpus_construction.enhance_images.pipeline: [peru21_2015-06-17_18.jpg] Config 41/54 | contrast=clahe | denoising=conservative_filter | sharpening=unsharp_masking
2026-09-12 00:07:05,004 [INFO] src.corpus_construction.enhance_images.pipeline: [peru21_2015-06-17_18.jpg] Config 40 finished in 41.131s
2026-09-12 00:07:05,004 [INFO] src.corpus_construction.enhance_images.pipeline: [peru21_2015-06-17_18.jpg] Config 42/54 | contrast=clahe | denoising=conservative_filter | sharpening=stroke_width_enhancement
2026-09-12 00:07:44,200 [INFO] src.corpus_construction.enhance_images.pipeline: [peru21_2015-06-17_18.jpg] Config 41 finished in 39.196s
2026-09-12 00:07:44,200 [INFO] src.corpus_construction.enhance_images.pipeline: [peru21_2015-06-17_18.jpg] Config 43/54 | contrast=clahe | denoising=laplacian_filter | sharpening=none
2026-09-12 00:07:44,263 [INFO] src.corpus_construction.enhance_images.pipeline: [peru21_2015-06-17_18.jpg] Config 42 finished in 0.063s
2026-09-12 00:07:44,263 [INFO] src.corpus_construction.enhance_images.pipeline: [peru21_2015-06-17_18.jpg] Config 44/54 | contrast=clahe | denoising=laplacian_filter | sharpening=unsharp_masking
2026-09-12 00:07:44,333 [INFO] src.corpus_construction.enhance_images.pipeline: [peru21_2015-06-17_18.jpg] Config 43 finished in 0.070s
2026-09-12 00:07:44,333 [INFO] src.corpus_construction.enhance_images.pipeline: [peru21_2015-06-17_18.jpg] Config 45/54 | contrast=clahe | denoising=laplacian_filter | sharpening=stroke_width_enhancement
2026-09-12 00:07:44,405 [INFO] src.corpus_construction.enhance_images.pipeline: [peru21_2015-06-17_18.jpg] Config 44 finished in 0.072s
2026-09-12 00:07:44,405 [INFO] src.corpus_construction.enhance_images.pipeline: [peru21_2015-06-17_18.jpg] Config 46/54 | contrast=clahe | denoising=frequency_filter | sharpening=none
2026-09-12 00:07:44,644 [INFO] src.corpus_construction.enhance_images.pipeline: [peru21_2015-06-17_18.jpg] Config 45 finished in 0.238s
2026-09-12 00:07:44,644 [INFO] src.corpus_construction.enhance_images.pipeline: [peru21_2015-06-17_18.jpg] Config 47/54 | contrast=clahe | denoising=frequency_filter | sharpening=unsharp_masking
2026-09-12 00:07:44,884 [INFO] src.corpus_construction.enhance_images.pipeline: [peru21_2015-06-17_18.jpg] Config 46 finished in 0.240s
2026-09-12 00:07:44,884 [INFO] src.corpus_construction.enhance_images.pipeline: [peru21_2015-06-17_18.jpg] Config 48/54 | contrast=clahe | denoising=frequency_filter | sharpening=stroke_width_enhancement
2026-09-12 00:07:45,131 [INFO] src.corpus_construction.enhance_images.pipeline: [peru21_2015-06-17_18.jpg] Config 47 finished in 0.247s
2026-09-12 00:07:45,131 [INFO] src.corpus_construction.enhance_images.pipeline: [peru21_2015-06-17_18.jpg] Config 49/54 | contrast=clahe | denoising=crimmins_speckle_removal | sharpening=none
2026-09-12 00:09:40,513 [INFO] src.corpus_construction.enhance_images.pipeline: [peru21_2015-06-17_18.jpg] Config 48 finished in 115.381s
2026-09-12 00:09:40,513 [INFO] src.corpus_construction.enhance_images.pipeline: [peru21_2015-06-17_18.jpg] Config 50/54 | contrast=clahe | denoising=crimmins_speckle_removal | sharpening=unsharp_masking
2026-09-12 00:11:37,553 [INFO] src.corpus_construction.enhance_images.pipeline: [peru21_2015-06-17_18.jpg] Config 49 finished in 117.040s
2026-09-12 00:11:37,554 [INFO] src.corpus_construction.enhance_images.pipeline: [peru21_2015-06-17_18.jpg] Config 51/54 | contrast=clahe | denoising=crimmins_speckle_removal | sharpening=stroke_width_enhancement
2026-09-12 00:13:29,044 [INFO] src.corpus_construction.enhance_images.pipeline: [peru21_2015-06-17_18.jpg] Config 50 finished in 111.491s
2026-09-12 00:13:29,045 [INFO] src.corpus_construction.enhance_images.pipeline: [peru21_2015-06-17_18.jpg] Config 52/54 | contrast=clahe | denoising=unsharp_filter | sharpening=none
2026-09-12 00:13:29,160 [INFO] src.corpus_construction.enhance_images.pipeline: [peru21_2015-06-17_18.jpg] Config 51 finished in 0.115s
2026-09-12 00:13:29,160 [INFO] src.corpus_construction.enhance_images.pipeline: [peru21_2015-06-17_18.jpg] Config 53/54 | contrast=clahe | denoising=unsharp_filter | sharpening=unsharp_masking
2026-09-12 00:13:29,279 [INFO] src.corpus_construction.enhance_images.pipeline: [peru21_2015-06-17_18.jpg] Config 52 finished in 0.119s
2026-09-12 00:13:29,279 [INFO] src.corpus_construction.enhance_images.pipeline: [peru21_2015-06-17_18.jpg] Config 54/54 | contrast=clahe | denoising=unsharp_filter | sharpening=stroke_width_enhancement
2026-09-12 00:13:29,399 [INFO] src.corpus_construction.enhance_images.pipeline: [peru21_2015-06-17_18.jpg] Config 53 finished in 0.120s
2026-09-12 00:13:30,020 [INFO] src.corpus_construction.enhance_images.pipeline: Saved 54 metadata records to data/corpus_construction/enhance_images/results/peru21/enhance_images.parquet
2026-09-12 00:13:33,313 [INFO] src.corpus_construction.enhance_images.pipeline: [peru21_2016-05-13_2.jpg] Config 1/54 | contrast=none | denoising=none | sharpening=none
2026-09-12 00:13:33,316 [INFO] src.corpus_construction.enhance_images.pipeline: [peru21_2016-05-13_2.jpg] Config 0 finished in 0.003s
2026-09-12 00:13:33,316 [INFO] src.corpus_construction.enhance_images.pipeline: [peru21_2016-05-13_2.jpg] Config 2/54 | contrast=none | denoising=none | sharpening=unsharp_masking
2026-09-12 00:13:33,328 [INFO] src.corpus_construction.enhance_images.pipeline: [peru21_2016-05-13_2.jpg] Config 1 finished in 0.012s
2026-09-12 00:13:33,328 [INFO] src.corpus_construction.enhance_images.pipeline: [peru21_2016-05-13_2.jpg] Config 3/54 | contrast=none | denoising=none | sharpening=stroke_width_enhancement
2026-09-12 00:13:33,339 [INFO] src.corpus_construction.enhance_images.pipeline: [peru21_2016-05-13_2.jpg] Config 2 finished in 0.010s
2026-09-12 00:13:33,339 [INFO] src.corpus_construction.enhance_images.pipeline: [peru21_2016-05-13_2.jpg] Config 4/54 | contrast=none | denoising=mean_filter | sharpening=none
2026-09-12 00:13:33,345 [INFO] src.corpus_construction.enhance_images.pipeline: [peru21_2016-05-13_2.jpg] Config 3 finished in 0.006s
2026-09-12 00:13:33,345 [INFO] src.corpus_construction.enhance_images.pipeline: [peru21_2016-05-13_2.jpg] Config 5/54 | contrast=none | denoising=mean_filter | sharpening=unsharp_masking
2026-09-12 00:13:33,360 [INFO] src.corpus_construction.enhance_images.pipeline: [peru21_2016-05-13_2.jpg] Config 4 finished in 0.015s
2026-09-12 00:13:33,360 [INFO] src.corpus_construction.enhance_images.pipeline: [peru21_2016-05-13_2.jpg] Config 6/54 | contrast=none | denoising=mean_filter | sharpening=stroke_width_enhancement
2026-09-12 00:13:33,372 [INFO] src.corpus_construction.enhance_images.pipeline: [peru21_2016-05-13_2.jpg] Config 5 finished in 0.012s
2026-09-12 00:13:33,372 [INFO] src.corpus_construction.enhance_images.pipeline: [peru21_2016-05-13_2.jpg] Config 7/54 | contrast=none | denoising=gaussian_filter | sharpening=none
2026-09-12 00:13:33,377 [INFO] src.corpus_construction.enhance_images.pipeline: [peru21_2016-05-13_2.jpg] Config 6 finished in 0.004s
2026-09-12 00:13:33,377 [INFO] src.corpus_construction.enhance_images.pipeline: [peru21_2016-05-13_2.jpg] Config 8/54 | contrast=none | denoising=gaussian_filter | sharpening=unsharp_masking
2026-09-12 00:13:33,391 [INFO] src.corpus_construction.enhance_images.pipeline: [peru21_2016-05-13_2.jpg] Config 7 finished in 0.015s
2026-09-12 00:13:33,391 [INFO] src.corpus_construction.enhance_images.pipeline: [peru21_2016-05-13_2.jpg] Config 9/54 | contrast=none | denoising=gaussian_filter | sharpening=stroke_width_enhancement
2026-09-12 00:13:33,403 [INFO] src.corpus_construction.enhance_images.pipeline: [peru21_2016-05-13_2.jpg] Config 8 finished in 0.012s
2026-09-12 00:13:33,403 [INFO] src.corpus_construction.enhance_images.pipeline: [peru21_2016-05-13_2.jpg] Config 10/54 | contrast=none | denoising=median_filter | sharpening=none
2026-09-12 00:13:33,409 [INFO] src.corpus_construction.enhance_images.pipeline: [peru21_2016-05-13_2.jpg] Config 9 finished in 0.006s
2026-09-12 00:13:33,409 [INFO] src.corpus_construction.enhance_images.pipeline: [peru21_2016-05-13_2.jpg] Config 11/54 | contrast=none | denoising=median_filter | sharpening=unsharp_masking
2026-09-12 00:13:33,423 [INFO] src.corpus_construction.enhance_images.pipeline: [peru21_2016-05-13_2.jpg] Config 10 finished in 0.014s
2026-09-12 00:13:33,423 [INFO] src.corpus_construction.enhance_images.pipeline: [peru21_2016-05-13_2.jpg] Config 12/54 | contrast=none | denoising=median_filter | sharpening=stroke_width_enhancement
2026-09-12 00:13:33,435 [INFO] src.corpus_construction.enhance_images.pipeline: [peru21_2016-05-13_2.jpg] Config 11 finished in 0.011s
2026-09-12 00:13:33,435 [INFO] src.corpus_construction.enhance_images.pipeline: [peru21_2016-05-13_2.jpg] Config 13/54 | contrast=none | denoising=conservative_filter | sharpening=none
2026-09-12 00:14:10,918 [INFO] src.corpus_construction.enhance_images.pipeline: [peru21_2016-05-13_2.jpg] Config 12 finished in 37.483s
2026-09-12 00:14:10,918 [INFO] src.corpus_construction.enhance_images.pipeline: [peru21_2016-05-13_2.jpg] Config 14/54 | contrast=none | denoising=conservative_filter | sharpening=unsharp_masking
2026-09-12 00:14:47,871 [INFO] src.corpus_construction.enhance_images.pipeline: [peru21_2016-05-13_2.jpg] Config 13 finished in 36.953s
2026-09-12 00:14:47,871 [INFO] src.corpus_construction.enhance_images.pipeline: [peru21_2016-05-13_2.jpg] Config 15/54 | contrast=none | denoising=conservative_filter | sharpening=stroke_width_enhancement
2026-09-12 00:15:25,249 [INFO] src.corpus_construction.enhance_images.pipeline: [peru21_2016-05-13_2.jpg] Config 14 finished in 37.377s
2026-09-12 00:15:25,249 [INFO] src.corpus_construction.enhance_images.pipeline: [peru21_2016-05-13_2.jpg] Config 16/54 | contrast=none | denoising=laplacian_filter | sharpening=none
2026-09-12 00:15:25,259 [INFO] src.corpus_construction.enhance_images.pipeline: [peru21_2016-05-13_2.jpg] Config 15 finished in 0.009s
2026-09-12 00:15:25,259 [INFO] src.corpus_construction.enhance_images.pipeline: [peru21_2016-05-13_2.jpg] Config 17/54 | contrast=none | denoising=laplacian_filter | sharpening=unsharp_masking
2026-09-12 00:15:25,272 [INFO] src.corpus_construction.enhance_images.pipeline: [peru21_2016-05-13_2.jpg] Config 16 finished in 0.014s
2026-09-12 00:15:25,273 [INFO] src.corpus_construction.enhance_images.pipeline: [peru21_2016-05-13_2.jpg] Config 18/54 | contrast=none | denoising=laplacian_filter | sharpening=stroke_width_enhancement
2026-09-12 00:15:25,288 [INFO] src.corpus_construction.enhance_images.pipeline: [peru21_2016-05-13_2.jpg] Config 17 finished in 0.015s
2026-09-12 00:15:25,288 [INFO] src.corpus_construction.enhance_images.pipeline: [peru21_2016-05-13_2.jpg] Config 19/54 | contrast=none | denoising=frequency_filter | sharpening=none
2026-09-12 00:15:25,442 [INFO] src.corpus_construction.enhance_images.pipeline: [peru21_2016-05-13_2.jpg] Config 18 finished in 0.153s
2026-09-12 00:15:25,442 [INFO] src.corpus_construction.enhance_images.pipeline: [peru21_2016-05-13_2.jpg] Config 20/54 | contrast=none | denoising=frequency_filter | sharpening=unsharp_masking
2026-09-12 00:15:25,594 [INFO] src.corpus_construction.enhance_images.pipeline: [peru21_2016-05-13_2.jpg] Config 19 finished in 0.153s
2026-09-12 00:15:25,595 [INFO] src.corpus_construction.enhance_images.pipeline: [peru21_2016-05-13_2.jpg] Config 21/54 | contrast=none | denoising=frequency_filter | sharpening=stroke_width_enhancement
2026-09-12 00:15:25,752 [INFO] src.corpus_construction.enhance_images.pipeline: [peru21_2016-05-13_2.jpg] Config 20 finished in 0.158s
2026-09-12 00:15:25,752 [INFO] src.corpus_construction.enhance_images.pipeline: [peru21_2016-05-13_2.jpg] Config 22/54 | contrast=none | denoising=crimmins_speckle_removal | sharpening=none
2026-09-12 00:17:12,296 [INFO] src.corpus_construction.enhance_images.pipeline: [peru21_2016-05-13_2.jpg] Config 21 finished in 106.544s
2026-09-12 00:17:12,297 [INFO] src.corpus_construction.enhance_images.pipeline: [peru21_2016-05-13_2.jpg] Config 23/54 | contrast=none | denoising=crimmins_speckle_removal | sharpening=unsharp_masking
2026-09-12 00:19:09,537 [INFO] src.corpus_construction.enhance_images.pipeline: [peru21_2016-05-13_2.jpg] Config 22 finished in 117.240s
2026-09-12 00:19:09,537 [INFO] src.corpus_construction.enhance_images.pipeline: [peru21_2016-05-13_2.jpg] Config 24/54 | contrast=none | denoising=crimmins_speckle_removal | sharpening=stroke_width_enhancement
2026-09-12 00:21:12,918 [INFO] src.corpus_construction.enhance_images.pipeline: [peru21_2016-05-13_2.jpg] Config 23 finished in 123.380s
2026-09-12 00:21:12,918 [INFO] src.corpus_construction.enhance_images.pipeline: [peru21_2016-05-13_2.jpg] Config 25/54 | contrast=none | denoising=unsharp_filter | sharpening=none
2026-09-12 00:21:12,994 [INFO] src.corpus_construction.enhance_images.pipeline: [peru21_2016-05-13_2.jpg] Config 24 finished in 0.075s
2026-09-12 00:21:12,994 [INFO] src.corpus_construction.enhance_images.pipeline: [peru21_2016-05-13_2.jpg] Config 26/54 | contrast=none | denoising=unsharp_filter | sharpening=unsharp_masking
2026-09-12 00:21:13,075 [INFO] src.corpus_construction.enhance_images.pipeline: [peru21_2016-05-13_2.jpg] Config 25 finished in 0.081s
2026-09-12 00:21:13,075 [INFO] src.corpus_construction.enhance_images.pipeline: [peru21_2016-05-13_2.jpg] Config 27/54 | contrast=none | denoising=unsharp_filter | sharpening=stroke_width_enhancement
2026-09-12 00:21:13,156 [INFO] src.corpus_construction.enhance_images.pipeline: [peru21_2016-05-13_2.jpg] Config 26 finished in 0.082s
2026-09-12 00:21:13,157 [INFO] src.corpus_construction.enhance_images.pipeline: [peru21_2016-05-13_2.jpg] Config 28/54 | contrast=clahe | denoising=none | sharpening=none
2026-09-12 00:21:13,218 [INFO] src.corpus_construction.enhance_images.pipeline: [peru21_2016-05-13_2.jpg] Config 27 finished in 0.061s
2026-09-12 00:21:13,218 [INFO] src.corpus_construction.enhance_images.pipeline: [peru21_2016-05-13_2.jpg] Config 29/54 | contrast=clahe | denoising=none | sharpening=unsharp_masking
2026-09-12 00:21:13,284 [INFO] src.corpus_construction.enhance_images.pipeline: [peru21_2016-05-13_2.jpg] Config 28 finished in 0.066s
2026-09-12 00:21:13,284 [INFO] src.corpus_construction.enhance_images.pipeline: [peru21_2016-05-13_2.jpg] Config 30/54 | contrast=clahe | denoising=none | sharpening=stroke_width_enhancement
2026-09-12 00:21:13,349 [INFO] src.corpus_construction.enhance_images.pipeline: [peru21_2016-05-13_2.jpg] Config 29 finished in 0.065s
2026-09-12 00:21:13,349 [INFO] src.corpus_construction.enhance_images.pipeline: [peru21_2016-05-13_2.jpg] Config 31/54 | contrast=clahe | denoising=mean_filter | sharpening=none
2026-09-12 00:21:13,404 [INFO] src.corpus_construction.enhance_images.pipeline: [peru21_2016-05-13_2.jpg] Config 30 finished in 0.055s
2026-09-12 00:21:13,404 [INFO] src.corpus_construction.enhance_images.pipeline: [peru21_2016-05-13_2.jpg] Config 32/54 | contrast=clahe | denoising=mean_filter | sharpening=unsharp_masking
2026-09-12 00:21:13,462 [INFO] src.corpus_construction.enhance_images.pipeline: [peru21_2016-05-13_2.jpg] Config 31 finished in 0.058s
2026-09-12 00:21:13,462 [INFO] src.corpus_construction.enhance_images.pipeline: [peru21_2016-05-13_2.jpg] Config 33/54 | contrast=clahe | denoising=mean_filter | sharpening=stroke_width_enhancement
2026-09-12 00:21:13,523 [INFO] src.corpus_construction.enhance_images.pipeline: [peru21_2016-05-13_2.jpg] Config 32 finished in 0.061s
2026-09-12 00:21:13,523 [INFO] src.corpus_construction.enhance_images.pipeline: [peru21_2016-05-13_2.jpg] Config 34/54 | contrast=clahe | denoising=gaussian_filter | sharpening=none
2026-09-12 00:21:13,576 [INFO] src.corpus_construction.enhance_images.pipeline: [peru21_2016-05-13_2.jpg] Config 33 finished in 0.053s
2026-09-12 00:21:13,576 [INFO] src.corpus_construction.enhance_images.pipeline: [peru21_2016-05-13_2.jpg] Config 35/54 | contrast=clahe | denoising=gaussian_filter | sharpening=unsharp_masking
2026-09-12 00:21:13,645 [INFO] src.corpus_construction.enhance_images.pipeline: [peru21_2016-05-13_2.jpg] Config 34 finished in 0.068s
2026-09-12 00:21:13,645 [INFO] src.corpus_construction.enhance_images.pipeline: [peru21_2016-05-13_2.jpg] Config 36/54 | contrast=clahe | denoising=gaussian_filter | sharpening=stroke_width_enhancement
2026-09-12 00:21:13,713 [INFO] src.corpus_construction.enhance_images.pipeline: [peru21_2016-05-13_2.jpg] Config 35 finished in 0.068s
2026-09-12 00:21:13,713 [INFO] src.corpus_construction.enhance_images.pipeline: [peru21_2016-05-13_2.jpg] Config 37/54 | contrast=clahe | denoising=median_filter | sharpening=none
2026-09-12 00:21:13,771 [INFO] src.corpus_construction.enhance_images.pipeline: [peru21_2016-05-13_2.jpg] Config 36 finished in 0.057s
2026-09-12 00:21:13,771 [INFO] src.corpus_construction.enhance_images.pipeline: [peru21_2016-05-13_2.jpg] Config 38/54 | contrast=clahe | denoising=median_filter | sharpening=unsharp_masking
2026-09-12 00:21:13,834 [INFO] src.corpus_construction.enhance_images.pipeline: [peru21_2016-05-13_2.jpg] Config 37 finished in 0.063s
2026-09-12 00:21:13,834 [INFO] src.corpus_construction.enhance_images.pipeline: [peru21_2016-05-13_2.jpg] Config 39/54 | contrast=clahe | denoising=median_filter | sharpening=stroke_width_enhancement
2026-09-12 00:21:13,903 [INFO] src.corpus_construction.enhance_images.pipeline: [peru21_2016-05-13_2.jpg] Config 38 finished in 0.068s
2026-09-12 00:21:13,903 [INFO] src.corpus_construction.enhance_images.pipeline: [peru21_2016-05-13_2.jpg] Config 40/54 | contrast=clahe | denoising=conservative_filter | sharpening=none
2026-09-12 00:21:53,082 [INFO] src.corpus_construction.enhance_images.pipeline: [peru21_2016-05-13_2.jpg] Config 39 finished in 39.179s
2026-09-12 00:21:53,082 [INFO] src.corpus_construction.enhance_images.pipeline: [peru21_2016-05-13_2.jpg] Config 41/54 | contrast=clahe | denoising=conservative_filter | sharpening=unsharp_masking
2026-09-12 00:22:31,734 [INFO] src.corpus_construction.enhance_images.pipeline: [peru21_2016-05-13_2.jpg] Config 40 finished in 38.652s
2026-09-12 00:22:31,734 [INFO] src.corpus_construction.enhance_images.pipeline: [peru21_2016-05-13_2.jpg] Config 42/54 | contrast=clahe | denoising=conservative_filter | sharpening=stroke_width_enhancement
2026-09-12 00:23:10,811 [INFO] src.corpus_construction.enhance_images.pipeline: [peru21_2016-05-13_2.jpg] Config 41 finished in 39.077s
2026-09-12 00:23:10,812 [INFO] src.corpus_construction.enhance_images.pipeline: [peru21_2016-05-13_2.jpg] Config 43/54 | contrast=clahe | denoising=laplacian_filter | sharpening=none
2026-09-12 00:23:10,867 [INFO] src.corpus_construction.enhance_images.pipeline: [peru21_2016-05-13_2.jpg] Config 42 finished in 0.056s
2026-09-12 00:23:10,867 [INFO] src.corpus_construction.enhance_images.pipeline: [peru21_2016-05-13_2.jpg] Config 44/54 | contrast=clahe | denoising=laplacian_filter | sharpening=unsharp_masking
2026-09-12 00:23:10,933 [INFO] src.corpus_construction.enhance_images.pipeline: [peru21_2016-05-13_2.jpg] Config 43 finished in 0.066s
2026-09-12 00:23:10,933 [INFO] src.corpus_construction.enhance_images.pipeline: [peru21_2016-05-13_2.jpg] Config 45/54 | contrast=clahe | denoising=laplacian_filter | sharpening=stroke_width_enhancement
2026-09-12 00:23:11,007 [INFO] src.corpus_construction.enhance_images.pipeline: [peru21_2016-05-13_2.jpg] Config 44 finished in 0.073s
2026-09-12 00:23:11,007 [INFO] src.corpus_construction.enhance_images.pipeline: [peru21_2016-05-13_2.jpg] Config 46/54 | contrast=clahe | denoising=frequency_filter | sharpening=none
2026-09-12 00:23:11,239 [INFO] src.corpus_construction.enhance_images.pipeline: [peru21_2016-05-13_2.jpg] Config 45 finished in 0.232s
2026-09-12 00:23:11,239 [INFO] src.corpus_construction.enhance_images.pipeline: [peru21_2016-05-13_2.jpg] Config 47/54 | contrast=clahe | denoising=frequency_filter | sharpening=unsharp_masking
2026-09-12 00:23:11,477 [INFO] src.corpus_construction.enhance_images.pipeline: [peru21_2016-05-13_2.jpg] Config 46 finished in 0.238s
2026-09-12 00:23:11,477 [INFO] src.corpus_construction.enhance_images.pipeline: [peru21_2016-05-13_2.jpg] Config 48/54 | contrast=clahe | denoising=frequency_filter | sharpening=stroke_width_enhancement
2026-09-12 00:23:11,721 [INFO] src.corpus_construction.enhance_images.pipeline: [peru21_2016-05-13_2.jpg] Config 47 finished in 0.244s
2026-09-12 00:23:11,721 [INFO] src.corpus_construction.enhance_images.pipeline: [peru21_2016-05-13_2.jpg] Config 49/54 | contrast=clahe | denoising=crimmins_speckle_removal | sharpening=none
2026-09-12 00:25:12,320 [INFO] src.corpus_construction.enhance_images.pipeline: [peru21_2016-05-13_2.jpg] Config 48 finished in 120.598s
2026-09-12 00:25:12,320 [INFO] src.corpus_construction.enhance_images.pipeline: [peru21_2016-05-13_2.jpg] Config 50/54 | contrast=clahe | denoising=crimmins_speckle_removal | sharpening=unsharp_masking
2026-09-12 00:27:07,332 [INFO] src.corpus_construction.enhance_images.pipeline: [peru21_2016-05-13_2.jpg] Config 49 finished in 115.012s
2026-09-12 00:27:07,333 [INFO] src.corpus_construction.enhance_images.pipeline: [peru21_2016-05-13_2.jpg] Config 51/54 | contrast=clahe | denoising=crimmins_speckle_removal | sharpening=stroke_width_enhancement
2026-09-12 00:29:01,736 [INFO] src.corpus_construction.enhance_images.pipeline: [peru21_2016-05-13_2.jpg] Config 50 finished in 114.402s
2026-09-12 00:29:01,736 [INFO] src.corpus_construction.enhance_images.pipeline: [peru21_2016-05-13_2.jpg] Config 52/54 | contrast=clahe | denoising=unsharp_filter | sharpening=none
2026-09-12 00:29:01,867 [INFO] src.corpus_construction.enhance_images.pipeline: [peru21_2016-05-13_2.jpg] Config 51 finished in 0.131s
2026-09-12 00:29:01,867 [INFO] src.corpus_construction.enhance_images.pipeline: [peru21_2016-05-13_2.jpg] Config 53/54 | contrast=clahe | denoising=unsharp_filter | sharpening=unsharp_masking
2026-09-12 00:29:02,004 [INFO] src.corpus_construction.enhance_images.pipeline: [peru21_2016-05-13_2.jpg] Config 52 finished in 0.136s
2026-09-12 00:29:02,004 [INFO] src.corpus_construction.enhance_images.pipeline: [peru21_2016-05-13_2.jpg] Config 54/54 | contrast=clahe | denoising=unsharp_filter | sharpening=stroke_width_enhancement
2026-09-12 00:29:02,142 [INFO] src.corpus_construction.enhance_images.pipeline: [peru21_2016-05-13_2.jpg] Config 53 finished in 0.138s
2026-09-12 00:29:02,170 [INFO] src.corpus_construction.enhance_images.pipeline: Saved 108 metadata records to data/corpus_construction/enhance_images/results/peru21/enhance_images.parquet
2026-09-12 00:29:05,433 [INFO] src.corpus_construction.enhance_images.pipeline: [peru21_2017-05-20_1.jpg] Config 1/54 | contrast=none | denoising=none | sharpening=none
2026-09-12 00:29:05,437 [INFO] src.corpus_construction.enhance_images.pipeline: [peru21_2017-05-20_1.jpg] Config 0 finished in 0.004s
2026-09-12 00:29:05,437 [INFO] src.corpus_construction.enhance_images.pipeline: [peru21_2017-05-20_1.jpg] Config 2/54 | contrast=none | denoising=none | sharpening=unsharp_masking
2026-09-12 00:29:05,447 [INFO] src.corpus_construction.enhance_images.pipeline: [peru21_2017-05-20_1.jpg] Config 1 finished in 0.010s
2026-09-12 00:29:05,447 [INFO] src.corpus_construction.enhance_images.pipeline: [peru21_2017-05-20_1.jpg] Config 3/54 | contrast=none | denoising=none | sharpening=stroke_width_enhancement
2026-09-12 00:29:05,458 [INFO] src.corpus_construction.enhance_images.pipeline: [peru21_2017-05-20_1.jpg] Config 2 finished in 0.011s
2026-09-12 00:29:05,458 [INFO] src.corpus_construction.enhance_images.pipeline: [peru21_2017-05-20_1.jpg] Config 4/54 | contrast=none | denoising=mean_filter | sharpening=none
2026-09-12 00:29:05,463 [INFO] src.corpus_construction.enhance_images.pipeline: [peru21_2017-05-20_1.jpg] Config 3 finished in 0.005s
2026-09-12 00:29:05,463 [INFO] src.corpus_construction.enhance_images.pipeline: [peru21_2017-05-20_1.jpg] Config 5/54 | contrast=none | denoising=mean_filter | sharpening=unsharp_masking
2026-09-12 00:29:05,477 [INFO] src.corpus_construction.enhance_images.pipeline: [peru21_2017-05-20_1.jpg] Config 4 finished in 0.014s
2026-09-12 00:29:05,477 [INFO] src.corpus_construction.enhance_images.pipeline: [peru21_2017-05-20_1.jpg] Config 6/54 | contrast=none | denoising=mean_filter | sharpening=stroke_width_enhancement
2026-09-12 00:29:05,489 [INFO] src.corpus_construction.enhance_images.pipeline: [peru21_2017-05-20_1.jpg] Config 5 finished in 0.012s
2026-09-12 00:29:05,489 [INFO] src.corpus_construction.enhance_images.pipeline: [peru21_2017-05-20_1.jpg] Config 7/54 | contrast=none | denoising=gaussian_filter | sharpening=none
2026-09-12 00:29:05,494 [INFO] src.corpus_construction.enhance_images.pipeline: [peru21_2017-05-20_1.jpg] Config 6 finished in 0.005s
2026-09-12 00:29:05,494 [INFO] src.corpus_construction.enhance_images.pipeline: [peru21_2017-05-20_1.jpg] Config 8/54 | contrast=none | denoising=gaussian_filter | sharpening=unsharp_masking
2026-09-12 00:29:05,506 [INFO] src.corpus_construction.enhance_images.pipeline: [peru21_2017-05-20_1.jpg] Config 7 finished in 0.012s
2026-09-12 00:29:05,507 [INFO] src.corpus_construction.enhance_images.pipeline: [peru21_2017-05-20_1.jpg] Config 9/54 | contrast=none | denoising=gaussian_filter | sharpening=stroke_width_enhancement
2026-09-12 00:29:05,518 [INFO] src.corpus_construction.enhance_images.pipeline: [peru21_2017-05-20_1.jpg] Config 8 finished in 0.012s
2026-09-12 00:29:05,518 [INFO] src.corpus_construction.enhance_images.pipeline: [peru21_2017-05-20_1.jpg] Config 10/54 | contrast=none | denoising=median_filter | sharpening=none
2026-09-12 00:29:05,522 [INFO] src.corpus_construction.enhance_images.pipeline: [peru21_2017-05-20_1.jpg] Config 9 finished in 0.004s
2026-09-12 00:29:05,522 [INFO] src.corpus_construction.enhance_images.pipeline: [peru21_2017-05-20_1.jpg] Config 11/54 | contrast=none | denoising=median_filter | sharpening=unsharp_masking
2026-09-12 00:29:05,534 [INFO] src.corpus_construction.enhance_images.pipeline: [peru21_2017-05-20_1.jpg] Config 10 finished in 0.012s
2026-09-12 00:29:05,534 [INFO] src.corpus_construction.enhance_images.pipeline: [peru21_2017-05-20_1.jpg] Config 12/54 | contrast=none | denoising=median_filter | sharpening=stroke_width_enhancement
2026-09-12 00:29:05,545 [INFO] src.corpus_construction.enhance_images.pipeline: [peru21_2017-05-20_1.jpg] Config 11 finished in 0.011s
2026-09-12 00:29:05,545 [INFO] src.corpus_construction.enhance_images.pipeline: [peru21_2017-05-20_1.jpg] Config 13/54 | contrast=none | denoising=conservative_filter | sharpening=none
2026-09-12 00:29:45,842 [INFO] src.corpus_construction.enhance_images.pipeline: [peru21_2017-05-20_1.jpg] Config 12 finished in 40.298s
2026-09-12 00:29:45,842 [INFO] src.corpus_construction.enhance_images.pipeline: [peru21_2017-05-20_1.jpg] Config 14/54 | contrast=none | denoising=conservative_filter | sharpening=unsharp_masking
2026-09-12 00:30:26,077 [INFO] src.corpus_construction.enhance_images.pipeline: [peru21_2017-05-20_1.jpg] Config 13 finished in 40.234s
2026-09-12 00:30:26,077 [INFO] src.corpus_construction.enhance_images.pipeline: [peru21_2017-05-20_1.jpg] Config 15/54 | contrast=none | denoising=conservative_filter | sharpening=stroke_width_enhancement
2026-09-12 00:31:05,124 [INFO] src.corpus_construction.enhance_images.pipeline: [peru21_2017-05-20_1.jpg] Config 14 finished in 39.046s
2026-09-12 00:31:05,124 [INFO] src.corpus_construction.enhance_images.pipeline: [peru21_2017-05-20_1.jpg] Config 16/54 | contrast=none | denoising=laplacian_filter | sharpening=none
2026-09-12 00:31:05,132 [INFO] src.corpus_construction.enhance_images.pipeline: [peru21_2017-05-20_1.jpg] Config 15 finished in 0.008s
2026-09-12 00:31:05,132 [INFO] src.corpus_construction.enhance_images.pipeline: [peru21_2017-05-20_1.jpg] Config 17/54 | contrast=none | denoising=laplacian_filter | sharpening=unsharp_masking
2026-09-12 00:31:05,145 [INFO] src.corpus_construction.enhance_images.pipeline: [peru21_2017-05-20_1.jpg] Config 16 finished in 0.013s
2026-09-12 00:31:05,145 [INFO] src.corpus_construction.enhance_images.pipeline: [peru21_2017-05-20_1.jpg] Config 18/54 | contrast=none | denoising=laplacian_filter | sharpening=stroke_width_enhancement
2026-09-12 00:31:05,158 [INFO] src.corpus_construction.enhance_images.pipeline: [peru21_2017-05-20_1.jpg] Config 17 finished in 0.014s
2026-09-12 00:31:05,158 [INFO] src.corpus_construction.enhance_images.pipeline: [peru21_2017-05-20_1.jpg] Config 19/54 | contrast=none | denoising=frequency_filter | sharpening=none
2026-09-12 00:31:05,660 [INFO] src.corpus_construction.enhance_images.pipeline: [peru21_2017-05-20_1.jpg] Config 18 finished in 0.501s
2026-09-12 00:31:05,660 [INFO] src.corpus_construction.enhance_images.pipeline: [peru21_2017-05-20_1.jpg] Config 20/54 | contrast=none | denoising=frequency_filter | sharpening=unsharp_masking
2026-09-12 00:31:06,181 [INFO] src.corpus_construction.enhance_images.pipeline: [peru21_2017-05-20_1.jpg] Config 19 finished in 0.522s
2026-09-12 00:31:06,181 [INFO] src.corpus_construction.enhance_images.pipeline: [peru21_2017-05-20_1.jpg] Config 21/54 | contrast=none | denoising=frequency_filter | sharpening=stroke_width_enhancement
2026-09-12 00:31:06,747 [INFO] src.corpus_construction.enhance_images.pipeline: [peru21_2017-05-20_1.jpg] Config 20 finished in 0.566s
2026-09-12 00:31:06,747 [INFO] src.corpus_construction.enhance_images.pipeline: [peru21_2017-05-20_1.jpg] Config 22/54 | contrast=none | denoising=crimmins_speckle_removal | sharpening=none
