
================================================================================
                              Slurm Job Statistics                              
================================================================================
         Job ID: 25919810
   User/Account: nicolasal97/agfritz
       Job Name: corpus_construction
          State: COMPLETED
          Nodes: 1
      CPU Cores: 4
     CPU Memory: 20GB (5GB per CPU-core)
           GPUs: 1
  QOS/Partition: standard/scavenger
        Cluster: curta
     Start Time: Tue Jun 23, 2026 at 11:29 PM
       Run Time: 00:14:17
     Time Limit: 01:00:00

                              Overall Utilization                               
================================================================================
  CPU utilization  [|||||||||                                      19%]
  CPU memory usage [||||||||||||||||||||||||                       48%]
  GPU utilization  [|                                               2%]
  GPU memory usage [|||||||||||||||||||||||||||||||||||            70%]

                              Detailed Utilization                              
================================================================================
  CPU utilization per node (CPU time used/run time)
      g016.curta.zedat.fu-berlin.de: 00:10:56/00:57:08 (efficiency=19.1%)

  CPU memory usage per node - used/allocated
      g016.curta.zedat.fu-berlin.de: 9.5GB/20GB (2.4GB/5GB per core of 4)

  GPU utilization per node
      g016.curta.zedat.fu-berlin.de (GPU 2): 1.8%

  GPU memory usage per node - maximum used/total
      g016.curta.zedat.fu-berlin.de (GPU 2): 55.7GB/79.6GB (69.9%)

                                     Notes                                      
================================================================================
  * The overall GPU utilization of this job is only 2%. This value is low.
    Please investigate the reason for the low utilization. For more info:
      https://www.fu-berlin.de/en/sites/high-performance-computing/Dokumentation/Ressourcennutzung

  * This job only used 48% of the 20GB of total allocated CPU memory. For
    future jobs, please allocate less memory by using a Slurm directive such
    as --mem-per-cpu=3G or --mem=12G. This will reduce your queue times and
    make the resources available to other users. For more info:
      https://www.fu-berlin.de/en/sites/high-performance-computing/Dokumentation/Ressourcen-Manager/Hauptspeicher/

  * Have a nice day!


