
================================================================================
                              Slurm Job Statistics                              
================================================================================
         Job ID: 25953120
   User/Account: nicolasal97/agfritz
       Job Name: corpus_acquisition
          State: TIMEOUT
          Nodes: 1
      CPU Cores: 1
     CPU Memory: 6GB
  QOS/Partition: standard/scavenger
        Cluster: curta
     Start Time: Sun Jun 28, 2026 at 4:19 PM
       Run Time: 12:00:29
     Time Limit: 12:00:00

                              Overall Utilization                               
================================================================================
  CPU utilization  [|||||||||||||||||||||                          42%]
  CPU memory usage [|||||||||||||||||||||||||||||||||||||||||||||||99%]

                              Detailed Utilization                              
================================================================================
  CPU utilization per node (CPU time used/run time)
      c003.curta.zedat.fu-berlin.de: 05:08:21/12:00:29 (efficiency=42.8%)

  CPU memory usage per node - used/allocated
      c003.curta.zedat.fu-berlin.de: 5.9GB/6GB 

                                     Notes                                      
================================================================================
  * The overall CPU utilization of this job is 42.8%. This value is low
    compared to the target range of 90% and above. Please investigate the
    reason for the low efficiency. For more info:
      https://www.fu-berlin.de/en/sites/high-performance-computing/Dokumentation/Ressourcennutzung

  * This job failed because it exceeded the time limit. If there are no other
    problems then the solution is to increase the value of the --time Slurm
    directive and resubmit the job. For more info:
      https://www.fu-berlin.de/en/sites/high-performance-computing/Dokumentation/Ressourcen-Manager/Zeitlimit

  * Have a nice day!


