
================================================================================
                              Slurm Job Statistics                              
================================================================================
         Job ID: 25924714
   User/Account: nicolasal97/agfritz
       Job Name: corpus_acquisition
          State: CANCELLED
          Nodes: 1
      CPU Cores: 1
     CPU Memory: 2GB
  QOS/Partition: standard/scavenger
        Cluster: curta
     Start Time: Wed Jun 24, 2026 at 3:01 PM
       Run Time: 02:29:07
     Time Limit: 05:00:00

                              Overall Utilization                               
================================================================================
  CPU utilization  [||||||||||||                                   25%]
  CPU memory usage [|||||||||||||||||||||||||||||||||||||||||||||||98%]

                              Detailed Utilization                              
================================================================================
  CPU utilization per node (CPU time used/run time)
      c003.curta.zedat.fu-berlin.de: 00:37:45/02:29:07 (efficiency=25.3%)

  CPU memory usage per node - used/allocated
      c003.curta.zedat.fu-berlin.de: 2.0GB/2GB 

                                     Notes                                      
================================================================================
  * The overall CPU utilization of this job is 25.3%. This value is low
    compared to the target range of 90% and above. Please investigate the
    reason for the low efficiency. For more info:
      https://www.fu-berlin.de/en/sites/high-performance-computing/Dokumentation/Ressourcennutzung

  * Have a nice day!


