
================================================================================
                              Slurm Job Statistics                              
================================================================================
         Job ID: 25930864
   User/Account: nicolasal97/agfritz
       Job Name: corpus_acquisition
          State: CANCELLED
          Nodes: 1
      CPU Cores: 1
     CPU Memory: 2GB
  QOS/Partition: standard/scavenger
        Cluster: curta
     Start Time: Thu Jun 25, 2026 at 11:59 AM
       Run Time: 03:01:27
     Time Limit: 08:00:00

                              Overall Utilization                               
================================================================================
  CPU utilization  [|||||||||||||||||||||||||                      51%]
  CPU memory usage [|||||||||||||||||||||||||||||||||||||||||||||||97%]

                              Detailed Utilization                              
================================================================================
  CPU utilization per node (CPU time used/run time)
      c003.curta.zedat.fu-berlin.de: 01:34:05/03:01:27 (efficiency=51.9%)

  CPU memory usage per node - used/allocated
      c003.curta.zedat.fu-berlin.de: 1.9GB/2GB 

                                     Notes                                      
================================================================================
  * The overall CPU utilization of this job is 51.9%. This value is low
    compared to the target range of 90% and above. Please investigate the
    reason for the low efficiency. For more info:
      https://www.fu-berlin.de/en/sites/high-performance-computing/Dokumentation/Ressourcennutzung

  * Have a nice day!


