
================================================================================
                              Slurm Job Statistics                              
================================================================================
         Job ID: 25935210
   User/Account: nicolasal97/agfritz
       Job Name: corpus_acquisition
          State: TIMEOUT
          Nodes: 1
      CPU Cores: 1
     CPU Memory: 2GB
  QOS/Partition: standard/scavenger
        Cluster: curta
     Start Time: Thu Jun 25, 2026 at 7:14 PM
       Run Time: 08:00:16
     Time Limit: 08:00:00

                              Overall Utilization                               
================================================================================
  CPU utilization  [|||||||||||||||||||||||||||||||||||||          75%]
  CPU memory usage [|||||||||||||||||||||||||||||||||||||||||||||||98%]

                              Detailed Utilization                              
================================================================================
  CPU utilization per node (CPU time used/run time)
      c003.curta.zedat.fu-berlin.de: 06:00:23/08:00:16 (efficiency=75.0%)

  CPU memory usage per node - used/allocated
      c003.curta.zedat.fu-berlin.de: 2.0GB/2GB 

                                     Notes                                      
================================================================================
  * The overall CPU utilization of this job is 75.0%. This value is somewhat
    low compared to the target range of 90% and above. Please investigate the
    reason for the low efficiency. For more info:
      https://www.fu-berlin.de/en/sites/high-performance-computing/Dokumentation/Ressourcennutzung

  * This job failed because it exceeded the time limit. If there are no other
    problems then the solution is to increase the value of the --time Slurm
    directive and resubmit the job. For more info:
      https://www.fu-berlin.de/en/sites/high-performance-computing/Dokumentation/Ressourcen-Manager/Zeitlimit

  * Have a nice day!


