
================================================================================
                              Slurm Job Statistics                              
================================================================================
         Job ID: 25912465
   User/Account: nicolasal97/agfritz
       Job Name: corpus_acquisition
          State: TIMEOUT
          Nodes: 1
      CPU Cores: 2
     CPU Memory: 1GB (500MB per CPU-core)
  QOS/Partition: standard/scavenger
        Cluster: curta
     Start Time: Mon Jun 22, 2026 at 4:27 PM
       Run Time: 05:00:18
     Time Limit: 05:00:00

                              Overall Utilization                               
================================================================================
  CPU utilization  [|||||||||||||||||||||                          43%]
  CPU memory usage [|||||||||||||||||||||||||||||||||||||||||||||||96%]

                              Detailed Utilization                              
================================================================================
  CPU utilization per node (CPU time used/run time)
      c003.curta.zedat.fu-berlin.de: 04:20:04/10:00:36 (efficiency=43.3%)

  CPU memory usage per node - used/allocated
      c003.curta.zedat.fu-berlin.de: 980.8MB/1GB (490.4MB/512.0MB per core of 2)

                                     Notes                                      
================================================================================
  * The overall CPU utilization of this job is 43.3%. This value is low
    compared to the target range of 90% and above. Please investigate the
    reason for the low efficiency. For instance, have you conducted a scaling
    analysis? For more info:
      https://www.fu-berlin.de/en/sites/high-performance-computing/Dokumentation/Ressourcennutzung

  * This job failed because it exceeded the time limit. If there are no other
    problems then the solution is to increase the value of the --time Slurm
    directive and resubmit the job. For more info:
      https://www.fu-berlin.de/en/sites/high-performance-computing/Dokumentation/Ressourcen-Manager/Zeitlimit

  * The CPU utilization of this job (43.3%) is approximately equal to 1
    divided by the number of allocated CPU-cores (1/2=50%). This suggests that
    you may be running a code that can only use 1 CPU-core. If this is true
    then allocating more than 1 CPU-core is wasteful. Please consult the
    documentation for the software to see if it is parallelized. For more
    info:
      https://www.fu-berlin.de/en/sites/high-performance-computing/Dokumentation/Ressourcen-Manager/CPUs

  * Have a nice day!


