
================================================================================
                              Slurm Job Statistics                              
================================================================================
         Job ID: 25948286
   User/Account: nicolasal97/agfritz
       Job Name: corpus_acquisition
          State: CANCELLED
          Nodes: 1
      CPU Cores: 1
     CPU Memory: 2GB
  QOS/Partition: standard/scavenger
        Cluster: curta
     Start Time: Sat Jun 27, 2026 at 11:00 AM
       Run Time: 14:07:15
     Time Limit: 16:00:00

                              Overall Utilization                               
================================================================================
  CPU utilization  [|||||||||||||||||||||||||||||||||||||||||||    87%]
  CPU memory usage [|||||||||||||||||||||||||||||||||||||||||||||||99%]

                              Detailed Utilization                              
================================================================================
  CPU utilization per node (CPU time used/run time)
      b002.curta.zedat.fu-berlin.de: 12:23:15/14:07:15 (efficiency=87.7%)

  CPU memory usage per node - used/allocated
      b002.curta.zedat.fu-berlin.de: 2.0GB/2GB 

                                     Notes                                      
================================================================================
  * Have a nice day!


