
================================================================================
                              Slurm Job Statistics                              
================================================================================
         Job ID: 26127245
   User/Account: nicolasal97/agfritz
       Job Name: corpus_construction
          State: COMPLETED
          Nodes: 1
      CPU Cores: 1
     CPU Memory: 200MB
  QOS/Partition: standard/scavenger
        Cluster: curta
     Start Time: Wed Jul 22, 2026 at 2:31 PM
       Run Time: 00:03:36
     Time Limit: 00:05:00

                              Overall Utilization                               
================================================================================
  CPU utilization  [||||||||||||||||||||||||||||||||||||||         77%]
  CPU memory usage [|||||||||||||||||||||||||||||||||              67%]

                              Detailed Utilization                              
================================================================================
  CPU utilization per node (CPU time used/run time)
      c003.curta.zedat.fu-berlin.de: 00:02:46/00:03:36 (efficiency=77.1%)

  CPU memory usage per node - used/allocated
      c003.curta.zedat.fu-berlin.de: 133.8MB/200.0MB 

                                     Notes                                      
================================================================================
  * The overall CPU utilization of this job is 77.1%. This value is somewhat
    low compared to the target range of 90% and above. Please investigate the
    reason for the low efficiency. For more info:
      https://www.fu-berlin.de/en/sites/high-performance-computing/Dokumentation/Ressourcennutzung

  * Have a nice day!


