
================================================================================
                              Slurm Job Statistics                              
================================================================================
         Job ID: 25951765
   User/Account: nicolasal97/agfritz
       Job Name: corpus_acquisition
          State: CANCELLED
          Nodes: 1
      CPU Cores: 1
     CPU Memory: 2GB
  QOS/Partition: standard/scavenger
        Cluster: curta
     Start Time: Sun Jun 28, 2026 at 1:49 AM
       Run Time: 08:47:02
     Time Limit: 12:00:00

                              Overall Utilization                               
================================================================================
  CPU utilization  [||||||||||||||||||||||||||||||||||||||||       80%]
  CPU memory usage [|||||||||||||||||||||||||||||||||||||||||||||||99%]

                              Detailed Utilization                              
================================================================================
  CPU utilization per node (CPU time used/run time)
      c003.curta.zedat.fu-berlin.de: 07:01:45/08:47:02 (efficiency=80.0%)

  CPU memory usage per node - used/allocated
      c003.curta.zedat.fu-berlin.de: 2.0GB/2GB 

                                     Notes                                      
================================================================================
  * The overall CPU utilization of this job is 80.0%. This value is somewhat
    low compared to the target range of 90% and above. Please investigate the
    reason for the low efficiency. For more info:
      https://www.fu-berlin.de/en/sites/high-performance-computing/Dokumentation/Ressourcennutzung

  * Have a nice day!


