
================================================================================
                              Slurm Job Statistics                              
================================================================================
         Job ID: 25919521
   User/Account: nicolasal97/agfritz
       Job Name: corpus_acquisition
          State: CANCELLED
          Nodes: 1
      CPU Cores: 1
     CPU Memory: 1GB
  QOS/Partition: standard/scavenger
        Cluster: curta
     Start Time: Tue Jun 23, 2026 at 8:25 PM
       Run Time: 02:26:03
     Time Limit: 05:00:00

                              Overall Utilization                               
================================================================================
  CPU utilization  [|||||||||||||||||||||||||||||||||||||          75%]
  CPU memory usage [|||||||||||||||||||||||||||||||||||||||||||||||96%]

                              Detailed Utilization                              
================================================================================
  CPU utilization per node (CPU time used/run time)
      c003.curta.zedat.fu-berlin.de: 01:49:50/02:26:03 (efficiency=75.2%)

  CPU memory usage per node - used/allocated
      c003.curta.zedat.fu-berlin.de: 982.6MB/1GB 

                                     Notes                                      
================================================================================
  * The overall CPU utilization of this job is 75.2%. This value is somewhat
    low compared to the target range of 90% and above. Please investigate the
    reason for the low efficiency. For more info:
      https://www.fu-berlin.de/en/sites/high-performance-computing/Dokumentation/Ressourcennutzung

  * Have a nice day!


