
================================================================================
                              Slurm Job Statistics                              
================================================================================
         Job ID: 25916892
   User/Account: nicolasal97/agfritz
       Job Name: corpus_acquisition
          State: TIMEOUT
          Nodes: 1
      CPU Cores: 1
     CPU Memory: 1GB
  QOS/Partition: standard/scavenger
        Cluster: curta
     Start Time: Tue Jun 23, 2026 at 10:34 AM
       Run Time: 05:00:21
     Time Limit: 05:00:00

                              Overall Utilization                               
================================================================================
  CPU utilization  [|||||||||||||||||||||||||||||||||||||||||||    86%]
  CPU memory usage [|||||||||||||||||||||||||||||||||||||||||||||||98%]

                              Detailed Utilization                              
================================================================================
  CPU utilization per node (CPU time used/run time)
      c003.curta.zedat.fu-berlin.de: 04:19:23/05:00:21 (efficiency=86.4%)

  CPU memory usage per node - used/allocated
      c003.curta.zedat.fu-berlin.de: 1004.9MB/1GB 

                                     Notes                                      
================================================================================
  * This job failed because it exceeded the time limit. If there are no other
    problems then the solution is to increase the value of the --time Slurm
    directive and resubmit the job. For more info:
      https://www.fu-berlin.de/en/sites/high-performance-computing/Dokumentation/Ressourcen-Manager/Zeitlimit

  * Have a nice day!


