
================================================================================
                              Slurm Job Statistics                              
================================================================================
         Job ID: 26170221
   User/Account: nicolasal97/agfritz
       Job Name: corpus_construction
          State: COMPLETED
          Nodes: 1
      CPU Cores: 1
     CPU Memory: 200MB
  QOS/Partition: hiprio/scavenger
        Cluster: curta
     Start Time: Wed Jul 29, 2026 at 1:43 PM
       Run Time: 00:03:43
     Time Limit: 00:05:00

                              Overall Utilization                               
================================================================================
  CPU utilization  [|||||||||||||||||||||||||||||||||||||||||||||| 92%]
  CPU memory usage [||||||||||||||||||||||||||||||                 61%]

                              Detailed Utilization                              
================================================================================
  CPU utilization per node (CPU time used/run time)
      c003.curta.zedat.fu-berlin.de: 00:03:26/00:03:43 (efficiency=92.5%)

  CPU memory usage per node - used/allocated
      c003.curta.zedat.fu-berlin.de: 121.0MB/200.0MB 

                                     Notes                                      
================================================================================
  * Have a nice day!


