
================================================================================
                              Slurm Job Statistics                              
================================================================================
         Job ID: 26171536
   User/Account: nicolasal97/agfritz
       Job Name: corpus_construction
          State: COMPLETED
          Nodes: 1
      CPU Cores: 2
     CPU Memory: 20GB (10GB per CPU-core)
           GPUs: 1
  QOS/Partition: hiprio/scavenger
        Cluster: curta
     Start Time: Wed Jul 29, 2026 at 3:32 PM
       Run Time: 00:05:56
     Time Limit: 01:00:00

                              Overall Utilization                               
================================================================================
  CPU utilization  [||||||||||||||||||                             36%]
  CPU memory usage [||||||||||||||||||||||||||                     52%]
  GPU utilization  [|||||||||||||||||||||||                        46%]
  GPU memory usage [||||||||||||||||||||||||||                     53%]

                              Detailed Utilization                              
================================================================================
  CPU utilization per node (CPU time used/run time)
      g016.curta.zedat.fu-berlin.de: 00:04:22/00:11:52 (efficiency=36.9%)

  CPU memory usage per node - used/allocated
      g016.curta.zedat.fu-berlin.de: 10.4GB/20GB (5.2GB/10GB per core of 2)

  GPU utilization per node
      g016.curta.zedat.fu-berlin.de (GPU 0): 45.9%

  GPU memory usage per node - maximum used/total
      g016.curta.zedat.fu-berlin.de (GPU 0): 42.3GB/79.6GB (53.1%)

                                     Notes                                      
================================================================================
  * This job only used 52% of the 20GB of total allocated CPU memory. For
    future jobs, please allocate less memory by using a Slurm directive such
    as --mem-per-cpu=7G or --mem=13G. This will reduce your queue times and
    make the resources available to other users. For more info:
      https://www.fu-berlin.de/en/sites/high-performance-computing/Dokumentation/Ressourcen-Manager/Hauptspeicher/

  * Have a nice day!


