2026-08-05 16:37:04,114 [INFO] src.corpus_construction.enhance_images.pipeline: Saved 54 configurations to data/corpus_construction/enhance_images/results/ojo/configurations.txt
2026-08-05 16:37:04,115 [INFO] src.corpus_construction.enhance_images.pipeline: Found 10 image(s) under data/corpus_construction/enhance_images/ojo
2026-08-05 16:37:04,147 [INFO] src.corpus_construction.enhance_images.pipeline: [ojo_2016-03-07_22.jpg] Config 1/54 | contrast=none | denoising=none | sharpening=none
2026-08-05 16:37:04,155 [INFO] src.corpus_construction.enhance_images.pipeline: [ojo_2016-03-07_22.jpg] Config 0 finished in 0.008s
2026-08-05 16:37:04,155 [INFO] src.corpus_construction.enhance_images.pipeline: [ojo_2016-03-07_22.jpg] Config 2/54 | contrast=none | denoising=none | sharpening=unsharp_masking
2026-08-05 16:37:04,170 [INFO] src.corpus_construction.enhance_images.pipeline: [ojo_2016-03-07_22.jpg] Config 1 finished in 0.015s
2026-08-05 16:37:04,170 [INFO] src.corpus_construction.enhance_images.pipeline: [ojo_2016-03-07_22.jpg] Config 3/54 | contrast=none | denoising=none | sharpening=stroke_width_enhancement
2026-08-05 16:37:04,186 [INFO] src.corpus_construction.enhance_images.pipeline: [ojo_2016-03-07_22.jpg] Config 2 finished in 0.016s
2026-08-05 16:37:04,186 [INFO] src.corpus_construction.enhance_images.pipeline: [ojo_2016-03-07_22.jpg] Config 4/54 | contrast=none | denoising=mean_filter | sharpening=none
2026-08-05 16:37:04,192 [INFO] src.corpus_construction.enhance_images.pipeline: [ojo_2016-03-07_22.jpg] Config 3 finished in 0.006s
2026-08-05 16:37:04,192 [INFO] src.corpus_construction.enhance_images.pipeline: [ojo_2016-03-07_22.jpg] Config 5/54 | contrast=none | denoising=mean_filter | sharpening=unsharp_masking
2026-08-05 16:37:04,205 [INFO] src.corpus_construction.enhance_images.pipeline: [ojo_2016-03-07_22.jpg] Config 4 finished in 0.012s
2026-08-05 16:37:04,205 [INFO] src.corpus_construction.enhance_images.pipeline: [ojo_2016-03-07_22.jpg] Config 6/54 | contrast=none | denoising=mean_filter | sharpening=stroke_width_enhancement
2026-08-05 16:37:04,219 [INFO] src.corpus_construction.enhance_images.pipeline: [ojo_2016-03-07_22.jpg] Config 5 finished in 0.015s
2026-08-05 16:37:04,219 [INFO] src.corpus_construction.enhance_images.pipeline: [ojo_2016-03-07_22.jpg] Config 7/54 | contrast=none | denoising=gaussian_filter | sharpening=none
2026-08-05 16:37:04,227 [INFO] src.corpus_construction.enhance_images.pipeline: [ojo_2016-03-07_22.jpg] Config 6 finished in 0.008s
2026-08-05 16:37:04,227 [INFO] src.corpus_construction.enhance_images.pipeline: [ojo_2016-03-07_22.jpg] Config 8/54 | contrast=none | denoising=gaussian_filter | sharpening=unsharp_masking
2026-08-05 16:37:04,243 [INFO] src.corpus_construction.enhance_images.pipeline: [ojo_2016-03-07_22.jpg] Config 7 finished in 0.016s
2026-08-05 16:37:04,243 [INFO] src.corpus_construction.enhance_images.pipeline: [ojo_2016-03-07_22.jpg] Config 9/54 | contrast=none | denoising=gaussian_filter | sharpening=stroke_width_enhancement
2026-08-05 16:37:04,259 [INFO] src.corpus_construction.enhance_images.pipeline: [ojo_2016-03-07_22.jpg] Config 8 finished in 0.016s
2026-08-05 16:37:04,259 [INFO] src.corpus_construction.enhance_images.pipeline: [ojo_2016-03-07_22.jpg] Config 10/54 | contrast=none | denoising=median_filter | sharpening=none
2026-08-05 16:37:04,264 [INFO] src.corpus_construction.enhance_images.pipeline: [ojo_2016-03-07_22.jpg] Config 9 finished in 0.005s
2026-08-05 16:37:04,264 [INFO] src.corpus_construction.enhance_images.pipeline: [ojo_2016-03-07_22.jpg] Config 11/54 | contrast=none | denoising=median_filter | sharpening=unsharp_masking
2026-08-05 16:37:04,277 [INFO] src.corpus_construction.enhance_images.pipeline: [ojo_2016-03-07_22.jpg] Config 10 finished in 0.013s
2026-08-05 16:37:04,277 [INFO] src.corpus_construction.enhance_images.pipeline: [ojo_2016-03-07_22.jpg] Config 12/54 | contrast=none | denoising=median_filter | sharpening=stroke_width_enhancement
2026-08-05 16:37:04,290 [INFO] src.corpus_construction.enhance_images.pipeline: [ojo_2016-03-07_22.jpg] Config 11 finished in 0.012s
2026-08-05 16:37:04,290 [INFO] src.corpus_construction.enhance_images.pipeline: [ojo_2016-03-07_22.jpg] Config 13/54 | contrast=none | denoising=conservative_filter | sharpening=none
2026-08-05 16:37:40,696 [INFO] src.corpus_construction.enhance_images.pipeline: [ojo_2016-03-07_22.jpg] Config 12 finished in 36.406s
2026-08-05 16:37:40,696 [INFO] src.corpus_construction.enhance_images.pipeline: [ojo_2016-03-07_22.jpg] Config 14/54 | contrast=none | denoising=conservative_filter | sharpening=unsharp_masking
2026-08-05 16:38:17,737 [INFO] src.corpus_construction.enhance_images.pipeline: [ojo_2016-03-07_22.jpg] Config 13 finished in 37.041s
2026-08-05 16:38:17,738 [INFO] src.corpus_construction.enhance_images.pipeline: [ojo_2016-03-07_22.jpg] Config 15/54 | contrast=none | denoising=conservative_filter | sharpening=stroke_width_enhancement
2026-08-05 16:38:54,628 [INFO] src.corpus_construction.enhance_images.pipeline: [ojo_2016-03-07_22.jpg] Config 14 finished in 36.890s
2026-08-05 16:38:54,629 [INFO] src.corpus_construction.enhance_images.pipeline: [ojo_2016-03-07_22.jpg] Config 16/54 | contrast=none | denoising=laplacian_filter | sharpening=none
2026-08-05 16:38:54,639 [INFO] src.corpus_construction.enhance_images.pipeline: [ojo_2016-03-07_22.jpg] Config 15 finished in 0.010s
2026-08-05 16:38:54,639 [INFO] src.corpus_construction.enhance_images.pipeline: [ojo_2016-03-07_22.jpg] Config 17/54 | contrast=none | denoising=laplacian_filter | sharpening=unsharp_masking
2026-08-05 16:38:54,654 [INFO] src.corpus_construction.enhance_images.pipeline: [ojo_2016-03-07_22.jpg] Config 16 finished in 0.015s
2026-08-05 16:38:54,654 [INFO] src.corpus_construction.enhance_images.pipeline: [ojo_2016-03-07_22.jpg] Config 18/54 | contrast=none | denoising=laplacian_filter | sharpening=stroke_width_enhancement
2026-08-05 16:38:54,672 [INFO] src.corpus_construction.enhance_images.pipeline: [ojo_2016-03-07_22.jpg] Config 17 finished in 0.018s
2026-08-05 16:38:54,672 [INFO] src.corpus_construction.enhance_images.pipeline: [ojo_2016-03-07_22.jpg] Config 19/54 | contrast=none | denoising=frequency_filter | sharpening=none
2026-08-05 16:38:54,835 [INFO] src.corpus_construction.enhance_images.pipeline: [ojo_2016-03-07_22.jpg] Config 18 finished in 0.163s
2026-08-05 16:38:54,836 [INFO] src.corpus_construction.enhance_images.pipeline: [ojo_2016-03-07_22.jpg] Config 20/54 | contrast=none | denoising=frequency_filter | sharpening=unsharp_masking
2026-08-05 16:38:54,991 [INFO] src.corpus_construction.enhance_images.pipeline: [ojo_2016-03-07_22.jpg] Config 19 finished in 0.156s
2026-08-05 16:38:54,991 [INFO] src.corpus_construction.enhance_images.pipeline: [ojo_2016-03-07_22.jpg] Config 21/54 | contrast=none | denoising=frequency_filter | sharpening=stroke_width_enhancement
2026-08-05 16:38:55,155 [INFO] src.corpus_construction.enhance_images.pipeline: [ojo_2016-03-07_22.jpg] Config 20 finished in 0.163s
2026-08-05 16:38:55,155 [INFO] src.corpus_construction.enhance_images.pipeline: [ojo_2016-03-07_22.jpg] Config 22/54 | contrast=none | denoising=crimmins_speckle_removal | sharpening=none
2026-08-05 16:40:44,574 [INFO] src.corpus_construction.enhance_images.pipeline: [ojo_2016-03-07_22.jpg] Config 21 finished in 109.418s
2026-08-05 16:40:44,574 [INFO] src.corpus_construction.enhance_images.pipeline: [ojo_2016-03-07_22.jpg] Config 23/54 | contrast=none | denoising=crimmins_speckle_removal | sharpening=unsharp_masking
2026-08-05 16:42:33,715 [INFO] src.corpus_construction.enhance_images.pipeline: [ojo_2016-03-07_22.jpg] Config 22 finished in 109.141s
2026-08-05 16:42:33,716 [INFO] src.corpus_construction.enhance_images.pipeline: [ojo_2016-03-07_22.jpg] Config 24/54 | contrast=none | denoising=crimmins_speckle_removal | sharpening=stroke_width_enhancement
2026-08-05 16:44:22,642 [INFO] src.corpus_construction.enhance_images.pipeline: [ojo_2016-03-07_22.jpg] Config 23 finished in 108.925s
2026-08-05 16:44:22,642 [INFO] src.corpus_construction.enhance_images.pipeline: [ojo_2016-03-07_22.jpg] Config 25/54 | contrast=none | denoising=unsharp_filter | sharpening=none
2026-08-05 16:44:22,717 [INFO] src.corpus_construction.enhance_images.pipeline: [ojo_2016-03-07_22.jpg] Config 24 finished in 0.075s
2026-08-05 16:44:22,717 [INFO] src.corpus_construction.enhance_images.pipeline: [ojo_2016-03-07_22.jpg] Config 26/54 | contrast=none | denoising=unsharp_filter | sharpening=unsharp_masking
2026-08-05 16:44:22,797 [INFO] src.corpus_construction.enhance_images.pipeline: [ojo_2016-03-07_22.jpg] Config 25 finished in 0.080s
2026-08-05 16:44:22,797 [INFO] src.corpus_construction.enhance_images.pipeline: [ojo_2016-03-07_22.jpg] Config 27/54 | contrast=none | denoising=unsharp_filter | sharpening=stroke_width_enhancement
2026-08-05 16:44:22,877 [INFO] src.corpus_construction.enhance_images.pipeline: [ojo_2016-03-07_22.jpg] Config 26 finished in 0.080s
2026-08-05 16:44:22,878 [INFO] src.corpus_construction.enhance_images.pipeline: [ojo_2016-03-07_22.jpg] Config 28/54 | contrast=clahe | denoising=none | sharpening=none
2026-08-05 16:44:23,050 [INFO] src.corpus_construction.enhance_images.pipeline: [ojo_2016-03-07_22.jpg] Config 27 finished in 0.172s
2026-08-05 16:44:23,050 [INFO] src.corpus_construction.enhance_images.pipeline: [ojo_2016-03-07_22.jpg] Config 29/54 | contrast=clahe | denoising=none | sharpening=unsharp_masking
2026-08-05 16:44:23,111 [INFO] src.corpus_construction.enhance_images.pipeline: [ojo_2016-03-07_22.jpg] Config 28 finished in 0.062s
2026-08-05 16:44:23,112 [INFO] src.corpus_construction.enhance_images.pipeline: [ojo_2016-03-07_22.jpg] Config 30/54 | contrast=clahe | denoising=none | sharpening=stroke_width_enhancement
2026-08-05 16:44:23,176 [INFO] src.corpus_construction.enhance_images.pipeline: [ojo_2016-03-07_22.jpg] Config 29 finished in 0.065s
2026-08-05 16:44:23,177 [INFO] src.corpus_construction.enhance_images.pipeline: [ojo_2016-03-07_22.jpg] Config 31/54 | contrast=clahe | denoising=mean_filter | sharpening=none
2026-08-05 16:44:23,229 [INFO] src.corpus_construction.enhance_images.pipeline: [ojo_2016-03-07_22.jpg] Config 30 finished in 0.053s
2026-08-05 16:44:23,229 [INFO] src.corpus_construction.enhance_images.pipeline: [ojo_2016-03-07_22.jpg] Config 32/54 | contrast=clahe | denoising=mean_filter | sharpening=unsharp_masking
2026-08-05 16:44:23,295 [INFO] src.corpus_construction.enhance_images.pipeline: [ojo_2016-03-07_22.jpg] Config 31 finished in 0.065s
2026-08-05 16:44:23,295 [INFO] src.corpus_construction.enhance_images.pipeline: [ojo_2016-03-07_22.jpg] Config 33/54 | contrast=clahe | denoising=mean_filter | sharpening=stroke_width_enhancement
2026-08-05 16:44:23,364 [INFO] src.corpus_construction.enhance_images.pipeline: [ojo_2016-03-07_22.jpg] Config 32 finished in 0.069s
2026-08-05 16:44:23,364 [INFO] src.corpus_construction.enhance_images.pipeline: [ojo_2016-03-07_22.jpg] Config 34/54 | contrast=clahe | denoising=gaussian_filter | sharpening=none
2026-08-05 16:44:23,419 [INFO] src.corpus_construction.enhance_images.pipeline: [ojo_2016-03-07_22.jpg] Config 33 finished in 0.055s
2026-08-05 16:44:23,419 [INFO] src.corpus_construction.enhance_images.pipeline: [ojo_2016-03-07_22.jpg] Config 35/54 | contrast=clahe | denoising=gaussian_filter | sharpening=unsharp_masking
2026-08-05 16:44:23,482 [INFO] src.corpus_construction.enhance_images.pipeline: [ojo_2016-03-07_22.jpg] Config 34 finished in 0.063s
2026-08-05 16:44:23,482 [INFO] src.corpus_construction.enhance_images.pipeline: [ojo_2016-03-07_22.jpg] Config 36/54 | contrast=clahe | denoising=gaussian_filter | sharpening=stroke_width_enhancement
2026-08-05 16:44:23,548 [INFO] src.corpus_construction.enhance_images.pipeline: [ojo_2016-03-07_22.jpg] Config 35 finished in 0.066s
2026-08-05 16:44:23,548 [INFO] src.corpus_construction.enhance_images.pipeline: [ojo_2016-03-07_22.jpg] Config 37/54 | contrast=clahe | denoising=median_filter | sharpening=none
2026-08-05 16:44:23,603 [INFO] src.corpus_construction.enhance_images.pipeline: [ojo_2016-03-07_22.jpg] Config 36 finished in 0.055s
2026-08-05 16:44:23,603 [INFO] src.corpus_construction.enhance_images.pipeline: [ojo_2016-03-07_22.jpg] Config 38/54 | contrast=clahe | denoising=median_filter | sharpening=unsharp_masking
2026-08-05 16:44:23,666 [INFO] src.corpus_construction.enhance_images.pipeline: [ojo_2016-03-07_22.jpg] Config 37 finished in 0.062s
2026-08-05 16:44:23,666 [INFO] src.corpus_construction.enhance_images.pipeline: [ojo_2016-03-07_22.jpg] Config 39/54 | contrast=clahe | denoising=median_filter | sharpening=stroke_width_enhancement
2026-08-05 16:44:23,728 [INFO] src.corpus_construction.enhance_images.pipeline: [ojo_2016-03-07_22.jpg] Config 38 finished in 0.063s
2026-08-05 16:44:23,728 [INFO] src.corpus_construction.enhance_images.pipeline: [ojo_2016-03-07_22.jpg] Config 40/54 | contrast=clahe | denoising=conservative_filter | sharpening=none
2026-08-05 16:45:00,545 [INFO] src.corpus_construction.enhance_images.pipeline: [ojo_2016-03-07_22.jpg] Config 39 finished in 36.817s
2026-08-05 16:45:00,546 [INFO] src.corpus_construction.enhance_images.pipeline: [ojo_2016-03-07_22.jpg] Config 41/54 | contrast=clahe | denoising=conservative_filter | sharpening=unsharp_masking
2026-08-05 16:45:37,231 [INFO] src.corpus_construction.enhance_images.pipeline: [ojo_2016-03-07_22.jpg] Config 40 finished in 36.686s
2026-08-05 16:45:37,231 [INFO] src.corpus_construction.enhance_images.pipeline: [ojo_2016-03-07_22.jpg] Config 42/54 | contrast=clahe | denoising=conservative_filter | sharpening=stroke_width_enhancement
2026-08-05 16:46:13,906 [INFO] src.corpus_construction.enhance_images.pipeline: [ojo_2016-03-07_22.jpg] Config 41 finished in 36.674s
2026-08-05 16:46:13,906 [INFO] src.corpus_construction.enhance_images.pipeline: [ojo_2016-03-07_22.jpg] Config 43/54 | contrast=clahe | denoising=laplacian_filter | sharpening=none
2026-08-05 16:46:13,961 [INFO] src.corpus_construction.enhance_images.pipeline: [ojo_2016-03-07_22.jpg] Config 42 finished in 0.055s
2026-08-05 16:46:13,961 [INFO] src.corpus_construction.enhance_images.pipeline: [ojo_2016-03-07_22.jpg] Config 44/54 | contrast=clahe | denoising=laplacian_filter | sharpening=unsharp_masking
2026-08-05 16:46:14,021 [INFO] src.corpus_construction.enhance_images.pipeline: [ojo_2016-03-07_22.jpg] Config 43 finished in 0.060s
2026-08-05 16:46:14,021 [INFO] src.corpus_construction.enhance_images.pipeline: [ojo_2016-03-07_22.jpg] Config 45/54 | contrast=clahe | denoising=laplacian_filter | sharpening=stroke_width_enhancement
2026-08-05 16:46:14,084 [INFO] src.corpus_construction.enhance_images.pipeline: [ojo_2016-03-07_22.jpg] Config 44 finished in 0.063s
2026-08-05 16:46:14,084 [INFO] src.corpus_construction.enhance_images.pipeline: [ojo_2016-03-07_22.jpg] Config 46/54 | contrast=clahe | denoising=frequency_filter | sharpening=none
2026-08-05 16:46:14,284 [INFO] src.corpus_construction.enhance_images.pipeline: [ojo_2016-03-07_22.jpg] Config 45 finished in 0.199s
2026-08-05 16:46:14,284 [INFO] src.corpus_construction.enhance_images.pipeline: [ojo_2016-03-07_22.jpg] Config 47/54 | contrast=clahe | denoising=frequency_filter | sharpening=unsharp_masking
2026-08-05 16:46:14,484 [INFO] src.corpus_construction.enhance_images.pipeline: [ojo_2016-03-07_22.jpg] Config 46 finished in 0.200s
2026-08-05 16:46:14,484 [INFO] src.corpus_construction.enhance_images.pipeline: [ojo_2016-03-07_22.jpg] Config 48/54 | contrast=clahe | denoising=frequency_filter | sharpening=stroke_width_enhancement
2026-08-05 16:46:14,688 [INFO] src.corpus_construction.enhance_images.pipeline: [ojo_2016-03-07_22.jpg] Config 47 finished in 0.204s
2026-08-05 16:46:14,688 [INFO] src.corpus_construction.enhance_images.pipeline: [ojo_2016-03-07_22.jpg] Config 49/54 | contrast=clahe | denoising=crimmins_speckle_removal | sharpening=none
2026-08-05 16:48:03,936 [INFO] src.corpus_construction.enhance_images.pipeline: [ojo_2016-03-07_22.jpg] Config 48 finished in 109.248s
2026-08-05 16:48:03,937 [INFO] src.corpus_construction.enhance_images.pipeline: [ojo_2016-03-07_22.jpg] Config 50/54 | contrast=clahe | denoising=crimmins_speckle_removal | sharpening=unsharp_masking
2026-08-05 16:49:53,238 [INFO] src.corpus_construction.enhance_images.pipeline: [ojo_2016-03-07_22.jpg] Config 49 finished in 109.301s
2026-08-05 16:49:53,239 [INFO] src.corpus_construction.enhance_images.pipeline: [ojo_2016-03-07_22.jpg] Config 51/54 | contrast=clahe | denoising=crimmins_speckle_removal | sharpening=stroke_width_enhancement
2026-08-05 16:51:42,693 [INFO] src.corpus_construction.enhance_images.pipeline: [ojo_2016-03-07_22.jpg] Config 50 finished in 109.454s
2026-08-05 16:51:42,693 [INFO] src.corpus_construction.enhance_images.pipeline: [ojo_2016-03-07_22.jpg] Config 52/54 | contrast=clahe | denoising=unsharp_filter | sharpening=none
2026-08-05 16:51:42,816 [INFO] src.corpus_construction.enhance_images.pipeline: [ojo_2016-03-07_22.jpg] Config 51 finished in 0.122s
2026-08-05 16:51:42,816 [INFO] src.corpus_construction.enhance_images.pipeline: [ojo_2016-03-07_22.jpg] Config 53/54 | contrast=clahe | denoising=unsharp_filter | sharpening=unsharp_masking
2026-08-05 16:51:42,941 [INFO] src.corpus_construction.enhance_images.pipeline: [ojo_2016-03-07_22.jpg] Config 52 finished in 0.125s
2026-08-05 16:51:42,941 [INFO] src.corpus_construction.enhance_images.pipeline: [ojo_2016-03-07_22.jpg] Config 54/54 | contrast=clahe | denoising=unsharp_filter | sharpening=stroke_width_enhancement
2026-08-05 16:51:43,069 [INFO] src.corpus_construction.enhance_images.pipeline: [ojo_2016-03-07_22.jpg] Config 53 finished in 0.128s
2026-08-05 16:51:43,116 [INFO] src.corpus_construction.enhance_images.pipeline: Saved 54 metadata records to data/corpus_construction/enhance_images/results/ojo/enhance_images.parquet
2026-08-05 16:51:46,875 [INFO] src.corpus_construction.enhance_images.pipeline: [ojo_2018-12-24_21.jpg] Config 1/54 | contrast=none | denoising=none | sharpening=none
2026-08-05 16:51:46,880 [INFO] src.corpus_construction.enhance_images.pipeline: [ojo_2018-12-24_21.jpg] Config 0 finished in 0.005s
2026-08-05 16:51:46,880 [INFO] src.corpus_construction.enhance_images.pipeline: [ojo_2018-12-24_21.jpg] Config 2/54 | contrast=none | denoising=none | sharpening=unsharp_masking
2026-08-05 16:51:46,894 [INFO] src.corpus_construction.enhance_images.pipeline: [ojo_2018-12-24_21.jpg] Config 1 finished in 0.014s
2026-08-05 16:51:46,894 [INFO] src.corpus_construction.enhance_images.pipeline: [ojo_2018-12-24_21.jpg] Config 3/54 | contrast=none | denoising=none | sharpening=stroke_width_enhancement
2026-08-05 16:51:46,908 [INFO] src.corpus_construction.enhance_images.pipeline: [ojo_2018-12-24_21.jpg] Config 2 finished in 0.014s
2026-08-05 16:51:46,908 [INFO] src.corpus_construction.enhance_images.pipeline: [ojo_2018-12-24_21.jpg] Config 4/54 | contrast=none | denoising=mean_filter | sharpening=none
2026-08-05 16:51:46,914 [INFO] src.corpus_construction.enhance_images.pipeline: [ojo_2018-12-24_21.jpg] Config 3 finished in 0.006s
2026-08-05 16:51:46,914 [INFO] src.corpus_construction.enhance_images.pipeline: [ojo_2018-12-24_21.jpg] Config 5/54 | contrast=none | denoising=mean_filter | sharpening=unsharp_masking
2026-08-05 16:51:46,928 [INFO] src.corpus_construction.enhance_images.pipeline: [ojo_2018-12-24_21.jpg] Config 4 finished in 0.014s
2026-08-05 16:51:46,928 [INFO] src.corpus_construction.enhance_images.pipeline: [ojo_2018-12-24_21.jpg] Config 6/54 | contrast=none | denoising=mean_filter | sharpening=stroke_width_enhancement
2026-08-05 16:51:46,942 [INFO] src.corpus_construction.enhance_images.pipeline: [ojo_2018-12-24_21.jpg] Config 5 finished in 0.013s
2026-08-05 16:51:46,942 [INFO] src.corpus_construction.enhance_images.pipeline: [ojo_2018-12-24_21.jpg] Config 7/54 | contrast=none | denoising=gaussian_filter | sharpening=none
2026-08-05 16:51:46,950 [INFO] src.corpus_construction.enhance_images.pipeline: [ojo_2018-12-24_21.jpg] Config 6 finished in 0.008s
2026-08-05 16:51:46,950 [INFO] src.corpus_construction.enhance_images.pipeline: [ojo_2018-12-24_21.jpg] Config 8/54 | contrast=none | denoising=gaussian_filter | sharpening=unsharp_masking
2026-08-05 16:51:46,966 [INFO] src.corpus_construction.enhance_images.pipeline: [ojo_2018-12-24_21.jpg] Config 7 finished in 0.016s
2026-08-05 16:51:46,966 [INFO] src.corpus_construction.enhance_images.pipeline: [ojo_2018-12-24_21.jpg] Config 9/54 | contrast=none | denoising=gaussian_filter | sharpening=stroke_width_enhancement
2026-08-05 16:51:46,981 [INFO] src.corpus_construction.enhance_images.pipeline: [ojo_2018-12-24_21.jpg] Config 8 finished in 0.015s
2026-08-05 16:51:46,981 [INFO] src.corpus_construction.enhance_images.pipeline: [ojo_2018-12-24_21.jpg] Config 10/54 | contrast=none | denoising=median_filter | sharpening=none
2026-08-05 16:51:46,986 [INFO] src.corpus_construction.enhance_images.pipeline: [ojo_2018-12-24_21.jpg] Config 9 finished in 0.005s
2026-08-05 16:51:46,986 [INFO] src.corpus_construction.enhance_images.pipeline: [ojo_2018-12-24_21.jpg] Config 11/54 | contrast=none | denoising=median_filter | sharpening=unsharp_masking
2026-08-05 16:51:46,999 [INFO] src.corpus_construction.enhance_images.pipeline: [ojo_2018-12-24_21.jpg] Config 10 finished in 0.013s
2026-08-05 16:51:46,999 [INFO] src.corpus_construction.enhance_images.pipeline: [ojo_2018-12-24_21.jpg] Config 12/54 | contrast=none | denoising=median_filter | sharpening=stroke_width_enhancement
2026-08-05 16:51:47,011 [INFO] src.corpus_construction.enhance_images.pipeline: [ojo_2018-12-24_21.jpg] Config 11 finished in 0.011s
2026-08-05 16:51:47,011 [INFO] src.corpus_construction.enhance_images.pipeline: [ojo_2018-12-24_21.jpg] Config 13/54 | contrast=none | denoising=conservative_filter | sharpening=none
2026-08-05 16:52:21,489 [INFO] src.corpus_construction.enhance_images.pipeline: [ojo_2018-12-24_21.jpg] Config 12 finished in 34.478s
2026-08-05 16:52:21,489 [INFO] src.corpus_construction.enhance_images.pipeline: [ojo_2018-12-24_21.jpg] Config 14/54 | contrast=none | denoising=conservative_filter | sharpening=unsharp_masking
2026-08-05 16:52:56,094 [INFO] src.corpus_construction.enhance_images.pipeline: [ojo_2018-12-24_21.jpg] Config 13 finished in 34.605s
2026-08-05 16:52:56,094 [INFO] src.corpus_construction.enhance_images.pipeline: [ojo_2018-12-24_21.jpg] Config 15/54 | contrast=none | denoising=conservative_filter | sharpening=stroke_width_enhancement
2026-08-05 16:53:30,770 [INFO] src.corpus_construction.enhance_images.pipeline: [ojo_2018-12-24_21.jpg] Config 14 finished in 34.676s
2026-08-05 16:53:30,770 [INFO] src.corpus_construction.enhance_images.pipeline: [ojo_2018-12-24_21.jpg] Config 16/54 | contrast=none | denoising=laplacian_filter | sharpening=none
2026-08-05 16:53:30,780 [INFO] src.corpus_construction.enhance_images.pipeline: [ojo_2018-12-24_21.jpg] Config 15 finished in 0.009s
2026-08-05 16:53:30,780 [INFO] src.corpus_construction.enhance_images.pipeline: [ojo_2018-12-24_21.jpg] Config 17/54 | contrast=none | denoising=laplacian_filter | sharpening=unsharp_masking
2026-08-05 16:53:30,796 [INFO] src.corpus_construction.enhance_images.pipeline: [ojo_2018-12-24_21.jpg] Config 16 finished in 0.016s
2026-08-05 16:53:30,796 [INFO] src.corpus_construction.enhance_images.pipeline: [ojo_2018-12-24_21.jpg] Config 18/54 | contrast=none | denoising=laplacian_filter | sharpening=stroke_width_enhancement
2026-08-05 16:53:30,815 [INFO] src.corpus_construction.enhance_images.pipeline: [ojo_2018-12-24_21.jpg] Config 17 finished in 0.018s
2026-08-05 16:53:30,815 [INFO] src.corpus_construction.enhance_images.pipeline: [ojo_2018-12-24_21.jpg] Config 19/54 | contrast=none | denoising=frequency_filter | sharpening=none
2026-08-05 16:53:31,353 [INFO] src.corpus_construction.enhance_images.pipeline: [ojo_2018-12-24_21.jpg] Config 18 finished in 0.538s
2026-08-05 16:53:31,354 [INFO] src.corpus_construction.enhance_images.pipeline: [ojo_2018-12-24_21.jpg] Config 20/54 | contrast=none | denoising=frequency_filter | sharpening=unsharp_masking
2026-08-05 16:53:31,881 [INFO] src.corpus_construction.enhance_images.pipeline: [ojo_2018-12-24_21.jpg] Config 19 finished in 0.527s
2026-08-05 16:53:31,881 [INFO] src.corpus_construction.enhance_images.pipeline: [ojo_2018-12-24_21.jpg] Config 21/54 | contrast=none | denoising=frequency_filter | sharpening=stroke_width_enhancement
2026-08-05 16:53:32,431 [INFO] src.corpus_construction.enhance_images.pipeline: [ojo_2018-12-24_21.jpg] Config 20 finished in 0.550s
2026-08-05 16:53:32,431 [INFO] src.corpus_construction.enhance_images.pipeline: [ojo_2018-12-24_21.jpg] Config 22/54 | contrast=none | denoising=crimmins_speckle_removal | sharpening=none
2026-08-05 16:55:14,675 [INFO] src.corpus_construction.enhance_images.pipeline: [ojo_2018-12-24_21.jpg] Config 21 finished in 102.244s
2026-08-05 16:55:14,676 [INFO] src.corpus_construction.enhance_images.pipeline: [ojo_2018-12-24_21.jpg] Config 23/54 | contrast=none | denoising=crimmins_speckle_removal | sharpening=unsharp_masking
2026-08-05 16:56:58,654 [INFO] src.corpus_construction.enhance_images.pipeline: [ojo_2018-12-24_21.jpg] Config 22 finished in 103.978s
2026-08-05 16:56:58,654 [INFO] src.corpus_construction.enhance_images.pipeline: [ojo_2018-12-24_21.jpg] Config 24/54 | contrast=none | denoising=crimmins_speckle_removal | sharpening=stroke_width_enhancement
2026-08-05 16:58:49,510 [INFO] src.corpus_construction.enhance_images.pipeline: [ojo_2018-12-24_21.jpg] Config 23 finished in 110.855s
2026-08-05 16:58:49,510 [INFO] src.corpus_construction.enhance_images.pipeline: [ojo_2018-12-24_21.jpg] Config 25/54 | contrast=none | denoising=unsharp_filter | sharpening=none
2026-08-05 16:58:49,585 [INFO] src.corpus_construction.enhance_images.pipeline: [ojo_2018-12-24_21.jpg] Config 24 finished in 0.075s
2026-08-05 16:58:49,585 [INFO] src.corpus_construction.enhance_images.pipeline: [ojo_2018-12-24_21.jpg] Config 26/54 | contrast=none | denoising=unsharp_filter | sharpening=unsharp_masking
2026-08-05 16:58:49,667 [INFO] src.corpus_construction.enhance_images.pipeline: [ojo_2018-12-24_21.jpg] Config 25 finished in 0.082s
2026-08-05 16:58:49,667 [INFO] src.corpus_construction.enhance_images.pipeline: [ojo_2018-12-24_21.jpg] Config 27/54 | contrast=none | denoising=unsharp_filter | sharpening=stroke_width_enhancement
2026-08-05 16:58:49,752 [INFO] src.corpus_construction.enhance_images.pipeline: [ojo_2018-12-24_21.jpg] Config 26 finished in 0.085s
2026-08-05 16:58:49,752 [INFO] src.corpus_construction.enhance_images.pipeline: [ojo_2018-12-24_21.jpg] Config 28/54 | contrast=clahe | denoising=none | sharpening=none
2026-08-05 16:58:49,807 [INFO] src.corpus_construction.enhance_images.pipeline: [ojo_2018-12-24_21.jpg] Config 27 finished in 0.055s
2026-08-05 16:58:49,807 [INFO] src.corpus_construction.enhance_images.pipeline: [ojo_2018-12-24_21.jpg] Config 29/54 | contrast=clahe | denoising=none | sharpening=unsharp_masking
2026-08-05 16:58:49,872 [INFO] src.corpus_construction.enhance_images.pipeline: [ojo_2018-12-24_21.jpg] Config 28 finished in 0.065s
2026-08-05 16:58:49,872 [INFO] src.corpus_construction.enhance_images.pipeline: [ojo_2018-12-24_21.jpg] Config 30/54 | contrast=clahe | denoising=none | sharpening=stroke_width_enhancement
2026-08-05 16:58:49,934 [INFO] src.corpus_construction.enhance_images.pipeline: [ojo_2018-12-24_21.jpg] Config 29 finished in 0.061s
2026-08-05 16:58:49,934 [INFO] src.corpus_construction.enhance_images.pipeline: [ojo_2018-12-24_21.jpg] Config 31/54 | contrast=clahe | denoising=mean_filter | sharpening=none
2026-08-05 16:58:49,988 [INFO] src.corpus_construction.enhance_images.pipeline: [ojo_2018-12-24_21.jpg] Config 30 finished in 0.054s
2026-08-05 16:58:49,988 [INFO] src.corpus_construction.enhance_images.pipeline: [ojo_2018-12-24_21.jpg] Config 32/54 | contrast=clahe | denoising=mean_filter | sharpening=unsharp_masking
2026-08-05 16:58:50,050 [INFO] src.corpus_construction.enhance_images.pipeline: [ojo_2018-12-24_21.jpg] Config 31 finished in 0.061s
2026-08-05 16:58:50,050 [INFO] src.corpus_construction.enhance_images.pipeline: [ojo_2018-12-24_21.jpg] Config 33/54 | contrast=clahe | denoising=mean_filter | sharpening=stroke_width_enhancement
2026-08-05 16:58:50,110 [INFO] src.corpus_construction.enhance_images.pipeline: [ojo_2018-12-24_21.jpg] Config 32 finished in 0.060s
2026-08-05 16:58:50,110 [INFO] src.corpus_construction.enhance_images.pipeline: [ojo_2018-12-24_21.jpg] Config 34/54 | contrast=clahe | denoising=gaussian_filter | sharpening=none
2026-08-05 16:58:50,171 [INFO] src.corpus_construction.enhance_images.pipeline: [ojo_2018-12-24_21.jpg] Config 33 finished in 0.060s
2026-08-05 16:58:50,171 [INFO] src.corpus_construction.enhance_images.pipeline: [ojo_2018-12-24_21.jpg] Config 35/54 | contrast=clahe | denoising=gaussian_filter | sharpening=unsharp_masking
2026-08-05 16:58:50,240 [INFO] src.corpus_construction.enhance_images.pipeline: [ojo_2018-12-24_21.jpg] Config 34 finished in 0.069s
2026-08-05 16:58:50,240 [INFO] src.corpus_construction.enhance_images.pipeline: [ojo_2018-12-24_21.jpg] Config 36/54 | contrast=clahe | denoising=gaussian_filter | sharpening=stroke_width_enhancement
2026-08-05 16:58:50,309 [INFO] src.corpus_construction.enhance_images.pipeline: [ojo_2018-12-24_21.jpg] Config 35 finished in 0.069s
2026-08-05 16:58:50,309 [INFO] src.corpus_construction.enhance_images.pipeline: [ojo_2018-12-24_21.jpg] Config 37/54 | contrast=clahe | denoising=median_filter | sharpening=none
2026-08-05 16:58:50,363 [INFO] src.corpus_construction.enhance_images.pipeline: [ojo_2018-12-24_21.jpg] Config 36 finished in 0.054s
2026-08-05 16:58:50,363 [INFO] src.corpus_construction.enhance_images.pipeline: [ojo_2018-12-24_21.jpg] Config 38/54 | contrast=clahe | denoising=median_filter | sharpening=unsharp_masking
2026-08-05 16:58:50,424 [INFO] src.corpus_construction.enhance_images.pipeline: [ojo_2018-12-24_21.jpg] Config 37 finished in 0.060s
2026-08-05 16:58:50,424 [INFO] src.corpus_construction.enhance_images.pipeline: [ojo_2018-12-24_21.jpg] Config 39/54 | contrast=clahe | denoising=median_filter | sharpening=stroke_width_enhancement
2026-08-05 16:58:50,487 [INFO] src.corpus_construction.enhance_images.pipeline: [ojo_2018-12-24_21.jpg] Config 38 finished in 0.063s
2026-08-05 16:58:50,487 [INFO] src.corpus_construction.enhance_images.pipeline: [ojo_2018-12-24_21.jpg] Config 40/54 | contrast=clahe | denoising=conservative_filter | sharpening=none
2026-08-05 16:59:26,004 [INFO] src.corpus_construction.enhance_images.pipeline: [ojo_2018-12-24_21.jpg] Config 39 finished in 35.517s
2026-08-05 16:59:26,004 [INFO] src.corpus_construction.enhance_images.pipeline: [ojo_2018-12-24_21.jpg] Config 41/54 | contrast=clahe | denoising=conservative_filter | sharpening=unsharp_masking
2026-08-05 17:00:00,250 [INFO] src.corpus_construction.enhance_images.pipeline: [ojo_2018-12-24_21.jpg] Config 40 finished in 34.245s
2026-08-05 17:00:00,250 [INFO] src.corpus_construction.enhance_images.pipeline: [ojo_2018-12-24_21.jpg] Config 42/54 | contrast=clahe | denoising=conservative_filter | sharpening=stroke_width_enhancement
2026-08-05 17:00:34,905 [INFO] src.corpus_construction.enhance_images.pipeline: [ojo_2018-12-24_21.jpg] Config 41 finished in 34.655s
2026-08-05 17:00:34,905 [INFO] src.corpus_construction.enhance_images.pipeline: [ojo_2018-12-24_21.jpg] Config 43/54 | contrast=clahe | denoising=laplacian_filter | sharpening=none
2026-08-05 17:00:34,959 [INFO] src.corpus_construction.enhance_images.pipeline: [ojo_2018-12-24_21.jpg] Config 42 finished in 0.054s
2026-08-05 17:00:34,959 [INFO] src.corpus_construction.enhance_images.pipeline: [ojo_2018-12-24_21.jpg] Config 44/54 | contrast=clahe | denoising=laplacian_filter | sharpening=unsharp_masking
2026-08-05 17:00:35,017 [INFO] src.corpus_construction.enhance_images.pipeline: [ojo_2018-12-24_21.jpg] Config 43 finished in 0.058s
2026-08-05 17:00:35,017 [INFO] src.corpus_construction.enhance_images.pipeline: [ojo_2018-12-24_21.jpg] Config 45/54 | contrast=clahe | denoising=laplacian_filter | sharpening=stroke_width_enhancement
2026-08-05 17:00:35,078 [INFO] src.corpus_construction.enhance_images.pipeline: [ojo_2018-12-24_21.jpg] Config 44 finished in 0.060s
2026-08-05 17:00:35,078 [INFO] src.corpus_construction.enhance_images.pipeline: [ojo_2018-12-24_21.jpg] Config 46/54 | contrast=clahe | denoising=frequency_filter | sharpening=none
2026-08-05 17:00:35,644 [INFO] src.corpus_construction.enhance_images.pipeline: [ojo_2018-12-24_21.jpg] Config 45 finished in 0.566s
2026-08-05 17:00:35,644 [INFO] src.corpus_construction.enhance_images.pipeline: [ojo_2018-12-24_21.jpg] Config 47/54 | contrast=clahe | denoising=frequency_filter | sharpening=unsharp_masking
2026-08-05 17:00:36,209 [INFO] src.corpus_construction.enhance_images.pipeline: [ojo_2018-12-24_21.jpg] Config 46 finished in 0.565s
2026-08-05 17:00:36,209 [INFO] src.corpus_construction.enhance_images.pipeline: [ojo_2018-12-24_21.jpg] Config 48/54 | contrast=clahe | denoising=frequency_filter | sharpening=stroke_width_enhancement
2026-08-05 17:00:36,797 [INFO] src.corpus_construction.enhance_images.pipeline: [ojo_2018-12-24_21.jpg] Config 47 finished in 0.587s
2026-08-05 17:00:36,797 [INFO] src.corpus_construction.enhance_images.pipeline: [ojo_2018-12-24_21.jpg] Config 49/54 | contrast=clahe | denoising=crimmins_speckle_removal | sharpening=none
2026-08-05 17:02:17,902 [INFO] src.corpus_construction.enhance_images.pipeline: [ojo_2018-12-24_21.jpg] Config 48 finished in 101.105s
2026-08-05 17:02:17,903 [INFO] src.corpus_construction.enhance_images.pipeline: [ojo_2018-12-24_21.jpg] Config 50/54 | contrast=clahe | denoising=crimmins_speckle_removal | sharpening=unsharp_masking
2026-08-05 17:03:58,868 [INFO] src.corpus_construction.enhance_images.pipeline: [ojo_2018-12-24_21.jpg] Config 49 finished in 100.966s
2026-08-05 17:03:58,869 [INFO] src.corpus_construction.enhance_images.pipeline: [ojo_2018-12-24_21.jpg] Config 51/54 | contrast=clahe | denoising=crimmins_speckle_removal | sharpening=stroke_width_enhancement
