2026-08-05 16:37:33,636 [INFO] src.corpus_construction.enhance_images.pipeline: Saved 54 configurations to data/corpus_construction/enhance_images/results/publimetro/configurations.txt
2026-08-05 16:37:33,637 [INFO] src.corpus_construction.enhance_images.pipeline: Found 10 image(s) under data/corpus_construction/enhance_images/publimetro
2026-08-05 16:37:33,685 [INFO] src.corpus_construction.enhance_images.pipeline: [publimetro_2013-08-14_12.jpg] Config 1/54 | contrast=none | denoising=none | sharpening=none
2026-08-05 16:37:33,692 [INFO] src.corpus_construction.enhance_images.pipeline: [publimetro_2013-08-14_12.jpg] Config 0 finished in 0.008s
2026-08-05 16:37:33,692 [INFO] src.corpus_construction.enhance_images.pipeline: [publimetro_2013-08-14_12.jpg] Config 2/54 | contrast=none | denoising=none | sharpening=unsharp_masking
2026-08-05 16:37:33,707 [INFO] src.corpus_construction.enhance_images.pipeline: [publimetro_2013-08-14_12.jpg] Config 1 finished in 0.014s
2026-08-05 16:37:33,707 [INFO] src.corpus_construction.enhance_images.pipeline: [publimetro_2013-08-14_12.jpg] Config 3/54 | contrast=none | denoising=none | sharpening=stroke_width_enhancement
2026-08-05 16:37:33,723 [INFO] src.corpus_construction.enhance_images.pipeline: [publimetro_2013-08-14_12.jpg] Config 2 finished in 0.017s
2026-08-05 16:37:33,724 [INFO] src.corpus_construction.enhance_images.pipeline: [publimetro_2013-08-14_12.jpg] Config 4/54 | contrast=none | denoising=mean_filter | sharpening=none
2026-08-05 16:37:33,729 [INFO] src.corpus_construction.enhance_images.pipeline: [publimetro_2013-08-14_12.jpg] Config 3 finished in 0.006s
2026-08-05 16:37:33,730 [INFO] src.corpus_construction.enhance_images.pipeline: [publimetro_2013-08-14_12.jpg] Config 5/54 | contrast=none | denoising=mean_filter | sharpening=unsharp_masking
2026-08-05 16:37:33,742 [INFO] src.corpus_construction.enhance_images.pipeline: [publimetro_2013-08-14_12.jpg] Config 4 finished in 0.012s
2026-08-05 16:37:33,742 [INFO] src.corpus_construction.enhance_images.pipeline: [publimetro_2013-08-14_12.jpg] Config 6/54 | contrast=none | denoising=mean_filter | sharpening=stroke_width_enhancement
2026-08-05 16:37:33,757 [INFO] src.corpus_construction.enhance_images.pipeline: [publimetro_2013-08-14_12.jpg] Config 5 finished in 0.014s
2026-08-05 16:37:33,757 [INFO] src.corpus_construction.enhance_images.pipeline: [publimetro_2013-08-14_12.jpg] Config 7/54 | contrast=none | denoising=gaussian_filter | sharpening=none
2026-08-05 16:37:33,765 [INFO] src.corpus_construction.enhance_images.pipeline: [publimetro_2013-08-14_12.jpg] Config 6 finished in 0.008s
2026-08-05 16:37:33,765 [INFO] src.corpus_construction.enhance_images.pipeline: [publimetro_2013-08-14_12.jpg] Config 8/54 | contrast=none | denoising=gaussian_filter | sharpening=unsharp_masking
2026-08-05 16:37:33,781 [INFO] src.corpus_construction.enhance_images.pipeline: [publimetro_2013-08-14_12.jpg] Config 7 finished in 0.016s
2026-08-05 16:37:33,781 [INFO] src.corpus_construction.enhance_images.pipeline: [publimetro_2013-08-14_12.jpg] Config 9/54 | contrast=none | denoising=gaussian_filter | sharpening=stroke_width_enhancement
2026-08-05 16:37:33,797 [INFO] src.corpus_construction.enhance_images.pipeline: [publimetro_2013-08-14_12.jpg] Config 8 finished in 0.016s
2026-08-05 16:37:33,797 [INFO] src.corpus_construction.enhance_images.pipeline: [publimetro_2013-08-14_12.jpg] Config 10/54 | contrast=none | denoising=median_filter | sharpening=none
2026-08-05 16:37:33,802 [INFO] src.corpus_construction.enhance_images.pipeline: [publimetro_2013-08-14_12.jpg] Config 9 finished in 0.005s
2026-08-05 16:37:33,802 [INFO] src.corpus_construction.enhance_images.pipeline: [publimetro_2013-08-14_12.jpg] Config 11/54 | contrast=none | denoising=median_filter | sharpening=unsharp_masking
2026-08-05 16:37:33,815 [INFO] src.corpus_construction.enhance_images.pipeline: [publimetro_2013-08-14_12.jpg] Config 10 finished in 0.013s
2026-08-05 16:37:33,815 [INFO] src.corpus_construction.enhance_images.pipeline: [publimetro_2013-08-14_12.jpg] Config 12/54 | contrast=none | denoising=median_filter | sharpening=stroke_width_enhancement
2026-08-05 16:37:33,828 [INFO] src.corpus_construction.enhance_images.pipeline: [publimetro_2013-08-14_12.jpg] Config 11 finished in 0.012s
2026-08-05 16:37:33,828 [INFO] src.corpus_construction.enhance_images.pipeline: [publimetro_2013-08-14_12.jpg] Config 13/54 | contrast=none | denoising=conservative_filter | sharpening=none
2026-08-05 16:38:10,038 [INFO] src.corpus_construction.enhance_images.pipeline: [publimetro_2013-08-14_12.jpg] Config 12 finished in 36.210s
2026-08-05 16:38:10,038 [INFO] src.corpus_construction.enhance_images.pipeline: [publimetro_2013-08-14_12.jpg] Config 14/54 | contrast=none | denoising=conservative_filter | sharpening=unsharp_masking
2026-08-05 16:38:46,066 [INFO] src.corpus_construction.enhance_images.pipeline: [publimetro_2013-08-14_12.jpg] Config 13 finished in 36.028s
2026-08-05 16:38:46,067 [INFO] src.corpus_construction.enhance_images.pipeline: [publimetro_2013-08-14_12.jpg] Config 15/54 | contrast=none | denoising=conservative_filter | sharpening=stroke_width_enhancement
2026-08-05 16:39:21,805 [INFO] src.corpus_construction.enhance_images.pipeline: [publimetro_2013-08-14_12.jpg] Config 14 finished in 35.738s
2026-08-05 16:39:21,805 [INFO] src.corpus_construction.enhance_images.pipeline: [publimetro_2013-08-14_12.jpg] Config 16/54 | contrast=none | denoising=laplacian_filter | sharpening=none
2026-08-05 16:39:21,815 [INFO] src.corpus_construction.enhance_images.pipeline: [publimetro_2013-08-14_12.jpg] Config 15 finished in 0.010s
2026-08-05 16:39:21,815 [INFO] src.corpus_construction.enhance_images.pipeline: [publimetro_2013-08-14_12.jpg] Config 17/54 | contrast=none | denoising=laplacian_filter | sharpening=unsharp_masking
2026-08-05 16:39:21,830 [INFO] src.corpus_construction.enhance_images.pipeline: [publimetro_2013-08-14_12.jpg] Config 16 finished in 0.015s
2026-08-05 16:39:21,830 [INFO] src.corpus_construction.enhance_images.pipeline: [publimetro_2013-08-14_12.jpg] Config 18/54 | contrast=none | denoising=laplacian_filter | sharpening=stroke_width_enhancement
2026-08-05 16:39:21,847 [INFO] src.corpus_construction.enhance_images.pipeline: [publimetro_2013-08-14_12.jpg] Config 17 finished in 0.017s
2026-08-05 16:39:21,847 [INFO] src.corpus_construction.enhance_images.pipeline: [publimetro_2013-08-14_12.jpg] Config 19/54 | contrast=none | denoising=frequency_filter | sharpening=none
2026-08-05 16:39:22,070 [INFO] src.corpus_construction.enhance_images.pipeline: [publimetro_2013-08-14_12.jpg] Config 18 finished in 0.223s
2026-08-05 16:39:22,070 [INFO] src.corpus_construction.enhance_images.pipeline: [publimetro_2013-08-14_12.jpg] Config 20/54 | contrast=none | denoising=frequency_filter | sharpening=unsharp_masking
2026-08-05 16:39:22,297 [INFO] src.corpus_construction.enhance_images.pipeline: [publimetro_2013-08-14_12.jpg] Config 19 finished in 0.226s
2026-08-05 16:39:22,297 [INFO] src.corpus_construction.enhance_images.pipeline: [publimetro_2013-08-14_12.jpg] Config 21/54 | contrast=none | denoising=frequency_filter | sharpening=stroke_width_enhancement
2026-08-05 16:39:22,519 [INFO] src.corpus_construction.enhance_images.pipeline: [publimetro_2013-08-14_12.jpg] Config 20 finished in 0.222s
2026-08-05 16:39:22,519 [INFO] src.corpus_construction.enhance_images.pipeline: [publimetro_2013-08-14_12.jpg] Config 22/54 | contrast=none | denoising=crimmins_speckle_removal | sharpening=none
2026-08-05 16:41:10,177 [INFO] src.corpus_construction.enhance_images.pipeline: [publimetro_2013-08-14_12.jpg] Config 21 finished in 107.657s
2026-08-05 16:41:10,177 [INFO] src.corpus_construction.enhance_images.pipeline: [publimetro_2013-08-14_12.jpg] Config 23/54 | contrast=none | denoising=crimmins_speckle_removal | sharpening=unsharp_masking
2026-08-05 16:42:57,422 [INFO] src.corpus_construction.enhance_images.pipeline: [publimetro_2013-08-14_12.jpg] Config 22 finished in 107.245s
2026-08-05 16:42:57,423 [INFO] src.corpus_construction.enhance_images.pipeline: [publimetro_2013-08-14_12.jpg] Config 24/54 | contrast=none | denoising=crimmins_speckle_removal | sharpening=stroke_width_enhancement
2026-08-05 16:44:45,016 [INFO] src.corpus_construction.enhance_images.pipeline: [publimetro_2013-08-14_12.jpg] Config 23 finished in 107.593s
2026-08-05 16:44:45,017 [INFO] src.corpus_construction.enhance_images.pipeline: [publimetro_2013-08-14_12.jpg] Config 25/54 | contrast=none | denoising=unsharp_filter | sharpening=none
2026-08-05 16:44:45,087 [INFO] src.corpus_construction.enhance_images.pipeline: [publimetro_2013-08-14_12.jpg] Config 24 finished in 0.070s
2026-08-05 16:44:45,087 [INFO] src.corpus_construction.enhance_images.pipeline: [publimetro_2013-08-14_12.jpg] Config 26/54 | contrast=none | denoising=unsharp_filter | sharpening=unsharp_masking
2026-08-05 16:44:45,159 [INFO] src.corpus_construction.enhance_images.pipeline: [publimetro_2013-08-14_12.jpg] Config 25 finished in 0.072s
2026-08-05 16:44:45,159 [INFO] src.corpus_construction.enhance_images.pipeline: [publimetro_2013-08-14_12.jpg] Config 27/54 | contrast=none | denoising=unsharp_filter | sharpening=stroke_width_enhancement
2026-08-05 16:44:45,237 [INFO] src.corpus_construction.enhance_images.pipeline: [publimetro_2013-08-14_12.jpg] Config 26 finished in 0.078s
2026-08-05 16:44:45,237 [INFO] src.corpus_construction.enhance_images.pipeline: [publimetro_2013-08-14_12.jpg] Config 28/54 | contrast=clahe | denoising=none | sharpening=none
2026-08-05 16:44:45,402 [INFO] src.corpus_construction.enhance_images.pipeline: [publimetro_2013-08-14_12.jpg] Config 27 finished in 0.165s
2026-08-05 16:44:45,402 [INFO] src.corpus_construction.enhance_images.pipeline: [publimetro_2013-08-14_12.jpg] Config 29/54 | contrast=clahe | denoising=none | sharpening=unsharp_masking
2026-08-05 16:44:45,459 [INFO] src.corpus_construction.enhance_images.pipeline: [publimetro_2013-08-14_12.jpg] Config 28 finished in 0.056s
2026-08-05 16:44:45,459 [INFO] src.corpus_construction.enhance_images.pipeline: [publimetro_2013-08-14_12.jpg] Config 30/54 | contrast=clahe | denoising=none | sharpening=stroke_width_enhancement
2026-08-05 16:44:45,518 [INFO] src.corpus_construction.enhance_images.pipeline: [publimetro_2013-08-14_12.jpg] Config 29 finished in 0.059s
2026-08-05 16:44:45,518 [INFO] src.corpus_construction.enhance_images.pipeline: [publimetro_2013-08-14_12.jpg] Config 31/54 | contrast=clahe | denoising=mean_filter | sharpening=none
2026-08-05 16:44:45,570 [INFO] src.corpus_construction.enhance_images.pipeline: [publimetro_2013-08-14_12.jpg] Config 30 finished in 0.052s
2026-08-05 16:44:45,570 [INFO] src.corpus_construction.enhance_images.pipeline: [publimetro_2013-08-14_12.jpg] Config 32/54 | contrast=clahe | denoising=mean_filter | sharpening=unsharp_masking
2026-08-05 16:44:45,627 [INFO] src.corpus_construction.enhance_images.pipeline: [publimetro_2013-08-14_12.jpg] Config 31 finished in 0.057s
2026-08-05 16:44:45,627 [INFO] src.corpus_construction.enhance_images.pipeline: [publimetro_2013-08-14_12.jpg] Config 33/54 | contrast=clahe | denoising=mean_filter | sharpening=stroke_width_enhancement
2026-08-05 16:44:45,689 [INFO] src.corpus_construction.enhance_images.pipeline: [publimetro_2013-08-14_12.jpg] Config 32 finished in 0.062s
2026-08-05 16:44:45,689 [INFO] src.corpus_construction.enhance_images.pipeline: [publimetro_2013-08-14_12.jpg] Config 34/54 | contrast=clahe | denoising=gaussian_filter | sharpening=none
2026-08-05 16:44:45,745 [INFO] src.corpus_construction.enhance_images.pipeline: [publimetro_2013-08-14_12.jpg] Config 33 finished in 0.056s
2026-08-05 16:44:45,746 [INFO] src.corpus_construction.enhance_images.pipeline: [publimetro_2013-08-14_12.jpg] Config 35/54 | contrast=clahe | denoising=gaussian_filter | sharpening=unsharp_masking
2026-08-05 16:44:45,814 [INFO] src.corpus_construction.enhance_images.pipeline: [publimetro_2013-08-14_12.jpg] Config 34 finished in 0.069s
2026-08-05 16:44:45,814 [INFO] src.corpus_construction.enhance_images.pipeline: [publimetro_2013-08-14_12.jpg] Config 36/54 | contrast=clahe | denoising=gaussian_filter | sharpening=stroke_width_enhancement
2026-08-05 16:44:45,876 [INFO] src.corpus_construction.enhance_images.pipeline: [publimetro_2013-08-14_12.jpg] Config 35 finished in 0.062s
2026-08-05 16:44:45,876 [INFO] src.corpus_construction.enhance_images.pipeline: [publimetro_2013-08-14_12.jpg] Config 37/54 | contrast=clahe | denoising=median_filter | sharpening=none
2026-08-05 16:44:45,927 [INFO] src.corpus_construction.enhance_images.pipeline: [publimetro_2013-08-14_12.jpg] Config 36 finished in 0.051s
2026-08-05 16:44:45,927 [INFO] src.corpus_construction.enhance_images.pipeline: [publimetro_2013-08-14_12.jpg] Config 38/54 | contrast=clahe | denoising=median_filter | sharpening=unsharp_masking
2026-08-05 16:44:45,983 [INFO] src.corpus_construction.enhance_images.pipeline: [publimetro_2013-08-14_12.jpg] Config 37 finished in 0.056s
2026-08-05 16:44:45,983 [INFO] src.corpus_construction.enhance_images.pipeline: [publimetro_2013-08-14_12.jpg] Config 39/54 | contrast=clahe | denoising=median_filter | sharpening=stroke_width_enhancement
2026-08-05 16:44:46,042 [INFO] src.corpus_construction.enhance_images.pipeline: [publimetro_2013-08-14_12.jpg] Config 38 finished in 0.059s
2026-08-05 16:44:46,042 [INFO] src.corpus_construction.enhance_images.pipeline: [publimetro_2013-08-14_12.jpg] Config 40/54 | contrast=clahe | denoising=conservative_filter | sharpening=none
2026-08-05 16:45:21,767 [INFO] src.corpus_construction.enhance_images.pipeline: [publimetro_2013-08-14_12.jpg] Config 39 finished in 35.724s
2026-08-05 16:45:21,767 [INFO] src.corpus_construction.enhance_images.pipeline: [publimetro_2013-08-14_12.jpg] Config 41/54 | contrast=clahe | denoising=conservative_filter | sharpening=unsharp_masking
2026-08-05 16:45:57,236 [INFO] src.corpus_construction.enhance_images.pipeline: [publimetro_2013-08-14_12.jpg] Config 40 finished in 35.469s
2026-08-05 16:45:57,236 [INFO] src.corpus_construction.enhance_images.pipeline: [publimetro_2013-08-14_12.jpg] Config 42/54 | contrast=clahe | denoising=conservative_filter | sharpening=stroke_width_enhancement
2026-08-05 16:46:32,866 [INFO] src.corpus_construction.enhance_images.pipeline: [publimetro_2013-08-14_12.jpg] Config 41 finished in 35.629s
2026-08-05 16:46:32,866 [INFO] src.corpus_construction.enhance_images.pipeline: [publimetro_2013-08-14_12.jpg] Config 43/54 | contrast=clahe | denoising=laplacian_filter | sharpening=none
2026-08-05 16:46:32,921 [INFO] src.corpus_construction.enhance_images.pipeline: [publimetro_2013-08-14_12.jpg] Config 42 finished in 0.054s
2026-08-05 16:46:32,921 [INFO] src.corpus_construction.enhance_images.pipeline: [publimetro_2013-08-14_12.jpg] Config 44/54 | contrast=clahe | denoising=laplacian_filter | sharpening=unsharp_masking
2026-08-05 16:46:32,980 [INFO] src.corpus_construction.enhance_images.pipeline: [publimetro_2013-08-14_12.jpg] Config 43 finished in 0.059s
2026-08-05 16:46:32,980 [INFO] src.corpus_construction.enhance_images.pipeline: [publimetro_2013-08-14_12.jpg] Config 45/54 | contrast=clahe | denoising=laplacian_filter | sharpening=stroke_width_enhancement
2026-08-05 16:46:33,041 [INFO] src.corpus_construction.enhance_images.pipeline: [publimetro_2013-08-14_12.jpg] Config 44 finished in 0.061s
2026-08-05 16:46:33,041 [INFO] src.corpus_construction.enhance_images.pipeline: [publimetro_2013-08-14_12.jpg] Config 46/54 | contrast=clahe | denoising=frequency_filter | sharpening=none
2026-08-05 16:46:33,321 [INFO] src.corpus_construction.enhance_images.pipeline: [publimetro_2013-08-14_12.jpg] Config 45 finished in 0.280s
2026-08-05 16:46:33,321 [INFO] src.corpus_construction.enhance_images.pipeline: [publimetro_2013-08-14_12.jpg] Config 47/54 | contrast=clahe | denoising=frequency_filter | sharpening=unsharp_masking
2026-08-05 16:46:33,583 [INFO] src.corpus_construction.enhance_images.pipeline: [publimetro_2013-08-14_12.jpg] Config 46 finished in 0.262s
2026-08-05 16:46:33,583 [INFO] src.corpus_construction.enhance_images.pipeline: [publimetro_2013-08-14_12.jpg] Config 48/54 | contrast=clahe | denoising=frequency_filter | sharpening=stroke_width_enhancement
2026-08-05 16:46:33,848 [INFO] src.corpus_construction.enhance_images.pipeline: [publimetro_2013-08-14_12.jpg] Config 47 finished in 0.264s
2026-08-05 16:46:33,848 [INFO] src.corpus_construction.enhance_images.pipeline: [publimetro_2013-08-14_12.jpg] Config 49/54 | contrast=clahe | denoising=crimmins_speckle_removal | sharpening=none
2026-08-05 16:48:20,933 [INFO] src.corpus_construction.enhance_images.pipeline: [publimetro_2013-08-14_12.jpg] Config 48 finished in 107.085s
2026-08-05 16:48:20,934 [INFO] src.corpus_construction.enhance_images.pipeline: [publimetro_2013-08-14_12.jpg] Config 50/54 | contrast=clahe | denoising=crimmins_speckle_removal | sharpening=unsharp_masking
2026-08-05 16:50:07,784 [INFO] src.corpus_construction.enhance_images.pipeline: [publimetro_2013-08-14_12.jpg] Config 49 finished in 106.850s
2026-08-05 16:50:07,785 [INFO] src.corpus_construction.enhance_images.pipeline: [publimetro_2013-08-14_12.jpg] Config 51/54 | contrast=clahe | denoising=crimmins_speckle_removal | sharpening=stroke_width_enhancement
2026-08-05 16:51:55,301 [INFO] src.corpus_construction.enhance_images.pipeline: [publimetro_2013-08-14_12.jpg] Config 50 finished in 107.516s
2026-08-05 16:51:55,301 [INFO] src.corpus_construction.enhance_images.pipeline: [publimetro_2013-08-14_12.jpg] Config 52/54 | contrast=clahe | denoising=unsharp_filter | sharpening=none
2026-08-05 16:51:55,420 [INFO] src.corpus_construction.enhance_images.pipeline: [publimetro_2013-08-14_12.jpg] Config 51 finished in 0.119s
2026-08-05 16:51:55,420 [INFO] src.corpus_construction.enhance_images.pipeline: [publimetro_2013-08-14_12.jpg] Config 53/54 | contrast=clahe | denoising=unsharp_filter | sharpening=unsharp_masking
2026-08-05 16:51:55,542 [INFO] src.corpus_construction.enhance_images.pipeline: [publimetro_2013-08-14_12.jpg] Config 52 finished in 0.121s
2026-08-05 16:51:55,542 [INFO] src.corpus_construction.enhance_images.pipeline: [publimetro_2013-08-14_12.jpg] Config 54/54 | contrast=clahe | denoising=unsharp_filter | sharpening=stroke_width_enhancement
2026-08-05 16:51:55,664 [INFO] src.corpus_construction.enhance_images.pipeline: [publimetro_2013-08-14_12.jpg] Config 53 finished in 0.122s
2026-08-05 16:51:55,696 [INFO] src.corpus_construction.enhance_images.pipeline: Saved 54 metadata records to data/corpus_construction/enhance_images/results/publimetro/enhance_images.parquet
2026-08-05 16:51:59,043 [INFO] src.corpus_construction.enhance_images.pipeline: [publimetro_2014-01-20_1.jpg] Config 1/54 | contrast=none | denoising=none | sharpening=none
2026-08-05 16:51:59,047 [INFO] src.corpus_construction.enhance_images.pipeline: [publimetro_2014-01-20_1.jpg] Config 0 finished in 0.004s
2026-08-05 16:51:59,047 [INFO] src.corpus_construction.enhance_images.pipeline: [publimetro_2014-01-20_1.jpg] Config 2/54 | contrast=none | denoising=none | sharpening=unsharp_masking
2026-08-05 16:51:59,060 [INFO] src.corpus_construction.enhance_images.pipeline: [publimetro_2014-01-20_1.jpg] Config 1 finished in 0.013s
2026-08-05 16:51:59,060 [INFO] src.corpus_construction.enhance_images.pipeline: [publimetro_2014-01-20_1.jpg] Config 3/54 | contrast=none | denoising=none | sharpening=stroke_width_enhancement
2026-08-05 16:51:59,072 [INFO] src.corpus_construction.enhance_images.pipeline: [publimetro_2014-01-20_1.jpg] Config 2 finished in 0.012s
2026-08-05 16:51:59,072 [INFO] src.corpus_construction.enhance_images.pipeline: [publimetro_2014-01-20_1.jpg] Config 4/54 | contrast=none | denoising=mean_filter | sharpening=none
2026-08-05 16:51:59,080 [INFO] src.corpus_construction.enhance_images.pipeline: [publimetro_2014-01-20_1.jpg] Config 3 finished in 0.008s
2026-08-05 16:51:59,080 [INFO] src.corpus_construction.enhance_images.pipeline: [publimetro_2014-01-20_1.jpg] Config 5/54 | contrast=none | denoising=mean_filter | sharpening=unsharp_masking
2026-08-05 16:51:59,097 [INFO] src.corpus_construction.enhance_images.pipeline: [publimetro_2014-01-20_1.jpg] Config 4 finished in 0.017s
2026-08-05 16:51:59,097 [INFO] src.corpus_construction.enhance_images.pipeline: [publimetro_2014-01-20_1.jpg] Config 6/54 | contrast=none | denoising=mean_filter | sharpening=stroke_width_enhancement
2026-08-05 16:51:59,112 [INFO] src.corpus_construction.enhance_images.pipeline: [publimetro_2014-01-20_1.jpg] Config 5 finished in 0.015s
2026-08-05 16:51:59,112 [INFO] src.corpus_construction.enhance_images.pipeline: [publimetro_2014-01-20_1.jpg] Config 7/54 | contrast=none | denoising=gaussian_filter | sharpening=none
2026-08-05 16:51:59,120 [INFO] src.corpus_construction.enhance_images.pipeline: [publimetro_2014-01-20_1.jpg] Config 6 finished in 0.008s
2026-08-05 16:51:59,120 [INFO] src.corpus_construction.enhance_images.pipeline: [publimetro_2014-01-20_1.jpg] Config 8/54 | contrast=none | denoising=gaussian_filter | sharpening=unsharp_masking
2026-08-05 16:51:59,139 [INFO] src.corpus_construction.enhance_images.pipeline: [publimetro_2014-01-20_1.jpg] Config 7 finished in 0.018s
2026-08-05 16:51:59,139 [INFO] src.corpus_construction.enhance_images.pipeline: [publimetro_2014-01-20_1.jpg] Config 9/54 | contrast=none | denoising=gaussian_filter | sharpening=stroke_width_enhancement
2026-08-05 16:51:59,155 [INFO] src.corpus_construction.enhance_images.pipeline: [publimetro_2014-01-20_1.jpg] Config 8 finished in 0.016s
2026-08-05 16:51:59,156 [INFO] src.corpus_construction.enhance_images.pipeline: [publimetro_2014-01-20_1.jpg] Config 10/54 | contrast=none | denoising=median_filter | sharpening=none
2026-08-05 16:51:59,163 [INFO] src.corpus_construction.enhance_images.pipeline: [publimetro_2014-01-20_1.jpg] Config 9 finished in 0.007s
2026-08-05 16:51:59,163 [INFO] src.corpus_construction.enhance_images.pipeline: [publimetro_2014-01-20_1.jpg] Config 11/54 | contrast=none | denoising=median_filter | sharpening=unsharp_masking
2026-08-05 16:51:59,179 [INFO] src.corpus_construction.enhance_images.pipeline: [publimetro_2014-01-20_1.jpg] Config 10 finished in 0.016s
2026-08-05 16:51:59,179 [INFO] src.corpus_construction.enhance_images.pipeline: [publimetro_2014-01-20_1.jpg] Config 12/54 | contrast=none | denoising=median_filter | sharpening=stroke_width_enhancement
2026-08-05 16:51:59,192 [INFO] src.corpus_construction.enhance_images.pipeline: [publimetro_2014-01-20_1.jpg] Config 11 finished in 0.013s
2026-08-05 16:51:59,192 [INFO] src.corpus_construction.enhance_images.pipeline: [publimetro_2014-01-20_1.jpg] Config 13/54 | contrast=none | denoising=conservative_filter | sharpening=none
2026-08-05 16:52:35,375 [INFO] src.corpus_construction.enhance_images.pipeline: [publimetro_2014-01-20_1.jpg] Config 12 finished in 36.183s
2026-08-05 16:52:35,375 [INFO] src.corpus_construction.enhance_images.pipeline: [publimetro_2014-01-20_1.jpg] Config 14/54 | contrast=none | denoising=conservative_filter | sharpening=unsharp_masking
2026-08-05 16:53:11,750 [INFO] src.corpus_construction.enhance_images.pipeline: [publimetro_2014-01-20_1.jpg] Config 13 finished in 36.375s
2026-08-05 16:53:11,750 [INFO] src.corpus_construction.enhance_images.pipeline: [publimetro_2014-01-20_1.jpg] Config 15/54 | contrast=none | denoising=conservative_filter | sharpening=stroke_width_enhancement
2026-08-05 16:53:47,793 [INFO] src.corpus_construction.enhance_images.pipeline: [publimetro_2014-01-20_1.jpg] Config 14 finished in 36.043s
2026-08-05 16:53:47,793 [INFO] src.corpus_construction.enhance_images.pipeline: [publimetro_2014-01-20_1.jpg] Config 16/54 | contrast=none | denoising=laplacian_filter | sharpening=none
2026-08-05 16:53:47,804 [INFO] src.corpus_construction.enhance_images.pipeline: [publimetro_2014-01-20_1.jpg] Config 15 finished in 0.011s
2026-08-05 16:53:47,804 [INFO] src.corpus_construction.enhance_images.pipeline: [publimetro_2014-01-20_1.jpg] Config 17/54 | contrast=none | denoising=laplacian_filter | sharpening=unsharp_masking
2026-08-05 16:53:47,820 [INFO] src.corpus_construction.enhance_images.pipeline: [publimetro_2014-01-20_1.jpg] Config 16 finished in 0.015s
2026-08-05 16:53:47,820 [INFO] src.corpus_construction.enhance_images.pipeline: [publimetro_2014-01-20_1.jpg] Config 18/54 | contrast=none | denoising=laplacian_filter | sharpening=stroke_width_enhancement
2026-08-05 16:53:47,838 [INFO] src.corpus_construction.enhance_images.pipeline: [publimetro_2014-01-20_1.jpg] Config 17 finished in 0.018s
2026-08-05 16:53:47,838 [INFO] src.corpus_construction.enhance_images.pipeline: [publimetro_2014-01-20_1.jpg] Config 19/54 | contrast=none | denoising=frequency_filter | sharpening=none
2026-08-05 16:53:48,053 [INFO] src.corpus_construction.enhance_images.pipeline: [publimetro_2014-01-20_1.jpg] Config 18 finished in 0.214s
2026-08-05 16:53:48,053 [INFO] src.corpus_construction.enhance_images.pipeline: [publimetro_2014-01-20_1.jpg] Config 20/54 | contrast=none | denoising=frequency_filter | sharpening=unsharp_masking
2026-08-05 16:53:48,268 [INFO] src.corpus_construction.enhance_images.pipeline: [publimetro_2014-01-20_1.jpg] Config 19 finished in 0.215s
2026-08-05 16:53:48,268 [INFO] src.corpus_construction.enhance_images.pipeline: [publimetro_2014-01-20_1.jpg] Config 21/54 | contrast=none | denoising=frequency_filter | sharpening=stroke_width_enhancement
2026-08-05 16:53:48,489 [INFO] src.corpus_construction.enhance_images.pipeline: [publimetro_2014-01-20_1.jpg] Config 20 finished in 0.221s
2026-08-05 16:53:48,489 [INFO] src.corpus_construction.enhance_images.pipeline: [publimetro_2014-01-20_1.jpg] Config 22/54 | contrast=none | denoising=crimmins_speckle_removal | sharpening=none
2026-08-05 16:55:37,003 [INFO] src.corpus_construction.enhance_images.pipeline: [publimetro_2014-01-20_1.jpg] Config 21 finished in 108.514s
2026-08-05 16:55:37,003 [INFO] src.corpus_construction.enhance_images.pipeline: [publimetro_2014-01-20_1.jpg] Config 23/54 | contrast=none | denoising=crimmins_speckle_removal | sharpening=unsharp_masking
2026-08-05 16:57:27,848 [INFO] src.corpus_construction.enhance_images.pipeline: [publimetro_2014-01-20_1.jpg] Config 22 finished in 110.844s
2026-08-05 16:57:27,848 [INFO] src.corpus_construction.enhance_images.pipeline: [publimetro_2014-01-20_1.jpg] Config 24/54 | contrast=none | denoising=crimmins_speckle_removal | sharpening=stroke_width_enhancement
2026-08-05 16:59:26,892 [INFO] src.corpus_construction.enhance_images.pipeline: [publimetro_2014-01-20_1.jpg] Config 23 finished in 119.044s
2026-08-05 16:59:26,893 [INFO] src.corpus_construction.enhance_images.pipeline: [publimetro_2014-01-20_1.jpg] Config 25/54 | contrast=none | denoising=unsharp_filter | sharpening=none
2026-08-05 16:59:26,966 [INFO] src.corpus_construction.enhance_images.pipeline: [publimetro_2014-01-20_1.jpg] Config 24 finished in 0.073s
2026-08-05 16:59:26,966 [INFO] src.corpus_construction.enhance_images.pipeline: [publimetro_2014-01-20_1.jpg] Config 26/54 | contrast=none | denoising=unsharp_filter | sharpening=unsharp_masking
2026-08-05 16:59:27,042 [INFO] src.corpus_construction.enhance_images.pipeline: [publimetro_2014-01-20_1.jpg] Config 25 finished in 0.075s
2026-08-05 16:59:27,042 [INFO] src.corpus_construction.enhance_images.pipeline: [publimetro_2014-01-20_1.jpg] Config 27/54 | contrast=none | denoising=unsharp_filter | sharpening=stroke_width_enhancement
2026-08-05 16:59:27,121 [INFO] src.corpus_construction.enhance_images.pipeline: [publimetro_2014-01-20_1.jpg] Config 26 finished in 0.080s
2026-08-05 16:59:27,122 [INFO] src.corpus_construction.enhance_images.pipeline: [publimetro_2014-01-20_1.jpg] Config 28/54 | contrast=clahe | denoising=none | sharpening=none
2026-08-05 16:59:27,175 [INFO] src.corpus_construction.enhance_images.pipeline: [publimetro_2014-01-20_1.jpg] Config 27 finished in 0.053s
2026-08-05 16:59:27,175 [INFO] src.corpus_construction.enhance_images.pipeline: [publimetro_2014-01-20_1.jpg] Config 29/54 | contrast=clahe | denoising=none | sharpening=unsharp_masking
2026-08-05 16:59:27,232 [INFO] src.corpus_construction.enhance_images.pipeline: [publimetro_2014-01-20_1.jpg] Config 28 finished in 0.056s
2026-08-05 16:59:27,232 [INFO] src.corpus_construction.enhance_images.pipeline: [publimetro_2014-01-20_1.jpg] Config 30/54 | contrast=clahe | denoising=none | sharpening=stroke_width_enhancement
2026-08-05 16:59:27,290 [INFO] src.corpus_construction.enhance_images.pipeline: [publimetro_2014-01-20_1.jpg] Config 29 finished in 0.059s
2026-08-05 16:59:27,291 [INFO] src.corpus_construction.enhance_images.pipeline: [publimetro_2014-01-20_1.jpg] Config 31/54 | contrast=clahe | denoising=mean_filter | sharpening=none
2026-08-05 16:59:27,343 [INFO] src.corpus_construction.enhance_images.pipeline: [publimetro_2014-01-20_1.jpg] Config 30 finished in 0.052s
2026-08-05 16:59:27,343 [INFO] src.corpus_construction.enhance_images.pipeline: [publimetro_2014-01-20_1.jpg] Config 32/54 | contrast=clahe | denoising=mean_filter | sharpening=unsharp_masking
2026-08-05 16:59:27,402 [INFO] src.corpus_construction.enhance_images.pipeline: [publimetro_2014-01-20_1.jpg] Config 31 finished in 0.058s
2026-08-05 16:59:27,402 [INFO] src.corpus_construction.enhance_images.pipeline: [publimetro_2014-01-20_1.jpg] Config 33/54 | contrast=clahe | denoising=mean_filter | sharpening=stroke_width_enhancement
2026-08-05 16:59:27,462 [INFO] src.corpus_construction.enhance_images.pipeline: [publimetro_2014-01-20_1.jpg] Config 32 finished in 0.061s
2026-08-05 16:59:27,462 [INFO] src.corpus_construction.enhance_images.pipeline: [publimetro_2014-01-20_1.jpg] Config 34/54 | contrast=clahe | denoising=gaussian_filter | sharpening=none
2026-08-05 16:59:27,514 [INFO] src.corpus_construction.enhance_images.pipeline: [publimetro_2014-01-20_1.jpg] Config 33 finished in 0.052s
2026-08-05 16:59:27,514 [INFO] src.corpus_construction.enhance_images.pipeline: [publimetro_2014-01-20_1.jpg] Config 35/54 | contrast=clahe | denoising=gaussian_filter | sharpening=unsharp_masking
2026-08-05 16:59:27,573 [INFO] src.corpus_construction.enhance_images.pipeline: [publimetro_2014-01-20_1.jpg] Config 34 finished in 0.059s
2026-08-05 16:59:27,573 [INFO] src.corpus_construction.enhance_images.pipeline: [publimetro_2014-01-20_1.jpg] Config 36/54 | contrast=clahe | denoising=gaussian_filter | sharpening=stroke_width_enhancement
2026-08-05 16:59:27,633 [INFO] src.corpus_construction.enhance_images.pipeline: [publimetro_2014-01-20_1.jpg] Config 35 finished in 0.060s
2026-08-05 16:59:27,633 [INFO] src.corpus_construction.enhance_images.pipeline: [publimetro_2014-01-20_1.jpg] Config 37/54 | contrast=clahe | denoising=median_filter | sharpening=none
2026-08-05 16:59:27,685 [INFO] src.corpus_construction.enhance_images.pipeline: [publimetro_2014-01-20_1.jpg] Config 36 finished in 0.052s
2026-08-05 16:59:27,685 [INFO] src.corpus_construction.enhance_images.pipeline: [publimetro_2014-01-20_1.jpg] Config 38/54 | contrast=clahe | denoising=median_filter | sharpening=unsharp_masking
2026-08-05 16:59:27,742 [INFO] src.corpus_construction.enhance_images.pipeline: [publimetro_2014-01-20_1.jpg] Config 37 finished in 0.057s
2026-08-05 16:59:27,742 [INFO] src.corpus_construction.enhance_images.pipeline: [publimetro_2014-01-20_1.jpg] Config 39/54 | contrast=clahe | denoising=median_filter | sharpening=stroke_width_enhancement
2026-08-05 16:59:27,801 [INFO] src.corpus_construction.enhance_images.pipeline: [publimetro_2014-01-20_1.jpg] Config 38 finished in 0.059s
2026-08-05 16:59:27,801 [INFO] src.corpus_construction.enhance_images.pipeline: [publimetro_2014-01-20_1.jpg] Config 40/54 | contrast=clahe | denoising=conservative_filter | sharpening=none
2026-08-05 17:00:03,733 [INFO] src.corpus_construction.enhance_images.pipeline: [publimetro_2014-01-20_1.jpg] Config 39 finished in 35.932s
2026-08-05 17:00:03,733 [INFO] src.corpus_construction.enhance_images.pipeline: [publimetro_2014-01-20_1.jpg] Config 41/54 | contrast=clahe | denoising=conservative_filter | sharpening=unsharp_masking
2026-08-05 17:00:39,537 [INFO] src.corpus_construction.enhance_images.pipeline: [publimetro_2014-01-20_1.jpg] Config 40 finished in 35.804s
2026-08-05 17:00:39,538 [INFO] src.corpus_construction.enhance_images.pipeline: [publimetro_2014-01-20_1.jpg] Config 42/54 | contrast=clahe | denoising=conservative_filter | sharpening=stroke_width_enhancement
2026-08-05 17:01:15,487 [INFO] src.corpus_construction.enhance_images.pipeline: [publimetro_2014-01-20_1.jpg] Config 41 finished in 35.949s
2026-08-05 17:01:15,487 [INFO] src.corpus_construction.enhance_images.pipeline: [publimetro_2014-01-20_1.jpg] Config 43/54 | contrast=clahe | denoising=laplacian_filter | sharpening=none
2026-08-05 17:01:15,542 [INFO] src.corpus_construction.enhance_images.pipeline: [publimetro_2014-01-20_1.jpg] Config 42 finished in 0.055s
2026-08-05 17:01:15,542 [INFO] src.corpus_construction.enhance_images.pipeline: [publimetro_2014-01-20_1.jpg] Config 44/54 | contrast=clahe | denoising=laplacian_filter | sharpening=unsharp_masking
2026-08-05 17:01:15,603 [INFO] src.corpus_construction.enhance_images.pipeline: [publimetro_2014-01-20_1.jpg] Config 43 finished in 0.061s
2026-08-05 17:01:15,603 [INFO] src.corpus_construction.enhance_images.pipeline: [publimetro_2014-01-20_1.jpg] Config 45/54 | contrast=clahe | denoising=laplacian_filter | sharpening=stroke_width_enhancement
2026-08-05 17:01:15,668 [INFO] src.corpus_construction.enhance_images.pipeline: [publimetro_2014-01-20_1.jpg] Config 44 finished in 0.065s
2026-08-05 17:01:15,668 [INFO] src.corpus_construction.enhance_images.pipeline: [publimetro_2014-01-20_1.jpg] Config 46/54 | contrast=clahe | denoising=frequency_filter | sharpening=none
2026-08-05 17:01:15,936 [INFO] src.corpus_construction.enhance_images.pipeline: [publimetro_2014-01-20_1.jpg] Config 45 finished in 0.268s
2026-08-05 17:01:15,936 [INFO] src.corpus_construction.enhance_images.pipeline: [publimetro_2014-01-20_1.jpg] Config 47/54 | contrast=clahe | denoising=frequency_filter | sharpening=unsharp_masking
2026-08-05 17:01:16,194 [INFO] src.corpus_construction.enhance_images.pipeline: [publimetro_2014-01-20_1.jpg] Config 46 finished in 0.258s
2026-08-05 17:01:16,194 [INFO] src.corpus_construction.enhance_images.pipeline: [publimetro_2014-01-20_1.jpg] Config 48/54 | contrast=clahe | denoising=frequency_filter | sharpening=stroke_width_enhancement
2026-08-05 17:01:16,467 [INFO] src.corpus_construction.enhance_images.pipeline: [publimetro_2014-01-20_1.jpg] Config 47 finished in 0.272s
2026-08-05 17:01:16,467 [INFO] src.corpus_construction.enhance_images.pipeline: [publimetro_2014-01-20_1.jpg] Config 49/54 | contrast=clahe | denoising=crimmins_speckle_removal | sharpening=none
2026-08-05 17:03:03,264 [INFO] src.corpus_construction.enhance_images.pipeline: [publimetro_2014-01-20_1.jpg] Config 48 finished in 106.797s
2026-08-05 17:03:03,265 [INFO] src.corpus_construction.enhance_images.pipeline: [publimetro_2014-01-20_1.jpg] Config 50/54 | contrast=clahe | denoising=crimmins_speckle_removal | sharpening=unsharp_masking
2026-08-05 17:04:50,378 [INFO] src.corpus_construction.enhance_images.pipeline: [publimetro_2014-01-20_1.jpg] Config 49 finished in 107.113s
2026-08-05 17:04:50,388 [INFO] src.corpus_construction.enhance_images.pipeline: [publimetro_2014-01-20_1.jpg] Config 51/54 | contrast=clahe | denoising=crimmins_speckle_removal | sharpening=stroke_width_enhancement
