2026-08-05 16:37:42,530 [INFO] src.corpus_construction.enhance_images.pipeline: Saved 54 configurations to data/corpus_construction/enhance_images/results/trome/configurations.txt
2026-08-05 16:37:42,531 [INFO] src.corpus_construction.enhance_images.pipeline: Found 9 image(s) under data/corpus_construction/enhance_images/trome
2026-08-05 16:37:42,582 [INFO] src.corpus_construction.enhance_images.pipeline: [trome_2014-05-04_1.jpg] Config 1/54 | contrast=none | denoising=none | sharpening=none
2026-08-05 16:37:42,590 [INFO] src.corpus_construction.enhance_images.pipeline: [trome_2014-05-04_1.jpg] Config 0 finished in 0.008s
2026-08-05 16:37:42,590 [INFO] src.corpus_construction.enhance_images.pipeline: [trome_2014-05-04_1.jpg] Config 2/54 | contrast=none | denoising=none | sharpening=unsharp_masking
2026-08-05 16:37:42,604 [INFO] src.corpus_construction.enhance_images.pipeline: [trome_2014-05-04_1.jpg] Config 1 finished in 0.014s
2026-08-05 16:37:42,604 [INFO] src.corpus_construction.enhance_images.pipeline: [trome_2014-05-04_1.jpg] Config 3/54 | contrast=none | denoising=none | sharpening=stroke_width_enhancement
2026-08-05 16:37:42,620 [INFO] src.corpus_construction.enhance_images.pipeline: [trome_2014-05-04_1.jpg] Config 2 finished in 0.016s
2026-08-05 16:37:42,620 [INFO] src.corpus_construction.enhance_images.pipeline: [trome_2014-05-04_1.jpg] Config 4/54 | contrast=none | denoising=mean_filter | sharpening=none
2026-08-05 16:37:42,626 [INFO] src.corpus_construction.enhance_images.pipeline: [trome_2014-05-04_1.jpg] Config 3 finished in 0.006s
2026-08-05 16:37:42,626 [INFO] src.corpus_construction.enhance_images.pipeline: [trome_2014-05-04_1.jpg] Config 5/54 | contrast=none | denoising=mean_filter | sharpening=unsharp_masking
2026-08-05 16:37:42,639 [INFO] src.corpus_construction.enhance_images.pipeline: [trome_2014-05-04_1.jpg] Config 4 finished in 0.012s
2026-08-05 16:37:42,639 [INFO] src.corpus_construction.enhance_images.pipeline: [trome_2014-05-04_1.jpg] Config 6/54 | contrast=none | denoising=mean_filter | sharpening=stroke_width_enhancement
2026-08-05 16:37:42,653 [INFO] src.corpus_construction.enhance_images.pipeline: [trome_2014-05-04_1.jpg] Config 5 finished in 0.015s
2026-08-05 16:37:42,654 [INFO] src.corpus_construction.enhance_images.pipeline: [trome_2014-05-04_1.jpg] Config 7/54 | contrast=none | denoising=gaussian_filter | sharpening=none
2026-08-05 16:37:42,662 [INFO] src.corpus_construction.enhance_images.pipeline: [trome_2014-05-04_1.jpg] Config 6 finished in 0.008s
2026-08-05 16:37:42,662 [INFO] src.corpus_construction.enhance_images.pipeline: [trome_2014-05-04_1.jpg] Config 8/54 | contrast=none | denoising=gaussian_filter | sharpening=unsharp_masking
2026-08-05 16:37:42,678 [INFO] src.corpus_construction.enhance_images.pipeline: [trome_2014-05-04_1.jpg] Config 7 finished in 0.016s
2026-08-05 16:37:42,678 [INFO] src.corpus_construction.enhance_images.pipeline: [trome_2014-05-04_1.jpg] Config 9/54 | contrast=none | denoising=gaussian_filter | sharpening=stroke_width_enhancement
2026-08-05 16:37:42,694 [INFO] src.corpus_construction.enhance_images.pipeline: [trome_2014-05-04_1.jpg] Config 8 finished in 0.016s
2026-08-05 16:37:42,694 [INFO] src.corpus_construction.enhance_images.pipeline: [trome_2014-05-04_1.jpg] Config 10/54 | contrast=none | denoising=median_filter | sharpening=none
2026-08-05 16:37:42,699 [INFO] src.corpus_construction.enhance_images.pipeline: [trome_2014-05-04_1.jpg] Config 9 finished in 0.005s
2026-08-05 16:37:42,699 [INFO] src.corpus_construction.enhance_images.pipeline: [trome_2014-05-04_1.jpg] Config 11/54 | contrast=none | denoising=median_filter | sharpening=unsharp_masking
2026-08-05 16:37:42,713 [INFO] src.corpus_construction.enhance_images.pipeline: [trome_2014-05-04_1.jpg] Config 10 finished in 0.013s
2026-08-05 16:37:42,713 [INFO] src.corpus_construction.enhance_images.pipeline: [trome_2014-05-04_1.jpg] Config 12/54 | contrast=none | denoising=median_filter | sharpening=stroke_width_enhancement
2026-08-05 16:37:42,725 [INFO] src.corpus_construction.enhance_images.pipeline: [trome_2014-05-04_1.jpg] Config 11 finished in 0.012s
2026-08-05 16:37:42,725 [INFO] src.corpus_construction.enhance_images.pipeline: [trome_2014-05-04_1.jpg] Config 13/54 | contrast=none | denoising=conservative_filter | sharpening=none
2026-08-05 16:38:18,872 [INFO] src.corpus_construction.enhance_images.pipeline: [trome_2014-05-04_1.jpg] Config 12 finished in 36.147s
2026-08-05 16:38:18,873 [INFO] src.corpus_construction.enhance_images.pipeline: [trome_2014-05-04_1.jpg] Config 14/54 | contrast=none | denoising=conservative_filter | sharpening=unsharp_masking
2026-08-05 16:38:55,125 [INFO] src.corpus_construction.enhance_images.pipeline: [trome_2014-05-04_1.jpg] Config 13 finished in 36.252s
2026-08-05 16:38:55,126 [INFO] src.corpus_construction.enhance_images.pipeline: [trome_2014-05-04_1.jpg] Config 15/54 | contrast=none | denoising=conservative_filter | sharpening=stroke_width_enhancement
2026-08-05 16:39:31,335 [INFO] src.corpus_construction.enhance_images.pipeline: [trome_2014-05-04_1.jpg] Config 14 finished in 36.209s
2026-08-05 16:39:31,335 [INFO] src.corpus_construction.enhance_images.pipeline: [trome_2014-05-04_1.jpg] Config 16/54 | contrast=none | denoising=laplacian_filter | sharpening=none
2026-08-05 16:39:31,345 [INFO] src.corpus_construction.enhance_images.pipeline: [trome_2014-05-04_1.jpg] Config 15 finished in 0.010s
2026-08-05 16:39:31,345 [INFO] src.corpus_construction.enhance_images.pipeline: [trome_2014-05-04_1.jpg] Config 17/54 | contrast=none | denoising=laplacian_filter | sharpening=unsharp_masking
2026-08-05 16:39:31,360 [INFO] src.corpus_construction.enhance_images.pipeline: [trome_2014-05-04_1.jpg] Config 16 finished in 0.015s
2026-08-05 16:39:31,360 [INFO] src.corpus_construction.enhance_images.pipeline: [trome_2014-05-04_1.jpg] Config 18/54 | contrast=none | denoising=laplacian_filter | sharpening=stroke_width_enhancement
2026-08-05 16:39:31,377 [INFO] src.corpus_construction.enhance_images.pipeline: [trome_2014-05-04_1.jpg] Config 17 finished in 0.017s
2026-08-05 16:39:31,377 [INFO] src.corpus_construction.enhance_images.pipeline: [trome_2014-05-04_1.jpg] Config 19/54 | contrast=none | denoising=frequency_filter | sharpening=none
2026-08-05 16:39:31,607 [INFO] src.corpus_construction.enhance_images.pipeline: [trome_2014-05-04_1.jpg] Config 18 finished in 0.229s
2026-08-05 16:39:31,607 [INFO] src.corpus_construction.enhance_images.pipeline: [trome_2014-05-04_1.jpg] Config 20/54 | contrast=none | denoising=frequency_filter | sharpening=unsharp_masking
2026-08-05 16:39:31,821 [INFO] src.corpus_construction.enhance_images.pipeline: [trome_2014-05-04_1.jpg] Config 19 finished in 0.214s
2026-08-05 16:39:31,822 [INFO] src.corpus_construction.enhance_images.pipeline: [trome_2014-05-04_1.jpg] Config 21/54 | contrast=none | denoising=frequency_filter | sharpening=stroke_width_enhancement
2026-08-05 16:39:32,045 [INFO] src.corpus_construction.enhance_images.pipeline: [trome_2014-05-04_1.jpg] Config 20 finished in 0.223s
2026-08-05 16:39:32,045 [INFO] src.corpus_construction.enhance_images.pipeline: [trome_2014-05-04_1.jpg] Config 22/54 | contrast=none | denoising=crimmins_speckle_removal | sharpening=none
2026-08-05 16:41:19,663 [INFO] src.corpus_construction.enhance_images.pipeline: [trome_2014-05-04_1.jpg] Config 21 finished in 107.618s
2026-08-05 16:41:19,663 [INFO] src.corpus_construction.enhance_images.pipeline: [trome_2014-05-04_1.jpg] Config 23/54 | contrast=none | denoising=crimmins_speckle_removal | sharpening=unsharp_masking
2026-08-05 16:43:06,746 [INFO] src.corpus_construction.enhance_images.pipeline: [trome_2014-05-04_1.jpg] Config 22 finished in 107.082s
2026-08-05 16:43:06,747 [INFO] src.corpus_construction.enhance_images.pipeline: [trome_2014-05-04_1.jpg] Config 24/54 | contrast=none | denoising=crimmins_speckle_removal | sharpening=stroke_width_enhancement
2026-08-05 16:44:54,693 [INFO] src.corpus_construction.enhance_images.pipeline: [trome_2014-05-04_1.jpg] Config 23 finished in 107.947s
2026-08-05 16:44:54,694 [INFO] src.corpus_construction.enhance_images.pipeline: [trome_2014-05-04_1.jpg] Config 25/54 | contrast=none | denoising=unsharp_filter | sharpening=none
2026-08-05 16:44:54,764 [INFO] src.corpus_construction.enhance_images.pipeline: [trome_2014-05-04_1.jpg] Config 24 finished in 0.070s
2026-08-05 16:44:54,764 [INFO] src.corpus_construction.enhance_images.pipeline: [trome_2014-05-04_1.jpg] Config 26/54 | contrast=none | denoising=unsharp_filter | sharpening=unsharp_masking
2026-08-05 16:44:54,838 [INFO] src.corpus_construction.enhance_images.pipeline: [trome_2014-05-04_1.jpg] Config 25 finished in 0.073s
2026-08-05 16:44:54,838 [INFO] src.corpus_construction.enhance_images.pipeline: [trome_2014-05-04_1.jpg] Config 27/54 | contrast=none | denoising=unsharp_filter | sharpening=stroke_width_enhancement
2026-08-05 16:44:54,916 [INFO] src.corpus_construction.enhance_images.pipeline: [trome_2014-05-04_1.jpg] Config 26 finished in 0.078s
2026-08-05 16:44:54,916 [INFO] src.corpus_construction.enhance_images.pipeline: [trome_2014-05-04_1.jpg] Config 28/54 | contrast=clahe | denoising=none | sharpening=none
2026-08-05 16:44:55,082 [INFO] src.corpus_construction.enhance_images.pipeline: [trome_2014-05-04_1.jpg] Config 27 finished in 0.166s
2026-08-05 16:44:55,082 [INFO] src.corpus_construction.enhance_images.pipeline: [trome_2014-05-04_1.jpg] Config 29/54 | contrast=clahe | denoising=none | sharpening=unsharp_masking
2026-08-05 16:44:55,139 [INFO] src.corpus_construction.enhance_images.pipeline: [trome_2014-05-04_1.jpg] Config 28 finished in 0.057s
2026-08-05 16:44:55,139 [INFO] src.corpus_construction.enhance_images.pipeline: [trome_2014-05-04_1.jpg] Config 30/54 | contrast=clahe | denoising=none | sharpening=stroke_width_enhancement
2026-08-05 16:44:55,199 [INFO] src.corpus_construction.enhance_images.pipeline: [trome_2014-05-04_1.jpg] Config 29 finished in 0.059s
2026-08-05 16:44:55,199 [INFO] src.corpus_construction.enhance_images.pipeline: [trome_2014-05-04_1.jpg] Config 31/54 | contrast=clahe | denoising=mean_filter | sharpening=none
2026-08-05 16:44:55,250 [INFO] src.corpus_construction.enhance_images.pipeline: [trome_2014-05-04_1.jpg] Config 30 finished in 0.052s
2026-08-05 16:44:55,250 [INFO] src.corpus_construction.enhance_images.pipeline: [trome_2014-05-04_1.jpg] Config 32/54 | contrast=clahe | denoising=mean_filter | sharpening=unsharp_masking
2026-08-05 16:44:55,307 [INFO] src.corpus_construction.enhance_images.pipeline: [trome_2014-05-04_1.jpg] Config 31 finished in 0.057s
2026-08-05 16:44:55,307 [INFO] src.corpus_construction.enhance_images.pipeline: [trome_2014-05-04_1.jpg] Config 33/54 | contrast=clahe | denoising=mean_filter | sharpening=stroke_width_enhancement
2026-08-05 16:44:55,367 [INFO] src.corpus_construction.enhance_images.pipeline: [trome_2014-05-04_1.jpg] Config 32 finished in 0.059s
2026-08-05 16:44:55,367 [INFO] src.corpus_construction.enhance_images.pipeline: [trome_2014-05-04_1.jpg] Config 34/54 | contrast=clahe | denoising=gaussian_filter | sharpening=none
2026-08-05 16:44:55,419 [INFO] src.corpus_construction.enhance_images.pipeline: [trome_2014-05-04_1.jpg] Config 33 finished in 0.052s
2026-08-05 16:44:55,420 [INFO] src.corpus_construction.enhance_images.pipeline: [trome_2014-05-04_1.jpg] Config 35/54 | contrast=clahe | denoising=gaussian_filter | sharpening=unsharp_masking
2026-08-05 16:44:55,479 [INFO] src.corpus_construction.enhance_images.pipeline: [trome_2014-05-04_1.jpg] Config 34 finished in 0.060s
2026-08-05 16:44:55,480 [INFO] src.corpus_construction.enhance_images.pipeline: [trome_2014-05-04_1.jpg] Config 36/54 | contrast=clahe | denoising=gaussian_filter | sharpening=stroke_width_enhancement
2026-08-05 16:44:55,540 [INFO] src.corpus_construction.enhance_images.pipeline: [trome_2014-05-04_1.jpg] Config 35 finished in 0.060s
2026-08-05 16:44:55,540 [INFO] src.corpus_construction.enhance_images.pipeline: [trome_2014-05-04_1.jpg] Config 37/54 | contrast=clahe | denoising=median_filter | sharpening=none
2026-08-05 16:44:55,591 [INFO] src.corpus_construction.enhance_images.pipeline: [trome_2014-05-04_1.jpg] Config 36 finished in 0.051s
2026-08-05 16:44:55,591 [INFO] src.corpus_construction.enhance_images.pipeline: [trome_2014-05-04_1.jpg] Config 38/54 | contrast=clahe | denoising=median_filter | sharpening=unsharp_masking
2026-08-05 16:44:55,647 [INFO] src.corpus_construction.enhance_images.pipeline: [trome_2014-05-04_1.jpg] Config 37 finished in 0.056s
2026-08-05 16:44:55,647 [INFO] src.corpus_construction.enhance_images.pipeline: [trome_2014-05-04_1.jpg] Config 39/54 | contrast=clahe | denoising=median_filter | sharpening=stroke_width_enhancement
2026-08-05 16:44:55,707 [INFO] src.corpus_construction.enhance_images.pipeline: [trome_2014-05-04_1.jpg] Config 38 finished in 0.060s
2026-08-05 16:44:55,707 [INFO] src.corpus_construction.enhance_images.pipeline: [trome_2014-05-04_1.jpg] Config 40/54 | contrast=clahe | denoising=conservative_filter | sharpening=none
2026-08-05 16:45:31,618 [INFO] src.corpus_construction.enhance_images.pipeline: [trome_2014-05-04_1.jpg] Config 39 finished in 35.911s
2026-08-05 16:45:31,618 [INFO] src.corpus_construction.enhance_images.pipeline: [trome_2014-05-04_1.jpg] Config 41/54 | contrast=clahe | denoising=conservative_filter | sharpening=unsharp_masking
2026-08-05 16:46:07,455 [INFO] src.corpus_construction.enhance_images.pipeline: [trome_2014-05-04_1.jpg] Config 40 finished in 35.837s
2026-08-05 16:46:07,455 [INFO] src.corpus_construction.enhance_images.pipeline: [trome_2014-05-04_1.jpg] Config 42/54 | contrast=clahe | denoising=conservative_filter | sharpening=stroke_width_enhancement
2026-08-05 16:46:43,378 [INFO] src.corpus_construction.enhance_images.pipeline: [trome_2014-05-04_1.jpg] Config 41 finished in 35.923s
2026-08-05 16:46:43,378 [INFO] src.corpus_construction.enhance_images.pipeline: [trome_2014-05-04_1.jpg] Config 43/54 | contrast=clahe | denoising=laplacian_filter | sharpening=none
2026-08-05 16:46:43,432 [INFO] src.corpus_construction.enhance_images.pipeline: [trome_2014-05-04_1.jpg] Config 42 finished in 0.054s
2026-08-05 16:46:43,433 [INFO] src.corpus_construction.enhance_images.pipeline: [trome_2014-05-04_1.jpg] Config 44/54 | contrast=clahe | denoising=laplacian_filter | sharpening=unsharp_masking
2026-08-05 16:46:43,492 [INFO] src.corpus_construction.enhance_images.pipeline: [trome_2014-05-04_1.jpg] Config 43 finished in 0.059s
2026-08-05 16:46:43,492 [INFO] src.corpus_construction.enhance_images.pipeline: [trome_2014-05-04_1.jpg] Config 45/54 | contrast=clahe | denoising=laplacian_filter | sharpening=stroke_width_enhancement
2026-08-05 16:46:43,554 [INFO] src.corpus_construction.enhance_images.pipeline: [trome_2014-05-04_1.jpg] Config 44 finished in 0.062s
2026-08-05 16:46:43,554 [INFO] src.corpus_construction.enhance_images.pipeline: [trome_2014-05-04_1.jpg] Config 46/54 | contrast=clahe | denoising=frequency_filter | sharpening=none
2026-08-05 16:46:43,813 [INFO] src.corpus_construction.enhance_images.pipeline: [trome_2014-05-04_1.jpg] Config 45 finished in 0.259s
2026-08-05 16:46:43,813 [INFO] src.corpus_construction.enhance_images.pipeline: [trome_2014-05-04_1.jpg] Config 47/54 | contrast=clahe | denoising=frequency_filter | sharpening=unsharp_masking
2026-08-05 16:46:44,073 [INFO] src.corpus_construction.enhance_images.pipeline: [trome_2014-05-04_1.jpg] Config 46 finished in 0.260s
2026-08-05 16:46:44,073 [INFO] src.corpus_construction.enhance_images.pipeline: [trome_2014-05-04_1.jpg] Config 48/54 | contrast=clahe | denoising=frequency_filter | sharpening=stroke_width_enhancement
2026-08-05 16:46:44,338 [INFO] src.corpus_construction.enhance_images.pipeline: [trome_2014-05-04_1.jpg] Config 47 finished in 0.265s
2026-08-05 16:46:44,338 [INFO] src.corpus_construction.enhance_images.pipeline: [trome_2014-05-04_1.jpg] Config 49/54 | contrast=clahe | denoising=crimmins_speckle_removal | sharpening=none
2026-08-05 16:48:31,636 [INFO] src.corpus_construction.enhance_images.pipeline: [trome_2014-05-04_1.jpg] Config 48 finished in 107.298s
2026-08-05 16:48:31,636 [INFO] src.corpus_construction.enhance_images.pipeline: [trome_2014-05-04_1.jpg] Config 50/54 | contrast=clahe | denoising=crimmins_speckle_removal | sharpening=unsharp_masking
2026-08-05 16:50:18,886 [INFO] src.corpus_construction.enhance_images.pipeline: [trome_2014-05-04_1.jpg] Config 49 finished in 107.249s
2026-08-05 16:50:18,887 [INFO] src.corpus_construction.enhance_images.pipeline: [trome_2014-05-04_1.jpg] Config 51/54 | contrast=clahe | denoising=crimmins_speckle_removal | sharpening=stroke_width_enhancement
2026-08-05 16:52:06,979 [INFO] src.corpus_construction.enhance_images.pipeline: [trome_2014-05-04_1.jpg] Config 50 finished in 108.092s
2026-08-05 16:52:06,979 [INFO] src.corpus_construction.enhance_images.pipeline: [trome_2014-05-04_1.jpg] Config 52/54 | contrast=clahe | denoising=unsharp_filter | sharpening=none
2026-08-05 16:52:07,098 [INFO] src.corpus_construction.enhance_images.pipeline: [trome_2014-05-04_1.jpg] Config 51 finished in 0.119s
2026-08-05 16:52:07,098 [INFO] src.corpus_construction.enhance_images.pipeline: [trome_2014-05-04_1.jpg] Config 53/54 | contrast=clahe | denoising=unsharp_filter | sharpening=unsharp_masking
2026-08-05 16:52:07,219 [INFO] src.corpus_construction.enhance_images.pipeline: [trome_2014-05-04_1.jpg] Config 52 finished in 0.121s
2026-08-05 16:52:07,220 [INFO] src.corpus_construction.enhance_images.pipeline: [trome_2014-05-04_1.jpg] Config 54/54 | contrast=clahe | denoising=unsharp_filter | sharpening=stroke_width_enhancement
2026-08-05 16:52:07,344 [INFO] src.corpus_construction.enhance_images.pipeline: [trome_2014-05-04_1.jpg] Config 53 finished in 0.124s
2026-08-05 16:52:07,374 [INFO] src.corpus_construction.enhance_images.pipeline: Saved 54 metadata records to data/corpus_construction/enhance_images/results/trome/enhance_images.parquet
2026-08-05 16:52:11,127 [INFO] src.corpus_construction.enhance_images.pipeline: [trome_2014-10-07_32.jpg] Config 1/54 | contrast=none | denoising=none | sharpening=none
2026-08-05 16:52:11,131 [INFO] src.corpus_construction.enhance_images.pipeline: [trome_2014-10-07_32.jpg] Config 0 finished in 0.004s
2026-08-05 16:52:11,131 [INFO] src.corpus_construction.enhance_images.pipeline: [trome_2014-10-07_32.jpg] Config 2/54 | contrast=none | denoising=none | sharpening=unsharp_masking
2026-08-05 16:52:11,146 [INFO] src.corpus_construction.enhance_images.pipeline: [trome_2014-10-07_32.jpg] Config 1 finished in 0.014s
2026-08-05 16:52:11,146 [INFO] src.corpus_construction.enhance_images.pipeline: [trome_2014-10-07_32.jpg] Config 3/54 | contrast=none | denoising=none | sharpening=stroke_width_enhancement
2026-08-05 16:52:11,158 [INFO] src.corpus_construction.enhance_images.pipeline: [trome_2014-10-07_32.jpg] Config 2 finished in 0.012s
2026-08-05 16:52:11,158 [INFO] src.corpus_construction.enhance_images.pipeline: [trome_2014-10-07_32.jpg] Config 4/54 | contrast=none | denoising=mean_filter | sharpening=none
2026-08-05 16:52:11,166 [INFO] src.corpus_construction.enhance_images.pipeline: [trome_2014-10-07_32.jpg] Config 3 finished in 0.008s
2026-08-05 16:52:11,167 [INFO] src.corpus_construction.enhance_images.pipeline: [trome_2014-10-07_32.jpg] Config 5/54 | contrast=none | denoising=mean_filter | sharpening=unsharp_masking
2026-08-05 16:52:11,182 [INFO] src.corpus_construction.enhance_images.pipeline: [trome_2014-10-07_32.jpg] Config 4 finished in 0.016s
2026-08-05 16:52:11,182 [INFO] src.corpus_construction.enhance_images.pipeline: [trome_2014-10-07_32.jpg] Config 6/54 | contrast=none | denoising=mean_filter | sharpening=stroke_width_enhancement
2026-08-05 16:52:11,195 [INFO] src.corpus_construction.enhance_images.pipeline: [trome_2014-10-07_32.jpg] Config 5 finished in 0.013s
2026-08-05 16:52:11,195 [INFO] src.corpus_construction.enhance_images.pipeline: [trome_2014-10-07_32.jpg] Config 7/54 | contrast=none | denoising=gaussian_filter | sharpening=none
2026-08-05 16:52:11,203 [INFO] src.corpus_construction.enhance_images.pipeline: [trome_2014-10-07_32.jpg] Config 6 finished in 0.008s
2026-08-05 16:52:11,203 [INFO] src.corpus_construction.enhance_images.pipeline: [trome_2014-10-07_32.jpg] Config 8/54 | contrast=none | denoising=gaussian_filter | sharpening=unsharp_masking
2026-08-05 16:52:11,220 [INFO] src.corpus_construction.enhance_images.pipeline: [trome_2014-10-07_32.jpg] Config 7 finished in 0.016s
2026-08-05 16:52:11,220 [INFO] src.corpus_construction.enhance_images.pipeline: [trome_2014-10-07_32.jpg] Config 9/54 | contrast=none | denoising=gaussian_filter | sharpening=stroke_width_enhancement
2026-08-05 16:52:11,235 [INFO] src.corpus_construction.enhance_images.pipeline: [trome_2014-10-07_32.jpg] Config 8 finished in 0.015s
2026-08-05 16:52:11,235 [INFO] src.corpus_construction.enhance_images.pipeline: [trome_2014-10-07_32.jpg] Config 10/54 | contrast=none | denoising=median_filter | sharpening=none
2026-08-05 16:52:11,242 [INFO] src.corpus_construction.enhance_images.pipeline: [trome_2014-10-07_32.jpg] Config 9 finished in 0.007s
2026-08-05 16:52:11,242 [INFO] src.corpus_construction.enhance_images.pipeline: [trome_2014-10-07_32.jpg] Config 11/54 | contrast=none | denoising=median_filter | sharpening=unsharp_masking
2026-08-05 16:52:11,256 [INFO] src.corpus_construction.enhance_images.pipeline: [trome_2014-10-07_32.jpg] Config 10 finished in 0.014s
2026-08-05 16:52:11,256 [INFO] src.corpus_construction.enhance_images.pipeline: [trome_2014-10-07_32.jpg] Config 12/54 | contrast=none | denoising=median_filter | sharpening=stroke_width_enhancement
2026-08-05 16:52:11,268 [INFO] src.corpus_construction.enhance_images.pipeline: [trome_2014-10-07_32.jpg] Config 11 finished in 0.012s
2026-08-05 16:52:11,268 [INFO] src.corpus_construction.enhance_images.pipeline: [trome_2014-10-07_32.jpg] Config 13/54 | contrast=none | denoising=conservative_filter | sharpening=none
2026-08-05 16:52:47,449 [INFO] src.corpus_construction.enhance_images.pipeline: [trome_2014-10-07_32.jpg] Config 12 finished in 36.181s
2026-08-05 16:52:47,449 [INFO] src.corpus_construction.enhance_images.pipeline: [trome_2014-10-07_32.jpg] Config 14/54 | contrast=none | denoising=conservative_filter | sharpening=unsharp_masking
2026-08-05 16:53:23,751 [INFO] src.corpus_construction.enhance_images.pipeline: [trome_2014-10-07_32.jpg] Config 13 finished in 36.302s
2026-08-05 16:53:23,752 [INFO] src.corpus_construction.enhance_images.pipeline: [trome_2014-10-07_32.jpg] Config 15/54 | contrast=none | denoising=conservative_filter | sharpening=stroke_width_enhancement
2026-08-05 16:54:00,114 [INFO] src.corpus_construction.enhance_images.pipeline: [trome_2014-10-07_32.jpg] Config 14 finished in 36.362s
2026-08-05 16:54:00,114 [INFO] src.corpus_construction.enhance_images.pipeline: [trome_2014-10-07_32.jpg] Config 16/54 | contrast=none | denoising=laplacian_filter | sharpening=none
2026-08-05 16:54:00,126 [INFO] src.corpus_construction.enhance_images.pipeline: [trome_2014-10-07_32.jpg] Config 15 finished in 0.012s
2026-08-05 16:54:00,126 [INFO] src.corpus_construction.enhance_images.pipeline: [trome_2014-10-07_32.jpg] Config 17/54 | contrast=none | denoising=laplacian_filter | sharpening=unsharp_masking
2026-08-05 16:54:00,145 [INFO] src.corpus_construction.enhance_images.pipeline: [trome_2014-10-07_32.jpg] Config 16 finished in 0.019s
2026-08-05 16:54:00,145 [INFO] src.corpus_construction.enhance_images.pipeline: [trome_2014-10-07_32.jpg] Config 18/54 | contrast=none | denoising=laplacian_filter | sharpening=stroke_width_enhancement
2026-08-05 16:54:00,166 [INFO] src.corpus_construction.enhance_images.pipeline: [trome_2014-10-07_32.jpg] Config 17 finished in 0.021s
2026-08-05 16:54:00,166 [INFO] src.corpus_construction.enhance_images.pipeline: [trome_2014-10-07_32.jpg] Config 19/54 | contrast=none | denoising=frequency_filter | sharpening=none
2026-08-05 16:54:00,400 [INFO] src.corpus_construction.enhance_images.pipeline: [trome_2014-10-07_32.jpg] Config 18 finished in 0.234s
2026-08-05 16:54:00,400 [INFO] src.corpus_construction.enhance_images.pipeline: [trome_2014-10-07_32.jpg] Config 20/54 | contrast=none | denoising=frequency_filter | sharpening=unsharp_masking
2026-08-05 16:54:00,613 [INFO] src.corpus_construction.enhance_images.pipeline: [trome_2014-10-07_32.jpg] Config 19 finished in 0.213s
2026-08-05 16:54:00,613 [INFO] src.corpus_construction.enhance_images.pipeline: [trome_2014-10-07_32.jpg] Config 21/54 | contrast=none | denoising=frequency_filter | sharpening=stroke_width_enhancement
2026-08-05 16:54:00,853 [INFO] src.corpus_construction.enhance_images.pipeline: [trome_2014-10-07_32.jpg] Config 20 finished in 0.240s
2026-08-05 16:54:00,853 [INFO] src.corpus_construction.enhance_images.pipeline: [trome_2014-10-07_32.jpg] Config 22/54 | contrast=none | denoising=crimmins_speckle_removal | sharpening=none
2026-08-05 16:55:48,626 [INFO] src.corpus_construction.enhance_images.pipeline: [trome_2014-10-07_32.jpg] Config 21 finished in 107.772s
2026-08-05 16:55:48,626 [INFO] src.corpus_construction.enhance_images.pipeline: [trome_2014-10-07_32.jpg] Config 23/54 | contrast=none | denoising=crimmins_speckle_removal | sharpening=unsharp_masking
2026-08-05 16:57:39,808 [INFO] src.corpus_construction.enhance_images.pipeline: [trome_2014-10-07_32.jpg] Config 22 finished in 111.182s
2026-08-05 16:57:39,809 [INFO] src.corpus_construction.enhance_images.pipeline: [trome_2014-10-07_32.jpg] Config 24/54 | contrast=none | denoising=crimmins_speckle_removal | sharpening=stroke_width_enhancement
2026-08-05 16:59:37,036 [INFO] src.corpus_construction.enhance_images.pipeline: [trome_2014-10-07_32.jpg] Config 23 finished in 117.227s
2026-08-05 16:59:37,036 [INFO] src.corpus_construction.enhance_images.pipeline: [trome_2014-10-07_32.jpg] Config 25/54 | contrast=none | denoising=unsharp_filter | sharpening=none
2026-08-05 16:59:37,113 [INFO] src.corpus_construction.enhance_images.pipeline: [trome_2014-10-07_32.jpg] Config 24 finished in 0.077s
2026-08-05 16:59:37,113 [INFO] src.corpus_construction.enhance_images.pipeline: [trome_2014-10-07_32.jpg] Config 26/54 | contrast=none | denoising=unsharp_filter | sharpening=unsharp_masking
2026-08-05 16:59:37,189 [INFO] src.corpus_construction.enhance_images.pipeline: [trome_2014-10-07_32.jpg] Config 25 finished in 0.076s
2026-08-05 16:59:37,189 [INFO] src.corpus_construction.enhance_images.pipeline: [trome_2014-10-07_32.jpg] Config 27/54 | contrast=none | denoising=unsharp_filter | sharpening=stroke_width_enhancement
2026-08-05 16:59:37,267 [INFO] src.corpus_construction.enhance_images.pipeline: [trome_2014-10-07_32.jpg] Config 26 finished in 0.078s
2026-08-05 16:59:37,267 [INFO] src.corpus_construction.enhance_images.pipeline: [trome_2014-10-07_32.jpg] Config 28/54 | contrast=clahe | denoising=none | sharpening=none
2026-08-05 16:59:37,320 [INFO] src.corpus_construction.enhance_images.pipeline: [trome_2014-10-07_32.jpg] Config 27 finished in 0.053s
2026-08-05 16:59:37,320 [INFO] src.corpus_construction.enhance_images.pipeline: [trome_2014-10-07_32.jpg] Config 29/54 | contrast=clahe | denoising=none | sharpening=unsharp_masking
2026-08-05 16:59:37,377 [INFO] src.corpus_construction.enhance_images.pipeline: [trome_2014-10-07_32.jpg] Config 28 finished in 0.056s
2026-08-05 16:59:37,377 [INFO] src.corpus_construction.enhance_images.pipeline: [trome_2014-10-07_32.jpg] Config 30/54 | contrast=clahe | denoising=none | sharpening=stroke_width_enhancement
2026-08-05 16:59:37,436 [INFO] src.corpus_construction.enhance_images.pipeline: [trome_2014-10-07_32.jpg] Config 29 finished in 0.059s
2026-08-05 16:59:37,436 [INFO] src.corpus_construction.enhance_images.pipeline: [trome_2014-10-07_32.jpg] Config 31/54 | contrast=clahe | denoising=mean_filter | sharpening=none
2026-08-05 16:59:37,489 [INFO] src.corpus_construction.enhance_images.pipeline: [trome_2014-10-07_32.jpg] Config 30 finished in 0.053s
2026-08-05 16:59:37,489 [INFO] src.corpus_construction.enhance_images.pipeline: [trome_2014-10-07_32.jpg] Config 32/54 | contrast=clahe | denoising=mean_filter | sharpening=unsharp_masking
2026-08-05 16:59:37,547 [INFO] src.corpus_construction.enhance_images.pipeline: [trome_2014-10-07_32.jpg] Config 31 finished in 0.058s
2026-08-05 16:59:37,547 [INFO] src.corpus_construction.enhance_images.pipeline: [trome_2014-10-07_32.jpg] Config 33/54 | contrast=clahe | denoising=mean_filter | sharpening=stroke_width_enhancement
2026-08-05 16:59:37,608 [INFO] src.corpus_construction.enhance_images.pipeline: [trome_2014-10-07_32.jpg] Config 32 finished in 0.060s
2026-08-05 16:59:37,608 [INFO] src.corpus_construction.enhance_images.pipeline: [trome_2014-10-07_32.jpg] Config 34/54 | contrast=clahe | denoising=gaussian_filter | sharpening=none
2026-08-05 16:59:37,661 [INFO] src.corpus_construction.enhance_images.pipeline: [trome_2014-10-07_32.jpg] Config 33 finished in 0.052s
2026-08-05 16:59:37,661 [INFO] src.corpus_construction.enhance_images.pipeline: [trome_2014-10-07_32.jpg] Config 35/54 | contrast=clahe | denoising=gaussian_filter | sharpening=unsharp_masking
2026-08-05 16:59:37,720 [INFO] src.corpus_construction.enhance_images.pipeline: [trome_2014-10-07_32.jpg] Config 34 finished in 0.059s
2026-08-05 16:59:37,720 [INFO] src.corpus_construction.enhance_images.pipeline: [trome_2014-10-07_32.jpg] Config 36/54 | contrast=clahe | denoising=gaussian_filter | sharpening=stroke_width_enhancement
2026-08-05 16:59:37,779 [INFO] src.corpus_construction.enhance_images.pipeline: [trome_2014-10-07_32.jpg] Config 35 finished in 0.059s
2026-08-05 16:59:37,779 [INFO] src.corpus_construction.enhance_images.pipeline: [trome_2014-10-07_32.jpg] Config 37/54 | contrast=clahe | denoising=median_filter | sharpening=none
2026-08-05 16:59:37,831 [INFO] src.corpus_construction.enhance_images.pipeline: [trome_2014-10-07_32.jpg] Config 36 finished in 0.052s
2026-08-05 16:59:37,831 [INFO] src.corpus_construction.enhance_images.pipeline: [trome_2014-10-07_32.jpg] Config 38/54 | contrast=clahe | denoising=median_filter | sharpening=unsharp_masking
2026-08-05 16:59:37,888 [INFO] src.corpus_construction.enhance_images.pipeline: [trome_2014-10-07_32.jpg] Config 37 finished in 0.057s
2026-08-05 16:59:37,888 [INFO] src.corpus_construction.enhance_images.pipeline: [trome_2014-10-07_32.jpg] Config 39/54 | contrast=clahe | denoising=median_filter | sharpening=stroke_width_enhancement
2026-08-05 16:59:37,948 [INFO] src.corpus_construction.enhance_images.pipeline: [trome_2014-10-07_32.jpg] Config 38 finished in 0.059s
2026-08-05 16:59:37,948 [INFO] src.corpus_construction.enhance_images.pipeline: [trome_2014-10-07_32.jpg] Config 40/54 | contrast=clahe | denoising=conservative_filter | sharpening=none
2026-08-05 17:00:13,974 [INFO] src.corpus_construction.enhance_images.pipeline: [trome_2014-10-07_32.jpg] Config 39 finished in 36.026s
2026-08-05 17:00:13,974 [INFO] src.corpus_construction.enhance_images.pipeline: [trome_2014-10-07_32.jpg] Config 41/54 | contrast=clahe | denoising=conservative_filter | sharpening=unsharp_masking
2026-08-05 17:00:50,057 [INFO] src.corpus_construction.enhance_images.pipeline: [trome_2014-10-07_32.jpg] Config 40 finished in 36.082s
2026-08-05 17:00:50,057 [INFO] src.corpus_construction.enhance_images.pipeline: [trome_2014-10-07_32.jpg] Config 42/54 | contrast=clahe | denoising=conservative_filter | sharpening=stroke_width_enhancement
2026-08-05 17:01:26,354 [INFO] src.corpus_construction.enhance_images.pipeline: [trome_2014-10-07_32.jpg] Config 41 finished in 36.297s
2026-08-05 17:01:26,354 [INFO] src.corpus_construction.enhance_images.pipeline: [trome_2014-10-07_32.jpg] Config 43/54 | contrast=clahe | denoising=laplacian_filter | sharpening=none
2026-08-05 17:01:26,410 [INFO] src.corpus_construction.enhance_images.pipeline: [trome_2014-10-07_32.jpg] Config 42 finished in 0.056s
2026-08-05 17:01:26,410 [INFO] src.corpus_construction.enhance_images.pipeline: [trome_2014-10-07_32.jpg] Config 44/54 | contrast=clahe | denoising=laplacian_filter | sharpening=unsharp_masking
2026-08-05 17:01:26,472 [INFO] src.corpus_construction.enhance_images.pipeline: [trome_2014-10-07_32.jpg] Config 43 finished in 0.061s
2026-08-05 17:01:26,472 [INFO] src.corpus_construction.enhance_images.pipeline: [trome_2014-10-07_32.jpg] Config 45/54 | contrast=clahe | denoising=laplacian_filter | sharpening=stroke_width_enhancement
2026-08-05 17:01:26,535 [INFO] src.corpus_construction.enhance_images.pipeline: [trome_2014-10-07_32.jpg] Config 44 finished in 0.063s
2026-08-05 17:01:26,535 [INFO] src.corpus_construction.enhance_images.pipeline: [trome_2014-10-07_32.jpg] Config 46/54 | contrast=clahe | denoising=frequency_filter | sharpening=none
2026-08-05 17:01:26,803 [INFO] src.corpus_construction.enhance_images.pipeline: [trome_2014-10-07_32.jpg] Config 45 finished in 0.268s
2026-08-05 17:01:26,803 [INFO] src.corpus_construction.enhance_images.pipeline: [trome_2014-10-07_32.jpg] Config 47/54 | contrast=clahe | denoising=frequency_filter | sharpening=unsharp_masking
2026-08-05 17:01:27,060 [INFO] src.corpus_construction.enhance_images.pipeline: [trome_2014-10-07_32.jpg] Config 46 finished in 0.257s
2026-08-05 17:01:27,060 [INFO] src.corpus_construction.enhance_images.pipeline: [trome_2014-10-07_32.jpg] Config 48/54 | contrast=clahe | denoising=frequency_filter | sharpening=stroke_width_enhancement
2026-08-05 17:01:27,336 [INFO] src.corpus_construction.enhance_images.pipeline: [trome_2014-10-07_32.jpg] Config 47 finished in 0.276s
2026-08-05 17:01:27,336 [INFO] src.corpus_construction.enhance_images.pipeline: [trome_2014-10-07_32.jpg] Config 49/54 | contrast=clahe | denoising=crimmins_speckle_removal | sharpening=none
2026-08-05 17:03:13,799 [INFO] src.corpus_construction.enhance_images.pipeline: [trome_2014-10-07_32.jpg] Config 48 finished in 106.462s
2026-08-05 17:03:13,799 [INFO] src.corpus_construction.enhance_images.pipeline: [trome_2014-10-07_32.jpg] Config 50/54 | contrast=clahe | denoising=crimmins_speckle_removal | sharpening=unsharp_masking
2026-08-05 17:05:00,226 [INFO] src.corpus_construction.enhance_images.pipeline: [trome_2014-10-07_32.jpg] Config 49 finished in 106.427s
2026-08-05 17:05:00,226 [INFO] src.corpus_construction.enhance_images.pipeline: [trome_2014-10-07_32.jpg] Config 51/54 | contrast=clahe | denoising=crimmins_speckle_removal | sharpening=stroke_width_enhancement
