
================================================================================
                              Slurm Job Statistics                              
================================================================================
         Job ID: 26489133
   User/Account: nicolasal97/agfritz
       Job Name: gestion_llm_extraction
          State: TIMEOUT
          Nodes: 1
      CPU Cores: 5
     CPU Memory: 15GB (3GB per CPU-core)
           GPUs: 1
  QOS/Partition: prio/scavenger
        Cluster: curta
     Start Time: Thu Sep 17, 2026 at 8:46 AM
       Run Time: 1-00:00:19
     Time Limit: 1-00:00:00

                              Overall Utilization                               
================================================================================
  CPU utilization  [||                                              5%]
  CPU memory usage [|||||||||||||||||||||||||||||||||||||||||      82%]
  GPU utilization  [|||||||||||||||||||||||||||||||||||||||||||||| 93%]
  GPU memory usage [|||||||||||||||||||||||||||||||||||||||||||||| 93%]

                              Detailed Utilization                              
================================================================================
  CPU utilization per node (CPU time used/run time)
      g016.curta.zedat.fu-berlin.de: 06:41:52/5-00:01:35 (efficiency=5.6%)

  CPU memory usage per node - used/allocated
      g016.curta.zedat.fu-berlin.de: 12.4GB/15GB (2.5GB/3GB per core of 5)

  GPU utilization per node
      g016.curta.zedat.fu-berlin.de (GPU 0): 92.6%

  GPU memory usage per node - maximum used/total
      g016.curta.zedat.fu-berlin.de (GPU 0): 73.9GB/79.6GB (92.8%)

                                     Notes                                      
================================================================================
  * This job failed because it exceeded the time limit. If there are no other
    problems then the solution is to increase the value of the --time Slurm
    directive and resubmit the job. For more info:
      https://www.fu-berlin.de/en/sites/high-performance-computing/Dokumentation/Ressourcen-Manager/Zeitlimit

  * Have a nice day!


