
================================================================================
                              Slurm Job Statistics                              
================================================================================
         Job ID: 26489135
   User/Account: nicolasal97/agfritz
       Job Name: ojo_llm_extraction
          State: TIMEOUT
          Nodes: 1
      CPU Cores: 5
     CPU Memory: 15GB (3GB per CPU-core)
           GPUs: 1
  QOS/Partition: prio/scavenger
        Cluster: curta
     Start Time: Thu Sep 17, 2026 at 6:12 PM
       Run Time: 1-00:00:02
     Time Limit: 1-00:00:00

                              Overall Utilization                               
================================================================================
  CPU utilization  [|||                                             6%]
  CPU memory usage [|||||||||||||||||||||||||||                    55%]
  GPU utilization  [|||||||||||||||||||||||||||||||||||||||||||||||95%]
  GPU memory usage [|||||||||||||||||||||||||||||||||||||||||||||| 93%]

                              Detailed Utilization                              
================================================================================
  CPU utilization per node (CPU time used/run time)
      g016.curta.zedat.fu-berlin.de: 08:08:05/5-00:00:10 (efficiency=6.8%)

  CPU memory usage per node - used/allocated
      g016.curta.zedat.fu-berlin.de: 8.3GB/15GB (1.7GB/3GB per core of 5)

  GPU utilization per node
      g016.curta.zedat.fu-berlin.de (GPU 1): 94.9%

  GPU memory usage per node - maximum used/total
      g016.curta.zedat.fu-berlin.de (GPU 1): 73.9GB/79.6GB (92.8%)

                                     Notes                                      
================================================================================
  * This job failed because it exceeded the time limit. If there are no other
    problems then the solution is to increase the value of the --time Slurm
    directive and resubmit the job. For more info:
      https://www.fu-berlin.de/en/sites/high-performance-computing/Dokumentation/Ressourcen-Manager/Zeitlimit

  * This job only used 55% of the 15GB of total allocated CPU memory. For
    future jobs, please allocate less memory by using a Slurm directive such
    as --mem-per-cpu=2G or --mem=10G. This will reduce your queue times and
    make the resources available to other users. For more info:
      https://www.fu-berlin.de/en/sites/high-performance-computing/Dokumentation/Ressourcen-Manager/Hauptspeicher/

  * Have a nice day!


