
================================================================================
                              Slurm Job Statistics                              
================================================================================
         Job ID: 26509079
   User/Account: nicolasal97/agfritz
       Job Name: ojo_llm_extraction
          State: OUT_OF_MEMORY
          Nodes: 1
      CPU Cores: 5
     CPU Memory: 10GB (2GB per CPU-core)
           GPUs: 1
  QOS/Partition: prio/scavenger
        Cluster: curta
     Start Time: Sat Sep 19, 2026 at 5:37 PM
       Run Time: 06:42:27
     Time Limit: 12:00:00

                              Overall Utilization                               
================================================================================
  CPU utilization  [||||                                            8%]
  CPU memory usage [||||||||||||||||||||||||||                     53%]
  GPU utilization  [|||||||||||||||||||||||||||||||||||||||||||||||95%]
  GPU memory usage [|||||||||||||||||||||||||||||||||||||||||||||| 93%]

                              Detailed Utilization                              
================================================================================
  CPU utilization per node (CPU time used/run time)
      g016.curta.zedat.fu-berlin.de: 02:53:45/1-09:32:15 (efficiency=8.6%)

  CPU memory usage per node - used/allocated
      g016.curta.zedat.fu-berlin.de: 5.3GB/10GB (1.1GB/2GB per core of 5)

  GPU utilization per node
      g016.curta.zedat.fu-berlin.de (GPU 2): 95.0%

  GPU memory usage per node - maximum used/total
      g016.curta.zedat.fu-berlin.de (GPU 2): 73.9GB/79.6GB (92.8%)

                                     Notes                                      
================================================================================
  * This job failed because it needed more CPU memory than the amount that was
    requested. The solution is to resubmit the job while requesting more CPU
    memory by modifying the --mem-per-cpu or --mem Slurm directive. For more
    info:
      https://www.fu-berlin.de/en/sites/high-performance-computing/Dokumentation/Ressourcen-Manager/Hauptspeicher

  * Have a nice day!


