2026-07-22 15:41:41,733 INFO Found 1 original image(s) to process with ['doclayout', 'ppdoclayout', 'histogram'] detector(s).
2026-07-22 15:41:41,733 INFO Starting layout analysis: gestion_2014-01-02_1
2026-07-22 15:41:41,775 INFO [gestion_2014-01-02_1] config_0 | detector=doclayout
2026-07-22 15:41:41,775 INFO Loading detector: doclayout
2026-07-22 15:42:33,914 INFO HTTP Request: HEAD https://huggingface.co/juliozhao/DocLayout-YOLO-DocStructBench/resolve/main/doclayout_yolo_docstructbench_imgsz1024.pt "HTTP/1.1 302 Found"
2026-07-22 15:42:35,100 INFO [gestion_2014-01-02_1] config_0 | detector=doclayout → 35 regions → 9 articles in 53.283s
2026-07-22 15:42:35,100 INFO [gestion_2014-01-02_1] config_0 | detector=ppdoclayout
2026-07-22 15:42:35,100 INFO Loading detector: ppdoclayout
which: no ccache in (/home/nicolasal97/ma_up/venv/corpus_construction/layout_detection/bin:/trinity/shared/easybuild/software/Python/3.13.5-GCCcore-14.3.0/bin:/trinity/shared/easybuild/software/OpenSSL/3/bin:/trinity/shared/easybuild/software/XZ/5.8.1-GCCcore-14.3.0/bin:/trinity/shared/easybuild/software/SQLite/3.50.1-GCCcore-14.3.0/bin:/trinity/shared/easybuild/software/Tcl/9.0.1-GCCcore-14.3.0/bin:/trinity/shared/easybuild/software/ncurses/6.5-GCCcore-14.3.0/bin:/trinity/shared/easybuild/software/bzip2/1.0.8-GCCcore-14.3.0/bin:/trinity/shared/easybuild/software/binutils/2.44-GCCcore-14.3.0/bin:/trinity/shared/easybuild/software/virtualenv/20.32.0-GCCcore-14.3.0/bin:/trinity/shared/easybuild/software/GCCcore/14.3.0/bin:/home/nicolasal97/.local/bin:/home/nicolasal97/bin:/usr/local/bin:/usr/bin:/usr/local/sbin:/usr/sbin)
/home/nicolasal97/ma_up/venv/corpus_construction/layout_detection/lib/python3.13/site-packages/paddle/utils/cpp_extension/extension_utils.py:711: UserWarning: No ccache found. Please be aware that recompiling all source files may be required. You can download and install ccache from: https://github.com/ccache/ccache/blob/master/doc/INSTALL.md
  warnings.warn(warning_message)
[32mModel files already exist. Using cached files. To redownload, please delete the directory manually: `/home/nicolasal97/.paddlex/official_models/PP-DocLayout-L`.[0m
2026-07-22 15:42:43,958 INFO [gestion_2014-01-02_1] config_0 | detector=ppdoclayout → 39 regions → 7 articles in 8.725s
2026-07-22 15:42:43,958 INFO [gestion_2014-01-02_1] config_0 | detector=histogram
2026-07-22 15:42:43,958 INFO Loading detector: histogram
2026-07-22 15:42:44,000 INFO [gestion_2014-01-02_1] config_0 | detector=histogram → 4 regions → 2 articles in 0.016s
2026-07-22 15:42:44,007 INFO [gestion_2014-01-02_1] config_1 | detector=doclayout
2026-07-22 15:42:44,075 INFO [gestion_2014-01-02_1] config_1 | detector=doclayout → 30 regions → 10 articles in 0.034s
2026-07-22 15:42:44,075 INFO [gestion_2014-01-02_1] config_1 | detector=ppdoclayout
2026-07-22 15:42:45,955 INFO [gestion_2014-01-02_1] config_1 | detector=ppdoclayout → 37 regions → 6 articles in 1.736s
2026-07-22 15:42:45,955 INFO [gestion_2014-01-02_1] config_1 | detector=histogram
2026-07-22 15:42:46,009 INFO [gestion_2014-01-02_1] config_1 | detector=histogram → 4 regions → 2 articles in 0.028s
2026-07-22 15:42:46,013 INFO [gestion_2014-01-02_1] config_2 | detector=doclayout
2026-07-22 15:42:46,086 INFO [gestion_2014-01-02_1] config_2 | detector=doclayout → 30 regions → 10 articles in 0.036s
2026-07-22 15:42:46,087 INFO [gestion_2014-01-02_1] config_2 | detector=ppdoclayout
2026-07-22 15:42:47,953 INFO [gestion_2014-01-02_1] config_2 | detector=ppdoclayout → 35 regions → 8 articles in 1.718s
2026-07-22 15:42:47,953 INFO [gestion_2014-01-02_1] config_2 | detector=histogram
2026-07-22 15:42:48,005 INFO [gestion_2014-01-02_1] config_2 | detector=histogram → 4 regions → 2 articles in 0.029s
2026-07-22 15:42:48,012 INFO [gestion_2014-01-02_1] config_3 | detector=doclayout
2026-07-22 15:42:48,086 INFO [gestion_2014-01-02_1] config_3 | detector=doclayout → 33 regions → 9 articles in 0.033s
2026-07-22 15:42:48,086 INFO [gestion_2014-01-02_1] config_3 | detector=ppdoclayout
2026-07-22 15:42:49,867 INFO [gestion_2014-01-02_1] config_3 | detector=ppdoclayout → 14 regions → 10 articles in 1.700s
2026-07-22 15:42:49,867 INFO [gestion_2014-01-02_1] config_3 | detector=histogram
2026-07-22 15:42:49,989 INFO [gestion_2014-01-02_1] config_3 | detector=histogram → 4 regions → 2 articles in 0.024s
2026-07-22 15:42:49,995 INFO [gestion_2014-01-02_1] config_4 | detector=doclayout
2026-07-22 15:42:50,073 INFO [gestion_2014-01-02_1] config_4 | detector=doclayout → 32 regions → 11 articles in 0.033s
2026-07-22 15:42:50,073 INFO [gestion_2014-01-02_1] config_4 | detector=ppdoclayout
2026-07-22 15:42:51,956 INFO [gestion_2014-01-02_1] config_4 | detector=ppdoclayout → 31 regions → 10 articles in 1.732s
2026-07-22 15:42:51,956 INFO [gestion_2014-01-02_1] config_4 | detector=histogram
2026-07-22 15:42:52,012 INFO [gestion_2014-01-02_1] config_4 | detector=histogram → 4 regions → 2 articles in 0.031s
2026-07-22 15:42:52,017 INFO [gestion_2014-01-02_1] config_5 | detector=doclayout
2026-07-22 15:42:52,087 INFO [gestion_2014-01-02_1] config_5 | detector=doclayout → 31 regions → 10 articles in 0.036s
2026-07-22 15:42:52,087 INFO [gestion_2014-01-02_1] config_5 | detector=ppdoclayout
2026-07-22 15:42:53,800 INFO [gestion_2014-01-02_1] config_5 | detector=ppdoclayout → 1 regions → 1 articles in 1.691s
2026-07-22 15:42:53,800 INFO [gestion_2014-01-02_1] config_5 | detector=histogram
2026-07-22 15:42:53,967 INFO [gestion_2014-01-02_1] config_5 | detector=histogram → 4 regions → 2 articles in 0.024s
2026-07-22 15:42:53,975 INFO [gestion_2014-01-02_1] config_6 | detector=doclayout
2026-07-22 15:42:54,045 INFO [gestion_2014-01-02_1] config_6 | detector=doclayout → 33 regions → 9 articles in 0.034s
2026-07-22 15:42:54,046 INFO [gestion_2014-01-02_1] config_6 | detector=ppdoclayout
2026-07-22 15:42:55,901 INFO [gestion_2014-01-02_1] config_6 | detector=ppdoclayout → 26 regions → 9 articles in 1.709s
2026-07-22 15:42:55,901 INFO [gestion_2014-01-02_1] config_6 | detector=histogram
2026-07-22 15:42:55,955 INFO [gestion_2014-01-02_1] config_6 | detector=histogram → 4 regions → 2 articles in 0.028s
2026-07-22 15:42:55,963 INFO [gestion_2014-01-02_1] config_7 | detector=doclayout
2026-07-22 15:42:56,029 INFO [gestion_2014-01-02_1] config_7 | detector=doclayout → 24 regions → 10 articles in 0.033s
2026-07-22 15:42:56,029 INFO [gestion_2014-01-02_1] config_7 | detector=ppdoclayout
2026-07-22 15:42:57,930 INFO [gestion_2014-01-02_1] config_7 | detector=ppdoclayout → 32 regions → 8 articles in 1.731s
2026-07-22 15:42:57,931 INFO [gestion_2014-01-02_1] config_7 | detector=histogram
2026-07-22 15:42:57,971 INFO [gestion_2014-01-02_1] config_7 | detector=histogram → 4 regions → 2 articles in 0.013s
2026-07-22 15:42:57,976 INFO [gestion_2014-01-02_1] config_8 | detector=doclayout
2026-07-22 15:42:58,042 INFO [gestion_2014-01-02_1] config_8 | detector=doclayout → 31 regions → 10 articles in 0.034s
2026-07-22 15:42:58,042 INFO [gestion_2014-01-02_1] config_8 | detector=ppdoclayout
2026-07-22 15:42:59,852 INFO [gestion_2014-01-02_1] config_8 | detector=ppdoclayout → 13 regions → 7 articles in 1.739s
2026-07-22 15:42:59,852 INFO [gestion_2014-01-02_1] config_8 | detector=histogram
2026-07-22 15:42:59,972 INFO [gestion_2014-01-02_1] config_8 | detector=histogram → 4 regions → 2 articles in 0.028s
2026-07-22 15:42:59,979 INFO [gestion_2014-01-02_1] config_9 | detector=doclayout
2026-07-22 15:43:00,050 INFO [gestion_2014-01-02_1] config_9 | detector=doclayout → 32 regions → 9 articles in 0.032s
2026-07-22 15:43:00,050 INFO [gestion_2014-01-02_1] config_9 | detector=ppdoclayout
2026-07-22 15:43:01,931 INFO [gestion_2014-01-02_1] config_9 | detector=ppdoclayout → 34 regions → 9 articles in 1.721s
2026-07-22 15:43:01,931 INFO [gestion_2014-01-02_1] config_9 | detector=histogram
2026-07-22 15:43:01,976 INFO [gestion_2014-01-02_1] config_9 | detector=histogram → 4 regions → 2 articles in 0.020s
2026-07-22 15:43:01,983 INFO [gestion_2014-01-02_1] config_10 | detector=doclayout
2026-07-22 15:43:02,057 INFO [gestion_2014-01-02_1] config_10 | detector=doclayout → 30 regions → 10 articles in 0.033s
2026-07-22 15:43:02,057 INFO [gestion_2014-01-02_1] config_10 | detector=ppdoclayout
2026-07-22 15:43:03,911 INFO [gestion_2014-01-02_1] config_10 | detector=ppdoclayout → 35 regions → 7 articles in 1.727s
2026-07-22 15:43:03,911 INFO [gestion_2014-01-02_1] config_10 | detector=histogram
2026-07-22 15:43:03,977 INFO [gestion_2014-01-02_1] config_10 | detector=histogram → 4 regions → 2 articles in 0.025s
2026-07-22 15:43:03,982 INFO [gestion_2014-01-02_1] config_11 | detector=doclayout
2026-07-22 15:43:04,053 INFO [gestion_2014-01-02_1] config_11 | detector=doclayout → 31 regions → 10 articles in 0.032s
2026-07-22 15:43:04,053 INFO [gestion_2014-01-02_1] config_11 | detector=ppdoclayout
2026-07-22 15:43:05,904 INFO [gestion_2014-01-02_1] config_11 | detector=ppdoclayout → 35 regions → 9 articles in 1.713s
2026-07-22 15:43:05,904 INFO [gestion_2014-01-02_1] config_11 | detector=histogram
2026-07-22 15:43:05,954 INFO [gestion_2014-01-02_1] config_11 | detector=histogram → 4 regions → 2 articles in 0.027s
2026-07-22 15:43:05,962 INFO [gestion_2014-01-02_1] config_12 | detector=doclayout
2026-07-22 15:43:06,031 INFO [gestion_2014-01-02_1] config_12 | detector=doclayout → 34 regions → 9 articles in 0.032s
2026-07-22 15:43:06,031 INFO [gestion_2014-01-02_1] config_12 | detector=ppdoclayout
2026-07-22 15:43:07,904 INFO [gestion_2014-01-02_1] config_12 | detector=ppdoclayout → 37 regions → 6 articles in 1.741s
2026-07-22 15:43:07,904 INFO [gestion_2014-01-02_1] config_12 | detector=histogram
2026-07-22 15:43:07,962 INFO [gestion_2014-01-02_1] config_12 | detector=histogram → 4 regions → 2 articles in 0.027s
2026-07-22 15:43:07,969 INFO [gestion_2014-01-02_1] config_13 | detector=doclayout
2026-07-22 15:43:08,035 INFO [gestion_2014-01-02_1] config_13 | detector=doclayout → 29 regions → 10 articles in 0.031s
2026-07-22 15:43:08,035 INFO [gestion_2014-01-02_1] config_13 | detector=ppdoclayout
2026-07-22 15:43:09,877 INFO [gestion_2014-01-02_1] config_13 | detector=ppdoclayout → 38 regions → 6 articles in 1.698s
2026-07-22 15:43:09,877 INFO [gestion_2014-01-02_1] config_13 | detector=histogram
2026-07-22 15:43:09,929 INFO [gestion_2014-01-02_1] config_13 | detector=histogram → 4 regions → 2 articles in 0.027s
2026-07-22 15:43:09,933 INFO [gestion_2014-01-02_1] config_14 | detector=doclayout
2026-07-22 15:43:09,999 INFO [gestion_2014-01-02_1] config_14 | detector=doclayout → 31 regions → 8 articles in 0.035s
2026-07-22 15:43:09,999 INFO [gestion_2014-01-02_1] config_14 | detector=ppdoclayout
2026-07-22 15:43:11,903 INFO [gestion_2014-01-02_1] config_14 | detector=ppdoclayout → 35 regions → 7 articles in 1.758s
2026-07-22 15:43:11,903 INFO [gestion_2014-01-02_1] config_14 | detector=histogram
2026-07-22 15:43:11,954 INFO [gestion_2014-01-02_1] config_14 | detector=histogram → 4 regions → 2 articles in 0.028s
2026-07-22 15:43:11,961 INFO [gestion_2014-01-02_1] config_15 | detector=doclayout
2026-07-22 15:43:12,022 INFO [gestion_2014-01-02_1] config_15 | detector=doclayout → 26 regions → 8 articles in 0.034s
2026-07-22 15:43:12,023 INFO [gestion_2014-01-02_1] config_15 | detector=ppdoclayout
2026-07-22 15:43:13,909 INFO [gestion_2014-01-02_1] config_15 | detector=ppdoclayout → 33 regions → 7 articles in 1.768s
2026-07-22 15:43:13,909 INFO [gestion_2014-01-02_1] config_15 | detector=histogram
2026-07-22 15:43:13,983 INFO [gestion_2014-01-02_1] config_15 | detector=histogram → 3 regions → 3 articles in 0.030s
2026-07-22 15:43:13,989 INFO [gestion_2014-01-02_1] config_16 | detector=doclayout
2026-07-22 15:43:14,042 INFO [gestion_2014-01-02_1] config_16 | detector=doclayout → 15 regions → 8 articles in 0.031s
2026-07-22 15:43:14,042 INFO [gestion_2014-01-02_1] config_16 | detector=ppdoclayout
2026-07-22 15:43:15,856 INFO [gestion_2014-01-02_1] config_16 | detector=ppdoclayout → 29 regions → 9 articles in 1.701s
2026-07-22 15:43:15,856 INFO [gestion_2014-01-02_1] config_16 | detector=histogram
2026-07-22 15:43:15,939 INFO [gestion_2014-01-02_1] config_16 | detector=histogram → 3 regions → 3 articles in 0.025s
2026-07-22 15:43:15,944 INFO [gestion_2014-01-02_1] config_17 | detector=doclayout
2026-07-22 15:43:15,996 INFO [gestion_2014-01-02_1] config_17 | detector=doclayout → 22 regions → 6 articles in 0.033s
2026-07-22 15:43:15,996 INFO [gestion_2014-01-02_1] config_17 | detector=ppdoclayout
2026-07-22 15:43:17,843 INFO [gestion_2014-01-02_1] config_17 | detector=ppdoclayout → 34 regions → 9 articles in 1.731s
2026-07-22 15:43:17,843 INFO [gestion_2014-01-02_1] config_17 | detector=histogram
2026-07-22 15:43:17,919 INFO [gestion_2014-01-02_1] config_17 | detector=histogram → 3 regions → 3 articles in 0.029s
2026-07-22 15:43:17,924 INFO [gestion_2014-01-02_1] config_18 | detector=doclayout
2026-07-22 15:43:17,954 INFO [gestion_2014-01-02_1] config_18 | detector=doclayout → 0 regions → 0 articles in 0.030s
2026-07-22 15:43:17,954 INFO [gestion_2014-01-02_1] config_18 | detector=ppdoclayout
2026-07-22 15:43:19,634 INFO [gestion_2014-01-02_1] config_18 | detector=ppdoclayout → 0 regions → 0 articles in 1.679s
2026-07-22 15:43:19,634 INFO [gestion_2014-01-02_1] config_18 | detector=histogram
2026-07-22 15:43:19,820 INFO [gestion_2014-01-02_1] config_18 | detector=histogram → 4 regions → 2 articles in 0.028s
2026-07-22 15:43:19,826 INFO [gestion_2014-01-02_1] config_19 | detector=doclayout
2026-07-22 15:43:19,858 INFO [gestion_2014-01-02_1] config_19 | detector=doclayout → 0 regions → 0 articles in 0.033s
2026-07-22 15:43:19,859 INFO [gestion_2014-01-02_1] config_19 | detector=ppdoclayout
2026-07-22 15:43:21,523 INFO [gestion_2014-01-02_1] config_19 | detector=ppdoclayout → 0 regions → 0 articles in 1.665s
2026-07-22 15:43:21,524 INFO [gestion_2014-01-02_1] config_19 | detector=histogram
2026-07-22 15:43:21,710 INFO [gestion_2014-01-02_1] config_19 | detector=histogram → 4 regions → 2 articles in 0.027s
2026-07-22 15:43:21,716 INFO [gestion_2014-01-02_1] config_20 | detector=doclayout
2026-07-22 15:43:21,746 INFO [gestion_2014-01-02_1] config_20 | detector=doclayout → 0 regions → 0 articles in 0.030s
2026-07-22 15:43:21,746 INFO [gestion_2014-01-02_1] config_20 | detector=ppdoclayout
2026-07-22 15:43:23,431 INFO [gestion_2014-01-02_1] config_20 | detector=ppdoclayout → 0 regions → 0 articles in 1.685s
2026-07-22 15:43:23,431 INFO [gestion_2014-01-02_1] config_20 | detector=histogram
2026-07-22 15:43:23,619 INFO [gestion_2014-01-02_1] config_20 | detector=histogram → 4 regions → 2 articles in 0.028s
2026-07-22 15:43:23,624 INFO [gestion_2014-01-02_1] config_21 | detector=doclayout
2026-07-22 15:43:23,690 INFO [gestion_2014-01-02_1] config_21 | detector=doclayout → 27 regions → 10 articles in 0.034s
2026-07-22 15:43:23,690 INFO [gestion_2014-01-02_1] config_21 | detector=ppdoclayout
2026-07-22 15:43:25,573 INFO [gestion_2014-01-02_1] config_21 | detector=ppdoclayout → 37 regions → 10 articles in 1.721s
2026-07-22 15:43:25,573 INFO [gestion_2014-01-02_1] config_21 | detector=histogram
2026-07-22 15:43:25,611 INFO [gestion_2014-01-02_1] config_21 | detector=histogram → 4 regions → 2 articles in 0.017s
2026-07-22 15:43:25,615 INFO [gestion_2014-01-02_1] config_22 | detector=doclayout
2026-07-22 15:43:25,680 INFO [gestion_2014-01-02_1] config_22 | detector=doclayout → 25 regions → 10 articles in 0.033s
2026-07-22 15:43:25,680 INFO [gestion_2014-01-02_1] config_22 | detector=ppdoclayout
2026-07-22 15:43:27,544 INFO [gestion_2014-01-02_1] config_22 | detector=ppdoclayout → 37 regions → 7 articles in 1.746s
2026-07-22 15:43:27,544 INFO [gestion_2014-01-02_1] config_22 | detector=histogram
2026-07-22 15:43:27,619 INFO [gestion_2014-01-02_1] config_22 | detector=histogram → 4 regions → 2 articles in 0.023s
2026-07-22 15:43:27,623 INFO [gestion_2014-01-02_1] config_23 | detector=doclayout
2026-07-22 15:43:27,695 INFO [gestion_2014-01-02_1] config_23 | detector=doclayout → 29 regions → 9 articles in 0.033s
2026-07-22 15:43:27,695 INFO [gestion_2014-01-02_1] config_23 | detector=ppdoclayout
2026-07-22 15:43:29,567 INFO [gestion_2014-01-02_1] config_23 | detector=ppdoclayout → 38 regions → 10 articles in 1.729s
2026-07-22 15:43:29,567 INFO [gestion_2014-01-02_1] config_23 | detector=histogram
2026-07-22 15:43:29,616 INFO [gestion_2014-01-02_1] config_23 | detector=histogram → 4 regions → 2 articles in 0.024s
2026-07-22 15:43:29,623 INFO [gestion_2014-01-02_1] config_24 | detector=doclayout
2026-07-22 15:43:29,698 INFO [gestion_2014-01-02_1] config_24 | detector=doclayout → 30 regions → 10 articles in 0.033s
2026-07-22 15:43:29,698 INFO [gestion_2014-01-02_1] config_24 | detector=ppdoclayout
2026-07-22 15:43:31,568 INFO [gestion_2014-01-02_1] config_24 | detector=ppdoclayout → 37 regions → 6 articles in 1.733s
2026-07-22 15:43:31,568 INFO [gestion_2014-01-02_1] config_24 | detector=histogram
2026-07-22 15:43:31,624 INFO [gestion_2014-01-02_1] config_24 | detector=histogram → 4 regions → 2 articles in 0.026s
2026-07-22 15:43:31,631 INFO [gestion_2014-01-02_1] config_25 | detector=doclayout
2026-07-22 15:43:31,695 INFO [gestion_2014-01-02_1] config_25 | detector=doclayout → 25 regions → 10 articles in 0.032s
2026-07-22 15:43:31,695 INFO [gestion_2014-01-02_1] config_25 | detector=ppdoclayout
2026-07-22 15:43:33,549 INFO [gestion_2014-01-02_1] config_25 | detector=ppdoclayout → 33 regions → 6 articles in 1.733s
2026-07-22 15:43:33,549 INFO [gestion_2014-01-02_1] config_25 | detector=histogram
2026-07-22 15:43:33,612 INFO [gestion_2014-01-02_1] config_25 | detector=histogram → 4 regions → 2 articles in 0.025s
2026-07-22 15:43:33,617 INFO [gestion_2014-01-02_1] config_26 | detector=doclayout
2026-07-22 15:43:33,678 INFO [gestion_2014-01-02_1] config_26 | detector=doclayout → 29 regions → 9 articles in 0.031s
2026-07-22 15:43:33,679 INFO [gestion_2014-01-02_1] config_26 | detector=ppdoclayout
2026-07-22 15:43:35,521 INFO [gestion_2014-01-02_1] config_26 | detector=ppdoclayout → 36 regions → 6 articles in 1.713s
2026-07-22 15:43:35,521 INFO [gestion_2014-01-02_1] config_26 | detector=histogram
2026-07-22 15:43:35,578 INFO [gestion_2014-01-02_1] config_26 | detector=histogram → 4 regions → 2 articles in 0.027s
2026-07-22 15:43:35,586 INFO [gestion_2014-01-02_1] config_27 | detector=doclayout
2026-07-22 15:43:35,660 INFO [gestion_2014-01-02_1] config_27 | detector=doclayout → 27 regions → 8 articles in 0.037s
2026-07-22 15:43:35,661 INFO [gestion_2014-01-02_1] config_27 | detector=ppdoclayout
2026-07-22 15:43:37,564 INFO [gestion_2014-01-02_1] config_27 | detector=ppdoclayout → 34 regions → 7 articles in 1.745s
2026-07-22 15:43:37,564 INFO [gestion_2014-01-02_1] config_27 | detector=histogram
2026-07-22 15:43:37,609 INFO [gestion_2014-01-02_1] config_27 | detector=histogram → 4 regions → 2 articles in 0.019s
2026-07-22 15:43:37,616 INFO [gestion_2014-01-02_1] config_28 | detector=doclayout
2026-07-22 15:43:37,679 INFO [gestion_2014-01-02_1] config_28 | detector=doclayout → 21 regions → 8 articles in 0.032s
2026-07-22 15:43:37,679 INFO [gestion_2014-01-02_1] config_28 | detector=ppdoclayout
2026-07-22 15:43:39,557 INFO [gestion_2014-01-02_1] config_28 | detector=ppdoclayout → 36 regions → 6 articles in 1.712s
2026-07-22 15:43:39,557 INFO [gestion_2014-01-02_1] config_28 | detector=histogram
2026-07-22 15:43:39,598 INFO [gestion_2014-01-02_1] config_28 | detector=histogram → 4 regions → 2 articles in 0.016s
2026-07-22 15:43:39,603 INFO [gestion_2014-01-02_1] config_29 | detector=doclayout
2026-07-22 15:43:39,666 INFO [gestion_2014-01-02_1] config_29 | detector=doclayout → 30 regions → 8 articles in 0.032s
2026-07-22 15:43:39,666 INFO [gestion_2014-01-02_1] config_29 | detector=ppdoclayout
2026-07-22 15:43:41,507 INFO [gestion_2014-01-02_1] config_29 | detector=ppdoclayout → 34 regions → 8 articles in 1.705s
2026-07-22 15:43:41,508 INFO [gestion_2014-01-02_1] config_29 | detector=histogram
2026-07-22 15:43:41,566 INFO [gestion_2014-01-02_1] config_29 | detector=histogram → 4 regions → 2 articles in 0.027s
2026-07-22 15:43:41,573 INFO [gestion_2014-01-02_1] config_30 | detector=doclayout
2026-07-22 15:43:41,647 INFO [gestion_2014-01-02_1] config_30 | detector=doclayout → 29 regions → 10 articles in 0.035s
2026-07-22 15:43:41,647 INFO [gestion_2014-01-02_1] config_30 | detector=ppdoclayout
2026-07-22 15:43:43,378 INFO [gestion_2014-01-02_1] config_30 | detector=ppdoclayout → 2 regions → 2 articles in 1.699s
2026-07-22 15:43:43,378 INFO [gestion_2014-01-02_1] config_30 | detector=histogram
2026-07-22 15:43:43,538 INFO [gestion_2014-01-02_1] config_30 | detector=histogram → 4 regions → 2 articles in 0.023s
2026-07-22 15:43:43,546 INFO [gestion_2014-01-02_1] config_31 | detector=doclayout
2026-07-22 15:43:43,615 INFO [gestion_2014-01-02_1] config_31 | detector=doclayout → 25 regions → 11 articles in 0.031s
2026-07-22 15:43:43,615 INFO [gestion_2014-01-02_1] config_31 | detector=ppdoclayout
2026-07-22 15:43:45,492 INFO [gestion_2014-01-02_1] config_31 | detector=ppdoclayout → 30 regions → 6 articles in 1.694s
2026-07-22 15:43:45,492 INFO [gestion_2014-01-02_1] config_31 | detector=histogram
2026-07-22 15:43:45,523 INFO [gestion_2014-01-02_1] config_31 | detector=histogram → 4 regions → 2 articles in 0.003s
2026-07-22 15:43:45,529 INFO [gestion_2014-01-02_1] config_32 | detector=doclayout
2026-07-22 15:43:45,608 INFO [gestion_2014-01-02_1] config_32 | detector=doclayout → 28 regions → 11 articles in 0.033s
2026-07-22 15:43:45,608 INFO [gestion_2014-01-02_1] config_32 | detector=ppdoclayout
2026-07-22 15:43:47,337 INFO [gestion_2014-01-02_1] config_32 | detector=ppdoclayout → 1 regions → 1 articles in 1.705s
2026-07-22 15:43:47,337 INFO [gestion_2014-01-02_1] config_32 | detector=histogram
2026-07-22 15:43:47,502 INFO [gestion_2014-01-02_1] config_32 | detector=histogram → 4 regions → 2 articles in 0.028s
2026-07-22 15:43:47,509 INFO [gestion_2014-01-02_1] config_33 | detector=doclayout
2026-07-22 15:43:47,578 INFO [gestion_2014-01-02_1] config_33 | detector=doclayout → 24 regions → 10 articles in 0.034s
2026-07-22 15:43:47,578 INFO [gestion_2014-01-02_1] config_33 | detector=ppdoclayout
2026-07-22 15:43:49,393 INFO [gestion_2014-01-02_1] config_33 | detector=ppdoclayout → 18 regions → 9 articles in 1.718s
2026-07-22 15:43:49,394 INFO [gestion_2014-01-02_1] config_33 | detector=histogram
2026-07-22 15:43:49,495 INFO [gestion_2014-01-02_1] config_33 | detector=histogram → 4 regions → 2 articles in 0.028s
2026-07-22 15:43:49,502 INFO [gestion_2014-01-02_1] config_34 | detector=doclayout
2026-07-22 15:43:49,562 INFO [gestion_2014-01-02_1] config_34 | detector=doclayout → 16 regions → 7 articles in 0.033s
2026-07-22 15:43:49,562 INFO [gestion_2014-01-02_1] config_34 | detector=ppdoclayout
2026-07-22 15:43:51,441 INFO [gestion_2014-01-02_1] config_34 | detector=ppdoclayout → 31 regions → 9 articles in 1.708s
2026-07-22 15:43:51,441 INFO [gestion_2014-01-02_1] config_34 | detector=histogram
2026-07-22 15:43:51,477 INFO [gestion_2014-01-02_1] config_34 | detector=histogram → 4 regions → 2 articles in 0.009s
2026-07-22 15:43:51,482 INFO [gestion_2014-01-02_1] config_35 | detector=doclayout
2026-07-22 15:43:51,545 INFO [gestion_2014-01-02_1] config_35 | detector=doclayout → 24 regions → 10 articles in 0.030s
2026-07-22 15:43:51,545 INFO [gestion_2014-01-02_1] config_35 | detector=ppdoclayout
2026-07-22 15:43:53,299 INFO [gestion_2014-01-02_1] config_35 | detector=ppdoclayout → 3 regions → 2 articles in 1.719s
2026-07-22 15:43:53,299 INFO [gestion_2014-01-02_1] config_35 | detector=histogram
2026-07-22 15:43:53,457 INFO [gestion_2014-01-02_1] config_35 | detector=histogram → 4 regions → 2 articles in 0.024s
2026-07-22 15:43:53,464 INFO [gestion_2014-01-02_1] config_36 | detector=doclayout
2026-07-22 15:43:53,531 INFO [gestion_2014-01-02_1] config_36 | detector=doclayout → 25 regions → 10 articles in 0.032s
2026-07-22 15:43:53,531 INFO [gestion_2014-01-02_1] config_36 | detector=ppdoclayout
2026-07-22 15:43:55,380 INFO [gestion_2014-01-02_1] config_36 | detector=ppdoclayout → 30 regions → 9 articles in 1.691s
2026-07-22 15:43:55,380 INFO [gestion_2014-01-02_1] config_36 | detector=histogram
2026-07-22 15:43:55,427 INFO [gestion_2014-01-02_1] config_36 | detector=histogram → 4 regions → 2 articles in 0.021s
2026-07-22 15:43:55,434 INFO [gestion_2014-01-02_1] config_37 | detector=doclayout
2026-07-22 15:43:55,501 INFO [gestion_2014-01-02_1] config_37 | detector=doclayout → 24 regions → 11 articles in 0.033s
2026-07-22 15:43:55,502 INFO [gestion_2014-01-02_1] config_37 | detector=ppdoclayout
2026-07-22 15:43:57,375 INFO [gestion_2014-01-02_1] config_37 | detector=ppdoclayout → 35 regions → 8 articles in 1.726s
2026-07-22 15:43:57,375 INFO [gestion_2014-01-02_1] config_37 | detector=histogram
2026-07-22 15:43:57,429 INFO [gestion_2014-01-02_1] config_37 | detector=histogram → 4 regions → 2 articles in 0.024s
2026-07-22 15:43:57,434 INFO [gestion_2014-01-02_1] config_38 | detector=doclayout
2026-07-22 15:43:57,495 INFO [gestion_2014-01-02_1] config_38 | detector=doclayout → 25 regions → 10 articles in 0.030s
2026-07-22 15:43:57,495 INFO [gestion_2014-01-02_1] config_38 | detector=ppdoclayout
2026-07-22 15:43:59,337 INFO [gestion_2014-01-02_1] config_38 | detector=ppdoclayout → 26 regions → 11 articles in 1.732s
2026-07-22 15:43:59,337 INFO [gestion_2014-01-02_1] config_38 | detector=histogram
2026-07-22 15:43:59,418 INFO [gestion_2014-01-02_1] config_38 | detector=histogram → 4 regions → 2 articles in 0.029s
2026-07-22 15:43:59,435 INFO [gestion_2014-01-02_1] config_39 | detector=doclayout
2026-07-22 15:43:59,505 INFO [gestion_2014-01-02_1] config_39 | detector=doclayout → 25 regions → 10 articles in 0.032s
2026-07-22 15:43:59,505 INFO [gestion_2014-01-02_1] config_39 | detector=ppdoclayout
2026-07-22 15:44:01,381 INFO [gestion_2014-01-02_1] config_39 | detector=ppdoclayout → 33 regions → 7 articles in 1.710s
2026-07-22 15:44:01,381 INFO [gestion_2014-01-02_1] config_39 | detector=histogram
2026-07-22 15:44:01,423 INFO [gestion_2014-01-02_1] config_39 | detector=histogram → 4 regions → 2 articles in 0.017s
2026-07-22 15:44:01,431 INFO [gestion_2014-01-02_1] config_40 | detector=doclayout
2026-07-22 15:44:01,494 INFO [gestion_2014-01-02_1] config_40 | detector=doclayout → 25 regions → 8 articles in 0.032s
2026-07-22 15:44:01,495 INFO [gestion_2014-01-02_1] config_40 | detector=ppdoclayout
2026-07-22 15:44:03,368 INFO [gestion_2014-01-02_1] config_40 | detector=ppdoclayout → 36 regions → 6 articles in 1.706s
2026-07-22 15:44:03,368 INFO [gestion_2014-01-02_1] config_40 | detector=histogram
2026-07-22 15:44:03,407 INFO [gestion_2014-01-02_1] config_40 | detector=histogram → 4 regions → 2 articles in 0.015s
2026-07-22 15:44:03,412 INFO [gestion_2014-01-02_1] config_41 | detector=doclayout
2026-07-22 15:44:03,482 INFO [gestion_2014-01-02_1] config_41 | detector=doclayout → 30 regions → 8 articles in 0.033s
2026-07-22 15:44:03,483 INFO [gestion_2014-01-02_1] config_41 | detector=ppdoclayout
2026-07-22 15:44:05,324 INFO [gestion_2014-01-02_1] config_41 | detector=ppdoclayout → 37 regions → 7 articles in 1.720s
2026-07-22 15:44:05,324 INFO [gestion_2014-01-02_1] config_41 | detector=histogram
2026-07-22 15:44:05,398 INFO [gestion_2014-01-02_1] config_41 | detector=histogram → 4 regions → 2 articles in 0.023s
2026-07-22 15:44:05,405 INFO [gestion_2014-01-02_1] config_42 | detector=doclayout
2026-07-22 15:44:05,464 INFO [gestion_2014-01-02_1] config_42 | detector=doclayout → 16 regions → 8 articles in 0.032s
2026-07-22 15:44:05,464 INFO [gestion_2014-01-02_1] config_42 | detector=ppdoclayout
2026-07-22 15:44:07,335 INFO [gestion_2014-01-02_1] config_42 | detector=ppdoclayout → 33 regions → 7 articles in 1.742s
2026-07-22 15:44:07,335 INFO [gestion_2014-01-02_1] config_42 | detector=histogram
2026-07-22 15:44:07,400 INFO [gestion_2014-01-02_1] config_42 | detector=histogram → 3 regions → 3 articles in 0.016s
2026-07-22 15:44:07,406 INFO [gestion_2014-01-02_1] config_43 | detector=doclayout
2026-07-22 15:44:07,466 INFO [gestion_2014-01-02_1] config_43 | detector=doclayout → 9 regions → 7 articles in 0.031s
2026-07-22 15:44:07,466 INFO [gestion_2014-01-02_1] config_43 | detector=ppdoclayout
2026-07-22 15:44:09,309 INFO [gestion_2014-01-02_1] config_43 | detector=ppdoclayout → 30 regions → 7 articles in 1.722s
2026-07-22 15:44:09,309 INFO [gestion_2014-01-02_1] config_43 | detector=histogram
2026-07-22 15:44:09,384 INFO [gestion_2014-01-02_1] config_43 | detector=histogram → 3 regions → 3 articles in 0.029s
2026-07-22 15:44:09,389 INFO [gestion_2014-01-02_1] config_44 | detector=doclayout
2026-07-22 15:44:09,436 INFO [gestion_2014-01-02_1] config_44 | detector=doclayout → 10 regions → 5 articles in 0.031s
2026-07-22 15:44:09,436 INFO [gestion_2014-01-02_1] config_44 | detector=ppdoclayout
2026-07-22 15:44:11,260 INFO [gestion_2014-01-02_1] config_44 | detector=ppdoclayout → 33 regions → 7 articles in 1.712s
2026-07-22 15:44:11,260 INFO [gestion_2014-01-02_1] config_44 | detector=histogram
2026-07-22 15:44:11,340 INFO [gestion_2014-01-02_1] config_44 | detector=histogram → 3 regions → 3 articles in 0.027s
2026-07-22 15:44:11,345 INFO [gestion_2014-01-02_1] config_45 | detector=doclayout
2026-07-22 15:44:11,375 INFO [gestion_2014-01-02_1] config_45 | detector=doclayout → 0 regions → 0 articles in 0.030s
2026-07-22 15:44:11,375 INFO [gestion_2014-01-02_1] config_45 | detector=ppdoclayout
2026-07-22 15:44:13,082 INFO [gestion_2014-01-02_1] config_45 | detector=ppdoclayout → 0 regions → 0 articles in 1.707s
2026-07-22 15:44:13,082 INFO [gestion_2014-01-02_1] config_45 | detector=histogram
2026-07-22 15:44:13,268 INFO [gestion_2014-01-02_1] config_45 | detector=histogram → 5 regions → 2 articles in 0.023s
2026-07-22 15:44:13,274 INFO [gestion_2014-01-02_1] config_46 | detector=doclayout
2026-07-22 15:44:13,306 INFO [gestion_2014-01-02_1] config_46 | detector=doclayout → 0 regions → 0 articles in 0.032s
2026-07-22 15:44:13,306 INFO [gestion_2014-01-02_1] config_46 | detector=ppdoclayout
2026-07-22 15:44:14,993 INFO [gestion_2014-01-02_1] config_46 | detector=ppdoclayout → 0 regions → 0 articles in 1.687s
2026-07-22 15:44:14,994 INFO [gestion_2014-01-02_1] config_46 | detector=histogram
2026-07-22 15:44:15,179 INFO [gestion_2014-01-02_1] config_46 | detector=histogram → 5 regions → 2 articles in 0.026s
2026-07-22 15:44:15,185 INFO [gestion_2014-01-02_1] config_47 | detector=doclayout
2026-07-22 15:44:15,216 INFO [gestion_2014-01-02_1] config_47 | detector=doclayout → 0 regions → 0 articles in 0.031s
2026-07-22 15:44:15,216 INFO [gestion_2014-01-02_1] config_47 | detector=ppdoclayout
2026-07-22 15:44:16,921 INFO [gestion_2014-01-02_1] config_47 | detector=ppdoclayout → 0 regions → 0 articles in 1.705s
2026-07-22 15:44:16,921 INFO [gestion_2014-01-02_1] config_47 | detector=histogram
2026-07-22 15:44:17,105 INFO [gestion_2014-01-02_1] config_47 | detector=histogram → 5 regions → 2 articles in 0.030s
2026-07-22 15:44:17,111 INFO [gestion_2014-01-02_1] config_48 | detector=doclayout
2026-07-22 15:44:17,175 INFO [gestion_2014-01-02_1] config_48 | detector=doclayout → 23 regions → 10 articles in 0.033s
2026-07-22 15:44:17,175 INFO [gestion_2014-01-02_1] config_48 | detector=ppdoclayout
2026-07-22 15:44:19,073 INFO [gestion_2014-01-02_1] config_48 | detector=ppdoclayout → 36 regions → 11 articles in 1.745s
2026-07-22 15:44:19,074 INFO [gestion_2014-01-02_1] config_48 | detector=histogram
2026-07-22 15:44:19,122 INFO [gestion_2014-01-02_1] config_48 | detector=histogram → 4 regions → 2 articles in 0.024s
2026-07-22 15:44:19,126 INFO [gestion_2014-01-02_1] config_49 | detector=doclayout
2026-07-22 15:44:19,183 INFO [gestion_2014-01-02_1] config_49 | detector=doclayout → 16 regions → 8 articles in 0.030s
2026-07-22 15:44:19,183 INFO [gestion_2014-01-02_1] config_49 | detector=ppdoclayout
2026-07-22 15:44:21,006 INFO [gestion_2014-01-02_1] config_49 | detector=ppdoclayout → 37 regions → 6 articles in 1.698s
2026-07-22 15:44:21,006 INFO [gestion_2014-01-02_1] config_49 | detector=histogram
2026-07-22 15:44:21,075 INFO [gestion_2014-01-02_1] config_49 | detector=histogram → 4 regions → 2 articles in 0.024s
2026-07-22 15:44:21,079 INFO [gestion_2014-01-02_1] config_50 | detector=doclayout
2026-07-22 15:44:21,143 INFO [gestion_2014-01-02_1] config_50 | detector=doclayout → 22 regions → 9 articles in 0.032s
2026-07-22 15:44:21,143 INFO [gestion_2014-01-02_1] config_50 | detector=ppdoclayout
2026-07-22 15:44:22,999 INFO [gestion_2014-01-02_1] config_50 | detector=ppdoclayout → 37 regions → 11 articles in 1.715s
2026-07-22 15:44:22,999 INFO [gestion_2014-01-02_1] config_50 | detector=histogram
2026-07-22 15:44:23,049 INFO [gestion_2014-01-02_1] config_50 | detector=histogram → 4 regions → 2 articles in 0.025s
2026-07-22 15:44:23,057 INFO [gestion_2014-01-02_1] config_51 | detector=doclayout
2026-07-22 15:44:23,115 INFO [gestion_2014-01-02_1] config_51 | detector=doclayout → 21 regions → 8 articles in 0.031s
2026-07-22 15:44:23,115 INFO [gestion_2014-01-02_1] config_51 | detector=ppdoclayout
2026-07-22 15:44:24,977 INFO [gestion_2014-01-02_1] config_51 | detector=ppdoclayout → 36 regions → 6 articles in 1.698s
2026-07-22 15:44:24,977 INFO [gestion_2014-01-02_1] config_51 | detector=histogram
2026-07-22 15:44:25,019 INFO [gestion_2014-01-02_1] config_51 | detector=histogram → 4 regions → 2 articles in 0.019s
2026-07-22 15:44:25,026 INFO [gestion_2014-01-02_1] config_52 | detector=doclayout
2026-07-22 15:44:25,076 INFO [gestion_2014-01-02_1] config_52 | detector=doclayout → 14 regions → 6 articles in 0.032s
2026-07-22 15:44:25,076 INFO [gestion_2014-01-02_1] config_52 | detector=ppdoclayout
2026-07-22 15:44:26,949 INFO [gestion_2014-01-02_1] config_52 | detector=ppdoclayout → 33 regions → 7 articles in 1.726s
2026-07-22 15:44:26,949 INFO [gestion_2014-01-02_1] config_52 | detector=histogram
2026-07-22 15:44:27,001 INFO [gestion_2014-01-02_1] config_52 | detector=histogram → 4 regions → 2 articles in 0.024s
2026-07-22 15:44:27,005 INFO [gestion_2014-01-02_1] config_53 | detector=doclayout
2026-07-22 15:44:27,065 INFO [gestion_2014-01-02_1] config_53 | detector=doclayout → 24 regions → 7 articles in 0.032s
2026-07-22 15:44:27,065 INFO [gestion_2014-01-02_1] config_53 | detector=ppdoclayout
2026-07-22 15:44:28,914 INFO [gestion_2014-01-02_1] config_53 | detector=ppdoclayout → 34 regions → 7 articles in 1.725s
2026-07-22 15:44:28,914 INFO [gestion_2014-01-02_1] config_53 | detector=histogram
2026-07-22 15:44:28,980 INFO [gestion_2014-01-02_1] config_53 | detector=histogram → 4 regions → 2 articles in 0.027s
2026-07-22 15:44:28,984 INFO Saved layout index: data/corpus_construction/layout_detection/results/gestion_2014-01-02_1/layout_index.json
2026-07-22 15:44:29,018 INFO Appended 893 row(s) to data/corpus_construction/layout_detection/results/layout_detection.parquet (total rows: 893)
2026-07-22 15:44:29,021 INFO Layout analysis complete. Processed: 1, Skipped: 0, Total: 1
2026-07-22 15:44:29,022 INFO Layout analysis finished. Images processed: 1
