
================================================================================
                              Slurm Job Statistics                              
================================================================================
         Job ID: 26127468
   User/Account: nicolasal97/agfritz
       Job Name: corpus_construction
          State: COMPLETED
          Nodes: 1
      CPU Cores: 1
     CPU Memory: 2GB
           GPUs: 1
  QOS/Partition: hiprio/scavenger
        Cluster: curta
     Start Time: Wed Jul 22, 2026 at 3:41 PM
       Run Time: 00:02:55
     Time Limit: 00:05:00

                              Overall Utilization                               
================================================================================
  CPU utilization  [||||||||||||||||||||||||||||||||               64%]
  CPU memory usage [|||||||||||||||||||||||||||||||||||||||||||    86%]
  GPU utilization  [||||                                            8%]
  GPU memory usage [||                                              4%]

                              Detailed Utilization                              
================================================================================
  CPU utilization per node (CPU time used/run time)
      g009.curta.zedat.fu-berlin.de: 00:01:53/00:02:55 (efficiency=64.8%)

  CPU memory usage per node - used/allocated
      g009.curta.zedat.fu-berlin.de: 1.7GB/2GB 

  GPU utilization per node
      g009.curta.zedat.fu-berlin.de (GPU 1): 8.3%

  GPU memory usage per node - maximum used/total
      g009.curta.zedat.fu-berlin.de (GPU 1): 1.0GB/24GB (4.3%)

                                     Notes                                      
================================================================================
  * The overall GPU utilization of this job is only 8%. This value is low.
    Please investigate the reason for the low utilization. For more info:
      https://www.fu-berlin.de/en/sites/high-performance-computing/Dokumentation/Ressourcennutzung

  * Have a nice day!


