
================================================================================
                              Slurm Job Statistics                              
================================================================================
         Job ID: 26026126
   User/Account: nicolasal97/agfritz
       Job Name: corpus_acquisition
          State: OUT_OF_MEMORY
          Nodes: 1
      CPU Cores: 1
     CPU Memory: 7GB
  QOS/Partition: standard/scavenger
        Cluster: curta
     Start Time: Tue Jul 7, 2026 at 10:41 AM
       Run Time: 16:34:04
     Time Limit: 1-00:00:00

                              Overall Utilization                               
================================================================================
  CPU utilization  [|||                                             7%]
  CPU memory usage [|||||||||||||||||||||||||||||||||||||||||||||||99%]

                              Detailed Utilization                              
================================================================================
  CPU utilization per node (CPU time used/run time)
      c003.curta.zedat.fu-berlin.de: 01:14:41/16:34:04 (efficiency=7.5%)

  CPU memory usage per node - used/allocated
      c003.curta.zedat.fu-berlin.de: 6.9GB/7GB 

                                     Notes                                      
================================================================================
  * The overall CPU utilization of this job is 7.5%. This value is low
    compared to the target range of 90% and above. Please investigate the
    reason for the low efficiency. For more info:
      https://www.fu-berlin.de/en/sites/high-performance-computing/Dokumentation/Ressourcennutzung

  * This job failed because it needed more CPU memory than the amount that was
    requested. The solution is to resubmit the job while requesting more CPU
    memory by modifying the --mem-per-cpu or --mem Slurm directive. For more
    info:
      https://www.fu-berlin.de/en/sites/high-performance-computing/Dokumentation/Ressourcen-Manager/Hauptspeicher

  * Have a nice day!


