
================================================================================
                              Slurm Job Statistics                              
================================================================================
         Job ID: 25952666
   User/Account: nicolasal97/agfritz
       Job Name: corpus_acquisition
          State: CANCELLED
          Nodes: 1
      CPU Cores: 1
     CPU Memory: 4GB
  QOS/Partition: standard/scavenger
        Cluster: curta
     Start Time: Sun Jun 28, 2026 at 10:38 AM
       Run Time: 04:55:33
     Time Limit: 12:00:00

                              Overall Utilization                               
================================================================================
  CPU utilization  [||||||||                                       16%]
  CPU memory usage [|||||||||||||||||||||||||||||||||||||||||||||||99%]

                              Detailed Utilization                              
================================================================================
  CPU utilization per node (CPU time used/run time)
      c003.curta.zedat.fu-berlin.de: 00:49:26/04:55:33 (efficiency=16.7%)

  CPU memory usage per node - used/allocated
      c003.curta.zedat.fu-berlin.de: 3.9GB/4GB 

                                     Notes                                      
================================================================================
  * The overall CPU utilization of this job is 16.7%. This value is low
    compared to the target range of 90% and above. Please investigate the
    reason for the low efficiency. For more info:
      https://www.fu-berlin.de/en/sites/high-performance-computing/Dokumentation/Ressourcennutzung

  * Have a nice day!


